I0513 14:07:44.703265  2809 slave.cpp:6037] Forwarding the update TASK_STARTING (Status UUID: 4147668c-7d88-4387-806f-617a4bfef228) for task httpd.6357fd6d-75b2-11e9-ba1c-426fd056c11c of framework 20e4d121-4a00-4fa4-87a8-95fc84c6335e-0000 to master@192.168.1.5:5050
I0513 14:07:44.703840  2809 slave.cpp:5946] Sending acknowledgement for status update TASK_STARTING (Status UUID: 4147668c-7d88-4387-806f-617a4bfef228) for task httpd.6357fd6d-75b2-11e9-ba1c-426fd056c11c of framework 20e4d121-4a00-4fa4-87a8-95fc84c6335e-0000 to executor(1)@192.168.1.5:40379
I0513 14:07:44.732347  2808 task_status_update_manager.cpp:401] Received task status update acknowledgement (UUID: 4147668c-7d88-4387-806f-617a4bfef228) for task httpd.6357fd6d-75b2-11e9-ba1c-426fd056c11c of framework 20e4d121-4a00-4fa4-87a8-95fc84c6335e-0000
I0513 14:07:44.732456  2808 task_status_update_manager.cpp:842] Checkpointing ACK for task status update TASK_STARTING (Status UUID: 4147668c-7d88-4387-806f-617a4bfef228) for task httpd.6357fd6d-75b2-11e9-ba1c-426fd056c11c of framework 20e4d121-4a00-4fa4-87a8-95fc84c6335e-0000
I0513 14:07:47.794680  2811 http.cpp:1105] HTTP GET for /slave(1)/state?jsonp=angular.callbacks._4 from 192.168.1.5:49624 with User-Agent='Mozilla/5.0 (X11; Ubuntu; Linux x86_64; rv:66.0) Gecko/20100101 Firefox/66.0'
I0513 14:07:47.880777  2811 http.cpp:1122] HTTP GET for /slave(1)/state?jsonp=angular.callbacks._4 from 192.168.1.5:49624: '200 OK' after 90.3949ms
I0513 14:07:47.993340  2810 http.cpp:1105] HTTP GET for /files/browse?path=%2Fvar%2Flib%2Fmesos%2Fagent%2Fslaves%2Fc8e59b09-da78-48e6-bdd2-9c3396b857b8-S0%2Fframeworks%2F20e4d121-4a00-4fa4-87a8-95fc84c6335e-0000%2Fexecutors%2Fhttpd.5d5bdadc-75b2-11e9-ba1c-426fd056c11c%2Fruns%2F3ccbb1a3-17e2-4ecf-8634-1bc82eb52ac8&jsonp=angular.callbacks._5 from 192.168.1.5:49624 with User-Agent='Mozilla/5.0 (X11; Ubuntu; Linux x86_64; rv:66.0) Gecko/20100101 Firefox/66.0'
I0513 14:07:49.795542  2811 slave.cpp:5545] Handling status update TASK_FAILED (Status UUID: 5c0706d6-dc5b-491d-840c-8fc8f45ee777) for task httpd.6357fd6d-75b2-11e9-ba1c-426fd056c11c of framework 20e4d121-4a00-4fa4-87a8-95fc84c6335e-0000 from executor(1)@192.168.1.5:40379
E0513 14:07:49.948279  2805 slave.cpp:5876] Failed to update resources for container ff6d4bea-16d7-4ab1-be09-a05b92864617 of executor 'httpd.6357fd6d-75b2-11e9-ba1c-426fd056c11c' running task httpd.6357fd6d-75b2-11e9-ba1c-426fd056c11c on status update for terminal task, destroying container: Failed to run 'docker -H unix:///var/run/docker.sock inspect --type=container mesos-ff6d4bea-16d7-4ab1-be09-a05b92864617': exited with status 1; stderr='Error: No such container: mesos-ff6d4bea-16d7-4ab1-be09-a05b92864617
'
I0513 14:07:49.948673  2806 docker.cpp:2328] Destroying container ff6d4bea-16d7-4ab1-be09-a05b92864617 in RUNNING state
I0513 14:07:49.948654  2809 task_status_update_manager.cpp:328] Received task status update TASK_FAILED (Status UUID: 5c0706d6-dc5b-491d-840c-8fc8f45ee777) for task httpd.6357fd6d-75b2-11e9-ba1c-426fd056c11c of framework 20e4d121-4a00-4fa4-87a8-95fc84c6335e-0000
I0513 14:07:49.948735  2806 docker.cpp:2333] Sending SIGTERM to executor with pid: 4056
I0513 14:07:49.948815  2809 task_status_update_manager.cpp:842] Checkpointing UPDATE for task status update TASK_FAILED (Status UUID: 5c0706d6-dc5b-491d-840c-8fc8f45ee777) for task httpd.6357fd6d-75b2-11e9-ba1c-426fd056c11c of framework 20e4d121-4a00-4fa4-87a8-95fc84c6335e-0000
I0513 14:07:49.949295  2807 slave.cpp:6037] Forwarding the update TASK_FAILED (Status UUID: 5c0706d6-dc5b-491d-840c-8fc8f45ee777) for task httpd.6357fd6d-75b2-11e9-ba1c-426fd056c11c of framework 20e4d121-4a00-4fa4-87a8-95fc84c6335e-0000 to master@192.168.1.5:5050
I0513 14:07:49.950388  2807 slave.cpp:5946] Sending acknowledgement for status update TASK_FAILED (Status UUID: 5c0706d6-dc5b-491d-840c-8fc8f45ee777) for task httpd.6357fd6d-75b2-11e9-ba1c-426fd056c11c of framework 20e4d121-4a00-4fa4-87a8-95fc84c6335e-0000 to executor(1)@192.168.1.5:40379
I0513 14:07:49.975062  2810 task_status_update_manager.cpp:401] Received task status update acknowledgement (UUID: 5c0706d6-dc5b-491d-840c-8fc8f45ee777) for task httpd.6357fd6d-75b2-11e9-ba1c-426fd056c11c of framework 20e4d121-4a00-4fa4-87a8-95fc84c6335e-0000
I0513 14:07:49.975188  2810 task_status_update_manager.cpp:842] Checkpointing ACK for task status update TASK_FAILED (Status UUID: 5c0706d6-dc5b-491d-840c-8fc8f45ee777) for task httpd.6357fd6d-75b2-11e9-ba1c-426fd056c11c of framework 20e4d121-4a00-4fa4-87a8-95fc84c6335e-0000
I0513 14:07:49.976032  2811 gc.cpp:95] Scheduling '/var/lib/mesos/agent/meta/slaves/c8e59b09-da78-48e6-bdd2-9c3396b857b8-S0/frameworks/20e4d121-4a00-4fa4-87a8-95fc84c6335e-0000/executors/httpd.6357fd6d-75b2-11e9-ba1c-426fd056c11c/runs/ff6d4bea-16d7-4ab1-be09-a05b92864617/tasks/httpd.6357fd6d-75b2-11e9-ba1c-426fd056c11c' for gc 6.99993083390222days in the future
I0513 14:07:49.976125  2806 docker.cpp:2378] Running docker stop on container ff6d4bea-16d7-4ab1-be09-a05b92864617
I0513 14:07:49.979853  2804 slave.cpp:6217] Got exited event for executor(1)@192.168.1.5:40379
I0513 14:07:50.048982  2811 docker.cpp:2557] Executor for container ff6d4bea-16d7-4ab1-be09-a05b92864617 has exited
I0513 14:07:50.154867  2808 slave.cpp:6613] Executor 'httpd.6357fd6d-75b2-11e9-ba1c-426fd056c11c' of framework 20e4d121-4a00-4fa4-87a8-95fc84c6335e-0000 terminated with signal Terminated
I0513 14:07:50.155004  2808 slave.cpp:6711] Cleaning up executor 'httpd.6357fd6d-75b2-11e9-ba1c-426fd056c11c' of framework 20e4d121-4a00-4fa4-87a8-95fc84c6335e-0000 at executor(1)@192.168.1.5:40379
I0513 14:07:50.155556  2810 gc.cpp:95] Scheduling '/var/lib/mesos/agent/slaves/c8e59b09-da78-48e6-bdd2-9c3396b857b8-S0/frameworks/20e4d121-4a00-4fa4-87a8-95fc84c6335e-0000/executors/httpd.6357fd6d-75b2-11e9-ba1c-426fd056c11c/runs/ff6d4bea-16d7-4ab1-be09-a05b92864617' for gc 6.99999820316148days in the future
I0513 14:07:50.155805  2810 gc.cpp:95] Scheduling '/var/lib/mesos/agent/slaves/c8e59b09-da78-48e6-bdd2-9c3396b857b8-S0/frameworks/20e4d121-4a00-4fa4-87a8-95fc84c6335e-0000/executors/httpd.6357fd6d-75b2-11e9-ba1c-426fd056c11c' for gc 6.99999819812444days in the future
I0513 14:07:50.155934  2810 gc.cpp:95] Scheduling '/var/lib/mesos/agent/meta/slaves/c8e59b09-da78-48e6-bdd2-9c3396b857b8-S0/frameworks/20e4d121-4a00-4fa4-87a8-95fc84c6335e-0000/executors/httpd.6357fd6d-75b2-11e9-ba1c-426fd056c11c/runs/ff6d4bea-16d7-4ab1-be09-a05b92864617' for gc 6.99999819659852days in the future
I0513 14:07:50.156056  2810 gc.cpp:95] Scheduling '/var/lib/mesos/agent/meta/slaves/c8e59b09-da78-48e6-bdd2-9c3396b857b8-S0/frameworks/20e4d121-4a00-4fa4-87a8-95fc84c6335e-0000/executors/httpd.6357fd6d-75b2-11e9-ba1c-426fd056c11c' for gc 6.99999819571852days in the future
I0513 14:07:50.156229  2808 slave.cpp:6840] Cleaning up framework 20e4d121-4a00-4fa4-87a8-95fc84c6335e-0000
I0513 14:07:50.156414  2809 task_status_update_manager.cpp:289] Closing task status update streams for framework 20e4d121-4a00-4fa4-87a8-95fc84c6335e-0000
I0513 14:07:50.156538  2805 gc.cpp:95] Scheduling '/var/lib/mesos/agent/slaves/c8e59b09-da78-48e6-bdd2-9c3396b857b8-S0/frameworks/20e4d121-4a00-4fa4-87a8-95fc84c6335e-0000' for gc 6.99999818993185days in the future
I0513 14:07:50.156709  2805 gc.cpp:95] Scheduling '/var/lib/mesos/agent/meta/slaves/c8e59b09-da78-48e6-bdd2-9c3396b857b8-S0/frameworks/20e4d121-4a00-4fa4-87a8-95fc84c6335e-0000' for gc 6.99999818890074days in the future
I0513 14:07:54.398916  2807 slave.cpp:2037] Got assigned task 'httpd.69550a5e-75b2-11e9-ba1c-426fd056c11c' for framework 20e4d121-4a00-4fa4-87a8-95fc84c6335e-0000
I0513 14:07:54.399138  2804 gc.cpp:129] Unscheduling '/var/lib/mesos/agent/slaves/c8e59b09-da78-48e6-bdd2-9c3396b857b8-S0/frameworks/20e4d121-4a00-4fa4-87a8-95fc84c6335e-0000' from gc
I0513 14:07:54.399379  2804 gc.cpp:129] Unscheduling '/var/lib/mesos/agent/meta/slaves/c8e59b09-da78-48e6-bdd2-9c3396b857b8-S0/frameworks/20e4d121-4a00-4fa4-87a8-95fc84c6335e-0000' from gc
I0513 14:07:54.401713  2807 slave.cpp:2411] Authorizing task 'httpd.69550a5e-75b2-11e9-ba1c-426fd056c11c' for framework 20e4d121-4a00-4fa4-87a8-95fc84c6335e-0000
I0513 14:07:54.404718  2807 slave.cpp:2854] Launching task 'httpd.69550a5e-75b2-11e9-ba1c-426fd056c11c' for framework 20e4d121-4a00-4fa4-87a8-95fc84c6335e-0000
I0513 14:07:54.406039  2807 paths.cpp:801] Creating sandbox '/var/lib/mesos/agent/slaves/c8e59b09-da78-48e6-bdd2-9c3396b857b8-S0/frameworks/20e4d121-4a00-4fa4-87a8-95fc84c6335e-0000/executors/httpd.69550a5e-75b2-11e9-ba1c-426fd056c11c/runs/6cbf10ca-cee8-495f-bf62-32d291be6e0f' for user 'root'
I0513 14:07:54.406950  2807 paths.cpp:804] Creating sandbox '/var/lib/mesos/agent/meta/slaves/c8e59b09-da78-48e6-bdd2-9c3396b857b8-S0/frameworks/20e4d121-4a00-4fa4-87a8-95fc84c6335e-0000/executors/httpd.69550a5e-75b2-11e9-ba1c-426fd056c11c/runs/6cbf10ca-cee8-495f-bf62-32d291be6e0f'
I0513 14:07:54.407116  2807 slave.cpp:9695] Launching executor 'httpd.69550a5e-75b2-11e9-ba1c-426fd056c11c' of framework 20e4d121-4a00-4fa4-87a8-95fc84c6335e-0000 with resources [{"allocation_info":{"role":"*"},"name":"cpus","scalar":{"value":0.1},"type":"SCALAR"},{"allocation_info":{"role":"*"},"name":"mem","scalar":{"value":32.0},"type":"SCALAR"}] in work directory '/var/lib/mesos/agent/slaves/c8e59b09-da78-48e6-bdd2-9c3396b857b8-S0/frameworks/20e4d121-4a00-4fa4-87a8-95fc84c6335e-0000/executors/httpd.69550a5e-75b2-11e9-ba1c-426fd056c11c/runs/6cbf10ca-cee8-495f-bf62-32d291be6e0f'
I0513 14:07:54.443224  2807 slave.cpp:3080] Queued task 'httpd.69550a5e-75b2-11e9-ba1c-426fd056c11c' for executor 'httpd.69550a5e-75b2-11e9-ba1c-426fd056c11c' of framework 20e4d121-4a00-4fa4-87a8-95fc84c6335e-0000
I0513 14:07:54.444125  2807 slave.cpp:3528] Launching container 6cbf10ca-cee8-495f-bf62-32d291be6e0f for executor 'httpd.69550a5e-75b2-11e9-ba1c-426fd056c11c' of framework 20e4d121-4a00-4fa4-87a8-95fc84c6335e-0000
I0513 14:07:54.444972  2808 docker.cpp:1183] Starting container '6cbf10ca-cee8-495f-bf62-32d291be6e0f' for task 'httpd.69550a5e-75b2-11e9-ba1c-426fd056c11c' (and executor 'httpd.69550a5e-75b2-11e9-ba1c-426fd056c11c') of framework 20e4d121-4a00-4fa4-87a8-95fc84c6335e-0000
I0513 14:07:54.598157  2805 docker.cpp:783] Checkpointing pid 4185 to '/var/lib/mesos/agent/meta/slaves/c8e59b09-da78-48e6-bdd2-9c3396b857b8-S0/frameworks/20e4d121-4a00-4fa4-87a8-95fc84c6335e-0000/executors/httpd.69550a5e-75b2-11e9-ba1c-426fd056c11c/runs/6cbf10ca-cee8-495f-bf62-32d291be6e0f/pids/forked.pid'
I0513 14:07:54.598464  2805 systemd.cpp:98] Assigned child process '4185' to 'mesos_executors.slice'
I0513 14:07:54.685793  2807 slave.cpp:5074] Got registration for executor 'httpd.69550a5e-75b2-11e9-ba1c-426fd056c11c' of framework 20e4d121-4a00-4fa4-87a8-95fc84c6335e-0000 from executor(1)@192.168.1.5:44035
I0513 14:07:54.687789  2806 docker.cpp:1691] Ignoring updating container 6cbf10ca-cee8-495f-bf62-32d291be6e0f because resources passed to update are identical to existing resources
I0513 14:07:54.688196  2804 slave.cpp:3298] Sending queued task 'httpd.69550a5e-75b2-11e9-ba1c-426fd056c11c' to executor 'httpd.69550a5e-75b2-11e9-ba1c-426fd056c11c' of framework 20e4d121-4a00-4fa4-87a8-95fc84c6335e-0000 at executor(1)@192.168.1.5:44035
I0513 14:07:54.696529  2810 slave.cpp:5545] Handling status update TASK_STARTING (Status UUID: d318efa7-2f87-4855-b76d-dae17e6d8b65) for task httpd.69550a5e-75b2-11e9-ba1c-426fd056c11c of framework 20e4d121-4a00-4fa4-87a8-95fc84c6335e-0000 from executor(1)@192.168.1.5:44035
I0513 14:07:54.697206  2808 task_status_update_manager.cpp:328] Received task status update TASK_STARTING (Status UUID: d318efa7-2f87-4855-b76d-dae17e6d8b65) for task httpd.69550a5e-75b2-11e9-ba1c-426fd056c11c of framework 20e4d121-4a00-4fa4-87a8-95fc84c6335e-0000
I0513 14:07:54.697609  2808 task_status_update_manager.cpp:842] Checkpointing UPDATE for task status update TASK_STARTING (Status UUID: d318efa7-2f87-4855-b76d-dae17e6d8b65) for task httpd.69550a5e-75b2-11e9-ba1c-426fd056c11c of framework 20e4d121-4a00-4fa4-87a8-95fc84c6335e-0000
I0513 14:07:54.697935  2806 slave.cpp:6037] Forwarding the update TASK_STARTING (Status UUID: d318efa7-2f87-4855-b76d-dae17e6d8b65) for task httpd.69550a5e-75b2-11e9-ba1c-426fd056c11c of framework 20e4d121-4a00-4fa4-87a8-95fc84c6335e-0000 to master@192.168.1.5:5050
I0513 14:07:54.698576  2806 slave.cpp:5946] Sending acknowledgement for status update TASK_STARTING (Status UUID: d318efa7-2f87-4855-b76d-dae17e6d8b65) for task httpd.69550a5e-75b2-11e9-ba1c-426fd056c11c of framework 20e4d121-4a00-4fa4-87a8-95fc84c6335e-0000 to executor(1)@192.168.1.5:44035
I0513 14:07:54.800987  2807 task_status_update_manager.cpp:401] Received task status update acknowledgement (UUID: d318efa7-2f87-4855-b76d-dae17e6d8b65) for task httpd.69550a5e-75b2-11e9-ba1c-426fd056c11c of framework 20e4d121-4a00-4fa4-87a8-95fc84c6335e-0000
I0513 14:07:54.801168  2807 task_status_update_manager.cpp:842] Checkpointing ACK for task status update TASK_STARTING (Status UUID: d318efa7-2f87-4855-b76d-dae17e6d8b65) for task httpd.69550a5e-75b2-11e9-ba1c-426fd056c11c of framework 20e4d121-4a00-4fa4-87a8-95fc84c6335e-0000
I0513 14:07:56.887634  2810 slave.cpp:6217] Got exited event for master@192.168.1.5:5050
W0513 14:07:56.887707  2810 slave.cpp:6222] Master disconnected! Waiting for a new master to be elected
