I0509 22:56:50.056607  2804 slave.cpp:5074] Got registration for executor 'httpd.a37305b4-72d7-11e9-be1a-aa2842515cb3' of framework e109ca4e-10a3-4779-a743-2df5df84e57b-0000 from executor(1)@192.168.1.5:36101
I0509 22:56:50.058635  2801 docker.cpp:1691] Ignoring updating container 0579ac92-f6c8-4664-aeab-36eab3b5f2ca because resources passed to update are identical to existing resources
I0509 22:56:50.059064  2802 slave.cpp:3298] Sending queued task 'httpd.a37305b4-72d7-11e9-be1a-aa2842515cb3' to executor 'httpd.a37305b4-72d7-11e9-be1a-aa2842515cb3' of framework e109ca4e-10a3-4779-a743-2df5df84e57b-0000 at executor(1)@192.168.1.5:36101
I0509 22:56:50.067730  2798 slave.cpp:5545] Handling status update TASK_STARTING (Status UUID: 8f52f7ad-aedc-4d1b-b27d-da14556cf0e8) for task httpd.a37305b4-72d7-11e9-be1a-aa2842515cb3 of framework e109ca4e-10a3-4779-a743-2df5df84e57b-0000 from executor(1)@192.168.1.5:36101
I0509 22:56:50.068598  2805 task_status_update_manager.cpp:328] Received task status update TASK_STARTING (Status UUID: 8f52f7ad-aedc-4d1b-b27d-da14556cf0e8) for task httpd.a37305b4-72d7-11e9-be1a-aa2842515cb3 of framework e109ca4e-10a3-4779-a743-2df5df84e57b-0000
I0509 22:56:50.069178  2805 task_status_update_manager.cpp:842] Checkpointing UPDATE for task status update TASK_STARTING (Status UUID: 8f52f7ad-aedc-4d1b-b27d-da14556cf0e8) for task httpd.a37305b4-72d7-11e9-be1a-aa2842515cb3 of framework e109ca4e-10a3-4779-a743-2df5df84e57b-0000
I0509 22:56:50.069588  2801 slave.cpp:6037] Forwarding the update TASK_STARTING (Status UUID: 8f52f7ad-aedc-4d1b-b27d-da14556cf0e8) for task httpd.a37305b4-72d7-11e9-be1a-aa2842515cb3 of framework e109ca4e-10a3-4779-a743-2df5df84e57b-0000 to master@192.168.1.5:5050
I0509 22:56:50.070312  2801 slave.cpp:5946] Sending acknowledgement for status update TASK_STARTING (Status UUID: 8f52f7ad-aedc-4d1b-b27d-da14556cf0e8) for task httpd.a37305b4-72d7-11e9-be1a-aa2842515cb3 of framework e109ca4e-10a3-4779-a743-2df5df84e57b-0000 to executor(1)@192.168.1.5:36101
I0509 22:56:50.110091  2800 task_status_update_manager.cpp:401] Received task status update acknowledgement (UUID: 8f52f7ad-aedc-4d1b-b27d-da14556cf0e8) for task httpd.a37305b4-72d7-11e9-be1a-aa2842515cb3 of framework e109ca4e-10a3-4779-a743-2df5df84e57b-0000
I0509 22:56:50.110327  2800 task_status_update_manager.cpp:842] Checkpointing ACK for task status update TASK_STARTING (Status UUID: 8f52f7ad-aedc-4d1b-b27d-da14556cf0e8) for task httpd.a37305b4-72d7-11e9-be1a-aa2842515cb3 of framework e109ca4e-10a3-4779-a743-2df5df84e57b-0000
I0509 22:56:55.158255  2803 slave.cpp:5545] Handling status update TASK_FAILED (Status UUID: 2c82a56e-10e0-4207-8698-68bee54cd3e3) for task httpd.a37305b4-72d7-11e9-be1a-aa2842515cb3 of framework e109ca4e-10a3-4779-a743-2df5df84e57b-0000 from executor(1)@192.168.1.5:36101
E0509 22:56:55.307709  2801 slave.cpp:5876] Failed to update resources for container 0579ac92-f6c8-4664-aeab-36eab3b5f2ca of executor 'httpd.a37305b4-72d7-11e9-be1a-aa2842515cb3' running task httpd.a37305b4-72d7-11e9-be1a-aa2842515cb3 on status update for terminal task, destroying container: Failed to run 'docker -H unix:///var/run/docker.sock inspect --type=container mesos-0579ac92-f6c8-4664-aeab-36eab3b5f2ca': exited with status 1; stderr='Error: No such container: mesos-0579ac92-f6c8-4664-aeab-36eab3b5f2ca
'
I0509 22:56:55.308123  2805 docker.cpp:2328] Destroying container 0579ac92-f6c8-4664-aeab-36eab3b5f2ca in RUNNING state
I0509 22:56:55.308168  2805 docker.cpp:2333] Sending SIGTERM to executor with pid: 3785
I0509 22:56:55.308128  2801 task_status_update_manager.cpp:328] Received task status update TASK_FAILED (Status UUID: 2c82a56e-10e0-4207-8698-68bee54cd3e3) for task httpd.a37305b4-72d7-11e9-be1a-aa2842515cb3 of framework e109ca4e-10a3-4779-a743-2df5df84e57b-0000
I0509 22:56:55.308248  2801 task_status_update_manager.cpp:842] Checkpointing UPDATE for task status update TASK_FAILED (Status UUID: 2c82a56e-10e0-4207-8698-68bee54cd3e3) for task httpd.a37305b4-72d7-11e9-be1a-aa2842515cb3 of framework e109ca4e-10a3-4779-a743-2df5df84e57b-0000
I0509 22:56:55.308662  2800 slave.cpp:6037] Forwarding the update TASK_FAILED (Status UUID: 2c82a56e-10e0-4207-8698-68bee54cd3e3) for task httpd.a37305b4-72d7-11e9-be1a-aa2842515cb3 of framework e109ca4e-10a3-4779-a743-2df5df84e57b-0000 to master@192.168.1.5:5050
I0509 22:56:55.309527  2800 slave.cpp:5946] Sending acknowledgement for status update TASK_FAILED (Status UUID: 2c82a56e-10e0-4207-8698-68bee54cd3e3) for task httpd.a37305b4-72d7-11e9-be1a-aa2842515cb3 of framework e109ca4e-10a3-4779-a743-2df5df84e57b-0000 to executor(1)@192.168.1.5:36101
I0509 22:56:55.332253  2805 docker.cpp:2378] Running docker stop on container 0579ac92-f6c8-4664-aeab-36eab3b5f2ca
I0509 22:56:55.336772  2804 slave.cpp:6217] Got exited event for executor(1)@192.168.1.5:36101
I0509 22:56:55.342388  2802 task_status_update_manager.cpp:401] Received task status update acknowledgement (UUID: 2c82a56e-10e0-4207-8698-68bee54cd3e3) for task httpd.a37305b4-72d7-11e9-be1a-aa2842515cb3 of framework e109ca4e-10a3-4779-a743-2df5df84e57b-0000
I0509 22:56:55.342504  2802 task_status_update_manager.cpp:842] Checkpointing ACK for task status update TASK_FAILED (Status UUID: 2c82a56e-10e0-4207-8698-68bee54cd3e3) for task httpd.a37305b4-72d7-11e9-be1a-aa2842515cb3 of framework e109ca4e-10a3-4779-a743-2df5df84e57b-0000
I0509 22:56:55.343209  2805 gc.cpp:95] Scheduling '/home/jouko/mesos_work_dir/meta/slaves/860d6178-b035-4997-94b4-ad0e1a2d9e15-S0/frameworks/e109ca4e-10a3-4779-a743-2df5df84e57b-0000/executors/httpd.a37305b4-72d7-11e9-be1a-aa2842515cb3/runs/0579ac92-f6c8-4664-aeab-36eab3b5f2ca/tasks/httpd.a37305b4-72d7-11e9-be1a-aa2842515cb3' for gc 6.99993815812444days in the future
I0509 22:56:55.408121  2803 docker.cpp:2557] Executor for container 0579ac92-f6c8-4664-aeab-36eab3b5f2ca has exited
I0509 22:56:55.514286  2805 slave.cpp:6613] Executor 'httpd.a37305b4-72d7-11e9-be1a-aa2842515cb3' of framework e109ca4e-10a3-4779-a743-2df5df84e57b-0000 terminated with signal Terminated
I0509 22:56:55.514494  2805 slave.cpp:6711] Cleaning up executor 'httpd.a37305b4-72d7-11e9-be1a-aa2842515cb3' of framework e109ca4e-10a3-4779-a743-2df5df84e57b-0000 at executor(1)@192.168.1.5:36101
I0509 22:56:55.515188  2799 gc.cpp:95] Scheduling '/home/jouko/mesos_work_dir/slaves/860d6178-b035-4997-94b4-ad0e1a2d9e15-S0/frameworks/e109ca4e-10a3-4779-a743-2df5df84e57b-0000/executors/httpd.a37305b4-72d7-11e9-be1a-aa2842515cb3/runs/0579ac92-f6c8-4664-aeab-36eab3b5f2ca' for gc 6.99999404029926days in the future
I0509 22:56:55.515782  2801 gc.cpp:95] Scheduling '/home/jouko/mesos_work_dir/slaves/860d6178-b035-4997-94b4-ad0e1a2d9e15-S0/frameworks/e109ca4e-10a3-4779-a743-2df5df84e57b-0000/executors/httpd.a37305b4-72d7-11e9-be1a-aa2842515cb3' for gc 6.99999403253333days in the future
I0509 22:56:55.515985  2801 gc.cpp:95] Scheduling '/home/jouko/mesos_work_dir/meta/slaves/860d6178-b035-4997-94b4-ad0e1a2d9e15-S0/frameworks/e109ca4e-10a3-4779-a743-2df5df84e57b-0000/executors/httpd.a37305b4-72d7-11e9-be1a-aa2842515cb3/runs/0579ac92-f6c8-4664-aeab-36eab3b5f2ca' for gc 6.99999403026667days in the future
I0509 22:56:55.516162  2801 gc.cpp:95] Scheduling '/home/jouko/mesos_work_dir/meta/slaves/860d6178-b035-4997-94b4-ad0e1a2d9e15-S0/frameworks/e109ca4e-10a3-4779-a743-2df5df84e57b-0000/executors/httpd.a37305b4-72d7-11e9-be1a-aa2842515cb3' for gc 6.99999402905185days in the future
I0509 22:56:55.516280  2805 slave.cpp:6840] Cleaning up framework e109ca4e-10a3-4779-a743-2df5df84e57b-0000
I0509 22:56:55.516515  2798 task_status_update_manager.cpp:289] Closing task status update streams for framework e109ca4e-10a3-4779-a743-2df5df84e57b-0000
I0509 22:56:55.516629  2803 gc.cpp:95] Scheduling '/home/jouko/mesos_work_dir/slaves/860d6178-b035-4997-94b4-ad0e1a2d9e15-S0/frameworks/e109ca4e-10a3-4779-a743-2df5df84e57b-0000' for gc 6.99999402229037days in the future
I0509 22:56:55.516840  2803 gc.cpp:95] Scheduling '/home/jouko/mesos_work_dir/meta/slaves/860d6178-b035-4997-94b4-ad0e1a2d9e15-S0/frameworks/e109ca4e-10a3-4779-a743-2df5df84e57b-0000' for gc 6.99999402100444days in the future
I0509 22:56:59.796563  2804 slave.cpp:2037] Got assigned task 'httpd.a96d7a95-72d7-11e9-be1a-aa2842515cb3' for framework e109ca4e-10a3-4779-a743-2df5df84e57b-0000
I0509 22:56:59.796741  2798 gc.cpp:129] Unscheduling '/home/jouko/mesos_work_dir/slaves/860d6178-b035-4997-94b4-ad0e1a2d9e15-S0/frameworks/e109ca4e-10a3-4779-a743-2df5df84e57b-0000' from gc
I0509 22:56:59.796902  2798 gc.cpp:129] Unscheduling '/home/jouko/mesos_work_dir/meta/slaves/860d6178-b035-4997-94b4-ad0e1a2d9e15-S0/frameworks/e109ca4e-10a3-4779-a743-2df5df84e57b-0000' from gc
I0509 22:56:59.799010  2804 slave.cpp:2411] Authorizing task 'httpd.a96d7a95-72d7-11e9-be1a-aa2842515cb3' for framework e109ca4e-10a3-4779-a743-2df5df84e57b-0000
I0509 22:56:59.801741  2804 slave.cpp:2854] Launching task 'httpd.a96d7a95-72d7-11e9-be1a-aa2842515cb3' for framework e109ca4e-10a3-4779-a743-2df5df84e57b-0000
I0509 22:56:59.803238  2804 paths.cpp:801] Creating sandbox '/home/jouko/mesos_work_dir/slaves/860d6178-b035-4997-94b4-ad0e1a2d9e15-S0/frameworks/e109ca4e-10a3-4779-a743-2df5df84e57b-0000/executors/httpd.a96d7a95-72d7-11e9-be1a-aa2842515cb3/runs/8682d88e-c3f0-4559-b412-61e277bf1188' for user 'root'
I0509 22:56:59.804173  2804 paths.cpp:804] Creating sandbox '/home/jouko/mesos_work_dir/meta/slaves/860d6178-b035-4997-94b4-ad0e1a2d9e15-S0/frameworks/e109ca4e-10a3-4779-a743-2df5df84e57b-0000/executors/httpd.a96d7a95-72d7-11e9-be1a-aa2842515cb3/runs/8682d88e-c3f0-4559-b412-61e277bf1188'
I0509 22:56:59.804354  2804 slave.cpp:9695] Launching executor 'httpd.a96d7a95-72d7-11e9-be1a-aa2842515cb3' of framework e109ca4e-10a3-4779-a743-2df5df84e57b-0000 with resources [{"allocation_info":{"role":"*"},"name":"cpus","scalar":{"value":0.1},"type":"SCALAR"},{"allocation_info":{"role":"*"},"name":"mem","scalar":{"value":32.0},"type":"SCALAR"}] in work directory '/home/jouko/mesos_work_dir/slaves/860d6178-b035-4997-94b4-ad0e1a2d9e15-S0/frameworks/e109ca4e-10a3-4779-a743-2df5df84e57b-0000/executors/httpd.a96d7a95-72d7-11e9-be1a-aa2842515cb3/runs/8682d88e-c3f0-4559-b412-61e277bf1188'
I0509 22:56:59.806296  2804 slave.cpp:3080] Queued task 'httpd.a96d7a95-72d7-11e9-be1a-aa2842515cb3' for executor 'httpd.a96d7a95-72d7-11e9-be1a-aa2842515cb3' of framework e109ca4e-10a3-4779-a743-2df5df84e57b-0000
I0509 22:56:59.806931  2804 slave.cpp:3528] Launching container 8682d88e-c3f0-4559-b412-61e277bf1188 for executor 'httpd.a96d7a95-72d7-11e9-be1a-aa2842515cb3' of framework e109ca4e-10a3-4779-a743-2df5df84e57b-0000
I0509 22:56:59.807749  2805 docker.cpp:1183] Starting container '8682d88e-c3f0-4559-b412-61e277bf1188' for task 'httpd.a96d7a95-72d7-11e9-be1a-aa2842515cb3' (and executor 'httpd.a96d7a95-72d7-11e9-be1a-aa2842515cb3') of framework e109ca4e-10a3-4779-a743-2df5df84e57b-0000
I0509 22:56:59.953712  2803 docker.cpp:783] Checkpointing pid 3921 to '/home/jouko/mesos_work_dir/meta/slaves/860d6178-b035-4997-94b4-ad0e1a2d9e15-S0/frameworks/e109ca4e-10a3-4779-a743-2df5df84e57b-0000/executors/httpd.a96d7a95-72d7-11e9-be1a-aa2842515cb3/runs/8682d88e-c3f0-4559-b412-61e277bf1188/pids/forked.pid'
I0509 22:56:59.954190  2803 systemd.cpp:98] Assigned child process '3921' to 'mesos_executors.slice'
I0509 22:57:00.062026  2798 slave.cpp:5074] Got registration for executor 'httpd.a96d7a95-72d7-11e9-be1a-aa2842515cb3' of framework e109ca4e-10a3-4779-a743-2df5df84e57b-0000 from executor(1)@192.168.1.5:38717
I0509 22:57:00.064030  2800 docker.cpp:1691] Ignoring updating container 8682d88e-c3f0-4559-b412-61e277bf1188 because resources passed to update are identical to existing resources
I0509 22:57:00.064440  2805 slave.cpp:3298] Sending queued task 'httpd.a96d7a95-72d7-11e9-be1a-aa2842515cb3' to executor 'httpd.a96d7a95-72d7-11e9-be1a-aa2842515cb3' of framework e109ca4e-10a3-4779-a743-2df5df84e57b-0000 at executor(1)@192.168.1.5:38717
I0509 22:57:00.072679  2801 slave.cpp:5545] Handling status update TASK_STARTING (Status UUID: f76613d9-44d0-4ac0-ba1e-ec01b00255ff) for task httpd.a96d7a95-72d7-11e9-be1a-aa2842515cb3 of framework e109ca4e-10a3-4779-a743-2df5df84e57b-0000 from executor(1)@192.168.1.5:38717
I0509 22:57:00.073390  2800 task_status_update_manager.cpp:328] Received task status update TASK_STARTING (Status UUID: f76613d9-44d0-4ac0-ba1e-ec01b00255ff) for task httpd.a96d7a95-72d7-11e9-be1a-aa2842515cb3 of framework e109ca4e-10a3-4779-a743-2df5df84e57b-0000
I0509 22:57:00.073967  2800 task_status_update_manager.cpp:842] Checkpointing UPDATE for task status update TASK_STARTING (Status UUID: f76613d9-44d0-4ac0-ba1e-ec01b00255ff) for task httpd.a96d7a95-72d7-11e9-be1a-aa2842515cb3 of framework e109ca4e-10a3-4779-a743-2df5df84e57b-0000
I0509 22:57:00.074419  2805 slave.cpp:6037] Forwarding the update TASK_STARTING (Status UUID: f76613d9-44d0-4ac0-ba1e-ec01b00255ff) for task httpd.a96d7a95-72d7-11e9-be1a-aa2842515cb3 of framework e109ca4e-10a3-4779-a743-2df5df84e57b-0000 to master@192.168.1.5:5050
I0509 22:57:00.075047  2805 slave.cpp:5946] Sending acknowledgement for status update TASK_STARTING (Status UUID: f76613d9-44d0-4ac0-ba1e-ec01b00255ff) for task httpd.a96d7a95-72d7-11e9-be1a-aa2842515cb3 of framework e109ca4e-10a3-4779-a743-2df5df84e57b-0000 to executor(1)@192.168.1.5:38717
I0509 22:57:00.099696  2799 task_status_update_manager.cpp:401] Received task status update acknowledgement (UUID: f76613d9-44d0-4ac0-ba1e-ec01b00255ff) for task httpd.a96d7a95-72d7-11e9-be1a-aa2842515cb3 of framework e109ca4e-10a3-4779-a743-2df5df84e57b-0000
I0509 22:57:00.099844  2799 task_status_update_manager.cpp:842] Checkpointing ACK for task status update TASK_STARTING (Status UUID: f76613d9-44d0-4ac0-ba1e-ec01b00255ff) for task httpd.a96d7a95-72d7-11e9-be1a-aa2842515cb3 of framework e109ca4e-10a3-4779-a743-2df5df84e57b-0000
I0509 22:57:04.597374  2799 slave.cpp:7148] Current disk usage 27.71%. Max allowed age: 4.360277853154827days
I0509 22:57:05.157580  2803 slave.cpp:5545] Handling status update TASK_FAILED (Status UUID: cf5b1d0c-b0ad-4673-b9c0-b0b44cdbd5f8) for task httpd.a96d7a95-72d7-11e9-be1a-aa2842515cb3 of framework e109ca4e-10a3-4779-a743-2df5df84e57b-0000 from executor(1)@192.168.1.5:38717
E0509 22:57:05.300328  2802 slave.cpp:5876] Failed to update resources for container 8682d88e-c3f0-4559-b412-61e277bf1188 of executor 'httpd.a96d7a95-72d7-11e9-be1a-aa2842515cb3' running task httpd.a96d7a95-72d7-11e9-be1a-aa2842515cb3 on status update for terminal task, destroying container: Failed to run 'docker -H unix:///var/run/docker.sock inspect --type=container mesos-8682d88e-c3f0-4559-b412-61e277bf1188': exited with status 1; stderr='Error: No such container: mesos-8682d88e-c3f0-4559-b412-61e277bf1188
'
I0509 22:57:05.300837  2800 docker.cpp:2328] Destroying container 8682d88e-c3f0-4559-b412-61e277bf1188 in RUNNING state
I0509 22:57:05.300879  2800 docker.cpp:2333] Sending SIGTERM to executor with pid: 3921
I0509 22:57:05.300912  2804 task_status_update_manager.cpp:328] Received task status update TASK_FAILED (Status UUID: cf5b1d0c-b0ad-4673-b9c0-b0b44cdbd5f8) for task httpd.a96d7a95-72d7-11e9-be1a-aa2842515cb3 of framework e109ca4e-10a3-4779-a743-2df5df84e57b-0000
I0509 22:57:05.301053  2804 task_status_update_manager.cpp:842] Checkpointing UPDATE for task status update TASK_FAILED (Status UUID: cf5b1d0c-b0ad-4673-b9c0-b0b44cdbd5f8) for task httpd.a96d7a95-72d7-11e9-be1a-aa2842515cb3 of framework e109ca4e-10a3-4779-a743-2df5df84e57b-0000
I0509 22:57:05.301600  2801 slave.cpp:6037] Forwarding the update TASK_FAILED (Status UUID: cf5b1d0c-b0ad-4673-b9c0-b0b44cdbd5f8) for task httpd.a96d7a95-72d7-11e9-be1a-aa2842515cb3 of framework e109ca4e-10a3-4779-a743-2df5df84e57b-0000 to master@192.168.1.5:5050
I0509 22:57:05.302949  2801 slave.cpp:5946] Sending acknowledgement for status update TASK_FAILED (Status UUID: cf5b1d0c-b0ad-4673-b9c0-b0b44cdbd5f8) for task httpd.a96d7a95-72d7-11e9-be1a-aa2842515cb3 of framework e109ca4e-10a3-4779-a743-2df5df84e57b-0000 to executor(1)@192.168.1.5:38717
I0509 22:57:05.324821  2800 docker.cpp:2378] Running docker stop on container 8682d88e-c3f0-4559-b412-61e277bf1188
I0509 22:57:05.329555  2802 slave.cpp:6217] Got exited event for executor(1)@192.168.1.5:38717
I0509 22:57:05.400671  2805 docker.cpp:2557] Executor for container 8682d88e-c3f0-4559-b412-61e277bf1188 has exited
I0509 22:57:05.506336  2803 slave.cpp:6613] Executor 'httpd.a96d7a95-72d7-11e9-be1a-aa2842515cb3' of framework e109ca4e-10a3-4779-a743-2df5df84e57b-0000 terminated with signal Terminated
I0509 22:57:05.782589  2804 task_status_update_manager.cpp:401] Received task status update acknowledgement (UUID: cf5b1d0c-b0ad-4673-b9c0-b0b44cdbd5f8) for task httpd.a96d7a95-72d7-11e9-be1a-aa2842515cb3 of framework e109ca4e-10a3-4779-a743-2df5df84e57b-0000
I0509 22:57:05.782694  2804 task_status_update_manager.cpp:842] Checkpointing ACK for task status update TASK_FAILED (Status UUID: cf5b1d0c-b0ad-4673-b9c0-b0b44cdbd5f8) for task httpd.a96d7a95-72d7-11e9-be1a-aa2842515cb3 of framework e109ca4e-10a3-4779-a743-2df5df84e57b-0000
I0509 22:57:05.783287  2801 slave.cpp:6711] Cleaning up executor 'httpd.a96d7a95-72d7-11e9-be1a-aa2842515cb3' of framework e109ca4e-10a3-4779-a743-2df5df84e57b-0000 at executor(1)@192.168.1.5:38717
I0509 22:57:05.783285  2800 gc.cpp:95] Scheduling '/home/jouko/mesos_work_dir/meta/slaves/860d6178-b035-4997-94b4-ad0e1a2d9e15-S0/frameworks/e109ca4e-10a3-4779-a743-2df5df84e57b-0000/executors/httpd.a96d7a95-72d7-11e9-be1a-aa2842515cb3/runs/8682d88e-c3f0-4559-b412-61e277bf1188/tasks/httpd.a96d7a95-72d7-11e9-be1a-aa2842515cb3' for gc 6.99993306469926days in the future
I0509 22:57:05.783521  2805 gc.cpp:95] Scheduling '/home/jouko/mesos_work_dir/slaves/860d6178-b035-4997-94b4-ad0e1a2d9e15-S0/frameworks/e109ca4e-10a3-4779-a743-2df5df84e57b-0000/executors/httpd.a96d7a95-72d7-11e9-be1a-aa2842515cb3/runs/8682d88e-c3f0-4559-b412-61e277bf1188' for gc 6.99999093259259days in the future
I0509 22:57:05.783694  2799 gc.cpp:95] Scheduling '/home/jouko/mesos_work_dir/slaves/860d6178-b035-4997-94b4-ad0e1a2d9e15-S0/frameworks/e109ca4e-10a3-4779-a743-2df5df84e57b-0000/executors/httpd.a96d7a95-72d7-11e9-be1a-aa2842515cb3' for gc 6.99999093008days in the future
I0509 22:57:05.783758  2799 gc.cpp:95] Scheduling '/home/jouko/mesos_work_dir/meta/slaves/860d6178-b035-4997-94b4-ad0e1a2d9e15-S0/frameworks/e109ca4e-10a3-4779-a743-2df5df84e57b-0000/executors/httpd.a96d7a95-72d7-11e9-be1a-aa2842515cb3/runs/8682d88e-c3f0-4559-b412-61e277bf1188' for gc 6.99999092941926days in the future
I0509 22:57:05.783812  2799 gc.cpp:95] Scheduling '/home/jouko/mesos_work_dir/meta/slaves/860d6178-b035-4997-94b4-ad0e1a2d9e15-S0/frameworks/e109ca4e-10a3-4779-a743-2df5df84e57b-0000/executors/httpd.a96d7a95-72d7-11e9-be1a-aa2842515cb3' for gc 6.99999092902815days in the future
I0509 22:57:05.783882  2801 slave.cpp:6840] Cleaning up framework e109ca4e-10a3-4779-a743-2df5df84e57b-0000
I0509 22:57:05.783960  2798 task_status_update_manager.cpp:289] Closing task status update streams for framework e109ca4e-10a3-4779-a743-2df5df84e57b-0000
I0509 22:57:05.784000  2804 gc.cpp:95] Scheduling '/home/jouko/mesos_work_dir/slaves/860d6178-b035-4997-94b4-ad0e1a2d9e15-S0/frameworks/e109ca4e-10a3-4779-a743-2df5df84e57b-0000' for gc 6.99999092651852days in the future
I0509 22:57:05.784063  2804 gc.cpp:95] Scheduling '/home/jouko/mesos_work_dir/meta/slaves/860d6178-b035-4997-94b4-ad0e1a2d9e15-S0/frameworks/e109ca4e-10a3-4779-a743-2df5df84e57b-0000' for gc 6.99999092611259days in the future
I0509 22:57:06.073318  2799 http.cpp:1105] HTTP GET for /slave(1)/state?jsonp=angular.callbacks._2 from 192.168.1.5:54382 with User-Agent='Mozilla/5.0 (X11; Ubuntu; Linux x86_64; rv:66.0) Gecko/20100101 Firefox/66.0'
I0509 22:57:06.178045  2799 http.cpp:1122] HTTP GET for /slave(1)/state?jsonp=angular.callbacks._2 from 192.168.1.5:54382: '200 OK' after 109.112ms
I0509 22:57:06.370265  2804 http.cpp:1105] HTTP GET for /files/browse?path=%2Fhome%2Fjouko%2Fmesos_work_dir%2Fslaves%2F860d6178-b035-4997-94b4-ad0e1a2d9e15-S0%2Fframeworks%2Fe109ca4e-10a3-4779-a743-2df5df84e57b-0000%2Fexecutors%2Fhttpd.a37305b4-72d7-11e9-be1a-aa2842515cb3%2Fruns%2F0579ac92-f6c8-4664-aeab-36eab3b5f2ca&jsonp=angular.callbacks._3 from 192.168.1.5:54382 with User-Agent='Mozilla/5.0 (X11; Ubuntu; Linux x86_64; rv:66.0) Gecko/20100101 Firefox/66.0'
I0509 22:57:09.905288  2799 http.cpp:1105] HTTP GET for /files/read?_=1557460629882&jsonp=jQuery32106782375592574913_1557460629881&length=-1&path=%2Fhome%2Fjouko%2Fmesos_work_dir%2Fslaves%2F860d6178-b035-4997-94b4-ad0e1a2d9e15-S0%2Fframeworks%2Fe109ca4e-10a3-4779-a743-2df5df84e57b-0000%2Fexecutors%2Fhttpd.a37305b4-72d7-11e9-be1a-aa2842515cb3%2Fruns%2F0579ac92-f6c8-4664-aeab-36eab3b5f2ca%2Fstderr&offset=-1 from 192.168.1.5:54382 with User-Agent='Mozilla/5.0 (X11; Ubuntu; Linux x86_64; rv:66.0) Gecko/20100101 Firefox/66.0'
I0509 22:57:09.916775  2799 http.cpp:1105] HTTP GET for /files/read?_=1557460629883&jsonp=jQuery32106782375592574913_1557460629881&length=50000&path=%2Fhome%2Fjouko%2Fmesos_work_dir%2Fslaves%2F860d6178-b035-4997-94b4-ad0e1a2d9e15-S0%2Fframeworks%2Fe109ca4e-10a3-4779-a743-2df5df84e57b-0000%2Fexecutors%2Fhttpd.a37305b4-72d7-11e9-be1a-aa2842515cb3%2Fruns%2F0579ac92-f6c8-4664-aeab-36eab3b5f2ca%2Fstderr&offset=0 from 192.168.1.5:54382 with User-Agent='Mozilla/5.0 (X11; Ubuntu; Linux x86_64; rv:66.0) Gecko/20100101 Firefox/66.0'
I0509 22:57:09.968971  2801 slave.cpp:2037] Got assigned task 'httpd.af699d26-72d7-11e9-be1a-aa2842515cb3' for framework e109ca4e-10a3-4779-a743-2df5df84e57b-0000
I0509 22:57:09.969151  2802 gc.cpp:129] Unscheduling '/home/jouko/mesos_work_dir/slaves/860d6178-b035-4997-94b4-ad0e1a2d9e15-S0/frameworks/e109ca4e-10a3-4779-a743-2df5df84e57b-0000' from gc
I0509 22:57:09.969359  2802 gc.cpp:129] Unscheduling '/home/jouko/mesos_work_dir/meta/slaves/860d6178-b035-4997-94b4-ad0e1a2d9e15-S0/frameworks/e109ca4e-10a3-4779-a743-2df5df84e57b-0000' from gc
I0509 22:57:09.971204  2801 slave.cpp:2411] Authorizing task 'httpd.af699d26-72d7-11e9-be1a-aa2842515cb3' for framework e109ca4e-10a3-4779-a743-2df5df84e57b-0000
I0509 22:57:09.973384  2801 slave.cpp:2854] Launching task 'httpd.af699d26-72d7-11e9-be1a-aa2842515cb3' for framework e109ca4e-10a3-4779-a743-2df5df84e57b-0000
I0509 22:57:09.973453  2801 paths.cpp:801] Creating sandbox '/home/jouko/mesos_work_dir/slaves/860d6178-b035-4997-94b4-ad0e1a2d9e15-S0/frameworks/e109ca4e-10a3-4779-a743-2df5df84e57b-0000/executors/httpd.af699d26-72d7-11e9-be1a-aa2842515cb3/runs/ce240f1d-73c4-4e7f-97fc-1502ee2ac817' for user 'root'
I0509 22:57:09.974160  2801 paths.cpp:804] Creating sandbox '/home/jouko/mesos_work_dir/meta/slaves/860d6178-b035-4997-94b4-ad0e1a2d9e15-S0/frameworks/e109ca4e-10a3-4779-a743-2df5df84e57b-0000/executors/httpd.af699d26-72d7-11e9-be1a-aa2842515cb3/runs/ce240f1d-73c4-4e7f-97fc-1502ee2ac817'
I0509 22:57:10.013489  2801 slave.cpp:9695] Launching executor 'httpd.af699d26-72d7-11e9-be1a-aa2842515cb3' of framework e109ca4e-10a3-4779-a743-2df5df84e57b-0000 with resources [{"allocation_info":{"role":"*"},"name":"cpus","scalar":{"value":0.1},"type":"SCALAR"},{"allocation_info":{"role":"*"},"name":"mem","scalar":{"value":32.0},"type":"SCALAR"}] in work directory '/home/jouko/mesos_work_dir/slaves/860d6178-b035-4997-94b4-ad0e1a2d9e15-S0/frameworks/e109ca4e-10a3-4779-a743-2df5df84e57b-0000/executors/httpd.af699d26-72d7-11e9-be1a-aa2842515cb3/runs/ce240f1d-73c4-4e7f-97fc-1502ee2ac817'
I0509 22:57:10.015224  2801 slave.cpp:3080] Queued task 'httpd.af699d26-72d7-11e9-be1a-aa2842515cb3' for executor 'httpd.af699d26-72d7-11e9-be1a-aa2842515cb3' of framework e109ca4e-10a3-4779-a743-2df5df84e57b-0000
I0509 22:57:10.015676  2801 slave.cpp:3528] Launching container ce240f1d-73c4-4e7f-97fc-1502ee2ac817 for executor 'httpd.af699d26-72d7-11e9-be1a-aa2842515cb3' of framework e109ca4e-10a3-4779-a743-2df5df84e57b-0000
I0509 22:57:10.016357  2804 docker.cpp:1183] Starting container 'ce240f1d-73c4-4e7f-97fc-1502ee2ac817' for task 'httpd.af699d26-72d7-11e9-be1a-aa2842515cb3' (and executor 'httpd.af699d26-72d7-11e9-be1a-aa2842515cb3') of framework e109ca4e-10a3-4779-a743-2df5df84e57b-0000
I0509 22:57:10.151697  2800 docker.cpp:783] Checkpointing pid 4057 to '/home/jouko/mesos_work_dir/meta/slaves/860d6178-b035-4997-94b4-ad0e1a2d9e15-S0/frameworks/e109ca4e-10a3-4779-a743-2df5df84e57b-0000/executors/httpd.af699d26-72d7-11e9-be1a-aa2842515cb3/runs/ce240f1d-73c4-4e7f-97fc-1502ee2ac817/pids/forked.pid'
I0509 22:57:10.152206  2800 systemd.cpp:98] Assigned child process '4057' to 'mesos_executors.slice'
I0509 22:57:10.255416  2799 slave.cpp:5074] Got registration for executor 'httpd.af699d26-72d7-11e9-be1a-aa2842515cb3' of framework e109ca4e-10a3-4779-a743-2df5df84e57b-0000 from executor(1)@192.168.1.5:33141
I0509 22:57:10.257377  2802 docker.cpp:1691] Ignoring updating container ce240f1d-73c4-4e7f-97fc-1502ee2ac817 because resources passed to update are identical to existing resources
I0509 22:57:10.257757  2803 slave.cpp:3298] Sending queued task 'httpd.af699d26-72d7-11e9-be1a-aa2842515cb3' to executor 'httpd.af699d26-72d7-11e9-be1a-aa2842515cb3' of framework e109ca4e-10a3-4779-a743-2df5df84e57b-0000 at executor(1)@192.168.1.5:33141
I0509 22:57:10.266088  2805 slave.cpp:5545] Handling status update TASK_STARTING (Status UUID: 7fa1485a-930a-41f0-abba-0dd728bd9c96) for task httpd.af699d26-72d7-11e9-be1a-aa2842515cb3 of framework e109ca4e-10a3-4779-a743-2df5df84e57b-0000 from executor(1)@192.168.1.5:33141
I0509 22:57:10.267045  2800 task_status_update_manager.cpp:328] Received task status update TASK_STARTING (Status UUID: 7fa1485a-930a-41f0-abba-0dd728bd9c96) for task httpd.af699d26-72d7-11e9-be1a-aa2842515cb3 of framework e109ca4e-10a3-4779-a743-2df5df84e57b-0000
I0509 22:57:10.267601  2800 task_status_update_manager.cpp:842] Checkpointing UPDATE for task status update TASK_STARTING (Status UUID: 7fa1485a-930a-41f0-abba-0dd728bd9c96) for task httpd.af699d26-72d7-11e9-be1a-aa2842515cb3 of framework e109ca4e-10a3-4779-a743-2df5df84e57b-0000
I0509 22:57:10.268221  2800 slave.cpp:6037] Forwarding the update TASK_STARTING (Status UUID: 7fa1485a-930a-41f0-abba-0dd728bd9c96) for task httpd.af699d26-72d7-11e9-be1a-aa2842515cb3 of framework e109ca4e-10a3-4779-a743-2df5df84e57b-0000 to master@192.168.1.5:5050
I0509 22:57:10.268975  2800 slave.cpp:5946] Sending acknowledgement for status update TASK_STARTING (Status UUID: 7fa1485a-930a-41f0-abba-0dd728bd9c96) for task httpd.af699d26-72d7-11e9-be1a-aa2842515cb3 of framework e109ca4e-10a3-4779-a743-2df5df84e57b-0000 to executor(1)@192.168.1.5:33141
I0509 22:57:10.285149  2802 http.cpp:1105] HTTP GET for /files/browse?path=%2Fhome%2Fjouko%2Fmesos_work_dir%2Fslaves%2F860d6178-b035-4997-94b4-ad0e1a2d9e15-S0%2Fframeworks%2Fe109ca4e-10a3-4779-a743-2df5df84e57b-0000%2Fexecutors%2Fhttpd.a37305b4-72d7-11e9-be1a-aa2842515cb3%2Fruns%2F0579ac92-f6c8-4664-aeab-36eab3b5f2ca&jsonp=angular.callbacks._6 from 192.168.1.5:54382 with User-Agent='Mozilla/5.0 (X11; Ubuntu; Linux x86_64; rv:66.0) Gecko/20100101 Firefox/66.0'
I0509 22:57:10.315873  2799 task_status_update_manager.cpp:401] Received task status update acknowledgement (UUID: 7fa1485a-930a-41f0-abba-0dd728bd9c96) for task httpd.af699d26-72d7-11e9-be1a-aa2842515cb3 of framework e109ca4e-10a3-4779-a743-2df5df84e57b-0000
I0509 22:57:10.316018  2799 task_status_update_manager.cpp:842] Checkpointing ACK for task status update TASK_STARTING (Status UUID: 7fa1485a-930a-41f0-abba-0dd728bd9c96) for task httpd.af699d26-72d7-11e9-be1a-aa2842515cb3 of framework e109ca4e-10a3-4779-a743-2df5df84e57b-0000
I0509 22:57:10.931809  2798 http.cpp:1105] HTTP GET for /files/read?_=1557460629884&jsonp=jQuery32106782375592574913_1557460629881&length=50000&path=%2Fhome%2Fjouko%2Fmesos_work_dir%2Fslaves%2F860d6178-b035-4997-94b4-ad0e1a2d9e15-S0%2Fframeworks%2Fe109ca4e-10a3-4779-a743-2df5df84e57b-0000%2Fexecutors%2Fhttpd.a37305b4-72d7-11e9-be1a-aa2842515cb3%2Fruns%2F0579ac92-f6c8-4664-aeab-36eab3b5f2ca%2Fstderr&offset=818 from 192.168.1.5:54382 with User-Agent='Mozilla/5.0 (X11; Ubuntu; Linux x86_64; rv:66.0) Gecko/20100101 Firefox/66.0'
I0509 22:57:11.946370  2804 http.cpp:1105] HTTP GET for /files/read?_=1557460629885&jsonp=jQuery32106782375592574913_1557460629881&length=50000&path=%2Fhome%2Fjouko%2Fmesos_work_dir%2Fslaves%2F860d6178-b035-4997-94b4-ad0e1a2d9e15-S0%2Fframeworks%2Fe109ca4e-10a3-4779-a743-2df5df84e57b-0000%2Fexecutors%2Fhttpd.a37305b4-72d7-11e9-be1a-aa2842515cb3%2Fruns%2F0579ac92-f6c8-4664-aeab-36eab3b5f2ca%2Fstderr&offset=818 from 192.168.1.5:54382 with User-Agent='Mozilla/5.0 (X11; Ubuntu; Linux x86_64; rv:66.0) Gecko/20100101 Firefox/66.0'
I0509 22:57:12.962525  2800 http.cpp:1105] HTTP GET for /files/read?_=1557460629886&jsonp=jQuery32106782375592574913_1557460629881&length=50000&path=%2Fhome%2Fjouko%2Fmesos_work_dir%2Fslaves%2F860d6178-b035-4997-94b4-ad0e1a2d9e15-S0%2Fframeworks%2Fe109ca4e-10a3-4779-a743-2df5df84e57b-0000%2Fexecutors%2Fhttpd.a37305b4-72d7-11e9-be1a-aa2842515cb3%2Fruns%2F0579ac92-f6c8-4664-aeab-36eab3b5f2ca%2Fstderr&offset=818 from 192.168.1.5:54382 with User-Agent='Mozilla/5.0 (X11; Ubuntu; Linux x86_64; rv:66.0) Gecko/20100101 Firefox/66.0'
I0509 22:57:13.971616  2799 http.cpp:1105] HTTP GET for /files/read?_=1557460629887&jsonp=jQuery32106782375592574913_1557460629881&length=50000&path=%2Fhome%2Fjouko%2Fmesos_work_dir%2Fslaves%2F860d6178-b035-4997-94b4-ad0e1a2d9e15-S0%2Fframeworks%2Fe109ca4e-10a3-4779-a743-2df5df84e57b-0000%2Fexecutors%2Fhttpd.a37305b4-72d7-11e9-be1a-aa2842515cb3%2Fruns%2F0579ac92-f6c8-4664-aeab-36eab3b5f2ca%2Fstderr&offset=818 from 192.168.1.5:54382 with User-Agent='Mozilla/5.0 (X11; Ubuntu; Linux x86_64; rv:66.0) Gecko/20100101 Firefox/66.0'
I0509 22:57:14.981452  2804 http.cpp:1105] HTTP GET for /files/read?_=1557460629888&jsonp=jQuery32106782375592574913_1557460629881&length=50000&path=%2Fhome%2Fjouko%2Fmesos_work_dir%2Fslaves%2F860d6178-b035-4997-94b4-ad0e1a2d9e15-S0%2Fframeworks%2Fe109ca4e-10a3-4779-a743-2df5df84e57b-0000%2Fexecutors%2Fhttpd.a37305b4-72d7-11e9-be1a-aa2842515cb3%2Fruns%2F0579ac92-f6c8-4664-aeab-36eab3b5f2ca%2Fstderr&offset=818 from 192.168.1.5:54382 with User-Agent='Mozilla/5.0 (X11; Ubuntu; Linux x86_64; rv:66.0) Gecko/20100101 Firefox/66.0'
I0509 22:57:15.354583  2801 slave.cpp:5545] Handling status update TASK_FAILED (Status UUID: 726c7984-2f9d-4614-9980-a7bc485d4387) for task httpd.af699d26-72d7-11e9-be1a-aa2842515cb3 of framework e109ca4e-10a3-4779-a743-2df5df84e57b-0000 from executor(1)@192.168.1.5:33141
E0509 22:57:15.499224  2799 slave.cpp:5876] Failed to update resources for container ce240f1d-73c4-4e7f-97fc-1502ee2ac817 of executor 'httpd.af699d26-72d7-11e9-be1a-aa2842515cb3' running task httpd.af699d26-72d7-11e9-be1a-aa2842515cb3 on status update for terminal task, destroying container: Failed to run 'docker -H unix:///var/run/docker.sock inspect --type=container mesos-ce240f1d-73c4-4e7f-97fc-1502ee2ac817': exited with status 1; stderr='Error: No such container: mesos-ce240f1d-73c4-4e7f-97fc-1502ee2ac817
'
I0509 22:57:15.499675  2802 docker.cpp:2328] Destroying container ce240f1d-73c4-4e7f-97fc-1502ee2ac817 in RUNNING state
I0509 22:57:15.499712  2802 docker.cpp:2333] Sending SIGTERM to executor with pid: 4057
I0509 22:57:15.499760  2805 task_status_update_manager.cpp:328] Received task status update TASK_FAILED (Status UUID: 726c7984-2f9d-4614-9980-a7bc485d4387) for task httpd.af699d26-72d7-11e9-be1a-aa2842515cb3 of framework e109ca4e-10a3-4779-a743-2df5df84e57b-0000
I0509 22:57:15.499889  2805 task_status_update_manager.cpp:842] Checkpointing UPDATE for task status update TASK_FAILED (Status UUID: 726c7984-2f9d-4614-9980-a7bc485d4387) for task httpd.af699d26-72d7-11e9-be1a-aa2842515cb3 of framework e109ca4e-10a3-4779-a743-2df5df84e57b-0000
I0509 22:57:15.500387  2804 slave.cpp:6037] Forwarding the update TASK_FAILED (Status UUID: 726c7984-2f9d-4614-9980-a7bc485d4387) for task httpd.af699d26-72d7-11e9-be1a-aa2842515cb3 of framework e109ca4e-10a3-4779-a743-2df5df84e57b-0000 to master@192.168.1.5:5050
I0509 22:57:15.501422  2804 slave.cpp:5946] Sending acknowledgement for status update TASK_FAILED (Status UUID: 726c7984-2f9d-4614-9980-a7bc485d4387) for task httpd.af699d26-72d7-11e9-be1a-aa2842515cb3 of framework e109ca4e-10a3-4779-a743-2df5df84e57b-0000 to executor(1)@192.168.1.5:33141
I0509 22:57:15.523847  2803 task_status_update_manager.cpp:401] Received task status update acknowledgement (UUID: 726c7984-2f9d-4614-9980-a7bc485d4387) for task httpd.af699d26-72d7-11e9-be1a-aa2842515cb3 of framework e109ca4e-10a3-4779-a743-2df5df84e57b-0000
I0509 22:57:15.523978  2803 task_status_update_manager.cpp:842] Checkpointing ACK for task status update TASK_FAILED (Status UUID: 726c7984-2f9d-4614-9980-a7bc485d4387) for task httpd.af699d26-72d7-11e9-be1a-aa2842515cb3 of framework e109ca4e-10a3-4779-a743-2df5df84e57b-0000
I0509 22:57:15.524654  2799 gc.cpp:95] Scheduling '/home/jouko/mesos_work_dir/meta/slaves/860d6178-b035-4997-94b4-ad0e1a2d9e15-S0/frameworks/e109ca4e-10a3-4779-a743-2df5df84e57b-0000/executors/httpd.af699d26-72d7-11e9-be1a-aa2842515cb3/runs/ce240f1d-73c4-4e7f-97fc-1502ee2ac817/tasks/httpd.af699d26-72d7-11e9-be1a-aa2842515cb3' for gc 6.9999360580563days in the future
I0509 22:57:15.526326  2802 docker.cpp:2378] Running docker stop on container ce240f1d-73c4-4e7f-97fc-1502ee2ac817
I0509 22:57:15.531388  2803 slave.cpp:6217] Got exited event for executor(1)@192.168.1.5:33141
I0509 22:57:15.600157  2799 docker.cpp:2557] Executor for container ce240f1d-73c4-4e7f-97fc-1502ee2ac817 has exited
I0509 22:57:15.706964  2803 slave.cpp:6613] Executor 'httpd.af699d26-72d7-11e9-be1a-aa2842515cb3' of framework e109ca4e-10a3-4779-a743-2df5df84e57b-0000 terminated with signal Terminated
I0509 22:57:15.707151  2803 slave.cpp:6711] Cleaning up executor 'httpd.af699d26-72d7-11e9-be1a-aa2842515cb3' of framework e109ca4e-10a3-4779-a743-2df5df84e57b-0000 at executor(1)@192.168.1.5:33141
I0509 22:57:15.707738  2801 gc.cpp:95] Scheduling '/home/jouko/mesos_work_dir/slaves/860d6178-b035-4997-94b4-ad0e1a2d9e15-S0/frameworks/e109ca4e-10a3-4779-a743-2df5df84e57b-0000/executors/httpd.af699d26-72d7-11e9-be1a-aa2842515cb3/runs/ce240f1d-73c4-4e7f-97fc-1502ee2ac817' for gc 6.99999181152889days in the future
I0509 22:57:15.708295  2805 gc.cpp:95] Scheduling '/home/jouko/mesos_work_dir/slaves/860d6178-b035-4997-94b4-ad0e1a2d9e15-S0/frameworks/e109ca4e-10a3-4779-a743-2df5df84e57b-0000/executors/httpd.af699d26-72d7-11e9-be1a-aa2842515cb3' for gc 6.99999180497778days in the future
I0509 22:57:15.708521  2805 gc.cpp:95] Scheduling '/home/jouko/mesos_work_dir/meta/slaves/860d6178-b035-4997-94b4-ad0e1a2d9e15-S0/frameworks/e109ca4e-10a3-4779-a743-2df5df84e57b-0000/executors/httpd.af699d26-72d7-11e9-be1a-aa2842515cb3/runs/ce240f1d-73c4-4e7f-97fc-1502ee2ac817' for gc 6.99999180273185days in the future
I0509 22:57:15.708688  2805 gc.cpp:95] Scheduling '/home/jouko/mesos_work_dir/meta/slaves/860d6178-b035-4997-94b4-ad0e1a2d9e15-S0/frameworks/e109ca4e-10a3-4779-a743-2df5df84e57b-0000/executors/httpd.af699d26-72d7-11e9-be1a-aa2842515cb3' for gc 6.99999180155259days in the future
I0509 22:57:15.708724  2803 slave.cpp:6840] Cleaning up framework e109ca4e-10a3-4779-a743-2df5df84e57b-0000
I0509 22:57:15.708865  2805 task_status_update_manager.cpp:289] Closing task status update streams for framework e109ca4e-10a3-4779-a743-2df5df84e57b-0000
I0509 22:57:15.709089  2799 gc.cpp:95] Scheduling '/home/jouko/mesos_work_dir/slaves/860d6178-b035-4997-94b4-ad0e1a2d9e15-S0/frameworks/e109ca4e-10a3-4779-a743-2df5df84e57b-0000' for gc 6.99999179508148days in the future
I0509 22:57:15.709324  2799 gc.cpp:95] Scheduling '/home/jouko/mesos_work_dir/meta/slaves/860d6178-b035-4997-94b4-ad0e1a2d9e15-S0/frameworks/e109ca4e-10a3-4779-a743-2df5df84e57b-0000' for gc 6.99999179356444days in the future
I0509 22:57:15.998951  2802 http.cpp:1105] HTTP GET for /files/read?_=1557460629889&jsonp=jQuery32106782375592574913_1557460629881&length=50000&path=%2Fhome%2Fjouko%2Fmesos_work_dir%2Fslaves%2F860d6178-b035-4997-94b4-ad0e1a2d9e15-S0%2Fframeworks%2Fe109ca4e-10a3-4779-a743-2df5df84e57b-0000%2Fexecutors%2Fhttpd.a37305b4-72d7-11e9-be1a-aa2842515cb3%2Fruns%2F0579ac92-f6c8-4664-aeab-36eab3b5f2ca%2Fstderr&offset=818 from 192.168.1.5:54382 with User-Agent='Mozilla/5.0 (X11; Ubuntu; Linux x86_64; rv:66.0) Gecko/20100101 Firefox/66.0'
I0509 22:57:17.010687  2798 http.cpp:1105] HTTP GET for /files/read?_=1557460629890&jsonp=jQuery32106782375592574913_1557460629881&length=50000&path=%2Fhome%2Fjouko%2Fmesos_work_dir%2Fslaves%2F860d6178-b035-4997-94b4-ad0e1a2d9e15-S0%2Fframeworks%2Fe109ca4e-10a3-4779-a743-2df5df84e57b-0000%2Fexecutors%2Fhttpd.a37305b4-72d7-11e9-be1a-aa2842515cb3%2Fruns%2F0579ac92-f6c8-4664-aeab-36eab3b5f2ca%2Fstderr&offset=818 from 192.168.1.5:54382 with User-Agent='Mozilla/5.0 (X11; Ubuntu; Linux x86_64; rv:66.0) Gecko/20100101 Firefox/66.0'
I0509 22:57:18.028854  2799 http.cpp:1105] HTTP GET for /files/read?_=1557460629891&jsonp=jQuery32106782375592574913_1557460629881&length=50000&path=%2Fhome%2Fjouko%2Fmesos_work_dir%2Fslaves%2F860d6178-b035-4997-94b4-ad0e1a2d9e15-S0%2Fframeworks%2Fe109ca4e-10a3-4779-a743-2df5df84e57b-0000%2Fexecutors%2Fhttpd.a37305b4-72d7-11e9-be1a-aa2842515cb3%2Fruns%2F0579ac92-f6c8-4664-aeab-36eab3b5f2ca%2Fstderr&offset=818 from 192.168.1.5:54382 with User-Agent='Mozilla/5.0 (X11; Ubuntu; Linux x86_64; rv:66.0) Gecko/20100101 Firefox/66.0'
I0509 22:57:19.898994  2798 slave.cpp:2037] Got assigned task 'httpd.b565e6c7-72d7-11e9-be1a-aa2842515cb3' for framework e109ca4e-10a3-4779-a743-2df5df84e57b-0000
I0509 22:57:19.899219  2803 gc.cpp:129] Unscheduling '/home/jouko/mesos_work_dir/slaves/860d6178-b035-4997-94b4-ad0e1a2d9e15-S0/frameworks/e109ca4e-10a3-4779-a743-2df5df84e57b-0000' from gc
I0509 22:57:19.899461  2803 gc.cpp:129] Unscheduling '/home/jouko/mesos_work_dir/meta/slaves/860d6178-b035-4997-94b4-ad0e1a2d9e15-S0/frameworks/e109ca4e-10a3-4779-a743-2df5df84e57b-0000' from gc
I0509 22:57:19.901607  2798 slave.cpp:2411] Authorizing task 'httpd.b565e6c7-72d7-11e9-be1a-aa2842515cb3' for framework e109ca4e-10a3-4779-a743-2df5df84e57b-0000
I0509 22:57:19.904634  2798 slave.cpp:2854] Launching task 'httpd.b565e6c7-72d7-11e9-be1a-aa2842515cb3' for framework e109ca4e-10a3-4779-a743-2df5df84e57b-0000
I0509 22:57:19.906229  2798 paths.cpp:801] Creating sandbox '/home/jouko/mesos_work_dir/slaves/860d6178-b035-4997-94b4-ad0e1a2d9e15-S0/frameworks/e109ca4e-10a3-4779-a743-2df5df84e57b-0000/executors/httpd.b565e6c7-72d7-11e9-be1a-aa2842515cb3/runs/0821f1e5-a873-4b48-be3c-a893779fe8f2' for user 'root'
I0509 22:57:19.907271  2798 paths.cpp:804] Creating sandbox '/home/jouko/mesos_work_dir/meta/slaves/860d6178-b035-4997-94b4-ad0e1a2d9e15-S0/frameworks/e109ca4e-10a3-4779-a743-2df5df84e57b-0000/executors/httpd.b565e6c7-72d7-11e9-be1a-aa2842515cb3/runs/0821f1e5-a873-4b48-be3c-a893779fe8f2'
I0509 22:57:19.907466  2798 slave.cpp:9695] Launching executor 'httpd.b565e6c7-72d7-11e9-be1a-aa2842515cb3' of framework e109ca4e-10a3-4779-a743-2df5df84e57b-0000 with resources [{"allocation_info":{"role":"*"},"name":"cpus","scalar":{"value":0.1},"type":"SCALAR"},{"allocation_info":{"role":"*"},"name":"mem","scalar":{"value":32.0},"type":"SCALAR"}] in work directory '/home/jouko/mesos_work_dir/slaves/860d6178-b035-4997-94b4-ad0e1a2d9e15-S0/frameworks/e109ca4e-10a3-4779-a743-2df5df84e57b-0000/executors/httpd.b565e6c7-72d7-11e9-be1a-aa2842515cb3/runs/0821f1e5-a873-4b48-be3c-a893779fe8f2'
I0509 22:57:19.909725  2798 slave.cpp:3080] Queued task 'httpd.b565e6c7-72d7-11e9-be1a-aa2842515cb3' for executor 'httpd.b565e6c7-72d7-11e9-be1a-aa2842515cb3' of framework e109ca4e-10a3-4779-a743-2df5df84e57b-0000
I0509 22:57:19.910487  2798 slave.cpp:3528] Launching container 0821f1e5-a873-4b48-be3c-a893779fe8f2 for executor 'httpd.b565e6c7-72d7-11e9-be1a-aa2842515cb3' of framework e109ca4e-10a3-4779-a743-2df5df84e57b-0000
I0509 22:57:19.911310  2801 docker.cpp:1183] Starting container '0821f1e5-a873-4b48-be3c-a893779fe8f2' for task 'httpd.b565e6c7-72d7-11e9-be1a-aa2842515cb3' (and executor 'httpd.b565e6c7-72d7-11e9-be1a-aa2842515cb3') of framework e109ca4e-10a3-4779-a743-2df5df84e57b-0000
I0509 22:57:20.046999  2799 docker.cpp:783] Checkpointing pid 4190 to '/home/jouko/mesos_work_dir/meta/slaves/860d6178-b035-4997-94b4-ad0e1a2d9e15-S0/frameworks/e109ca4e-10a3-4779-a743-2df5df84e57b-0000/executors/httpd.b565e6c7-72d7-11e9-be1a-aa2842515cb3/runs/0821f1e5-a873-4b48-be3c-a893779fe8f2/pids/forked.pid'
I0509 22:57:20.047375  2799 systemd.cpp:98] Assigned child process '4190' to 'mesos_executors.slice'
I0509 22:57:20.151852  2798 slave.cpp:5074] Got registration for executor 'httpd.b565e6c7-72d7-11e9-be1a-aa2842515cb3' of framework e109ca4e-10a3-4779-a743-2df5df84e57b-0000 from executor(1)@192.168.1.5:43323
I0509 22:57:20.153798  2800 docker.cpp:1691] Ignoring updating container 0821f1e5-a873-4b48-be3c-a893779fe8f2 because resources passed to update are identical to existing resources
I0509 22:57:20.154166  2801 slave.cpp:3298] Sending queued task 'httpd.b565e6c7-72d7-11e9-be1a-aa2842515cb3' to executor 'httpd.b565e6c7-72d7-11e9-be1a-aa2842515cb3' of framework e109ca4e-10a3-4779-a743-2df5df84e57b-0000 at executor(1)@192.168.1.5:43323
I0509 22:57:20.161695  2805 slave.cpp:5545] Handling status update TASK_STARTING (Status UUID: 29261370-6db4-4a6c-b4ea-977e9e1d07e4) for task httpd.b565e6c7-72d7-11e9-be1a-aa2842515cb3 of framework e109ca4e-10a3-4779-a743-2df5df84e57b-0000 from executor(1)@192.168.1.5:43323
I0509 22:57:20.162513  2799 task_status_update_manager.cpp:328] Received task status update TASK_STARTING (Status UUID: 29261370-6db4-4a6c-b4ea-977e9e1d07e4) for task httpd.b565e6c7-72d7-11e9-be1a-aa2842515cb3 of framework e109ca4e-10a3-4779-a743-2df5df84e57b-0000
I0509 22:57:20.163005  2799 task_status_update_manager.cpp:842] Checkpointing UPDATE for task status update TASK_STARTING (Status UUID: 29261370-6db4-4a6c-b4ea-977e9e1d07e4) for task httpd.b565e6c7-72d7-11e9-be1a-aa2842515cb3 of framework e109ca4e-10a3-4779-a743-2df5df84e57b-0000
I0509 22:57:20.163332  2800 slave.cpp:6037] Forwarding the update TASK_STARTING (Status UUID: 29261370-6db4-4a6c-b4ea-977e9e1d07e4) for task httpd.b565e6c7-72d7-11e9-be1a-aa2842515cb3 of framework e109ca4e-10a3-4779-a743-2df5df84e57b-0000 to master@192.168.1.5:5050
I0509 22:57:20.163913  2800 slave.cpp:5946] Sending acknowledgement for status update TASK_STARTING (Status UUID: 29261370-6db4-4a6c-b4ea-977e9e1d07e4) for task httpd.b565e6c7-72d7-11e9-be1a-aa2842515cb3 of framework e109ca4e-10a3-4779-a743-2df5df84e57b-0000 to executor(1)@192.168.1.5:43323
I0509 22:57:20.229375  2802 task_status_update_manager.cpp:401] Received task status update acknowledgement (UUID: 29261370-6db4-4a6c-b4ea-977e9e1d07e4) for task httpd.b565e6c7-72d7-11e9-be1a-aa2842515cb3 of framework e109ca4e-10a3-4779-a743-2df5df84e57b-0000
I0509 22:57:20.229557  2802 task_status_update_manager.cpp:842] Checkpointing ACK for task status update TASK_STARTING (Status UUID: 29261370-6db4-4a6c-b4ea-977e9e1d07e4) for task httpd.b565e6c7-72d7-11e9-be1a-aa2842515cb3 of framework e109ca4e-10a3-4779-a743-2df5df84e57b-0000
I0509 22:57:20.306890  2803 http.cpp:1105] HTTP GET for /files/browse?path=%2Fhome%2Fjouko%2Fmesos_work_dir%2Fslaves%2F860d6178-b035-4997-94b4-ad0e1a2d9e15-S0%2Fframeworks%2Fe109ca4e-10a3-4779-a743-2df5df84e57b-0000%2Fexecutors%2Fhttpd.a37305b4-72d7-11e9-be1a-aa2842515cb3%2Fruns%2F0579ac92-f6c8-4664-aeab-36eab3b5f2ca&jsonp=angular.callbacks._9 from 192.168.1.5:54382 with User-Agent='Mozilla/5.0 (X11; Ubuntu; Linux x86_64; rv:66.0) Gecko/20100101 Firefox/66.0'
I0509 22:57:25.254283  2802 slave.cpp:5545] Handling status update TASK_FAILED (Status UUID: 24cfcdb6-ada6-4a92-9a29-c7383d48d0ae) for task httpd.b565e6c7-72d7-11e9-be1a-aa2842515cb3 of framework e109ca4e-10a3-4779-a743-2df5df84e57b-0000 from executor(1)@192.168.1.5:43323
E0509 22:57:25.392825  2801 slave.cpp:5876] Failed to update resources for container 0821f1e5-a873-4b48-be3c-a893779fe8f2 of executor 'httpd.b565e6c7-72d7-11e9-be1a-aa2842515cb3' running task httpd.b565e6c7-72d7-11e9-be1a-aa2842515cb3 on status update for terminal task, destroying container: Failed to run 'docker -H unix:///var/run/docker.sock inspect --type=container mesos-0821f1e5-a873-4b48-be3c-a893779fe8f2': exited with status 1; stderr='Error: No such container: mesos-0821f1e5-a873-4b48-be3c-a893779fe8f2
'
I0509 22:57:25.393189  2799 task_status_update_manager.cpp:328] Received task status update TASK_FAILED (Status UUID: 24cfcdb6-ada6-4a92-9a29-c7383d48d0ae) for task httpd.b565e6c7-72d7-11e9-be1a-aa2842515cb3 of framework e109ca4e-10a3-4779-a743-2df5df84e57b-0000
I0509 22:57:25.393242  2805 docker.cpp:2328] Destroying container 0821f1e5-a873-4b48-be3c-a893779fe8f2 in RUNNING state
I0509 22:57:25.393302  2805 docker.cpp:2333] Sending SIGTERM to executor with pid: 4190
I0509 22:57:25.393326  2799 task_status_update_manager.cpp:842] Checkpointing UPDATE for task status update TASK_FAILED (Status UUID: 24cfcdb6-ada6-4a92-9a29-c7383d48d0ae) for task httpd.b565e6c7-72d7-11e9-be1a-aa2842515cb3 of framework e109ca4e-10a3-4779-a743-2df5df84e57b-0000
I0509 22:57:25.393826  2804 slave.cpp:6037] Forwarding the update TASK_FAILED (Status UUID: 24cfcdb6-ada6-4a92-9a29-c7383d48d0ae) for task httpd.b565e6c7-72d7-11e9-be1a-aa2842515cb3 of framework e109ca4e-10a3-4779-a743-2df5df84e57b-0000 to master@192.168.1.5:5050
I0509 22:57:25.394892  2804 slave.cpp:5946] Sending acknowledgement for status update TASK_FAILED (Status UUID: 24cfcdb6-ada6-4a92-9a29-c7383d48d0ae) for task httpd.b565e6c7-72d7-11e9-be1a-aa2842515cb3 of framework e109ca4e-10a3-4779-a743-2df5df84e57b-0000 to executor(1)@192.168.1.5:43323
I0509 22:57:25.416752  2805 docker.cpp:2378] Running docker stop on container 0821f1e5-a873-4b48-be3c-a893779fe8f2
I0509 22:57:25.420576  2803 slave.cpp:6217] Got exited event for executor(1)@192.168.1.5:43323
I0509 22:57:25.424721  2800 task_status_update_manager.cpp:401] Received task status update acknowledgement (UUID: 24cfcdb6-ada6-4a92-9a29-c7383d48d0ae) for task httpd.b565e6c7-72d7-11e9-be1a-aa2842515cb3 of framework e109ca4e-10a3-4779-a743-2df5df84e57b-0000
I0509 22:57:25.424839  2800 task_status_update_manager.cpp:842] Checkpointing ACK for task status update TASK_FAILED (Status UUID: 24cfcdb6-ada6-4a92-9a29-c7383d48d0ae) for task httpd.b565e6c7-72d7-11e9-be1a-aa2842515cb3 of framework e109ca4e-10a3-4779-a743-2df5df84e57b-0000
I0509 22:57:25.425473  2805 gc.cpp:95] Scheduling '/home/jouko/mesos_work_dir/meta/slaves/860d6178-b035-4997-94b4-ad0e1a2d9e15-S0/frameworks/e109ca4e-10a3-4779-a743-2df5df84e57b-0000/executors/httpd.b565e6c7-72d7-11e9-be1a-aa2842515cb3/runs/0821f1e5-a873-4b48-be3c-a893779fe8f2/tasks/httpd.b565e6c7-72d7-11e9-be1a-aa2842515cb3' for gc 6.99993720594963days in the future
I0509 22:57:25.493494  2802 docker.cpp:2557] Executor for container 0821f1e5-a873-4b48-be3c-a893779fe8f2 has exited
I0509 22:57:25.599635  2803 slave.cpp:6613] Executor 'httpd.b565e6c7-72d7-11e9-be1a-aa2842515cb3' of framework e109ca4e-10a3-4779-a743-2df5df84e57b-0000 terminated with signal Terminated
I0509 22:57:25.599782  2803 slave.cpp:6711] Cleaning up executor 'httpd.b565e6c7-72d7-11e9-be1a-aa2842515cb3' of framework e109ca4e-10a3-4779-a743-2df5df84e57b-0000 at executor(1)@192.168.1.5:43323
I0509 22:57:25.600225  2801 gc.cpp:95] Scheduling '/home/jouko/mesos_work_dir/slaves/860d6178-b035-4997-94b4-ad0e1a2d9e15-S0/frameworks/e109ca4e-10a3-4779-a743-2df5df84e57b-0000/executors/httpd.b565e6c7-72d7-11e9-be1a-aa2842515cb3/runs/0821f1e5-a873-4b48-be3c-a893779fe8f2' for gc 6.99999305509333days in the future
I0509 22:57:25.600656  2804 gc.cpp:95] Scheduling '/home/jouko/mesos_work_dir/slaves/860d6178-b035-4997-94b4-ad0e1a2d9e15-S0/frameworks/e109ca4e-10a3-4779-a743-2df5df84e57b-0000/executors/httpd.b565e6c7-72d7-11e9-be1a-aa2842515cb3' for gc 6.99999304988444days in the future
I0509 22:57:25.600854  2804 gc.cpp:95] Scheduling '/home/jouko/mesos_work_dir/meta/slaves/860d6178-b035-4997-94b4-ad0e1a2d9e15-S0/frameworks/e109ca4e-10a3-4779-a743-2df5df84e57b-0000/executors/httpd.b565e6c7-72d7-11e9-be1a-aa2842515cb3/runs/0821f1e5-a873-4b48-be3c-a893779fe8f2' for gc 6.99999304810074days in the future
I0509 22:57:25.601040  2804 gc.cpp:95] Scheduling '/home/jouko/mesos_work_dir/meta/slaves/860d6178-b035-4997-94b4-ad0e1a2d9e15-S0/frameworks/e109ca4e-10a3-4779-a743-2df5df84e57b-0000/executors/httpd.b565e6c7-72d7-11e9-be1a-aa2842515cb3' for gc 6.99999304712889days in the future
I0509 22:57:25.601056  2803 slave.cpp:6840] Cleaning up framework e109ca4e-10a3-4779-a743-2df5df84e57b-0000
I0509 22:57:25.601259  2804 task_status_update_manager.cpp:289] Closing task status update streams for framework e109ca4e-10a3-4779-a743-2df5df84e57b-0000
I0509 22:57:25.601442  2802 gc.cpp:95] Scheduling '/home/jouko/mesos_work_dir/slaves/860d6178-b035-4997-94b4-ad0e1a2d9e15-S0/frameworks/e109ca4e-10a3-4779-a743-2df5df84e57b-0000' for gc 6.99999304038222days in the future
I0509 22:57:25.601621  2802 gc.cpp:95] Scheduling '/home/jouko/mesos_work_dir/meta/slaves/860d6178-b035-4997-94b4-ad0e1a2d9e15-S0/frameworks/e109ca4e-10a3-4779-a743-2df5df84e57b-0000' for gc 6.99999303925926days in the future
I0509 22:57:29.939433  2799 slave.cpp:2037] Got assigned task 'httpd.bb625778-72d7-11e9-be1a-aa2842515cb3' for framework e109ca4e-10a3-4779-a743-2df5df84e57b-0000
I0509 22:57:29.939626  2804 gc.cpp:129] Unscheduling '/home/jouko/mesos_work_dir/slaves/860d6178-b035-4997-94b4-ad0e1a2d9e15-S0/frameworks/e109ca4e-10a3-4779-a743-2df5df84e57b-0000' from gc
I0509 22:57:29.939869  2804 gc.cpp:129] Unscheduling '/home/jouko/mesos_work_dir/meta/slaves/860d6178-b035-4997-94b4-ad0e1a2d9e15-S0/frameworks/e109ca4e-10a3-4779-a743-2df5df84e57b-0000' from gc
