I0514 20:44:19.212644  2711 slave.cpp:9695] Launching executor 'httpd.f49851be-76b2-11e9-b542-1e8823abc24a' of framework 83697b4b-b81d-4fae-b5d2-f84275ced44b-0000 with resources [{"allocation_info":{"role":"*"},"name":"cpus","scalar":{"value":0.1},"type":"SCALAR"},{"allocation_info":{"role":"*"},"name":"mem","scalar":{"value":32.0},"type":"SCALAR"}] in work directory '/var/lib/mesos/agent/slaves/c8e59b09-da78-48e6-bdd2-9c3396b857b8-S0/frameworks/83697b4b-b81d-4fae-b5d2-f84275ced44b-0000/executors/httpd.f49851be-76b2-11e9-b542-1e8823abc24a/runs/abd07293-1b10-4528-967f-02a11e18df7e'
I0514 20:44:19.214939  2711 slave.cpp:3080] Queued task 'httpd.f49851be-76b2-11e9-b542-1e8823abc24a' for executor 'httpd.f49851be-76b2-11e9-b542-1e8823abc24a' of framework 83697b4b-b81d-4fae-b5d2-f84275ced44b-0000
I0514 20:44:19.215721  2711 slave.cpp:3528] Launching container abd07293-1b10-4528-967f-02a11e18df7e for executor 'httpd.f49851be-76b2-11e9-b542-1e8823abc24a' of framework 83697b4b-b81d-4fae-b5d2-f84275ced44b-0000
I0514 20:44:19.216869  2700 docker.cpp:1183] Starting container 'abd07293-1b10-4528-967f-02a11e18df7e' for task 'httpd.f49851be-76b2-11e9-b542-1e8823abc24a' (and executor 'httpd.f49851be-76b2-11e9-b542-1e8823abc24a') of framework 83697b4b-b81d-4fae-b5d2-f84275ced44b-0000
I0514 20:44:19.371237  2709 docker.cpp:783] Checkpointing pid 4264 to '/var/lib/mesos/agent/meta/slaves/c8e59b09-da78-48e6-bdd2-9c3396b857b8-S0/frameworks/83697b4b-b81d-4fae-b5d2-f84275ced44b-0000/executors/httpd.f49851be-76b2-11e9-b542-1e8823abc24a/runs/abd07293-1b10-4528-967f-02a11e18df7e/pids/forked.pid'
I0514 20:44:19.371877  2709 systemd.cpp:98] Assigned child process '4264' to 'mesos_executors.slice'
I0514 20:44:19.459728  2701 slave.cpp:5074] Got registration for executor 'httpd.f49851be-76b2-11e9-b542-1e8823abc24a' of framework 83697b4b-b81d-4fae-b5d2-f84275ced44b-0000 from executor(1)@192.168.1.5:35547
I0514 20:44:19.462000  2709 docker.cpp:1691] Ignoring updating container abd07293-1b10-4528-967f-02a11e18df7e because resources passed to update are identical to existing resources
I0514 20:44:19.462416  2707 slave.cpp:3298] Sending queued task 'httpd.f49851be-76b2-11e9-b542-1e8823abc24a' to executor 'httpd.f49851be-76b2-11e9-b542-1e8823abc24a' of framework 83697b4b-b81d-4fae-b5d2-f84275ced44b-0000 at executor(1)@192.168.1.5:35547
I0514 20:44:19.469287  2705 slave.cpp:5545] Handling status update TASK_STARTING (Status UUID: 6e72684a-02bb-4844-808a-771372c5d74d) for task httpd.f49851be-76b2-11e9-b542-1e8823abc24a of framework 83697b4b-b81d-4fae-b5d2-f84275ced44b-0000 from executor(1)@192.168.1.5:35547
I0514 20:44:19.469952  2709 task_status_update_manager.cpp:328] Received task status update TASK_STARTING (Status UUID: 6e72684a-02bb-4844-808a-771372c5d74d) for task httpd.f49851be-76b2-11e9-b542-1e8823abc24a of framework 83697b4b-b81d-4fae-b5d2-f84275ced44b-0000
I0514 20:44:19.470504  2709 task_status_update_manager.cpp:842] Checkpointing UPDATE for task status update TASK_STARTING (Status UUID: 6e72684a-02bb-4844-808a-771372c5d74d) for task httpd.f49851be-76b2-11e9-b542-1e8823abc24a of framework 83697b4b-b81d-4fae-b5d2-f84275ced44b-0000
I0514 20:44:19.470933  2707 slave.cpp:6037] Forwarding the update TASK_STARTING (Status UUID: 6e72684a-02bb-4844-808a-771372c5d74d) for task httpd.f49851be-76b2-11e9-b542-1e8823abc24a of framework 83697b4b-b81d-4fae-b5d2-f84275ced44b-0000 to master@127.0.0.1:5050
I0514 20:44:19.471586  2707 slave.cpp:5946] Sending acknowledgement for status update TASK_STARTING (Status UUID: 6e72684a-02bb-4844-808a-771372c5d74d) for task httpd.f49851be-76b2-11e9-b542-1e8823abc24a of framework 83697b4b-b81d-4fae-b5d2-f84275ced44b-0000 to executor(1)@192.168.1.5:35547
I0514 20:44:19.507573  2701 task_status_update_manager.cpp:401] Received task status update acknowledgement (UUID: 6e72684a-02bb-4844-808a-771372c5d74d) for task httpd.f49851be-76b2-11e9-b542-1e8823abc24a of framework 83697b4b-b81d-4fae-b5d2-f84275ced44b-0000
I0514 20:44:19.507711  2701 task_status_update_manager.cpp:842] Checkpointing ACK for task status update TASK_STARTING (Status UUID: 6e72684a-02bb-4844-808a-771372c5d74d) for task httpd.f49851be-76b2-11e9-b542-1e8823abc24a of framework 83697b4b-b81d-4fae-b5d2-f84275ced44b-0000
I0514 20:44:24.556270  2705 slave.cpp:5545] Handling status update TASK_FAILED (Status UUID: 27f843bc-07f2-49f5-8fc6-cc1ccbbea635) for task httpd.f49851be-76b2-11e9-b542-1e8823abc24a of framework 83697b4b-b81d-4fae-b5d2-f84275ced44b-0000 from executor(1)@192.168.1.5:35547
E0514 20:44:24.721156  2707 slave.cpp:5876] Failed to update resources for container abd07293-1b10-4528-967f-02a11e18df7e of executor 'httpd.f49851be-76b2-11e9-b542-1e8823abc24a' running task httpd.f49851be-76b2-11e9-b542-1e8823abc24a on status update for terminal task, destroying container: Failed to run 'docker -H unix:///var/run/docker.sock inspect --type=container mesos-abd07293-1b10-4528-967f-02a11e18df7e': exited with status 1; stderr='Error: No such container: mesos-abd07293-1b10-4528-967f-02a11e18df7e
'
I0514 20:44:24.721698  2703 docker.cpp:2328] Destroying container abd07293-1b10-4528-967f-02a11e18df7e in RUNNING state
I0514 20:44:24.721745  2703 docker.cpp:2333] Sending SIGTERM to executor with pid: 4264
I0514 20:44:24.721761  2709 task_status_update_manager.cpp:328] Received task status update TASK_FAILED (Status UUID: 27f843bc-07f2-49f5-8fc6-cc1ccbbea635) for task httpd.f49851be-76b2-11e9-b542-1e8823abc24a of framework 83697b4b-b81d-4fae-b5d2-f84275ced44b-0000
I0514 20:44:24.721923  2709 task_status_update_manager.cpp:842] Checkpointing UPDATE for task status update TASK_FAILED (Status UUID: 27f843bc-07f2-49f5-8fc6-cc1ccbbea635) for task httpd.f49851be-76b2-11e9-b542-1e8823abc24a of framework 83697b4b-b81d-4fae-b5d2-f84275ced44b-0000
I0514 20:44:24.722625  2705 slave.cpp:6037] Forwarding the update TASK_FAILED (Status UUID: 27f843bc-07f2-49f5-8fc6-cc1ccbbea635) for task httpd.f49851be-76b2-11e9-b542-1e8823abc24a of framework 83697b4b-b81d-4fae-b5d2-f84275ced44b-0000 to master@127.0.0.1:5050
I0514 20:44:24.723873  2705 slave.cpp:5946] Sending acknowledgement for status update TASK_FAILED (Status UUID: 27f843bc-07f2-49f5-8fc6-cc1ccbbea635) for task httpd.f49851be-76b2-11e9-b542-1e8823abc24a of framework 83697b4b-b81d-4fae-b5d2-f84275ced44b-0000 to executor(1)@192.168.1.5:35547
I0514 20:44:24.748687  2703 docker.cpp:2378] Running docker stop on container abd07293-1b10-4528-967f-02a11e18df7e
I0514 20:44:24.752302  2707 slave.cpp:6217] Got exited event for executor(1)@192.168.1.5:35547
I0514 20:44:24.757557  2711 task_status_update_manager.cpp:401] Received task status update acknowledgement (UUID: 27f843bc-07f2-49f5-8fc6-cc1ccbbea635) for task httpd.f49851be-76b2-11e9-b542-1e8823abc24a of framework 83697b4b-b81d-4fae-b5d2-f84275ced44b-0000
I0514 20:44:24.757683  2711 task_status_update_manager.cpp:842] Checkpointing ACK for task status update TASK_FAILED (Status UUID: 27f843bc-07f2-49f5-8fc6-cc1ccbbea635) for task httpd.f49851be-76b2-11e9-b542-1e8823abc24a of framework 83697b4b-b81d-4fae-b5d2-f84275ced44b-0000
I0514 20:44:24.758512  2703 gc.cpp:95] Scheduling '/var/lib/mesos/agent/meta/slaves/c8e59b09-da78-48e6-bdd2-9c3396b857b8-S0/frameworks/83697b4b-b81d-4fae-b5d2-f84275ced44b-0000/executors/httpd.f49851be-76b2-11e9-b542-1e8823abc24a/runs/abd07293-1b10-4528-967f-02a11e18df7e/tasks/httpd.f49851be-76b2-11e9-b542-1e8823abc24a' for gc 6.99993335136593days in the future
I0514 20:44:24.821601  2707 docker.cpp:2557] Executor for container abd07293-1b10-4528-967f-02a11e18df7e has exited
I0514 20:44:24.925801  2703 slave.cpp:6613] Executor 'httpd.f49851be-76b2-11e9-b542-1e8823abc24a' of framework 83697b4b-b81d-4fae-b5d2-f84275ced44b-0000 terminated with signal Terminated
I0514 20:44:24.925906  2703 slave.cpp:6711] Cleaning up executor 'httpd.f49851be-76b2-11e9-b542-1e8823abc24a' of framework 83697b4b-b81d-4fae-b5d2-f84275ced44b-0000 at executor(1)@192.168.1.5:35547
I0514 20:44:24.926208  2707 gc.cpp:95] Scheduling '/var/lib/mesos/agent/slaves/c8e59b09-da78-48e6-bdd2-9c3396b857b8-S0/frameworks/83697b4b-b81d-4fae-b5d2-f84275ced44b-0000/executors/httpd.f49851be-76b2-11e9-b542-1e8823abc24a/runs/abd07293-1b10-4528-967f-02a11e18df7e' for gc 6.99998928136593days in the future
I0514 20:44:24.926512  2705 gc.cpp:95] Scheduling '/var/lib/mesos/agent/slaves/c8e59b09-da78-48e6-bdd2-9c3396b857b8-S0/frameworks/83697b4b-b81d-4fae-b5d2-f84275ced44b-0000/executors/httpd.f49851be-76b2-11e9-b542-1e8823abc24a' for gc 6.99998927769481days in the future
I0514 20:44:24.926630  2705 gc.cpp:95] Scheduling '/var/lib/mesos/agent/meta/slaves/c8e59b09-da78-48e6-bdd2-9c3396b857b8-S0/frameworks/83697b4b-b81d-4fae-b5d2-f84275ced44b-0000/executors/httpd.f49851be-76b2-11e9-b542-1e8823abc24a/runs/abd07293-1b10-4528-967f-02a11e18df7e' for gc 6.99998927645926days in the future
I0514 20:44:24.926717  2705 gc.cpp:95] Scheduling '/var/lib/mesos/agent/meta/slaves/c8e59b09-da78-48e6-bdd2-9c3396b857b8-S0/frameworks/83697b4b-b81d-4fae-b5d2-f84275ced44b-0000/executors/httpd.f49851be-76b2-11e9-b542-1e8823abc24a' for gc 6.99998927578667days in the future
I0514 20:44:24.926805  2703 slave.cpp:6840] Cleaning up framework 83697b4b-b81d-4fae-b5d2-f84275ced44b-0000
I0514 20:44:24.926926  2699 task_status_update_manager.cpp:289] Closing task status update streams for framework 83697b4b-b81d-4fae-b5d2-f84275ced44b-0000
I0514 20:44:24.927002  2709 gc.cpp:95] Scheduling '/var/lib/mesos/agent/slaves/c8e59b09-da78-48e6-bdd2-9c3396b857b8-S0/frameworks/83697b4b-b81d-4fae-b5d2-f84275ced44b-0000' for gc 6.99998927196741days in the future
I0514 20:44:24.927109  2709 gc.cpp:95] Scheduling '/var/lib/mesos/agent/meta/slaves/c8e59b09-da78-48e6-bdd2-9c3396b857b8-S0/frameworks/83697b4b-b81d-4fae-b5d2-f84275ced44b-0000' for gc 6.99998927125926days in the future
I0514 20:44:26.936303  2705 http.cpp:1105] HTTP GET for /slave(1)/state?jsonp=angular.callbacks._2 from 192.168.1.5:34154 with User-Agent='Mozilla/5.0 (X11; Ubuntu; Linux x86_64; rv:66.0) Gecko/20100101 Firefox/66.0'
I0514 20:44:27.046202  2705 http.cpp:1122] HTTP GET for /slave(1)/state?jsonp=angular.callbacks._2 from 192.168.1.5:34154: '200 OK' after 114.696ms
I0514 20:44:27.221534  2709 http.cpp:1105] HTTP GET for /files/browse?path=%2Fvar%2Flib%2Fmesos%2Fagent%2Fslaves%2Fc8e59b09-da78-48e6-bdd2-9c3396b857b8-S0%2Fframeworks%2F83697b4b-b81d-4fae-b5d2-f84275ced44b-0000%2Fexecutors%2Fhttpd.ee9c563d-76b2-11e9-b542-1e8823abc24a%2Fruns%2F31de5b35-f59f-4b70-be51-b4d46d6b981d&jsonp=angular.callbacks._3 from 192.168.1.5:34154 with User-Agent='Mozilla/5.0 (X11; Ubuntu; Linux x86_64; rv:66.0) Gecko/20100101 Firefox/66.0'
I0514 20:44:27.458818  2703 http.cpp:1105] HTTP GET for /files/browse?path=%2Fvar%2Flib%2Fmesos%2Fagent%2Fslaves%2Fc8e59b09-da78-48e6-bdd2-9c3396b857b8-S0%2Fframeworks%2F83697b4b-b81d-4fae-b5d2-f84275ced44b-0000%2Fexecutors%2Fhttpd.ee9c563d-76b2-11e9-b542-1e8823abc24a%2Fruns%2F31de5b35-f59f-4b70-be51-b4d46d6b981d&jsonp=angular.callbacks._6 from 192.168.1.5:34154 with User-Agent='Mozilla/5.0 (X11; Ubuntu; Linux x86_64; rv:66.0) Gecko/20100101 Firefox/66.0'
I0514 20:44:29.254524  2699 slave.cpp:2037] Got assigned task 'httpd.fa949b5f-76b2-11e9-b542-1e8823abc24a' for framework 83697b4b-b81d-4fae-b5d2-f84275ced44b-0000
I0514 20:44:29.254746  2700 gc.cpp:129] Unscheduling '/var/lib/mesos/agent/slaves/c8e59b09-da78-48e6-bdd2-9c3396b857b8-S0/frameworks/83697b4b-b81d-4fae-b5d2-f84275ced44b-0000' from gc
I0514 20:44:29.254931  2700 gc.cpp:129] Unscheduling '/var/lib/mesos/agent/meta/slaves/c8e59b09-da78-48e6-bdd2-9c3396b857b8-S0/frameworks/83697b4b-b81d-4fae-b5d2-f84275ced44b-0000' from gc
I0514 20:44:29.256613  2699 slave.cpp:2411] Authorizing task 'httpd.fa949b5f-76b2-11e9-b542-1e8823abc24a' for framework 83697b4b-b81d-4fae-b5d2-f84275ced44b-0000
I0514 20:44:29.258337  2699 slave.cpp:2854] Launching task 'httpd.fa949b5f-76b2-11e9-b542-1e8823abc24a' for framework 83697b4b-b81d-4fae-b5d2-f84275ced44b-0000
I0514 20:44:29.258396  2699 paths.cpp:801] Creating sandbox '/var/lib/mesos/agent/slaves/c8e59b09-da78-48e6-bdd2-9c3396b857b8-S0/frameworks/83697b4b-b81d-4fae-b5d2-f84275ced44b-0000/executors/httpd.fa949b5f-76b2-11e9-b542-1e8823abc24a/runs/5aff36ac-86d2-41d8-b95a-a5480877d751' for user 'root'
I0514 20:44:29.259025  2699 paths.cpp:804] Creating sandbox '/var/lib/mesos/agent/meta/slaves/c8e59b09-da78-48e6-bdd2-9c3396b857b8-S0/frameworks/83697b4b-b81d-4fae-b5d2-f84275ced44b-0000/executors/httpd.fa949b5f-76b2-11e9-b542-1e8823abc24a/runs/5aff36ac-86d2-41d8-b95a-a5480877d751'
I0514 20:44:29.259135  2699 slave.cpp:9695] Launching executor 'httpd.fa949b5f-76b2-11e9-b542-1e8823abc24a' of framework 83697b4b-b81d-4fae-b5d2-f84275ced44b-0000 with resources [{"allocation_info":{"role":"*"},"name":"cpus","scalar":{"value":0.1},"type":"SCALAR"},{"allocation_info":{"role":"*"},"name":"mem","scalar":{"value":32.0},"type":"SCALAR"}] in work directory '/var/lib/mesos/agent/slaves/c8e59b09-da78-48e6-bdd2-9c3396b857b8-S0/frameworks/83697b4b-b81d-4fae-b5d2-f84275ced44b-0000/executors/httpd.fa949b5f-76b2-11e9-b542-1e8823abc24a/runs/5aff36ac-86d2-41d8-b95a-a5480877d751'
I0514 20:44:29.260501  2699 slave.cpp:3080] Queued task 'httpd.fa949b5f-76b2-11e9-b542-1e8823abc24a' for executor 'httpd.fa949b5f-76b2-11e9-b542-1e8823abc24a' of framework 83697b4b-b81d-4fae-b5d2-f84275ced44b-0000
I0514 20:44:29.260977  2699 slave.cpp:3528] Launching container 5aff36ac-86d2-41d8-b95a-a5480877d751 for executor 'httpd.fa949b5f-76b2-11e9-b542-1e8823abc24a' of framework 83697b4b-b81d-4fae-b5d2-f84275ced44b-0000
I0514 20:44:29.261698  2703 docker.cpp:1183] Starting container '5aff36ac-86d2-41d8-b95a-a5480877d751' for task 'httpd.fa949b5f-76b2-11e9-b542-1e8823abc24a' (and executor 'httpd.fa949b5f-76b2-11e9-b542-1e8823abc24a') of framework 83697b4b-b81d-4fae-b5d2-f84275ced44b-0000
I0514 20:44:29.365931  2699 docker.cpp:783] Checkpointing pid 4392 to '/var/lib/mesos/agent/meta/slaves/c8e59b09-da78-48e6-bdd2-9c3396b857b8-S0/frameworks/83697b4b-b81d-4fae-b5d2-f84275ced44b-0000/executors/httpd.fa949b5f-76b2-11e9-b542-1e8823abc24a/runs/5aff36ac-86d2-41d8-b95a-a5480877d751/pids/forked.pid'
I0514 20:44:29.366267  2699 systemd.cpp:98] Assigned child process '4392' to 'mesos_executors.slice'
I0514 20:44:29.454046  2700 slave.cpp:5074] Got registration for executor 'httpd.fa949b5f-76b2-11e9-b542-1e8823abc24a' of framework 83697b4b-b81d-4fae-b5d2-f84275ced44b-0000 from executor(1)@192.168.1.5:42183
I0514 20:44:29.456193  2699 docker.cpp:1691] Ignoring updating container 5aff36ac-86d2-41d8-b95a-a5480877d751 because resources passed to update are identical to existing resources
I0514 20:44:29.456640  2711 slave.cpp:3298] Sending queued task 'httpd.fa949b5f-76b2-11e9-b542-1e8823abc24a' to executor 'httpd.fa949b5f-76b2-11e9-b542-1e8823abc24a' of framework 83697b4b-b81d-4fae-b5d2-f84275ced44b-0000 at executor(1)@192.168.1.5:42183
I0514 20:44:29.465015  2703 slave.cpp:5545] Handling status update TASK_STARTING (Status UUID: e20a07d6-7372-4193-9a05-6d73da3c1f97) for task httpd.fa949b5f-76b2-11e9-b542-1e8823abc24a of framework 83697b4b-b81d-4fae-b5d2-f84275ced44b-0000 from executor(1)@192.168.1.5:42183
I0514 20:44:29.465852  2699 task_status_update_manager.cpp:328] Received task status update TASK_STARTING (Status UUID: e20a07d6-7372-4193-9a05-6d73da3c1f97) for task httpd.fa949b5f-76b2-11e9-b542-1e8823abc24a of framework 83697b4b-b81d-4fae-b5d2-f84275ced44b-0000
I0514 20:44:29.466274  2699 task_status_update_manager.cpp:842] Checkpointing UPDATE for task status update TASK_STARTING (Status UUID: e20a07d6-7372-4193-9a05-6d73da3c1f97) for task httpd.fa949b5f-76b2-11e9-b542-1e8823abc24a of framework 83697b4b-b81d-4fae-b5d2-f84275ced44b-0000
I0514 20:44:29.466572  2711 slave.cpp:6037] Forwarding the update TASK_STARTING (Status UUID: e20a07d6-7372-4193-9a05-6d73da3c1f97) for task httpd.fa949b5f-76b2-11e9-b542-1e8823abc24a of framework 83697b4b-b81d-4fae-b5d2-f84275ced44b-0000 to master@127.0.0.1:5050
I0514 20:44:29.467151  2711 slave.cpp:5946] Sending acknowledgement for status update TASK_STARTING (Status UUID: e20a07d6-7372-4193-9a05-6d73da3c1f97) for task httpd.fa949b5f-76b2-11e9-b542-1e8823abc24a of framework 83697b4b-b81d-4fae-b5d2-f84275ced44b-0000 to executor(1)@192.168.1.5:42183
I0514 20:44:29.506042  2700 task_status_update_manager.cpp:401] Received task status update acknowledgement (UUID: e20a07d6-7372-4193-9a05-6d73da3c1f97) for task httpd.fa949b5f-76b2-11e9-b542-1e8823abc24a of framework 83697b4b-b81d-4fae-b5d2-f84275ced44b-0000
I0514 20:44:29.506170  2700 task_status_update_manager.cpp:842] Checkpointing ACK for task status update TASK_STARTING (Status UUID: e20a07d6-7372-4193-9a05-6d73da3c1f97) for task httpd.fa949b5f-76b2-11e9-b542-1e8823abc24a of framework 83697b4b-b81d-4fae-b5d2-f84275ced44b-0000
I0514 20:44:30.201561  2700 http.cpp:1105] HTTP GET for /files/read?_=1557884670171&jsonp=jQuery32104932240860999033_1557884670170&length=-1&path=%2Fvar%2Flib%2Fmesos%2Fagent%2Fslaves%2Fc8e59b09-da78-48e6-bdd2-9c3396b857b8-S0%2Fframeworks%2F83697b4b-b81d-4fae-b5d2-f84275ced44b-0000%2Fexecutors%2Fhttpd.ee9c563d-76b2-11e9-b542-1e8823abc24a%2Fruns%2F31de5b35-f59f-4b70-be51-b4d46d6b981d%2Fstderr&offset=-1 from 192.168.1.5:34154 with User-Agent='Mozilla/5.0 (X11; Ubuntu; Linux x86_64; rv:66.0) Gecko/20100101 Firefox/66.0'
I0514 20:44:30.216174  2701 http.cpp:1105] HTTP GET for /files/read?_=1557884670172&jsonp=jQuery32104932240860999033_1557884670170&length=50000&path=%2Fvar%2Flib%2Fmesos%2Fagent%2Fslaves%2Fc8e59b09-da78-48e6-bdd2-9c3396b857b8-S0%2Fframeworks%2F83697b4b-b81d-4fae-b5d2-f84275ced44b-0000%2Fexecutors%2Fhttpd.ee9c563d-76b2-11e9-b542-1e8823abc24a%2Fruns%2F31de5b35-f59f-4b70-be51-b4d46d6b981d%2Fstderr&offset=0 from 192.168.1.5:34154 with User-Agent='Mozilla/5.0 (X11; Ubuntu; Linux x86_64; rv:66.0) Gecko/20100101 Firefox/66.0'
I0514 20:44:31.228921  2707 http.cpp:1105] HTTP GET for /files/read?_=1557884670173&jsonp=jQuery32104932240860999033_1557884670170&length=50000&path=%2Fvar%2Flib%2Fmesos%2Fagent%2Fslaves%2Fc8e59b09-da78-48e6-bdd2-9c3396b857b8-S0%2Fframeworks%2F83697b4b-b81d-4fae-b5d2-f84275ced44b-0000%2Fexecutors%2Fhttpd.ee9c563d-76b2-11e9-b542-1e8823abc24a%2Fruns%2F31de5b35-f59f-4b70-be51-b4d46d6b981d%2Fstderr&offset=818 from 192.168.1.5:34154 with User-Agent='Mozilla/5.0 (X11; Ubuntu; Linux x86_64; rv:66.0) Gecko/20100101 Firefox/66.0'
I0514 20:44:32.243904  2709 http.cpp:1105] HTTP GET for /files/read?_=1557884670174&jsonp=jQuery32104932240860999033_1557884670170&length=50000&path=%2Fvar%2Flib%2Fmesos%2Fagent%2Fslaves%2Fc8e59b09-da78-48e6-bdd2-9c3396b857b8-S0%2Fframeworks%2F83697b4b-b81d-4fae-b5d2-f84275ced44b-0000%2Fexecutors%2Fhttpd.ee9c563d-76b2-11e9-b542-1e8823abc24a%2Fruns%2F31de5b35-f59f-4b70-be51-b4d46d6b981d%2Fstderr&offset=818 from 192.168.1.5:34154 with User-Agent='Mozilla/5.0 (X11; Ubuntu; Linux x86_64; rv:66.0) Gecko/20100101 Firefox/66.0'
I0514 20:44:33.256955  2701 http.cpp:1105] HTTP GET for /files/read?_=1557884670175&jsonp=jQuery32104932240860999033_1557884670170&length=50000&path=%2Fvar%2Flib%2Fmesos%2Fagent%2Fslaves%2Fc8e59b09-da78-48e6-bdd2-9c3396b857b8-S0%2Fframeworks%2F83697b4b-b81d-4fae-b5d2-f84275ced44b-0000%2Fexecutors%2Fhttpd.ee9c563d-76b2-11e9-b542-1e8823abc24a%2Fruns%2F31de5b35-f59f-4b70-be51-b4d46d6b981d%2Fstderr&offset=818 from 192.168.1.5:34154 with User-Agent='Mozilla/5.0 (X11; Ubuntu; Linux x86_64; rv:66.0) Gecko/20100101 Firefox/66.0'
I0514 20:44:34.272758  2707 http.cpp:1105] HTTP GET for /files/read?_=1557884670176&jsonp=jQuery32104932240860999033_1557884670170&length=50000&path=%2Fvar%2Flib%2Fmesos%2Fagent%2Fslaves%2Fc8e59b09-da78-48e6-bdd2-9c3396b857b8-S0%2Fframeworks%2F83697b4b-b81d-4fae-b5d2-f84275ced44b-0000%2Fexecutors%2Fhttpd.ee9c563d-76b2-11e9-b542-1e8823abc24a%2Fruns%2F31de5b35-f59f-4b70-be51-b4d46d6b981d%2Fstderr&offset=818 from 192.168.1.5:34154 with User-Agent='Mozilla/5.0 (X11; Ubuntu; Linux x86_64; rv:66.0) Gecko/20100101 Firefox/66.0'
I0514 20:44:34.554433  2701 slave.cpp:5545] Handling status update TASK_FAILED (Status UUID: f8049960-fb1b-4a6b-a42c-af08482aa552) for task httpd.fa949b5f-76b2-11e9-b542-1e8823abc24a of framework 83697b4b-b81d-4fae-b5d2-f84275ced44b-0000 from executor(1)@192.168.1.5:42183
E0514 20:44:34.715016  2703 slave.cpp:5876] Failed to update resources for container 5aff36ac-86d2-41d8-b95a-a5480877d751 of executor 'httpd.fa949b5f-76b2-11e9-b542-1e8823abc24a' running task httpd.fa949b5f-76b2-11e9-b542-1e8823abc24a on status update for terminal task, destroying container: Failed to run 'docker -H unix:///var/run/docker.sock inspect --type=container mesos-5aff36ac-86d2-41d8-b95a-a5480877d751': exited with status 1; stderr='Error: No such container: mesos-5aff36ac-86d2-41d8-b95a-a5480877d751
'
I0514 20:44:34.715585  2705 docker.cpp:2328] Destroying container 5aff36ac-86d2-41d8-b95a-a5480877d751 in RUNNING state
I0514 20:44:34.715626  2705 docker.cpp:2333] Sending SIGTERM to executor with pid: 4392
I0514 20:44:34.715605  2700 task_status_update_manager.cpp:328] Received task status update TASK_FAILED (Status UUID: f8049960-fb1b-4a6b-a42c-af08482aa552) for task httpd.fa949b5f-76b2-11e9-b542-1e8823abc24a of framework 83697b4b-b81d-4fae-b5d2-f84275ced44b-0000
I0514 20:44:34.715770  2700 task_status_update_manager.cpp:842] Checkpointing UPDATE for task status update TASK_FAILED (Status UUID: f8049960-fb1b-4a6b-a42c-af08482aa552) for task httpd.fa949b5f-76b2-11e9-b542-1e8823abc24a of framework 83697b4b-b81d-4fae-b5d2-f84275ced44b-0000
I0514 20:44:34.716347  2699 slave.cpp:6037] Forwarding the update TASK_FAILED (Status UUID: f8049960-fb1b-4a6b-a42c-af08482aa552) for task httpd.fa949b5f-76b2-11e9-b542-1e8823abc24a of framework 83697b4b-b81d-4fae-b5d2-f84275ced44b-0000 to master@127.0.0.1:5050
I0514 20:44:34.717520  2699 slave.cpp:5946] Sending acknowledgement for status update TASK_FAILED (Status UUID: f8049960-fb1b-4a6b-a42c-af08482aa552) for task httpd.fa949b5f-76b2-11e9-b542-1e8823abc24a of framework 83697b4b-b81d-4fae-b5d2-f84275ced44b-0000 to executor(1)@192.168.1.5:42183
I0514 20:44:34.740986  2705 docker.cpp:2378] Running docker stop on container 5aff36ac-86d2-41d8-b95a-a5480877d751
I0514 20:44:34.745549  2703 slave.cpp:6217] Got exited event for executor(1)@192.168.1.5:42183
I0514 20:44:34.755079  2711 task_status_update_manager.cpp:401] Received task status update acknowledgement (UUID: f8049960-fb1b-4a6b-a42c-af08482aa552) for task httpd.fa949b5f-76b2-11e9-b542-1e8823abc24a of framework 83697b4b-b81d-4fae-b5d2-f84275ced44b-0000
I0514 20:44:34.755223  2711 task_status_update_manager.cpp:842] Checkpointing ACK for task status update TASK_FAILED (Status UUID: f8049960-fb1b-4a6b-a42c-af08482aa552) for task httpd.fa949b5f-76b2-11e9-b542-1e8823abc24a of framework 83697b4b-b81d-4fae-b5d2-f84275ced44b-0000
I0514 20:44:34.755949  2705 gc.cpp:95] Scheduling '/var/lib/mesos/agent/meta/slaves/c8e59b09-da78-48e6-bdd2-9c3396b857b8-S0/frameworks/83697b4b-b81d-4fae-b5d2-f84275ced44b-0000/executors/httpd.fa949b5f-76b2-11e9-b542-1e8823abc24a/runs/5aff36ac-86d2-41d8-b95a-a5480877d751/tasks/httpd.fa949b5f-76b2-11e9-b542-1e8823abc24a' for gc 6.99993338104296days in the future
I0514 20:44:34.814914  2700 docker.cpp:2557] Executor for container 5aff36ac-86d2-41d8-b95a-a5480877d751 has exited
I0514 20:44:34.920063  2705 slave.cpp:6613] Executor 'httpd.fa949b5f-76b2-11e9-b542-1e8823abc24a' of framework 83697b4b-b81d-4fae-b5d2-f84275ced44b-0000 terminated with signal Terminated
I0514 20:44:34.920208  2705 slave.cpp:6711] Cleaning up executor 'httpd.fa949b5f-76b2-11e9-b542-1e8823abc24a' of framework 83697b4b-b81d-4fae-b5d2-f84275ced44b-0000 at executor(1)@192.168.1.5:42183
I0514 20:44:34.920655  2703 gc.cpp:95] Scheduling '/var/lib/mesos/agent/slaves/c8e59b09-da78-48e6-bdd2-9c3396b857b8-S0/frameworks/83697b4b-b81d-4fae-b5d2-f84275ced44b-0000/executors/httpd.fa949b5f-76b2-11e9-b542-1e8823abc24a/runs/5aff36ac-86d2-41d8-b95a-a5480877d751' for gc 6.99998934603259days in the future
I0514 20:44:34.921102  2699 gc.cpp:95] Scheduling '/var/lib/mesos/agent/slaves/c8e59b09-da78-48e6-bdd2-9c3396b857b8-S0/frameworks/83697b4b-b81d-4fae-b5d2-f84275ced44b-0000/executors/httpd.fa949b5f-76b2-11e9-b542-1e8823abc24a' for gc 6.99998934076444days in the future
I0514 20:44:34.921241  2699 gc.cpp:95] Scheduling '/var/lib/mesos/agent/meta/slaves/c8e59b09-da78-48e6-bdd2-9c3396b857b8-S0/frameworks/83697b4b-b81d-4fae-b5d2-f84275ced44b-0000/executors/httpd.fa949b5f-76b2-11e9-b542-1e8823abc24a/runs/5aff36ac-86d2-41d8-b95a-a5480877d751' for gc 6.99998933925926days in the future
I0514 20:44:34.921346  2699 gc.cpp:95] Scheduling '/var/lib/mesos/agent/meta/slaves/c8e59b09-da78-48e6-bdd2-9c3396b857b8-S0/frameworks/83697b4b-b81d-4fae-b5d2-f84275ced44b-0000/executors/httpd.fa949b5f-76b2-11e9-b542-1e8823abc24a' for gc 6.99998933843852days in the future
I0514 20:44:34.921411  2705 slave.cpp:6840] Cleaning up framework 83697b4b-b81d-4fae-b5d2-f84275ced44b-0000
I0514 20:44:34.921581  2707 task_status_update_manager.cpp:289] Closing task status update streams for framework 83697b4b-b81d-4fae-b5d2-f84275ced44b-0000
I0514 20:44:34.921627  2700 gc.cpp:95] Scheduling '/var/lib/mesos/agent/slaves/c8e59b09-da78-48e6-bdd2-9c3396b857b8-S0/frameworks/83697b4b-b81d-4fae-b5d2-f84275ced44b-0000' for gc 6.99998933415407days in the future
I0514 20:44:34.921777  2700 gc.cpp:95] Scheduling '/var/lib/mesos/agent/meta/slaves/c8e59b09-da78-48e6-bdd2-9c3396b857b8-S0/frameworks/83697b4b-b81d-4fae-b5d2-f84275ced44b-0000' for gc 6.99998933332148days in the future
I0514 20:44:35.290508  2711 http.cpp:1105] HTTP GET for /files/read?_=1557884670177&jsonp=jQuery32104932240860999033_1557884670170&length=50000&path=%2Fvar%2Flib%2Fmesos%2Fagent%2Fslaves%2Fc8e59b09-da78-48e6-bdd2-9c3396b857b8-S0%2Fframeworks%2F83697b4b-b81d-4fae-b5d2-f84275ced44b-0000%2Fexecutors%2Fhttpd.ee9c563d-76b2-11e9-b542-1e8823abc24a%2Fruns%2F31de5b35-f59f-4b70-be51-b4d46d6b981d%2Fstderr&offset=818 from 192.168.1.5:34154 with User-Agent='Mozilla/5.0 (X11; Ubuntu; Linux x86_64; rv:66.0) Gecko/20100101 Firefox/66.0'
I0514 20:44:36.306351  2707 http.cpp:1105] HTTP GET for /files/read?_=1557884670178&jsonp=jQuery32104932240860999033_1557884670170&length=50000&path=%2Fvar%2Flib%2Fmesos%2Fagent%2Fslaves%2Fc8e59b09-da78-48e6-bdd2-9c3396b857b8-S0%2Fframeworks%2F83697b4b-b81d-4fae-b5d2-f84275ced44b-0000%2Fexecutors%2Fhttpd.ee9c563d-76b2-11e9-b542-1e8823abc24a%2Fruns%2F31de5b35-f59f-4b70-be51-b4d46d6b981d%2Fstderr&offset=818 from 192.168.1.5:34154 with User-Agent='Mozilla/5.0 (X11; Ubuntu; Linux x86_64; rv:66.0) Gecko/20100101 Firefox/66.0'
I0514 20:44:37.495518  2701 http.cpp:1105] HTTP GET for /files/browse?path=%2Fvar%2Flib%2Fmesos%2Fagent%2Fslaves%2Fc8e59b09-da78-48e6-bdd2-9c3396b857b8-S0%2Fframeworks%2F83697b4b-b81d-4fae-b5d2-f84275ced44b-0000%2Fexecutors%2Fhttpd.ee9c563d-76b2-11e9-b542-1e8823abc24a%2Fruns%2F31de5b35-f59f-4b70-be51-b4d46d6b981d&jsonp=angular.callbacks._9 from 192.168.1.5:34154 with User-Agent='Mozilla/5.0 (X11; Ubuntu; Linux x86_64; rv:66.0) Gecko/20100101 Firefox/66.0'
I0514 20:44:39.321146  2703 slave.cpp:2037] Got assigned task 'httpd.0090e500-76b3-11e9-b542-1e8823abc24a' for framework 83697b4b-b81d-4fae-b5d2-f84275ced44b-0000
I0514 20:44:39.321311  2711 gc.cpp:129] Unscheduling '/var/lib/mesos/agent/slaves/c8e59b09-da78-48e6-bdd2-9c3396b857b8-S0/frameworks/83697b4b-b81d-4fae-b5d2-f84275ced44b-0000' from gc
I0514 20:44:39.321488  2711 gc.cpp:129] Unscheduling '/var/lib/mesos/agent/meta/slaves/c8e59b09-da78-48e6-bdd2-9c3396b857b8-S0/frameworks/83697b4b-b81d-4fae-b5d2-f84275ced44b-0000' from gc
I0514 20:44:39.322981  2703 slave.cpp:2411] Authorizing task 'httpd.0090e500-76b3-11e9-b542-1e8823abc24a' for framework 83697b4b-b81d-4fae-b5d2-f84275ced44b-0000
I0514 20:44:39.324941  2703 slave.cpp:2854] Launching task 'httpd.0090e500-76b3-11e9-b542-1e8823abc24a' for framework 83697b4b-b81d-4fae-b5d2-f84275ced44b-0000
I0514 20:44:39.325969  2703 paths.cpp:801] Creating sandbox '/var/lib/mesos/agent/slaves/c8e59b09-da78-48e6-bdd2-9c3396b857b8-S0/frameworks/83697b4b-b81d-4fae-b5d2-f84275ced44b-0000/executors/httpd.0090e500-76b3-11e9-b542-1e8823abc24a/runs/fd0d763c-ffdc-4c23-8d5a-d28763ca3645' for user 'root'
I0514 20:44:39.326637  2703 paths.cpp:804] Creating sandbox '/var/lib/mesos/agent/meta/slaves/c8e59b09-da78-48e6-bdd2-9c3396b857b8-S0/frameworks/83697b4b-b81d-4fae-b5d2-f84275ced44b-0000/executors/httpd.0090e500-76b3-11e9-b542-1e8823abc24a/runs/fd0d763c-ffdc-4c23-8d5a-d28763ca3645'
I0514 20:44:39.326784  2703 slave.cpp:9695] Launching executor 'httpd.0090e500-76b3-11e9-b542-1e8823abc24a' of framework 83697b4b-b81d-4fae-b5d2-f84275ced44b-0000 with resources [{"allocation_info":{"role":"*"},"name":"cpus","scalar":{"value":0.1},"type":"SCALAR"},{"allocation_info":{"role":"*"},"name":"mem","scalar":{"value":32.0},"type":"SCALAR"}] in work directory '/var/lib/mesos/agent/slaves/c8e59b09-da78-48e6-bdd2-9c3396b857b8-S0/frameworks/83697b4b-b81d-4fae-b5d2-f84275ced44b-0000/executors/httpd.0090e500-76b3-11e9-b542-1e8823abc24a/runs/fd0d763c-ffdc-4c23-8d5a-d28763ca3645'
I0514 20:44:39.328457  2703 slave.cpp:3080] Queued task 'httpd.0090e500-76b3-11e9-b542-1e8823abc24a' for executor 'httpd.0090e500-76b3-11e9-b542-1e8823abc24a' of framework 83697b4b-b81d-4fae-b5d2-f84275ced44b-0000
I0514 20:44:39.329105  2703 slave.cpp:3528] Launching container fd0d763c-ffdc-4c23-8d5a-d28763ca3645 for executor 'httpd.0090e500-76b3-11e9-b542-1e8823abc24a' of framework 83697b4b-b81d-4fae-b5d2-f84275ced44b-0000
I0514 20:44:39.329979  2699 docker.cpp:1183] Starting container 'fd0d763c-ffdc-4c23-8d5a-d28763ca3645' for task 'httpd.0090e500-76b3-11e9-b542-1e8823abc24a' (and executor 'httpd.0090e500-76b3-11e9-b542-1e8823abc24a') of framework 83697b4b-b81d-4fae-b5d2-f84275ced44b-0000
I0514 20:44:39.462440  2701 docker.cpp:783] Checkpointing pid 4518 to '/var/lib/mesos/agent/meta/slaves/c8e59b09-da78-48e6-bdd2-9c3396b857b8-S0/frameworks/83697b4b-b81d-4fae-b5d2-f84275ced44b-0000/executors/httpd.0090e500-76b3-11e9-b542-1e8823abc24a/runs/fd0d763c-ffdc-4c23-8d5a-d28763ca3645/pids/forked.pid'
I0514 20:44:39.462880  2701 systemd.cpp:98] Assigned child process '4518' to 'mesos_executors.slice'
I0514 20:44:39.557497  2703 slave.cpp:5074] Got registration for executor 'httpd.0090e500-76b3-11e9-b542-1e8823abc24a' of framework 83697b4b-b81d-4fae-b5d2-f84275ced44b-0000 from executor(1)@192.168.1.5:46429
I0514 20:44:39.559495  2705 docker.cpp:1691] Ignoring updating container fd0d763c-ffdc-4c23-8d5a-d28763ca3645 because resources passed to update are identical to existing resources
I0514 20:44:39.559978  2709 slave.cpp:3298] Sending queued task 'httpd.0090e500-76b3-11e9-b542-1e8823abc24a' to executor 'httpd.0090e500-76b3-11e9-b542-1e8823abc24a' of framework 83697b4b-b81d-4fae-b5d2-f84275ced44b-0000 at executor(1)@192.168.1.5:46429
I0514 20:44:39.567318  2711 slave.cpp:5545] Handling status update TASK_STARTING (Status UUID: 95607260-f386-4c2b-8d94-f7164887c8c9) for task httpd.0090e500-76b3-11e9-b542-1e8823abc24a of framework 83697b4b-b81d-4fae-b5d2-f84275ced44b-0000 from executor(1)@192.168.1.5:46429
I0514 20:44:39.568048  2699 task_status_update_manager.cpp:328] Received task status update TASK_STARTING (Status UUID: 95607260-f386-4c2b-8d94-f7164887c8c9) for task httpd.0090e500-76b3-11e9-b542-1e8823abc24a of framework 83697b4b-b81d-4fae-b5d2-f84275ced44b-0000
I0514 20:44:39.568511  2699 task_status_update_manager.cpp:842] Checkpointing UPDATE for task status update TASK_STARTING (Status UUID: 95607260-f386-4c2b-8d94-f7164887c8c9) for task httpd.0090e500-76b3-11e9-b542-1e8823abc24a of framework 83697b4b-b81d-4fae-b5d2-f84275ced44b-0000
I0514 20:44:39.568838  2705 slave.cpp:6037] Forwarding the update TASK_STARTING (Status UUID: 95607260-f386-4c2b-8d94-f7164887c8c9) for task httpd.0090e500-76b3-11e9-b542-1e8823abc24a of framework 83697b4b-b81d-4fae-b5d2-f84275ced44b-0000 to master@127.0.0.1:5050
I0514 20:44:39.569567  2705 slave.cpp:5946] Sending acknowledgement for status update TASK_STARTING (Status UUID: 95607260-f386-4c2b-8d94-f7164887c8c9) for task httpd.0090e500-76b3-11e9-b542-1e8823abc24a of framework 83697b4b-b81d-4fae-b5d2-f84275ced44b-0000 to executor(1)@192.168.1.5:46429
I0514 20:44:39.614861  2700 task_status_update_manager.cpp:401] Received task status update acknowledgement (UUID: 95607260-f386-4c2b-8d94-f7164887c8c9) for task httpd.0090e500-76b3-11e9-b542-1e8823abc24a of framework 83697b4b-b81d-4fae-b5d2-f84275ced44b-0000
I0514 20:44:39.615149  2700 task_status_update_manager.cpp:842] Checkpointing ACK for task status update TASK_STARTING (Status UUID: 95607260-f386-4c2b-8d94-f7164887c8c9) for task httpd.0090e500-76b3-11e9-b542-1e8823abc24a of framework 83697b4b-b81d-4fae-b5d2-f84275ced44b-0000
I0514 20:44:42.834777  2711 slave.cpp:7148] Current disk usage 28.29%. Max allowed age: 4.319445023220926days
I0514 20:44:44.659628  2709 slave.cpp:5545] Handling status update TASK_FAILED (Status UUID: 853d298e-446a-4cbc-a017-24427ac8a5df) for task httpd.0090e500-76b3-11e9-b542-1e8823abc24a of framework 83697b4b-b81d-4fae-b5d2-f84275ced44b-0000 from executor(1)@192.168.1.5:46429
E0514 20:44:44.809039  2703 slave.cpp:5876] Failed to update resources for container fd0d763c-ffdc-4c23-8d5a-d28763ca3645 of executor 'httpd.0090e500-76b3-11e9-b542-1e8823abc24a' running task httpd.0090e500-76b3-11e9-b542-1e8823abc24a on status update for terminal task, destroying container: Failed to run 'docker -H unix:///var/run/docker.sock inspect --type=container mesos-fd0d763c-ffdc-4c23-8d5a-d28763ca3645': exited with status 1; stderr='Error: No such container: mesos-fd0d763c-ffdc-4c23-8d5a-d28763ca3645
'
I0514 20:44:44.809618  2705 docker.cpp:2328] Destroying container fd0d763c-ffdc-4c23-8d5a-d28763ca3645 in RUNNING state
I0514 20:44:44.809660  2705 docker.cpp:2333] Sending SIGTERM to executor with pid: 4518
I0514 20:44:44.809677  2701 task_status_update_manager.cpp:328] Received task status update TASK_FAILED (Status UUID: 853d298e-446a-4cbc-a017-24427ac8a5df) for task httpd.0090e500-76b3-11e9-b542-1e8823abc24a of framework 83697b4b-b81d-4fae-b5d2-f84275ced44b-0000
I0514 20:44:44.809849  2701 task_status_update_manager.cpp:842] Checkpointing UPDATE for task status update TASK_FAILED (Status UUID: 853d298e-446a-4cbc-a017-24427ac8a5df) for task httpd.0090e500-76b3-11e9-b542-1e8823abc24a of framework 83697b4b-b81d-4fae-b5d2-f84275ced44b-0000
I0514 20:44:44.810431  2699 slave.cpp:6037] Forwarding the update TASK_FAILED (Status UUID: 853d298e-446a-4cbc-a017-24427ac8a5df) for task httpd.0090e500-76b3-11e9-b542-1e8823abc24a of framework 83697b4b-b81d-4fae-b5d2-f84275ced44b-0000 to master@127.0.0.1:5050
I0514 20:44:44.811739  2699 slave.cpp:5946] Sending acknowledgement for status update TASK_FAILED (Status UUID: 853d298e-446a-4cbc-a017-24427ac8a5df) for task httpd.0090e500-76b3-11e9-b542-1e8823abc24a of framework 83697b4b-b81d-4fae-b5d2-f84275ced44b-0000 to executor(1)@192.168.1.5:46429
I0514 20:44:44.836717  2705 docker.cpp:2378] Running docker stop on container fd0d763c-ffdc-4c23-8d5a-d28763ca3645
I0514 20:44:44.840615  2700 slave.cpp:6217] Got exited event for executor(1)@192.168.1.5:46429
I0514 20:44:44.846194  2709 task_status_update_manager.cpp:401] Received task status update acknowledgement (UUID: 853d298e-446a-4cbc-a017-24427ac8a5df) for task httpd.0090e500-76b3-11e9-b542-1e8823abc24a of framework 83697b4b-b81d-4fae-b5d2-f84275ced44b-0000
I0514 20:44:44.846362  2709 task_status_update_manager.cpp:842] Checkpointing ACK for task status update TASK_FAILED (Status UUID: 853d298e-446a-4cbc-a017-24427ac8a5df) for task httpd.0090e500-76b3-11e9-b542-1e8823abc24a of framework 83697b4b-b81d-4fae-b5d2-f84275ced44b-0000
I0514 20:44:44.847194  2705 gc.cpp:95] Scheduling '/var/lib/mesos/agent/meta/slaves/c8e59b09-da78-48e6-bdd2-9c3396b857b8-S0/frameworks/83697b4b-b81d-4fae-b5d2-f84275ced44b-0000/executors/httpd.0090e500-76b3-11e9-b542-1e8823abc24a/runs/fd0d763c-ffdc-4c23-8d5a-d28763ca3645/tasks/httpd.0090e500-76b3-11e9-b542-1e8823abc24a' for gc 6.99993232511407days in the future
I0514 20:44:44.909193  2707 docker.cpp:2557] Executor for container fd0d763c-ffdc-4c23-8d5a-d28763ca3645 has exited
I0514 20:44:45.015890  2705 slave.cpp:6613] Executor 'httpd.0090e500-76b3-11e9-b542-1e8823abc24a' of framework 83697b4b-b81d-4fae-b5d2-f84275ced44b-0000 terminated with signal Terminated
I0514 20:44:45.016041  2705 slave.cpp:6711] Cleaning up executor 'httpd.0090e500-76b3-11e9-b542-1e8823abc24a' of framework 83697b4b-b81d-4fae-b5d2-f84275ced44b-0000 at executor(1)@192.168.1.5:46429
I0514 20:44:45.016511  2703 gc.cpp:95] Scheduling '/var/lib/mesos/agent/slaves/c8e59b09-da78-48e6-bdd2-9c3396b857b8-S0/frameworks/83697b4b-b81d-4fae-b5d2-f84275ced44b-0000/executors/httpd.0090e500-76b3-11e9-b542-1e8823abc24a/runs/fd0d763c-ffdc-4c23-8d5a-d28763ca3645' for gc 6.99999981122667days in the future
I0514 20:44:45.016944  2701 gc.cpp:95] Scheduling '/var/lib/mesos/agent/slaves/c8e59b09-da78-48e6-bdd2-9c3396b857b8-S0/frameworks/83697b4b-b81d-4fae-b5d2-f84275ced44b-0000/executors/httpd.0090e500-76b3-11e9-b542-1e8823abc24a' for gc 6.99999980581037days in the future
I0514 20:44:45.017115  2701 gc.cpp:95] Scheduling '/var/lib/mesos/agent/meta/slaves/c8e59b09-da78-48e6-bdd2-9c3396b857b8-S0/frameworks/83697b4b-b81d-4fae-b5d2-f84275ced44b-0000/executors/httpd.0090e500-76b3-11e9-b542-1e8823abc24a/runs/fd0d763c-ffdc-4c23-8d5a-d28763ca3645' for gc 6.99999980395852days in the future
I0514 20:44:45.017246  2701 gc.cpp:95] Scheduling '/var/lib/mesos/agent/meta/slaves/c8e59b09-da78-48e6-bdd2-9c3396b857b8-S0/frameworks/83697b4b-b81d-4fae-b5d2-f84275ced44b-0000/executors/httpd.0090e500-76b3-11e9-b542-1e8823abc24a' for gc 6.99999980291556days in the future
I0514 20:44:45.017364  2705 slave.cpp:6840] Cleaning up framework 83697b4b-b81d-4fae-b5d2-f84275ced44b-0000
I0514 20:44:45.017565  2709 task_status_update_manager.cpp:289] Closing task status update streams for framework 83697b4b-b81d-4fae-b5d2-f84275ced44b-0000
I0514 20:44:45.017637  2707 gc.cpp:95] Scheduling '/var/lib/mesos/agent/slaves/c8e59b09-da78-48e6-bdd2-9c3396b857b8-S0/frameworks/83697b4b-b81d-4fae-b5d2-f84275ced44b-0000' for gc 6.99999979731259days in the future
I0514 20:44:45.017843  2707 gc.cpp:95] Scheduling '/var/lib/mesos/agent/meta/slaves/c8e59b09-da78-48e6-bdd2-9c3396b857b8-S0/frameworks/83697b4b-b81d-4fae-b5d2-f84275ced44b-0000' for gc 6.99999979622519days in the future
I0514 20:44:47.529808  2705 http.cpp:1105] HTTP GET for /files/browse?path=%2Fvar%2Flib%2Fmesos%2Fagent%2Fslaves%2Fc8e59b09-da78-48e6-bdd2-9c3396b857b8-S0%2Fframeworks%2F83697b4b-b81d-4fae-b5d2-f84275ced44b-0000%2Fexecutors%2Fhttpd.ee9c563d-76b2-11e9-b542-1e8823abc24a%2Fruns%2F31de5b35-f59f-4b70-be51-b4d46d6b981d&jsonp=angular.callbacks._b from 192.168.1.5:34154 with User-Agent='Mozilla/5.0 (X11; Ubuntu; Linux x86_64; rv:66.0) Gecko/20100101 Firefox/66.0'
I0514 20:44:49.324605  2701 slave.cpp:2037] Got assigned task 'httpd.068d55b1-76b3-11e9-b542-1e8823abc24a' for framework 83697b4b-b81d-4fae-b5d2-f84275ced44b-0000
I0514 20:44:49.324754  2709 gc.cpp:129] Unscheduling '/var/lib/mesos/agent/slaves/c8e59b09-da78-48e6-bdd2-9c3396b857b8-S0/frameworks/83697b4b-b81d-4fae-b5d2-f84275ced44b-0000' from gc
I0514 20:44:49.324911  2709 gc.cpp:129] Unscheduling '/var/lib/mesos/agent/meta/slaves/c8e59b09-da78-48e6-bdd2-9c3396b857b8-S0/frameworks/83697b4b-b81d-4fae-b5d2-f84275ced44b-0000' from gc
I0514 20:44:49.326503  2701 slave.cpp:2411] Authorizing task 'httpd.068d55b1-76b3-11e9-b542-1e8823abc24a' for framework 83697b4b-b81d-4fae-b5d2-f84275ced44b-0000
I0514 20:44:49.328465  2701 slave.cpp:2854] Launching task 'httpd.068d55b1-76b3-11e9-b542-1e8823abc24a' for framework 83697b4b-b81d-4fae-b5d2-f84275ced44b-0000
I0514 20:44:49.328528  2701 paths.cpp:801] Creating sandbox '/var/lib/mesos/agent/slaves/c8e59b09-da78-48e6-bdd2-9c3396b857b8-S0/frameworks/83697b4b-b81d-4fae-b5d2-f84275ced44b-0000/executors/httpd.068d55b1-76b3-11e9-b542-1e8823abc24a/runs/1293234b-381f-499c-b344-3ed3201f4f84' for user 'root'
I0514 20:44:49.329197  2701 paths.cpp:804] Creating sandbox '/var/lib/mesos/agent/meta/slaves/c8e59b09-da78-48e6-bdd2-9c3396b857b8-S0/frameworks/83697b4b-b81d-4fae-b5d2-f84275ced44b-0000/executors/httpd.068d55b1-76b3-11e9-b542-1e8823abc24a/runs/1293234b-381f-499c-b344-3ed3201f4f84'
I0514 20:44:49.329322  2701 slave.cpp:9695] Launching executor 'httpd.068d55b1-76b3-11e9-b542-1e8823abc24a' of framework 83697b4b-b81d-4fae-b5d2-f84275ced44b-0000 with resources [{"allocation_info":{"role":"*"},"name":"cpus","scalar":{"value":0.1},"type":"SCALAR"},{"allocation_info":{"role":"*"},"name":"mem","scalar":{"value":32.0},"type":"SCALAR"}] in work directory '/var/lib/mesos/agent/slaves/c8e59b09-da78-48e6-bdd2-9c3396b857b8-S0/frameworks/83697b4b-b81d-4fae-b5d2-f84275ced44b-0000/executors/httpd.068d55b1-76b3-11e9-b542-1e8823abc24a/runs/1293234b-381f-499c-b344-3ed3201f4f84'
I0514 20:44:49.330752  2701 slave.cpp:3080] Queued task 'httpd.068d55b1-76b3-11e9-b542-1e8823abc24a' for executor 'httpd.068d55b1-76b3-11e9-b542-1e8823abc24a' of framework 83697b4b-b81d-4fae-b5d2-f84275ced44b-0000
I0514 20:44:49.331269  2701 slave.cpp:3528] Launching container 1293234b-381f-499c-b344-3ed3201f4f84 for executor 'httpd.068d55b1-76b3-11e9-b542-1e8823abc24a' of framework 83697b4b-b81d-4fae-b5d2-f84275ced44b-0000
I0514 20:44:49.332005  2705 docker.cpp:1183] Starting container '1293234b-381f-499c-b344-3ed3201f4f84' for task 'httpd.068d55b1-76b3-11e9-b542-1e8823abc24a' (and executor 'httpd.068d55b1-76b3-11e9-b542-1e8823abc24a') of framework 83697b4b-b81d-4fae-b5d2-f84275ced44b-0000
I0514 20:44:49.456470  2707 docker.cpp:783] Checkpointing pid 4644 to '/var/lib/mesos/agent/meta/slaves/c8e59b09-da78-48e6-bdd2-9c3396b857b8-S0/frameworks/83697b4b-b81d-4fae-b5d2-f84275ced44b-0000/executors/httpd.068d55b1-76b3-11e9-b542-1e8823abc24a/runs/1293234b-381f-499c-b344-3ed3201f4f84/pids/forked.pid'
I0514 20:44:49.456888  2707 systemd.cpp:98] Assigned child process '4644' to 'mesos_executors.slice'
I0514 20:44:49.547513  2709 slave.cpp:5074] Got registration for executor 'httpd.068d55b1-76b3-11e9-b542-1e8823abc24a' of framework 83697b4b-b81d-4fae-b5d2-f84275ced44b-0000 from executor(1)@192.168.1.5:34805
I0514 20:44:49.549469  2707 docker.cpp:1691] Ignoring updating container 1293234b-381f-499c-b344-3ed3201f4f84 because resources passed to update are identical to existing resources
I0514 20:44:49.549870  2703 slave.cpp:3298] Sending queued task 'httpd.068d55b1-76b3-11e9-b542-1e8823abc24a' to executor 'httpd.068d55b1-76b3-11e9-b542-1e8823abc24a' of framework 83697b4b-b81d-4fae-b5d2-f84275ced44b-0000 at executor(1)@192.168.1.5:34805
I0514 20:44:49.557119  2700 slave.cpp:5545] Handling status update TASK_STARTING (Status UUID: 2d009a14-ff77-43db-b82d-10a60cebd74f) for task httpd.068d55b1-76b3-11e9-b542-1e8823abc24a of framework 83697b4b-b81d-4fae-b5d2-f84275ced44b-0000 from executor(1)@192.168.1.5:34805
I0514 20:44:49.557785  2707 task_status_update_manager.cpp:328] Received task status update TASK_STARTING (Status UUID: 2d009a14-ff77-43db-b82d-10a60cebd74f) for task httpd.068d55b1-76b3-11e9-b542-1e8823abc24a of framework 83697b4b-b81d-4fae-b5d2-f84275ced44b-0000
I0514 20:44:49.558187  2707 task_status_update_manager.cpp:842] Checkpointing UPDATE for task status update TASK_STARTING (Status UUID: 2d009a14-ff77-43db-b82d-10a60cebd74f) for task httpd.068d55b1-76b3-11e9-b542-1e8823abc24a of framework 83697b4b-b81d-4fae-b5d2-f84275ced44b-0000
I0514 20:44:49.558516  2703 slave.cpp:6037] Forwarding the update TASK_STARTING (Status UUID: 2d009a14-ff77-43db-b82d-10a60cebd74f) for task httpd.068d55b1-76b3-11e9-b542-1e8823abc24a of framework 83697b4b-b81d-4fae-b5d2-f84275ced44b-0000 to master@127.0.0.1:5050
I0514 20:44:49.559130  2703 slave.cpp:5946] Sending acknowledgement for status update TASK_STARTING (Status UUID: 2d009a14-ff77-43db-b82d-10a60cebd74f) for task httpd.068d55b1-76b3-11e9-b542-1e8823abc24a of framework 83697b4b-b81d-4fae-b5d2-f84275ced44b-0000 to executor(1)@192.168.1.5:34805
I0514 20:44:49.634855  2700 task_status_update_manager.cpp:401] Received task status update acknowledgement (UUID: 2d009a14-ff77-43db-b82d-10a60cebd74f) for task httpd.068d55b1-76b3-11e9-b542-1e8823abc24a of framework 83697b4b-b81d-4fae-b5d2-f84275ced44b-0000
I0514 20:44:49.635056  2700 task_status_update_manager.cpp:842] Checkpointing ACK for task status update TASK_STARTING (Status UUID: 2d009a14-ff77-43db-b82d-10a60cebd74f) for task httpd.068d55b1-76b3-11e9-b542-1e8823abc24a of framework 83697b4b-b81d-4fae-b5d2-f84275ced44b-0000
I0514 20:44:50.930596  2700 slave.cpp:3627] Asked to kill task httpd.068d55b1-76b3-11e9-b542-1e8823abc24a of framework 83697b4b-b81d-4fae-b5d2-f84275ced44b-0000
I0514 20:44:54.648736  2701 slave.cpp:5545] Handling status update TASK_FAILED (Status UUID: 0c729505-f951-4353-b82f-1b7318931c9a) for task httpd.068d55b1-76b3-11e9-b542-1e8823abc24a of framework 83697b4b-b81d-4fae-b5d2-f84275ced44b-0000 from executor(1)@192.168.1.5:34805
E0514 20:44:54.806494  2711 slave.cpp:5876] Failed to update resources for container 1293234b-381f-499c-b344-3ed3201f4f84 of executor 'httpd.068d55b1-76b3-11e9-b542-1e8823abc24a' running task httpd.068d55b1-76b3-11e9-b542-1e8823abc24a on status update for terminal task, destroying container: Failed to run 'docker -H unix:///var/run/docker.sock inspect --type=container mesos-1293234b-381f-499c-b344-3ed3201f4f84': exited with status 1; stderr='Error: No such container: mesos-1293234b-381f-499c-b344-3ed3201f4f84
'
I0514 20:44:54.807036  2700 docker.cpp:2328] Destroying container 1293234b-381f-499c-b344-3ed3201f4f84 in RUNNING state
I0514 20:44:54.807087  2700 docker.cpp:2333] Sending SIGTERM to executor with pid: 4644
I0514 20:44:54.807035  2703 task_status_update_manager.cpp:328] Received task status update TASK_FAILED (Status UUID: 0c729505-f951-4353-b82f-1b7318931c9a) for task httpd.068d55b1-76b3-11e9-b542-1e8823abc24a of framework 83697b4b-b81d-4fae-b5d2-f84275ced44b-0000
I0514 20:44:54.807235  2703 task_status_update_manager.cpp:842] Checkpointing UPDATE for task status update TASK_FAILED (Status UUID: 0c729505-f951-4353-b82f-1b7318931c9a) for task httpd.068d55b1-76b3-11e9-b542-1e8823abc24a of framework 83697b4b-b81d-4fae-b5d2-f84275ced44b-0000
I0514 20:44:54.808049  2701 slave.cpp:6037] Forwarding the update TASK_FAILED (Status UUID: 0c729505-f951-4353-b82f-1b7318931c9a) for task httpd.068d55b1-76b3-11e9-b542-1e8823abc24a of framework 83697b4b-b81d-4fae-b5d2-f84275ced44b-0000 to master@127.0.0.1:5050
I0514 20:44:54.809746  2701 slave.cpp:5946] Sending acknowledgement for status update TASK_FAILED (Status UUID: 0c729505-f951-4353-b82f-1b7318931c9a) for task httpd.068d55b1-76b3-11e9-b542-1e8823abc24a of framework 83697b4b-b81d-4fae-b5d2-f84275ced44b-0000 to executor(1)@192.168.1.5:34805
I0514 20:44:54.833983  2700 docker.cpp:2378] Running docker stop on container 1293234b-381f-499c-b344-3ed3201f4f84
I0514 20:44:54.838644  2711 slave.cpp:6217] Got exited event for executor(1)@192.168.1.5:34805
I0514 20:44:54.845466  2705 task_status_update_manager.cpp:401] Received task status update acknowledgement (UUID: 0c729505-f951-4353-b82f-1b7318931c9a) for task httpd.068d55b1-76b3-11e9-b542-1e8823abc24a of framework 83697b4b-b81d-4fae-b5d2-f84275ced44b-0000
I0514 20:44:54.845681  2705 task_status_update_manager.cpp:842] Checkpointing ACK for task status update TASK_FAILED (Status UUID: 0c729505-f951-4353-b82f-1b7318931c9a) for task httpd.068d55b1-76b3-11e9-b542-1e8823abc24a of framework 83697b4b-b81d-4fae-b5d2-f84275ced44b-0000
I0514 20:44:54.849412  2700 gc.cpp:95] Scheduling '/var/lib/mesos/agent/meta/slaves/c8e59b09-da78-48e6-bdd2-9c3396b857b8-S0/frameworks/83697b4b-b81d-4fae-b5d2-f84275ced44b-0000/executors/httpd.068d55b1-76b3-11e9-b542-1e8823abc24a/runs/1293234b-381f-499c-b344-3ed3201f4f84/tasks/httpd.068d55b1-76b3-11e9-b542-1e8823abc24a' for gc 6.99993230020741days in the future
I0514 20:44:54.906533  2703 docker.cpp:2557] Executor for container 1293234b-381f-499c-b344-3ed3201f4f84 has exited
I0514 20:44:55.011595  2700 slave.cpp:6613] Executor 'httpd.068d55b1-76b3-11e9-b542-1e8823abc24a' of framework 83697b4b-b81d-4fae-b5d2-f84275ced44b-0000 terminated with signal Terminated
I0514 20:44:55.011719  2700 slave.cpp:6711] Cleaning up executor 'httpd.068d55b1-76b3-11e9-b542-1e8823abc24a' of framework 83697b4b-b81d-4fae-b5d2-f84275ced44b-0000 at executor(1)@192.168.1.5:34805
I0514 20:44:55.012136  2711 gc.cpp:95] Scheduling '/var/lib/mesos/agent/slaves/c8e59b09-da78-48e6-bdd2-9c3396b857b8-S0/frameworks/83697b4b-b81d-4fae-b5d2-f84275ced44b-0000/executors/httpd.068d55b1-76b3-11e9-b542-1e8823abc24a/runs/1293234b-381f-499c-b344-3ed3201f4f84' for gc 6.99999986120296days in the future
I0514 20:44:55.012584  2699 gc.cpp:95] Scheduling '/var/lib/mesos/agent/slaves/c8e59b09-da78-48e6-bdd2-9c3396b857b8-S0/frameworks/83697b4b-b81d-4fae-b5d2-f84275ced44b-0000/executors/httpd.068d55b1-76b3-11e9-b542-1e8823abc24a' for gc 6.99999985678222days in the future
I0514 20:44:55.012745  2699 gc.cpp:95] Scheduling '/var/lib/mesos/agent/meta/slaves/c8e59b09-da78-48e6-bdd2-9c3396b857b8-S0/frameworks/83697b4b-b81d-4fae-b5d2-f84275ced44b-0000/executors/httpd.068d55b1-76b3-11e9-b542-1e8823abc24a/runs/1293234b-381f-499c-b344-3ed3201f4f84' for gc 6.99999985489482days in the future
I0514 20:44:55.012898  2699 gc.cpp:95] Scheduling '/var/lib/mesos/agent/meta/slaves/c8e59b09-da78-48e6-bdd2-9c3396b857b8-S0/frameworks/83697b4b-b81d-4fae-b5d2-f84275ced44b-0000/executors/httpd.068d55b1-76b3-11e9-b542-1e8823abc24a' for gc 6.99999985372444days in the future
I0514 20:44:55.012975  2700 slave.cpp:6840] Cleaning up framework 83697b4b-b81d-4fae-b5d2-f84275ced44b-0000
I0514 20:44:55.013190  2709 task_status_update_manager.cpp:289] Closing task status update streams for framework 83697b4b-b81d-4fae-b5d2-f84275ced44b-0000
