I0509 22:34:32.248853  6796 slave.cpp:3298] Sending queued task 'httpd.860728f1-72d4-11e9-b3bb-9e2c988ab79d' to executor 'httpd.860728f1-72d4-11e9-b3bb-9e2c988ab79d' of framework 860d6178-b035-4997-94b4-ad0e1a2d9e15-0000 at executor(1)@192.168.1.5:45923
I0509 22:34:32.256003  6791 slave.cpp:5545] Handling status update TASK_STARTING (Status UUID: a3fa909e-c880-4658-839f-f00d4ff9a847) for task httpd.860728f1-72d4-11e9-b3bb-9e2c988ab79d of framework 860d6178-b035-4997-94b4-ad0e1a2d9e15-0000 from executor(1)@192.168.1.5:45923
I0509 22:34:32.256662  6792 task_status_update_manager.cpp:328] Received task status update TASK_STARTING (Status UUID: a3fa909e-c880-4658-839f-f00d4ff9a847) for task httpd.860728f1-72d4-11e9-b3bb-9e2c988ab79d of framework 860d6178-b035-4997-94b4-ad0e1a2d9e15-0000
I0509 22:34:32.257117  6792 task_status_update_manager.cpp:842] Checkpointing UPDATE for task status update TASK_STARTING (Status UUID: a3fa909e-c880-4658-839f-f00d4ff9a847) for task httpd.860728f1-72d4-11e9-b3bb-9e2c988ab79d of framework 860d6178-b035-4997-94b4-ad0e1a2d9e15-0000
I0509 22:34:32.257407  6794 slave.cpp:6037] Forwarding the update TASK_STARTING (Status UUID: a3fa909e-c880-4658-839f-f00d4ff9a847) for task httpd.860728f1-72d4-11e9-b3bb-9e2c988ab79d of framework 860d6178-b035-4997-94b4-ad0e1a2d9e15-0000 to master@192.168.1.5:5050
I0509 22:34:32.258020  6794 slave.cpp:5946] Sending acknowledgement for status update TASK_STARTING (Status UUID: a3fa909e-c880-4658-839f-f00d4ff9a847) for task httpd.860728f1-72d4-11e9-b3bb-9e2c988ab79d of framework 860d6178-b035-4997-94b4-ad0e1a2d9e15-0000 to executor(1)@192.168.1.5:45923
I0509 22:34:32.287784  6793 task_status_update_manager.cpp:401] Received task status update acknowledgement (UUID: a3fa909e-c880-4658-839f-f00d4ff9a847) for task httpd.860728f1-72d4-11e9-b3bb-9e2c988ab79d of framework 860d6178-b035-4997-94b4-ad0e1a2d9e15-0000
I0509 22:34:32.287911  6793 task_status_update_manager.cpp:842] Checkpointing ACK for task status update TASK_STARTING (Status UUID: a3fa909e-c880-4658-839f-f00d4ff9a847) for task httpd.860728f1-72d4-11e9-b3bb-9e2c988ab79d of framework 860d6178-b035-4997-94b4-ad0e1a2d9e15-0000
I0509 22:34:32.320230  6789 http.cpp:1105] HTTP GET for /files/read?_=1557459269246&jsonp=jQuery32109962932534549753_1557459269241&length=50000&path=%2Fhome%2Fjouko%2Fmesos_work_dir%2Fslaves%2F860d6178-b035-4997-94b4-ad0e1a2d9e15-S0%2Fframeworks%2F860d6178-b035-4997-94b4-ad0e1a2d9e15-0000%2Fexecutors%2Fhttpd.7a101c4f-72d4-11e9-b3bb-9e2c988ab79d%2Fruns%2F83d553b8-c1e5-48d7-a7b8-87c348c9f4e9%2Fstderr&offset=818 from 192.168.1.5:54464 with User-Agent='Mozilla/5.0 (X11; Ubuntu; Linux x86_64; rv:66.0) Gecko/20100101 Firefox/66.0'
I0509 22:34:33.038831  6793 http.cpp:1105] HTTP GET for /files/browse?path=%2Fhome%2Fjouko%2Fmesos_work_dir%2Fslaves%2F860d6178-b035-4997-94b4-ad0e1a2d9e15-S0%2Fframeworks%2F860d6178-b035-4997-94b4-ad0e1a2d9e15-0000%2Fexecutors%2Fhttpd.7a101c4f-72d4-11e9-b3bb-9e2c988ab79d%2Fruns%2F83d553b8-c1e5-48d7-a7b8-87c348c9f4e9&jsonp=angular.callbacks._n from 192.168.1.5:54464 with User-Agent='Mozilla/5.0 (X11; Ubuntu; Linux x86_64; rv:66.0) Gecko/20100101 Firefox/66.0'
I0509 22:34:33.337414  6790 http.cpp:1105] HTTP GET for /files/read?_=1557459269247&jsonp=jQuery32109962932534549753_1557459269241&length=50000&path=%2Fhome%2Fjouko%2Fmesos_work_dir%2Fslaves%2F860d6178-b035-4997-94b4-ad0e1a2d9e15-S0%2Fframeworks%2F860d6178-b035-4997-94b4-ad0e1a2d9e15-0000%2Fexecutors%2Fhttpd.7a101c4f-72d4-11e9-b3bb-9e2c988ab79d%2Fruns%2F83d553b8-c1e5-48d7-a7b8-87c348c9f4e9%2Fstderr&offset=818 from 192.168.1.5:54464 with User-Agent='Mozilla/5.0 (X11; Ubuntu; Linux x86_64; rv:66.0) Gecko/20100101 Firefox/66.0'
I0509 22:34:34.354966  6796 http.cpp:1105] HTTP GET for /files/read?_=1557459269248&jsonp=jQuery32109962932534549753_1557459269241&length=50000&path=%2Fhome%2Fjouko%2Fmesos_work_dir%2Fslaves%2F860d6178-b035-4997-94b4-ad0e1a2d9e15-S0%2Fframeworks%2F860d6178-b035-4997-94b4-ad0e1a2d9e15-0000%2Fexecutors%2Fhttpd.7a101c4f-72d4-11e9-b3bb-9e2c988ab79d%2Fruns%2F83d553b8-c1e5-48d7-a7b8-87c348c9f4e9%2Fstderr&offset=818 from 192.168.1.5:54464 with User-Agent='Mozilla/5.0 (X11; Ubuntu; Linux x86_64; rv:66.0) Gecko/20100101 Firefox/66.0'
I0509 22:34:35.371238  6793 http.cpp:1105] HTTP GET for /files/read?_=1557459269249&jsonp=jQuery32109962932534549753_1557459269241&length=50000&path=%2Fhome%2Fjouko%2Fmesos_work_dir%2Fslaves%2F860d6178-b035-4997-94b4-ad0e1a2d9e15-S0%2Fframeworks%2F860d6178-b035-4997-94b4-ad0e1a2d9e15-0000%2Fexecutors%2Fhttpd.7a101c4f-72d4-11e9-b3bb-9e2c988ab79d%2Fruns%2F83d553b8-c1e5-48d7-a7b8-87c348c9f4e9%2Fstderr&offset=818 from 192.168.1.5:54464 with User-Agent='Mozilla/5.0 (X11; Ubuntu; Linux x86_64; rv:66.0) Gecko/20100101 Firefox/66.0'
I0509 22:34:36.386188  6790 http.cpp:1105] HTTP GET for /files/read?_=1557459269250&jsonp=jQuery32109962932534549753_1557459269241&length=50000&path=%2Fhome%2Fjouko%2Fmesos_work_dir%2Fslaves%2F860d6178-b035-4997-94b4-ad0e1a2d9e15-S0%2Fframeworks%2F860d6178-b035-4997-94b4-ad0e1a2d9e15-0000%2Fexecutors%2Fhttpd.7a101c4f-72d4-11e9-b3bb-9e2c988ab79d%2Fruns%2F83d553b8-c1e5-48d7-a7b8-87c348c9f4e9%2Fstderr&offset=818 from 192.168.1.5:54464 with User-Agent='Mozilla/5.0 (X11; Ubuntu; Linux x86_64; rv:66.0) Gecko/20100101 Firefox/66.0'
I0509 22:34:37.345919  6789 slave.cpp:5545] Handling status update TASK_FAILED (Status UUID: 26e86bc5-c38f-469a-9337-b683034c98cc) for task httpd.860728f1-72d4-11e9-b3bb-9e2c988ab79d of framework 860d6178-b035-4997-94b4-ad0e1a2d9e15-0000 from executor(1)@192.168.1.5:45923
I0509 22:34:37.395859  6796 http.cpp:1105] HTTP GET for /files/read?_=1557459269251&jsonp=jQuery32109962932534549753_1557459269241&length=50000&path=%2Fhome%2Fjouko%2Fmesos_work_dir%2Fslaves%2F860d6178-b035-4997-94b4-ad0e1a2d9e15-S0%2Fframeworks%2F860d6178-b035-4997-94b4-ad0e1a2d9e15-0000%2Fexecutors%2Fhttpd.7a101c4f-72d4-11e9-b3bb-9e2c988ab79d%2Fruns%2F83d553b8-c1e5-48d7-a7b8-87c348c9f4e9%2Fstderr&offset=818 from 192.168.1.5:54464 with User-Agent='Mozilla/5.0 (X11; Ubuntu; Linux x86_64; rv:66.0) Gecko/20100101 Firefox/66.0'
E0509 22:34:37.493060  6791 slave.cpp:5876] Failed to update resources for container 1653f4a0-bcbc-4866-9188-6f849a35adc6 of executor 'httpd.860728f1-72d4-11e9-b3bb-9e2c988ab79d' running task httpd.860728f1-72d4-11e9-b3bb-9e2c988ab79d on status update for terminal task, destroying container: Failed to run 'docker -H unix:///var/run/docker.sock inspect --type=container mesos-1653f4a0-bcbc-4866-9188-6f849a35adc6': exited with status 1; stderr='Error: No such container: mesos-1653f4a0-bcbc-4866-9188-6f849a35adc6
'
I0509 22:34:37.493474  6794 docker.cpp:2328] Destroying container 1653f4a0-bcbc-4866-9188-6f849a35adc6 in RUNNING state
I0509 22:34:37.493511  6794 docker.cpp:2333] Sending SIGTERM to executor with pid: 7449
I0509 22:34:37.493480  6789 task_status_update_manager.cpp:328] Received task status update TASK_FAILED (Status UUID: 26e86bc5-c38f-469a-9337-b683034c98cc) for task httpd.860728f1-72d4-11e9-b3bb-9e2c988ab79d of framework 860d6178-b035-4997-94b4-ad0e1a2d9e15-0000
I0509 22:34:37.493604  6789 task_status_update_manager.cpp:842] Checkpointing UPDATE for task status update TASK_FAILED (Status UUID: 26e86bc5-c38f-469a-9337-b683034c98cc) for task httpd.860728f1-72d4-11e9-b3bb-9e2c988ab79d of framework 860d6178-b035-4997-94b4-ad0e1a2d9e15-0000
I0509 22:34:37.494066  6790 slave.cpp:6037] Forwarding the update TASK_FAILED (Status UUID: 26e86bc5-c38f-469a-9337-b683034c98cc) for task httpd.860728f1-72d4-11e9-b3bb-9e2c988ab79d of framework 860d6178-b035-4997-94b4-ad0e1a2d9e15-0000 to master@192.168.1.5:5050
I0509 22:34:37.495230  6790 slave.cpp:5946] Sending acknowledgement for status update TASK_FAILED (Status UUID: 26e86bc5-c38f-469a-9337-b683034c98cc) for task httpd.860728f1-72d4-11e9-b3bb-9e2c988ab79d of framework 860d6178-b035-4997-94b4-ad0e1a2d9e15-0000 to executor(1)@192.168.1.5:45923
I0509 22:34:37.516556  6794 docker.cpp:2378] Running docker stop on container 1653f4a0-bcbc-4866-9188-6f849a35adc6
I0509 22:34:37.521222  6795 slave.cpp:6217] Got exited event for executor(1)@192.168.1.5:45923
I0509 22:34:37.522470  6789 task_status_update_manager.cpp:401] Received task status update acknowledgement (UUID: 26e86bc5-c38f-469a-9337-b683034c98cc) for task httpd.860728f1-72d4-11e9-b3bb-9e2c988ab79d of framework 860d6178-b035-4997-94b4-ad0e1a2d9e15-0000
I0509 22:34:37.522594  6789 task_status_update_manager.cpp:842] Checkpointing ACK for task status update TASK_FAILED (Status UUID: 26e86bc5-c38f-469a-9337-b683034c98cc) for task httpd.860728f1-72d4-11e9-b3bb-9e2c988ab79d of framework 860d6178-b035-4997-94b4-ad0e1a2d9e15-0000
I0509 22:34:37.523305  6794 gc.cpp:95] Scheduling '/home/jouko/mesos_work_dir/meta/slaves/860d6178-b035-4997-94b4-ad0e1a2d9e15-S0/frameworks/860d6178-b035-4997-94b4-ad0e1a2d9e15-0000/executors/httpd.860728f1-72d4-11e9-b3bb-9e2c988ab79d/runs/1653f4a0-bcbc-4866-9188-6f849a35adc6/tasks/httpd.860728f1-72d4-11e9-b3bb-9e2c988ab79d' for gc 6.99993607368296days in the future
I0509 22:34:37.593658  6791 docker.cpp:2557] Executor for container 1653f4a0-bcbc-4866-9188-6f849a35adc6 has exited
I0509 22:34:37.699496  6794 slave.cpp:6613] Executor 'httpd.860728f1-72d4-11e9-b3bb-9e2c988ab79d' of framework 860d6178-b035-4997-94b4-ad0e1a2d9e15-0000 terminated with signal Terminated
I0509 22:34:37.699637  6794 slave.cpp:6711] Cleaning up executor 'httpd.860728f1-72d4-11e9-b3bb-9e2c988ab79d' of framework 860d6178-b035-4997-94b4-ad0e1a2d9e15-0000 at executor(1)@192.168.1.5:45923
I0509 22:34:37.700039  6795 gc.cpp:95] Scheduling '/home/jouko/mesos_work_dir/slaves/860d6178-b035-4997-94b4-ad0e1a2d9e15-S0/frameworks/860d6178-b035-4997-94b4-ad0e1a2d9e15-0000/executors/httpd.860728f1-72d4-11e9-b3bb-9e2c988ab79d/runs/1653f4a0-bcbc-4866-9188-6f849a35adc6' for gc 6.99999189939852days in the future
I0509 22:34:37.700515  6796 gc.cpp:95] Scheduling '/home/jouko/mesos_work_dir/slaves/860d6178-b035-4997-94b4-ad0e1a2d9e15-S0/frameworks/860d6178-b035-4997-94b4-ad0e1a2d9e15-0000/executors/httpd.860728f1-72d4-11e9-b3bb-9e2c988ab79d' for gc 6.99999189383111days in the future
I0509 22:34:37.700644  6796 gc.cpp:95] Scheduling '/home/jouko/mesos_work_dir/meta/slaves/860d6178-b035-4997-94b4-ad0e1a2d9e15-S0/frameworks/860d6178-b035-4997-94b4-ad0e1a2d9e15-0000/executors/httpd.860728f1-72d4-11e9-b3bb-9e2c988ab79d/runs/1653f4a0-bcbc-4866-9188-6f849a35adc6' for gc 6.99999189225481days in the future
I0509 22:34:37.700747  6796 gc.cpp:95] Scheduling '/home/jouko/mesos_work_dir/meta/slaves/860d6178-b035-4997-94b4-ad0e1a2d9e15-S0/frameworks/860d6178-b035-4997-94b4-ad0e1a2d9e15-0000/executors/httpd.860728f1-72d4-11e9-b3bb-9e2c988ab79d' for gc 6.99999189149037days in the future
I0509 22:34:37.700846  6794 slave.cpp:6840] Cleaning up framework 860d6178-b035-4997-94b4-ad0e1a2d9e15-0000
I0509 22:34:37.700969  6790 task_status_update_manager.cpp:289] Closing task status update streams for framework 860d6178-b035-4997-94b4-ad0e1a2d9e15-0000
I0509 22:34:37.701042  6791 gc.cpp:95] Scheduling '/home/jouko/mesos_work_dir/slaves/860d6178-b035-4997-94b4-ad0e1a2d9e15-S0/frameworks/860d6178-b035-4997-94b4-ad0e1a2d9e15-0000' for gc 6.99999188706074days in the future
I0509 22:34:37.701153  6791 gc.cpp:95] Scheduling '/home/jouko/mesos_work_dir/meta/slaves/860d6178-b035-4997-94b4-ad0e1a2d9e15-S0/frameworks/860d6178-b035-4997-94b4-ad0e1a2d9e15-0000' for gc 6.99999188622815days in the future
I0509 22:34:38.406729  6790 http.cpp:1105] HTTP GET for /files/read?_=1557459269252&jsonp=jQuery32109962932534549753_1557459269241&length=50000&path=%2Fhome%2Fjouko%2Fmesos_work_dir%2Fslaves%2F860d6178-b035-4997-94b4-ad0e1a2d9e15-S0%2Fframeworks%2F860d6178-b035-4997-94b4-ad0e1a2d9e15-0000%2Fexecutors%2Fhttpd.7a101c4f-72d4-11e9-b3bb-9e2c988ab79d%2Fruns%2F83d553b8-c1e5-48d7-a7b8-87c348c9f4e9%2Fstderr&offset=818 from 192.168.1.5:54464 with User-Agent='Mozilla/5.0 (X11; Ubuntu; Linux x86_64; rv:66.0) Gecko/20100101 Firefox/66.0'
I0509 22:34:41.958739  6792 slave.cpp:2037] Got assigned task 'httpd.8c037292-72d4-11e9-b3bb-9e2c988ab79d' for framework 860d6178-b035-4997-94b4-ad0e1a2d9e15-0000
I0509 22:34:41.958892  6794 gc.cpp:129] Unscheduling '/home/jouko/mesos_work_dir/slaves/860d6178-b035-4997-94b4-ad0e1a2d9e15-S0/frameworks/860d6178-b035-4997-94b4-ad0e1a2d9e15-0000' from gc
I0509 22:34:41.959049  6794 gc.cpp:129] Unscheduling '/home/jouko/mesos_work_dir/meta/slaves/860d6178-b035-4997-94b4-ad0e1a2d9e15-S0/frameworks/860d6178-b035-4997-94b4-ad0e1a2d9e15-0000' from gc
I0509 22:34:41.960441  6792 slave.cpp:2411] Authorizing task 'httpd.8c037292-72d4-11e9-b3bb-9e2c988ab79d' for framework 860d6178-b035-4997-94b4-ad0e1a2d9e15-0000
I0509 22:34:41.962143  6792 slave.cpp:2854] Launching task 'httpd.8c037292-72d4-11e9-b3bb-9e2c988ab79d' for framework 860d6178-b035-4997-94b4-ad0e1a2d9e15-0000
I0509 22:34:41.962198  6792 paths.cpp:801] Creating sandbox '/home/jouko/mesos_work_dir/slaves/860d6178-b035-4997-94b4-ad0e1a2d9e15-S0/frameworks/860d6178-b035-4997-94b4-ad0e1a2d9e15-0000/executors/httpd.8c037292-72d4-11e9-b3bb-9e2c988ab79d/runs/0638fe40-c58a-4a1a-b701-8d11d23cf6b0' for user 'root'
I0509 22:34:41.962780  6792 paths.cpp:804] Creating sandbox '/home/jouko/mesos_work_dir/meta/slaves/860d6178-b035-4997-94b4-ad0e1a2d9e15-S0/frameworks/860d6178-b035-4997-94b4-ad0e1a2d9e15-0000/executors/httpd.8c037292-72d4-11e9-b3bb-9e2c988ab79d/runs/0638fe40-c58a-4a1a-b701-8d11d23cf6b0'
I0509 22:34:41.962891  6792 slave.cpp:9695] Launching executor 'httpd.8c037292-72d4-11e9-b3bb-9e2c988ab79d' of framework 860d6178-b035-4997-94b4-ad0e1a2d9e15-0000 with resources [{"allocation_info":{"role":"*"},"name":"cpus","scalar":{"value":0.1},"type":"SCALAR"},{"allocation_info":{"role":"*"},"name":"mem","scalar":{"value":32.0},"type":"SCALAR"}] in work directory '/home/jouko/mesos_work_dir/slaves/860d6178-b035-4997-94b4-ad0e1a2d9e15-S0/frameworks/860d6178-b035-4997-94b4-ad0e1a2d9e15-0000/executors/httpd.8c037292-72d4-11e9-b3bb-9e2c988ab79d/runs/0638fe40-c58a-4a1a-b701-8d11d23cf6b0'
I0509 22:34:41.964241  6792 slave.cpp:3080] Queued task 'httpd.8c037292-72d4-11e9-b3bb-9e2c988ab79d' for executor 'httpd.8c037292-72d4-11e9-b3bb-9e2c988ab79d' of framework 860d6178-b035-4997-94b4-ad0e1a2d9e15-0000
I0509 22:34:41.964741  6792 slave.cpp:3528] Launching container 0638fe40-c58a-4a1a-b701-8d11d23cf6b0 for executor 'httpd.8c037292-72d4-11e9-b3bb-9e2c988ab79d' of framework 860d6178-b035-4997-94b4-ad0e1a2d9e15-0000
I0509 22:34:41.965446  6790 docker.cpp:1183] Starting container '0638fe40-c58a-4a1a-b701-8d11d23cf6b0' for task 'httpd.8c037292-72d4-11e9-b3bb-9e2c988ab79d' (and executor 'httpd.8c037292-72d4-11e9-b3bb-9e2c988ab79d') of framework 860d6178-b035-4997-94b4-ad0e1a2d9e15-0000
I0509 22:34:42.143373  6791 docker.cpp:783] Checkpointing pid 7584 to '/home/jouko/mesos_work_dir/meta/slaves/860d6178-b035-4997-94b4-ad0e1a2d9e15-S0/frameworks/860d6178-b035-4997-94b4-ad0e1a2d9e15-0000/executors/httpd.8c037292-72d4-11e9-b3bb-9e2c988ab79d/runs/0638fe40-c58a-4a1a-b701-8d11d23cf6b0/pids/forked.pid'
I0509 22:34:42.143865  6791 systemd.cpp:98] Assigned child process '7584' to 'mesos_executors.slice'
I0509 22:34:42.245817  6789 slave.cpp:5074] Got registration for executor 'httpd.8c037292-72d4-11e9-b3bb-9e2c988ab79d' of framework 860d6178-b035-4997-94b4-ad0e1a2d9e15-0000 from executor(1)@192.168.1.5:32791
I0509 22:34:42.247862  6793 docker.cpp:1691] Ignoring updating container 0638fe40-c58a-4a1a-b701-8d11d23cf6b0 because resources passed to update are identical to existing resources
I0509 22:34:42.248293  6790 slave.cpp:3298] Sending queued task 'httpd.8c037292-72d4-11e9-b3bb-9e2c988ab79d' to executor 'httpd.8c037292-72d4-11e9-b3bb-9e2c988ab79d' of framework 860d6178-b035-4997-94b4-ad0e1a2d9e15-0000 at executor(1)@192.168.1.5:32791
I0509 22:34:42.255861  6796 slave.cpp:5545] Handling status update TASK_STARTING (Status UUID: 401f613e-e0a5-46ae-bbe9-dd7cb2a1c52a) for task httpd.8c037292-72d4-11e9-b3bb-9e2c988ab79d of framework 860d6178-b035-4997-94b4-ad0e1a2d9e15-0000 from executor(1)@192.168.1.5:32791
I0509 22:34:42.256656  6791 task_status_update_manager.cpp:328] Received task status update TASK_STARTING (Status UUID: 401f613e-e0a5-46ae-bbe9-dd7cb2a1c52a) for task httpd.8c037292-72d4-11e9-b3bb-9e2c988ab79d of framework 860d6178-b035-4997-94b4-ad0e1a2d9e15-0000
I0509 22:34:42.257084  6791 task_status_update_manager.cpp:842] Checkpointing UPDATE for task status update TASK_STARTING (Status UUID: 401f613e-e0a5-46ae-bbe9-dd7cb2a1c52a) for task httpd.8c037292-72d4-11e9-b3bb-9e2c988ab79d of framework 860d6178-b035-4997-94b4-ad0e1a2d9e15-0000
I0509 22:34:42.257438  6793 slave.cpp:6037] Forwarding the update TASK_STARTING (Status UUID: 401f613e-e0a5-46ae-bbe9-dd7cb2a1c52a) for task httpd.8c037292-72d4-11e9-b3bb-9e2c988ab79d of framework 860d6178-b035-4997-94b4-ad0e1a2d9e15-0000 to master@192.168.1.5:5050
I0509 22:34:42.258230  6793 slave.cpp:5946] Sending acknowledgement for status update TASK_STARTING (Status UUID: 401f613e-e0a5-46ae-bbe9-dd7cb2a1c52a) for task httpd.8c037292-72d4-11e9-b3bb-9e2c988ab79d of framework 860d6178-b035-4997-94b4-ad0e1a2d9e15-0000 to executor(1)@192.168.1.5:32791
I0509 22:34:42.325186  6796 task_status_update_manager.cpp:401] Received task status update acknowledgement (UUID: 401f613e-e0a5-46ae-bbe9-dd7cb2a1c52a) for task httpd.8c037292-72d4-11e9-b3bb-9e2c988ab79d of framework 860d6178-b035-4997-94b4-ad0e1a2d9e15-0000
I0509 22:34:42.325430  6796 task_status_update_manager.cpp:842] Checkpointing ACK for task status update TASK_STARTING (Status UUID: 401f613e-e0a5-46ae-bbe9-dd7cb2a1c52a) for task httpd.8c037292-72d4-11e9-b3bb-9e2c988ab79d of framework 860d6178-b035-4997-94b4-ad0e1a2d9e15-0000
I0509 22:34:43.064327  6794 http.cpp:1105] HTTP GET for /files/browse?path=%2Fhome%2Fjouko%2Fmesos_work_dir%2Fslaves%2F860d6178-b035-4997-94b4-ad0e1a2d9e15-S0%2Fframeworks%2F860d6178-b035-4997-94b4-ad0e1a2d9e15-0000%2Fexecutors%2Fhttpd.7a101c4f-72d4-11e9-b3bb-9e2c988ab79d%2Fruns%2F83d553b8-c1e5-48d7-a7b8-87c348c9f4e9&jsonp=angular.callbacks._q from 192.168.1.5:54464 with User-Agent='Mozilla/5.0 (X11; Ubuntu; Linux x86_64; rv:66.0) Gecko/20100101 Firefox/66.0'
I0509 22:34:47.345705  6796 slave.cpp:5545] Handling status update TASK_FAILED (Status UUID: 573e112f-b787-4660-a351-eabd420f44a8) for task httpd.8c037292-72d4-11e9-b3bb-9e2c988ab79d of framework 860d6178-b035-4997-94b4-ad0e1a2d9e15-0000 from executor(1)@192.168.1.5:32791
E0509 22:34:47.493196  6793 slave.cpp:5876] Failed to update resources for container 0638fe40-c58a-4a1a-b701-8d11d23cf6b0 of executor 'httpd.8c037292-72d4-11e9-b3bb-9e2c988ab79d' running task httpd.8c037292-72d4-11e9-b3bb-9e2c988ab79d on status update for terminal task, destroying container: Failed to run 'docker -H unix:///var/run/docker.sock inspect --type=container mesos-0638fe40-c58a-4a1a-b701-8d11d23cf6b0': exited with status 1; stderr='Error: No such container: mesos-0638fe40-c58a-4a1a-b701-8d11d23cf6b0
'
I0509 22:34:47.493702  6790 docker.cpp:2328] Destroying container 0638fe40-c58a-4a1a-b701-8d11d23cf6b0 in RUNNING state
I0509 22:34:47.493748  6790 docker.cpp:2333] Sending SIGTERM to executor with pid: 7584
I0509 22:34:47.493741  6791 task_status_update_manager.cpp:328] Received task status update TASK_FAILED (Status UUID: 573e112f-b787-4660-a351-eabd420f44a8) for task httpd.8c037292-72d4-11e9-b3bb-9e2c988ab79d of framework 860d6178-b035-4997-94b4-ad0e1a2d9e15-0000
I0509 22:34:47.493906  6791 task_status_update_manager.cpp:842] Checkpointing UPDATE for task status update TASK_FAILED (Status UUID: 573e112f-b787-4660-a351-eabd420f44a8) for task httpd.8c037292-72d4-11e9-b3bb-9e2c988ab79d of framework 860d6178-b035-4997-94b4-ad0e1a2d9e15-0000
I0509 22:34:47.494509  6792 slave.cpp:6037] Forwarding the update TASK_FAILED (Status UUID: 573e112f-b787-4660-a351-eabd420f44a8) for task httpd.8c037292-72d4-11e9-b3bb-9e2c988ab79d of framework 860d6178-b035-4997-94b4-ad0e1a2d9e15-0000 to master@192.168.1.5:5050
I0509 22:34:47.495766  6792 slave.cpp:5946] Sending acknowledgement for status update TASK_FAILED (Status UUID: 573e112f-b787-4660-a351-eabd420f44a8) for task httpd.8c037292-72d4-11e9-b3bb-9e2c988ab79d of framework 860d6178-b035-4997-94b4-ad0e1a2d9e15-0000 to executor(1)@192.168.1.5:32791
I0509 22:34:47.518939  6790 docker.cpp:2378] Running docker stop on container 0638fe40-c58a-4a1a-b701-8d11d23cf6b0
I0509 22:34:47.521400  6791 task_status_update_manager.cpp:401] Received task status update acknowledgement (UUID: 573e112f-b787-4660-a351-eabd420f44a8) for task httpd.8c037292-72d4-11e9-b3bb-9e2c988ab79d of framework 860d6178-b035-4997-94b4-ad0e1a2d9e15-0000
I0509 22:34:47.521558  6791 task_status_update_manager.cpp:842] Checkpointing ACK for task status update TASK_FAILED (Status UUID: 573e112f-b787-4660-a351-eabd420f44a8) for task httpd.8c037292-72d4-11e9-b3bb-9e2c988ab79d of framework 860d6178-b035-4997-94b4-ad0e1a2d9e15-0000
I0509 22:34:47.522424  6792 gc.cpp:95] Scheduling '/home/jouko/mesos_work_dir/meta/slaves/860d6178-b035-4997-94b4-ad0e1a2d9e15-S0/frameworks/860d6178-b035-4997-94b4-ad0e1a2d9e15-0000/executors/httpd.8c037292-72d4-11e9-b3bb-9e2c988ab79d/runs/0638fe40-c58a-4a1a-b701-8d11d23cf6b0/tasks/httpd.8c037292-72d4-11e9-b3bb-9e2c988ab79d' for gc 6.99993608425778days in the future
I0509 22:34:47.525014  6794 slave.cpp:6217] Got exited event for executor(1)@192.168.1.5:32791
I0509 22:34:47.593277  6796 docker.cpp:2557] Executor for container 0638fe40-c58a-4a1a-b701-8d11d23cf6b0 has exited
I0509 22:34:47.699108  6789 slave.cpp:6613] Executor 'httpd.8c037292-72d4-11e9-b3bb-9e2c988ab79d' of framework 860d6178-b035-4997-94b4-ad0e1a2d9e15-0000 terminated with signal Terminated
I0509 22:34:47.699270  6789 slave.cpp:6711] Cleaning up executor 'httpd.8c037292-72d4-11e9-b3bb-9e2c988ab79d' of framework 860d6178-b035-4997-94b4-ad0e1a2d9e15-0000 at executor(1)@192.168.1.5:32791
I0509 22:34:47.699801  6793 gc.cpp:95] Scheduling '/home/jouko/mesos_work_dir/slaves/860d6178-b035-4997-94b4-ad0e1a2d9e15-S0/frameworks/860d6178-b035-4997-94b4-ad0e1a2d9e15-0000/executors/httpd.8c037292-72d4-11e9-b3bb-9e2c988ab79d/runs/0638fe40-c58a-4a1a-b701-8d11d23cf6b0' for gc 6.99999190245333days in the future
I0509 22:34:47.700266  6795 gc.cpp:95] Scheduling '/home/jouko/mesos_work_dir/slaves/860d6178-b035-4997-94b4-ad0e1a2d9e15-S0/frameworks/860d6178-b035-4997-94b4-ad0e1a2d9e15-0000/executors/httpd.8c037292-72d4-11e9-b3bb-9e2c988ab79d' for gc 6.99999189686519days in the future
I0509 22:34:47.700459  6795 gc.cpp:95] Scheduling '/home/jouko/mesos_work_dir/meta/slaves/860d6178-b035-4997-94b4-ad0e1a2d9e15-S0/frameworks/860d6178-b035-4997-94b4-ad0e1a2d9e15-0000/executors/httpd.8c037292-72d4-11e9-b3bb-9e2c988ab79d/runs/0638fe40-c58a-4a1a-b701-8d11d23cf6b0' for gc 6.99999189491852days in the future
I0509 22:34:47.700608  6795 gc.cpp:95] Scheduling '/home/jouko/mesos_work_dir/meta/slaves/860d6178-b035-4997-94b4-ad0e1a2d9e15-S0/frameworks/860d6178-b035-4997-94b4-ad0e1a2d9e15-0000/executors/httpd.8c037292-72d4-11e9-b3bb-9e2c988ab79d' for gc 6.99999189381926days in the future
I0509 22:34:47.700757  6789 slave.cpp:6840] Cleaning up framework 860d6178-b035-4997-94b4-ad0e1a2d9e15-0000
I0509 22:34:47.700984  6790 task_status_update_manager.cpp:289] Closing task status update streams for framework 860d6178-b035-4997-94b4-ad0e1a2d9e15-0000
I0509 22:34:47.701032  6796 gc.cpp:95] Scheduling '/home/jouko/mesos_work_dir/slaves/860d6178-b035-4997-94b4-ad0e1a2d9e15-S0/frameworks/860d6178-b035-4997-94b4-ad0e1a2d9e15-0000' for gc 6.99999188752296days in the future
I0509 22:34:47.701251  6796 gc.cpp:95] Scheduling '/home/jouko/mesos_work_dir/meta/slaves/860d6178-b035-4997-94b4-ad0e1a2d9e15-S0/frameworks/860d6178-b035-4997-94b4-ad0e1a2d9e15-0000' for gc 6.99999188602074days in the future
I0509 22:34:52.431383  6796 slave.cpp:2037] Got assigned task 'httpd.91fed1d3-72d4-11e9-b3bb-9e2c988ab79d' for framework 860d6178-b035-4997-94b4-ad0e1a2d9e15-0000
I0509 22:34:52.431540  6793 gc.cpp:129] Unscheduling '/home/jouko/mesos_work_dir/slaves/860d6178-b035-4997-94b4-ad0e1a2d9e15-S0/frameworks/860d6178-b035-4997-94b4-ad0e1a2d9e15-0000' from gc
I0509 22:34:52.431715  6793 gc.cpp:129] Unscheduling '/home/jouko/mesos_work_dir/meta/slaves/860d6178-b035-4997-94b4-ad0e1a2d9e15-S0/frameworks/860d6178-b035-4997-94b4-ad0e1a2d9e15-0000' from gc
I0509 22:34:52.433090  6796 slave.cpp:2411] Authorizing task 'httpd.91fed1d3-72d4-11e9-b3bb-9e2c988ab79d' for framework 860d6178-b035-4997-94b4-ad0e1a2d9e15-0000
I0509 22:34:52.434917  6796 slave.cpp:2854] Launching task 'httpd.91fed1d3-72d4-11e9-b3bb-9e2c988ab79d' for framework 860d6178-b035-4997-94b4-ad0e1a2d9e15-0000
I0509 22:34:52.436005  6796 paths.cpp:801] Creating sandbox '/home/jouko/mesos_work_dir/slaves/860d6178-b035-4997-94b4-ad0e1a2d9e15-S0/frameworks/860d6178-b035-4997-94b4-ad0e1a2d9e15-0000/executors/httpd.91fed1d3-72d4-11e9-b3bb-9e2c988ab79d/runs/8f63daf4-f5f9-40d8-acf2-2c02b5ffc132' for user 'root'
I0509 22:34:52.436682  6796 paths.cpp:804] Creating sandbox '/home/jouko/mesos_work_dir/meta/slaves/860d6178-b035-4997-94b4-ad0e1a2d9e15-S0/frameworks/860d6178-b035-4997-94b4-ad0e1a2d9e15-0000/executors/httpd.91fed1d3-72d4-11e9-b3bb-9e2c988ab79d/runs/8f63daf4-f5f9-40d8-acf2-2c02b5ffc132'
I0509 22:34:52.436798  6796 slave.cpp:9695] Launching executor 'httpd.91fed1d3-72d4-11e9-b3bb-9e2c988ab79d' of framework 860d6178-b035-4997-94b4-ad0e1a2d9e15-0000 with resources [{"allocation_info":{"role":"*"},"name":"cpus","scalar":{"value":0.1},"type":"SCALAR"},{"allocation_info":{"role":"*"},"name":"mem","scalar":{"value":32.0},"type":"SCALAR"}] in work directory '/home/jouko/mesos_work_dir/slaves/860d6178-b035-4997-94b4-ad0e1a2d9e15-S0/frameworks/860d6178-b035-4997-94b4-ad0e1a2d9e15-0000/executors/httpd.91fed1d3-72d4-11e9-b3bb-9e2c988ab79d/runs/8f63daf4-f5f9-40d8-acf2-2c02b5ffc132'
I0509 22:34:52.438251  6796 slave.cpp:3080] Queued task 'httpd.91fed1d3-72d4-11e9-b3bb-9e2c988ab79d' for executor 'httpd.91fed1d3-72d4-11e9-b3bb-9e2c988ab79d' of framework 860d6178-b035-4997-94b4-ad0e1a2d9e15-0000
I0509 22:34:52.438755  6796 slave.cpp:3528] Launching container 8f63daf4-f5f9-40d8-acf2-2c02b5ffc132 for executor 'httpd.91fed1d3-72d4-11e9-b3bb-9e2c988ab79d' of framework 860d6178-b035-4997-94b4-ad0e1a2d9e15-0000
I0509 22:34:52.439498  6795 docker.cpp:1183] Starting container '8f63daf4-f5f9-40d8-acf2-2c02b5ffc132' for task 'httpd.91fed1d3-72d4-11e9-b3bb-9e2c988ab79d' (and executor 'httpd.91fed1d3-72d4-11e9-b3bb-9e2c988ab79d') of framework 860d6178-b035-4997-94b4-ad0e1a2d9e15-0000
I0509 22:34:52.545553  6792 docker.cpp:783] Checkpointing pid 7718 to '/home/jouko/mesos_work_dir/meta/slaves/860d6178-b035-4997-94b4-ad0e1a2d9e15-S0/frameworks/860d6178-b035-4997-94b4-ad0e1a2d9e15-0000/executors/httpd.91fed1d3-72d4-11e9-b3bb-9e2c988ab79d/runs/8f63daf4-f5f9-40d8-acf2-2c02b5ffc132/pids/forked.pid'
I0509 22:34:52.545920  6792 systemd.cpp:98] Assigned child process '7718' to 'mesos_executors.slice'
I0509 22:34:52.644199  6796 slave.cpp:5074] Got registration for executor 'httpd.91fed1d3-72d4-11e9-b3bb-9e2c988ab79d' of framework 860d6178-b035-4997-94b4-ad0e1a2d9e15-0000 from executor(1)@192.168.1.5:46849
I0509 22:34:52.646435  6794 docker.cpp:1691] Ignoring updating container 8f63daf4-f5f9-40d8-acf2-2c02b5ffc132 because resources passed to update are identical to existing resources
I0509 22:34:52.646798  6789 slave.cpp:3298] Sending queued task 'httpd.91fed1d3-72d4-11e9-b3bb-9e2c988ab79d' to executor 'httpd.91fed1d3-72d4-11e9-b3bb-9e2c988ab79d' of framework 860d6178-b035-4997-94b4-ad0e1a2d9e15-0000 at executor(1)@192.168.1.5:46849
I0509 22:34:52.654278  6795 slave.cpp:5545] Handling status update TASK_STARTING (Status UUID: 0819dbbd-78da-4c8b-a687-d03a7cd58fd9) for task httpd.91fed1d3-72d4-11e9-b3bb-9e2c988ab79d of framework 860d6178-b035-4997-94b4-ad0e1a2d9e15-0000 from executor(1)@192.168.1.5:46849
I0509 22:34:52.655109  6792 task_status_update_manager.cpp:328] Received task status update TASK_STARTING (Status UUID: 0819dbbd-78da-4c8b-a687-d03a7cd58fd9) for task httpd.91fed1d3-72d4-11e9-b3bb-9e2c988ab79d of framework 860d6178-b035-4997-94b4-ad0e1a2d9e15-0000
I0509 22:34:52.655690  6792 task_status_update_manager.cpp:842] Checkpointing UPDATE for task status update TASK_STARTING (Status UUID: 0819dbbd-78da-4c8b-a687-d03a7cd58fd9) for task httpd.91fed1d3-72d4-11e9-b3bb-9e2c988ab79d of framework 860d6178-b035-4997-94b4-ad0e1a2d9e15-0000
I0509 22:34:52.656085  6794 slave.cpp:6037] Forwarding the update TASK_STARTING (Status UUID: 0819dbbd-78da-4c8b-a687-d03a7cd58fd9) for task httpd.91fed1d3-72d4-11e9-b3bb-9e2c988ab79d of framework 860d6178-b035-4997-94b4-ad0e1a2d9e15-0000 to master@192.168.1.5:5050
I0509 22:34:52.656786  6794 slave.cpp:5946] Sending acknowledgement for status update TASK_STARTING (Status UUID: 0819dbbd-78da-4c8b-a687-d03a7cd58fd9) for task httpd.91fed1d3-72d4-11e9-b3bb-9e2c988ab79d of framework 860d6178-b035-4997-94b4-ad0e1a2d9e15-0000 to executor(1)@192.168.1.5:46849
I0509 22:34:52.686959  6791 task_status_update_manager.cpp:401] Received task status update acknowledgement (UUID: 0819dbbd-78da-4c8b-a687-d03a7cd58fd9) for task httpd.91fed1d3-72d4-11e9-b3bb-9e2c988ab79d of framework 860d6178-b035-4997-94b4-ad0e1a2d9e15-0000
I0509 22:34:52.687124  6791 task_status_update_manager.cpp:842] Checkpointing ACK for task status update TASK_STARTING (Status UUID: 0819dbbd-78da-4c8b-a687-d03a7cd58fd9) for task httpd.91fed1d3-72d4-11e9-b3bb-9e2c988ab79d of framework 860d6178-b035-4997-94b4-ad0e1a2d9e15-0000
I0509 22:34:57.745188  6794 slave.cpp:5545] Handling status update TASK_FAILED (Status UUID: d520ab9f-982f-4fd1-8135-8d9b6765cd61) for task httpd.91fed1d3-72d4-11e9-b3bb-9e2c988ab79d of framework 860d6178-b035-4997-94b4-ad0e1a2d9e15-0000 from executor(1)@192.168.1.5:46849
E0509 22:34:57.893749  6796 slave.cpp:5876] Failed to update resources for container 8f63daf4-f5f9-40d8-acf2-2c02b5ffc132 of executor 'httpd.91fed1d3-72d4-11e9-b3bb-9e2c988ab79d' running task httpd.91fed1d3-72d4-11e9-b3bb-9e2c988ab79d on status update for terminal task, destroying container: Failed to run 'docker -H unix:///var/run/docker.sock inspect --type=container mesos-8f63daf4-f5f9-40d8-acf2-2c02b5ffc132': exited with status 1; stderr='Error: No such container: mesos-8f63daf4-f5f9-40d8-acf2-2c02b5ffc132
'
I0509 22:34:57.894248  6790 docker.cpp:2328] Destroying container 8f63daf4-f5f9-40d8-acf2-2c02b5ffc132 in RUNNING state
I0509 22:34:57.894291  6790 docker.cpp:2333] Sending SIGTERM to executor with pid: 7718
I0509 22:34:57.894368  6793 task_status_update_manager.cpp:328] Received task status update TASK_FAILED (Status UUID: d520ab9f-982f-4fd1-8135-8d9b6765cd61) for task httpd.91fed1d3-72d4-11e9-b3bb-9e2c988ab79d of framework 860d6178-b035-4997-94b4-ad0e1a2d9e15-0000
I0509 22:34:57.894520  6793 task_status_update_manager.cpp:842] Checkpointing UPDATE for task status update TASK_FAILED (Status UUID: d520ab9f-982f-4fd1-8135-8d9b6765cd61) for task httpd.91fed1d3-72d4-11e9-b3bb-9e2c988ab79d of framework 860d6178-b035-4997-94b4-ad0e1a2d9e15-0000
I0509 22:34:57.895081  6789 slave.cpp:6037] Forwarding the update TASK_FAILED (Status UUID: d520ab9f-982f-4fd1-8135-8d9b6765cd61) for task httpd.91fed1d3-72d4-11e9-b3bb-9e2c988ab79d of framework 860d6178-b035-4997-94b4-ad0e1a2d9e15-0000 to master@192.168.1.5:5050
I0509 22:34:57.896245  6789 slave.cpp:5946] Sending acknowledgement for status update TASK_FAILED (Status UUID: d520ab9f-982f-4fd1-8135-8d9b6765cd61) for task httpd.91fed1d3-72d4-11e9-b3bb-9e2c988ab79d of framework 860d6178-b035-4997-94b4-ad0e1a2d9e15-0000 to executor(1)@192.168.1.5:46849
I0509 22:34:57.919565  6790 docker.cpp:2378] Running docker stop on container 8f63daf4-f5f9-40d8-acf2-2c02b5ffc132
I0509 22:34:57.921579  6796 task_status_update_manager.cpp:401] Received task status update acknowledgement (UUID: d520ab9f-982f-4fd1-8135-8d9b6765cd61) for task httpd.91fed1d3-72d4-11e9-b3bb-9e2c988ab79d of framework 860d6178-b035-4997-94b4-ad0e1a2d9e15-0000
I0509 22:34:57.921746  6796 task_status_update_manager.cpp:842] Checkpointing ACK for task status update TASK_FAILED (Status UUID: d520ab9f-982f-4fd1-8135-8d9b6765cd61) for task httpd.91fed1d3-72d4-11e9-b3bb-9e2c988ab79d of framework 860d6178-b035-4997-94b4-ad0e1a2d9e15-0000
I0509 22:34:57.922813  6789 gc.cpp:95] Scheduling '/home/jouko/mesos_work_dir/meta/slaves/860d6178-b035-4997-94b4-ad0e1a2d9e15-S0/frameworks/860d6178-b035-4997-94b4-ad0e1a2d9e15-0000/executors/httpd.91fed1d3-72d4-11e9-b3bb-9e2c988ab79d/runs/8f63daf4-f5f9-40d8-acf2-2c02b5ffc132/tasks/httpd.91fed1d3-72d4-11e9-b3bb-9e2c988ab79d' for gc 6.99993145018667days in the future
I0509 22:34:57.924043  6791 slave.cpp:6217] Got exited event for executor(1)@192.168.1.5:46849
I0509 22:34:57.994412  6795 docker.cpp:2557] Executor for container 8f63daf4-f5f9-40d8-acf2-2c02b5ffc132 has exited
I0509 22:34:58.101840  6792 slave.cpp:6613] Executor 'httpd.91fed1d3-72d4-11e9-b3bb-9e2c988ab79d' of framework 860d6178-b035-4997-94b4-ad0e1a2d9e15-0000 terminated with signal Terminated
I0509 22:34:58.101958  6792 slave.cpp:6711] Cleaning up executor 'httpd.91fed1d3-72d4-11e9-b3bb-9e2c988ab79d' of framework 860d6178-b035-4997-94b4-ad0e1a2d9e15-0000 at executor(1)@192.168.1.5:46849
I0509 22:34:58.102304  6794 gc.cpp:95] Scheduling '/home/jouko/mesos_work_dir/slaves/860d6178-b035-4997-94b4-ad0e1a2d9e15-S0/frameworks/860d6178-b035-4997-94b4-ad0e1a2d9e15-0000/executors/httpd.91fed1d3-72d4-11e9-b3bb-9e2c988ab79d/runs/8f63daf4-f5f9-40d8-acf2-2c02b5ffc132' for gc 6.99999881747556days in the future
I0509 22:34:58.102720  6793 gc.cpp:95] Scheduling '/home/jouko/mesos_work_dir/slaves/860d6178-b035-4997-94b4-ad0e1a2d9e15-S0/frameworks/860d6178-b035-4997-94b4-ad0e1a2d9e15-0000/executors/httpd.91fed1d3-72d4-11e9-b3bb-9e2c988ab79d' for gc 6.99999881276741days in the future
I0509 22:34:58.102861  6793 gc.cpp:95] Scheduling '/home/jouko/mesos_work_dir/meta/slaves/860d6178-b035-4997-94b4-ad0e1a2d9e15-S0/frameworks/860d6178-b035-4997-94b4-ad0e1a2d9e15-0000/executors/httpd.91fed1d3-72d4-11e9-b3bb-9e2c988ab79d/runs/8f63daf4-f5f9-40d8-acf2-2c02b5ffc132' for gc 6.99999881132148days in the future
I0509 22:34:58.102964  6793 gc.cpp:95] Scheduling '/home/jouko/mesos_work_dir/meta/slaves/860d6178-b035-4997-94b4-ad0e1a2d9e15-S0/frameworks/860d6178-b035-4997-94b4-ad0e1a2d9e15-0000/executors/httpd.91fed1d3-72d4-11e9-b3bb-9e2c988ab79d' for gc 6.99999881052148days in the future
I0509 22:34:58.103039  6792 slave.cpp:6840] Cleaning up framework 860d6178-b035-4997-94b4-ad0e1a2d9e15-0000
I0509 22:34:58.103183  6790 task_status_update_manager.cpp:289] Closing task status update streams for framework 860d6178-b035-4997-94b4-ad0e1a2d9e15-0000
I0509 22:34:58.103272  6795 gc.cpp:95] Scheduling '/home/jouko/mesos_work_dir/slaves/860d6178-b035-4997-94b4-ad0e1a2d9e15-S0/frameworks/860d6178-b035-4997-94b4-ad0e1a2d9e15-0000' for gc 6.99999880612148days in the future
I0509 22:34:58.103404  6795 gc.cpp:95] Scheduling '/home/jouko/mesos_work_dir/meta/slaves/860d6178-b035-4997-94b4-ad0e1a2d9e15-S0/frameworks/860d6178-b035-4997-94b4-ad0e1a2d9e15-0000' for gc 6.99999880531259days in the future
I0509 22:35:02.043794  6794 slave.cpp:2037] Got assigned task 'httpd.97fb6994-72d4-11e9-b3bb-9e2c988ab79d' for framework 860d6178-b035-4997-94b4-ad0e1a2d9e15-0000
I0509 22:35:02.043962  6796 gc.cpp:129] Unscheduling '/home/jouko/mesos_work_dir/slaves/860d6178-b035-4997-94b4-ad0e1a2d9e15-S0/frameworks/860d6178-b035-4997-94b4-ad0e1a2d9e15-0000' from gc
I0509 22:35:02.044148  6796 gc.cpp:129] Unscheduling '/home/jouko/mesos_work_dir/meta/slaves/860d6178-b035-4997-94b4-ad0e1a2d9e15-S0/frameworks/860d6178-b035-4997-94b4-ad0e1a2d9e15-0000' from gc
I0509 22:35:02.045946  6794 slave.cpp:2411] Authorizing task 'httpd.97fb6994-72d4-11e9-b3bb-9e2c988ab79d' for framework 860d6178-b035-4997-94b4-ad0e1a2d9e15-0000
I0509 22:35:02.048182  6794 slave.cpp:2854] Launching task 'httpd.97fb6994-72d4-11e9-b3bb-9e2c988ab79d' for framework 860d6178-b035-4997-94b4-ad0e1a2d9e15-0000
I0509 22:35:02.048295  6794 paths.cpp:801] Creating sandbox '/home/jouko/mesos_work_dir/slaves/860d6178-b035-4997-94b4-ad0e1a2d9e15-S0/frameworks/860d6178-b035-4997-94b4-ad0e1a2d9e15-0000/executors/httpd.97fb6994-72d4-11e9-b3bb-9e2c988ab79d/runs/6a2be2ae-74af-413d-9708-d8ca102d0b34' for user 'root'
I0509 22:35:02.049219  6794 paths.cpp:804] Creating sandbox '/home/jouko/mesos_work_dir/meta/slaves/860d6178-b035-4997-94b4-ad0e1a2d9e15-S0/frameworks/860d6178-b035-4997-94b4-ad0e1a2d9e15-0000/executors/httpd.97fb6994-72d4-11e9-b3bb-9e2c988ab79d/runs/6a2be2ae-74af-413d-9708-d8ca102d0b34'
I0509 22:35:02.049418  6794 slave.cpp:9695] Launching executor 'httpd.97fb6994-72d4-11e9-b3bb-9e2c988ab79d' of framework 860d6178-b035-4997-94b4-ad0e1a2d9e15-0000 with resources [{"allocation_info":{"role":"*"},"name":"cpus","scalar":{"value":0.1},"type":"SCALAR"},{"allocation_info":{"role":"*"},"name":"mem","scalar":{"value":32.0},"type":"SCALAR"}] in work directory '/home/jouko/mesos_work_dir/slaves/860d6178-b035-4997-94b4-ad0e1a2d9e15-S0/frameworks/860d6178-b035-4997-94b4-ad0e1a2d9e15-0000/executors/httpd.97fb6994-72d4-11e9-b3bb-9e2c988ab79d/runs/6a2be2ae-74af-413d-9708-d8ca102d0b34'
I0509 22:35:02.051131  6794 slave.cpp:3080] Queued task 'httpd.97fb6994-72d4-11e9-b3bb-9e2c988ab79d' for executor 'httpd.97fb6994-72d4-11e9-b3bb-9e2c988ab79d' of framework 860d6178-b035-4997-94b4-ad0e1a2d9e15-0000
I0509 22:35:02.051717  6794 slave.cpp:3528] Launching container 6a2be2ae-74af-413d-9708-d8ca102d0b34 for executor 'httpd.97fb6994-72d4-11e9-b3bb-9e2c988ab79d' of framework 860d6178-b035-4997-94b4-ad0e1a2d9e15-0000
I0509 22:35:02.052553  6793 docker.cpp:1183] Starting container '6a2be2ae-74af-413d-9708-d8ca102d0b34' for task 'httpd.97fb6994-72d4-11e9-b3bb-9e2c988ab79d' (and executor 'httpd.97fb6994-72d4-11e9-b3bb-9e2c988ab79d') of framework 860d6178-b035-4997-94b4-ad0e1a2d9e15-0000
I0509 22:35:02.244072  6790 docker.cpp:783] Checkpointing pid 7853 to '/home/jouko/mesos_work_dir/meta/slaves/860d6178-b035-4997-94b4-ad0e1a2d9e15-S0/frameworks/860d6178-b035-4997-94b4-ad0e1a2d9e15-0000/executors/httpd.97fb6994-72d4-11e9-b3bb-9e2c988ab79d/runs/6a2be2ae-74af-413d-9708-d8ca102d0b34/pids/forked.pid'
I0509 22:35:02.244670  6790 systemd.cpp:98] Assigned child process '7853' to 'mesos_executors.slice'
I0509 22:35:02.345919  6794 slave.cpp:5074] Got registration for executor 'httpd.97fb6994-72d4-11e9-b3bb-9e2c988ab79d' of framework 860d6178-b035-4997-94b4-ad0e1a2d9e15-0000 from executor(1)@192.168.1.5:41651
I0509 22:35:02.347995  6791 docker.cpp:1691] Ignoring updating container 6a2be2ae-74af-413d-9708-d8ca102d0b34 because resources passed to update are identical to existing resources
I0509 22:35:02.348393  6793 slave.cpp:3298] Sending queued task 'httpd.97fb6994-72d4-11e9-b3bb-9e2c988ab79d' to executor 'httpd.97fb6994-72d4-11e9-b3bb-9e2c988ab79d' of framework 860d6178-b035-4997-94b4-ad0e1a2d9e15-0000 at executor(1)@192.168.1.5:41651
I0509 22:35:02.355185  6789 slave.cpp:5545] Handling status update TASK_STARTING (Status UUID: c2ab7ed6-03c2-43dc-96e1-21b95bcf3dbd) for task httpd.97fb6994-72d4-11e9-b3bb-9e2c988ab79d of framework 860d6178-b035-4997-94b4-ad0e1a2d9e15-0000 from executor(1)@192.168.1.5:41651
I0509 22:35:02.356129  6790 task_status_update_manager.cpp:328] Received task status update TASK_STARTING (Status UUID: c2ab7ed6-03c2-43dc-96e1-21b95bcf3dbd) for task httpd.97fb6994-72d4-11e9-b3bb-9e2c988ab79d of framework 860d6178-b035-4997-94b4-ad0e1a2d9e15-0000
I0509 22:35:02.356837  6790 task_status_update_manager.cpp:842] Checkpointing UPDATE for task status update TASK_STARTING (Status UUID: c2ab7ed6-03c2-43dc-96e1-21b95bcf3dbd) for task httpd.97fb6994-72d4-11e9-b3bb-9e2c988ab79d of framework 860d6178-b035-4997-94b4-ad0e1a2d9e15-0000
I0509 22:35:02.357245  6791 slave.cpp:6037] Forwarding the update TASK_STARTING (Status UUID: c2ab7ed6-03c2-43dc-96e1-21b95bcf3dbd) for task httpd.97fb6994-72d4-11e9-b3bb-9e2c988ab79d of framework 860d6178-b035-4997-94b4-ad0e1a2d9e15-0000 to master@192.168.1.5:5050
I0509 22:35:02.357906  6791 slave.cpp:5946] Sending acknowledgement for status update TASK_STARTING (Status UUID: c2ab7ed6-03c2-43dc-96e1-21b95bcf3dbd) for task httpd.97fb6994-72d4-11e9-b3bb-9e2c988ab79d of framework 860d6178-b035-4997-94b4-ad0e1a2d9e15-0000 to executor(1)@192.168.1.5:41651
I0509 22:35:02.396167  6792 task_status_update_manager.cpp:401] Received task status update acknowledgement (UUID: c2ab7ed6-03c2-43dc-96e1-21b95bcf3dbd) for task httpd.97fb6994-72d4-11e9-b3bb-9e2c988ab79d of framework 860d6178-b035-4997-94b4-ad0e1a2d9e15-0000
I0509 22:35:02.396356  6792 task_status_update_manager.cpp:842] Checkpointing ACK for task status update TASK_STARTING (Status UUID: c2ab7ed6-03c2-43dc-96e1-21b95bcf3dbd) for task httpd.97fb6994-72d4-11e9-b3bb-9e2c988ab79d of framework 860d6178-b035-4997-94b4-ad0e1a2d9e15-0000
I0509 22:35:05.278316  6795 slave.cpp:3627] Asked to kill task httpd.97fb6994-72d4-11e9-b3bb-9e2c988ab79d of framework 860d6178-b035-4997-94b4-ad0e1a2d9e15-0000
I0509 22:35:07.448403  6792 slave.cpp:5545] Handling status update TASK_FAILED (Status UUID: 31cc0e32-52b8-4a02-b9c0-26ea632f187f) for task httpd.97fb6994-72d4-11e9-b3bb-9e2c988ab79d of framework 860d6178-b035-4997-94b4-ad0e1a2d9e15-0000 from executor(1)@192.168.1.5:41651
E0509 22:35:07.590095  6791 slave.cpp:5876] Failed to update resources for container 6a2be2ae-74af-413d-9708-d8ca102d0b34 of executor 'httpd.97fb6994-72d4-11e9-b3bb-9e2c988ab79d' running task httpd.97fb6994-72d4-11e9-b3bb-9e2c988ab79d on status update for terminal task, destroying container: Failed to run 'docker -H unix:///var/run/docker.sock inspect --type=container mesos-6a2be2ae-74af-413d-9708-d8ca102d0b34': exited with status 1; stderr='Error: No such container: mesos-6a2be2ae-74af-413d-9708-d8ca102d0b34
'
I0509 22:35:07.590529  6794 docker.cpp:2328] Destroying container 6a2be2ae-74af-413d-9708-d8ca102d0b34 in RUNNING state
I0509 22:35:07.590503  6790 task_status_update_manager.cpp:328] Received task status update TASK_FAILED (Status UUID: 31cc0e32-52b8-4a02-b9c0-26ea632f187f) for task httpd.97fb6994-72d4-11e9-b3bb-9e2c988ab79d of framework 860d6178-b035-4997-94b4-ad0e1a2d9e15-0000
I0509 22:35:07.590560  6794 docker.cpp:2333] Sending SIGTERM to executor with pid: 7853
I0509 22:35:07.590629  6790 task_status_update_manager.cpp:842] Checkpointing UPDATE for task status update TASK_FAILED (Status UUID: 31cc0e32-52b8-4a02-b9c0-26ea632f187f) for task httpd.97fb6994-72d4-11e9-b3bb-9e2c988ab79d of framework 860d6178-b035-4997-94b4-ad0e1a2d9e15-0000
I0509 22:35:07.591043  6789 slave.cpp:6037] Forwarding the update TASK_FAILED (Status UUID: 31cc0e32-52b8-4a02-b9c0-26ea632f187f) for task httpd.97fb6994-72d4-11e9-b3bb-9e2c988ab79d of framework 860d6178-b035-4997-94b4-ad0e1a2d9e15-0000 to master@192.168.1.5:5050
I0509 22:35:07.591959  6789 slave.cpp:5946] Sending acknowledgement for status update TASK_FAILED (Status UUID: 31cc0e32-52b8-4a02-b9c0-26ea632f187f) for task httpd.97fb6994-72d4-11e9-b3bb-9e2c988ab79d of framework 860d6178-b035-4997-94b4-ad0e1a2d9e15-0000 to executor(1)@192.168.1.5:41651
I0509 22:35:07.616464  6794 docker.cpp:2378] Running docker stop on container 6a2be2ae-74af-413d-9708-d8ca102d0b34
I0509 22:35:07.622609  6792 task_status_update_manager.cpp:401] Received task status update acknowledgement (UUID: 31cc0e32-52b8-4a02-b9c0-26ea632f187f) for task httpd.97fb6994-72d4-11e9-b3bb-9e2c988ab79d of framework 860d6178-b035-4997-94b4-ad0e1a2d9e15-0000
I0509 22:35:07.622763  6792 task_status_update_manager.cpp:842] Checkpointing ACK for task status update TASK_FAILED (Status UUID: 31cc0e32-52b8-4a02-b9c0-26ea632f187f) for task httpd.97fb6994-72d4-11e9-b3bb-9e2c988ab79d of framework 860d6178-b035-4997-94b4-ad0e1a2d9e15-0000
I0509 22:35:07.623529  6795 gc.cpp:95] Scheduling '/home/jouko/mesos_work_dir/meta/slaves/860d6178-b035-4997-94b4-ad0e1a2d9e15-S0/frameworks/860d6178-b035-4997-94b4-ad0e1a2d9e15-0000/executors/httpd.97fb6994-72d4-11e9-b3bb-9e2c988ab79d/runs/6a2be2ae-74af-413d-9708-d8ca102d0b34/tasks/httpd.97fb6994-72d4-11e9-b3bb-9e2c988ab79d' for gc 6.99993491376296days in the future
I0509 22:35:07.623567  6793 slave.cpp:6217] Got exited event for executor(1)@192.168.1.5:41651
I0509 22:35:07.690268  6796 docker.cpp:2557] Executor for container 6a2be2ae-74af-413d-9708-d8ca102d0b34 has exited
I0509 22:35:07.795717  6795 slave.cpp:6613] Executor 'httpd.97fb6994-72d4-11e9-b3bb-9e2c988ab79d' of framework 860d6178-b035-4997-94b4-ad0e1a2d9e15-0000 terminated with signal Terminated
I0509 22:35:07.795869  6795 slave.cpp:6711] Cleaning up executor 'httpd.97fb6994-72d4-11e9-b3bb-9e2c988ab79d' of framework 860d6178-b035-4997-94b4-ad0e1a2d9e15-0000 at executor(1)@192.168.1.5:41651
I0509 22:35:07.796272  6794 gc.cpp:95] Scheduling '/home/jouko/mesos_work_dir/slaves/860d6178-b035-4997-94b4-ad0e1a2d9e15-S0/frameworks/860d6178-b035-4997-94b4-ad0e1a2d9e15-0000/executors/httpd.97fb6994-72d4-11e9-b3bb-9e2c988ab79d/runs/6a2be2ae-74af-413d-9708-d8ca102d0b34' for gc 6.99999078571852days in the future
I0509 22:35:07.796674  6789 gc.cpp:95] Scheduling '/home/jouko/mesos_work_dir/slaves/860d6178-b035-4997-94b4-ad0e1a2d9e15-S0/frameworks/860d6178-b035-4997-94b4-ad0e1a2d9e15-0000/executors/httpd.97fb6994-72d4-11e9-b3bb-9e2c988ab79d' for gc 6.99999078083259days in the future
I0509 22:35:07.796828  6789 gc.cpp:95] Scheduling '/home/jouko/mesos_work_dir/meta/slaves/860d6178-b035-4997-94b4-ad0e1a2d9e15-S0/frameworks/860d6178-b035-4997-94b4-ad0e1a2d9e15-0000/executors/httpd.97fb6994-72d4-11e9-b3bb-9e2c988ab79d/runs/6a2be2ae-74af-413d-9708-d8ca102d0b34' for gc 6.99999077929481days in the future
I0509 22:35:07.796945  6789 gc.cpp:95] Scheduling '/home/jouko/mesos_work_dir/meta/slaves/860d6178-b035-4997-94b4-ad0e1a2d9e15-S0/frameworks/860d6178-b035-4997-94b4-ad0e1a2d9e15-0000/executors/httpd.97fb6994-72d4-11e9-b3bb-9e2c988ab79d' for gc 6.99999077843852days in the future
I0509 22:35:07.797055  6795 slave.cpp:6840] Cleaning up framework 860d6178-b035-4997-94b4-ad0e1a2d9e15-0000
I0509 22:35:07.797209  6793 task_status_update_manager.cpp:289] Closing task status update streams for framework 860d6178-b035-4997-94b4-ad0e1a2d9e15-0000
I0509 22:35:07.797287  6796 gc.cpp:95] Scheduling '/home/jouko/mesos_work_dir/slaves/860d6178-b035-4997-94b4-ad0e1a2d9e15-S0/frameworks/860d6178-b035-4997-94b4-ad0e1a2d9e15-0000' for gc 6.99999077335407days in the future
I0509 22:35:07.797493  6796 gc.cpp:95] Scheduling '/home/jouko/mesos_work_dir/meta/slaves/860d6178-b035-4997-94b4-ad0e1a2d9e15-S0/frameworks/860d6178-b035-4997-94b4-ad0e1a2d9e15-0000' for gc 6.99999077244148days in the future
I0509 22:35:12.786154  6789 slave.cpp:7148] Current disk usage 27.71%. Max allowed age: 4.360284464039618days
I0509 22:36:12.787060  6790 slave.cpp:7148] Current disk usage 27.71%. Max allowed age: 4.360276880965880days
I0509 22:37:12.788494  6796 slave.cpp:7148] Current disk usage 27.71%. Max allowed age: 4.360271592258044days
I0509 22:38:12.790227  6793 slave.cpp:7148] Current disk usage 27.71%. Max allowed age: 4.360271125607349days
