I0515 11:11:37.102156 29511 master.cpp:12279] Removing offer df64220e-eb34-4b8d-b82a-35688b767e6b-O8
I0515 11:11:46.020623 29509 http.cpp:1105] HTTP GET for /master/state?jsonp=angular.callbacks._a from 127.0.0.1:37136 with User-Agent='Mozilla/5.0 (X11; Ubuntu; Linux x86_64; rv:66.0) Gecko/20100101 Firefox/66.0'
I0515 11:11:46.023347 29513 http.cpp:1122] HTTP GET for /master/state?jsonp=angular.callbacks._a from 127.0.0.1:37136: '200 OK' after 4.4393ms
I0515 11:11:52.117285 29513 master.cpp:9417] Performing explicit task state reconciliation for 1 tasks of framework df64220e-eb34-4b8d-b82a-35688b767e6b-0000 (marathon) at scheduler-5e781075-ed89-4843-b952-ab0cd90cee74@192.168.1.5:39867
I0515 11:11:56.033936 29516 http.cpp:1105] HTTP GET for /master/state?jsonp=angular.callbacks._d from 127.0.0.1:37136 with User-Agent='Mozilla/5.0 (X11; Ubuntu; Linux x86_64; rv:66.0) Gecko/20100101 Firefox/66.0'
I0515 11:11:56.039028 29514 http.cpp:1122] HTTP GET for /master/state?jsonp=angular.callbacks._d from 127.0.0.1:37136: '200 OK' after 8.09011ms
I0515 11:12:06.055402 29512 http.cpp:1105] HTTP GET for /master/state?jsonp=angular.callbacks._g from 127.0.0.1:37136 with User-Agent='Mozilla/5.0 (X11; Ubuntu; Linux x86_64; rv:66.0) Gecko/20100101 Firefox/66.0'
I0515 11:12:06.059082 29515 http.cpp:1122] HTTP GET for /master/state?jsonp=angular.callbacks._g from 127.0.0.1:37136: '200 OK' after 6.31424ms
I0515 11:12:07.138509 29512 master.cpp:9417] Performing explicit task state reconciliation for 1 tasks of framework df64220e-eb34-4b8d-b82a-35688b767e6b-0000 (marathon) at scheduler-5e781075-ed89-4843-b952-ab0cd90cee74@192.168.1.5:39867
I0515 11:12:16.071909 29514 http.cpp:1105] HTTP GET for /master/state?jsonp=angular.callbacks._j from 127.0.0.1:37136 with User-Agent='Mozilla/5.0 (X11; Ubuntu; Linux x86_64; rv:66.0) Gecko/20100101 Firefox/66.0'
I0515 11:12:16.075759 29513 http.cpp:1122] HTTP GET for /master/state?jsonp=angular.callbacks._j from 127.0.0.1:37136: '200 OK' after 7.01107ms
I0515 11:12:22.158174 29515 master.cpp:9417] Performing explicit task state reconciliation for 1 tasks of framework df64220e-eb34-4b8d-b82a-35688b767e6b-0000 (marathon) at scheduler-5e781075-ed89-4843-b952-ab0cd90cee74@192.168.1.5:39867
I0515 11:12:26.088332 29516 http.cpp:1105] HTTP GET for /master/state?jsonp=angular.callbacks._m from 127.0.0.1:37136 with User-Agent='Mozilla/5.0 (X11; Ubuntu; Linux x86_64; rv:66.0) Gecko/20100101 Firefox/66.0'
I0515 11:12:26.091336 29512 http.cpp:1122] HTTP GET for /master/state?jsonp=angular.callbacks._m from 127.0.0.1:37136: '200 OK' after 6.02394ms
I0515 11:12:36.107012 29513 http.cpp:1105] HTTP GET for /master/state?jsonp=angular.callbacks._p from 127.0.0.1:37136 with User-Agent='Mozilla/5.0 (X11; Ubuntu; Linux x86_64; rv:66.0) Gecko/20100101 Firefox/66.0'
I0515 11:12:36.111228 29514 http.cpp:1122] HTTP GET for /master/state?jsonp=angular.callbacks._p from 127.0.0.1:37136: '200 OK' after 8.51302ms
I0515 11:12:37.178557 29515 master.cpp:9417] Performing explicit task state reconciliation for 1 tasks of framework df64220e-eb34-4b8d-b82a-35688b767e6b-0000 (marathon) at scheduler-5e781075-ed89-4843-b952-ab0cd90cee74@192.168.1.5:39867
I0515 11:12:46.123029 29510 http.cpp:1105] HTTP GET for /master/state?jsonp=angular.callbacks._s from 127.0.0.1:37136 with User-Agent='Mozilla/5.0 (X11; Ubuntu; Linux x86_64; rv:66.0) Gecko/20100101 Firefox/66.0'
I0515 11:12:46.125663 29514 http.cpp:1122] HTTP GET for /master/state?jsonp=angular.callbacks._s from 127.0.0.1:37136: '200 OK' after 4.53222ms
I0515 11:12:52.199838 29511 master.cpp:9417] Performing explicit task state reconciliation for 1 tasks of framework df64220e-eb34-4b8d-b82a-35688b767e6b-0000 (marathon) at scheduler-5e781075-ed89-4843-b952-ab0cd90cee74@192.168.1.5:39867
I0515 11:12:56.138918 29510 http.cpp:1105] HTTP GET for /master/state?jsonp=angular.callbacks._v from 127.0.0.1:37136 with User-Agent='Mozilla/5.0 (X11; Ubuntu; Linux x86_64; rv:66.0) Gecko/20100101 Firefox/66.0'
I0515 11:12:56.142215 29514 http.cpp:1122] HTTP GET for /master/state?jsonp=angular.callbacks._v from 127.0.0.1:37136: '200 OK' after 7.26374ms
I0515 11:13:06.154978 29516 http.cpp:1105] HTTP GET for /master/state?jsonp=angular.callbacks._y from 127.0.0.1:37136 with User-Agent='Mozilla/5.0 (X11; Ubuntu; Linux x86_64; rv:66.0) Gecko/20100101 Firefox/66.0'
I0515 11:13:06.161334 29510 http.cpp:1122] HTTP GET for /master/state?jsonp=angular.callbacks._y from 127.0.0.1:37136: '200 OK' after 10.7059ms
I0515 11:13:07.228639 29511 master.cpp:9417] Performing explicit task state reconciliation for 1 tasks of framework df64220e-eb34-4b8d-b82a-35688b767e6b-0000 (marathon) at scheduler-5e781075-ed89-4843-b952-ab0cd90cee74@192.168.1.5:39867
I0515 11:13:16.176024 29516 http.cpp:1105] HTTP GET for /master/state?jsonp=angular.callbacks._11 from 127.0.0.1:37136 with User-Agent='Mozilla/5.0 (X11; Ubuntu; Linux x86_64; rv:66.0) Gecko/20100101 Firefox/66.0'
I0515 11:13:16.179062 29511 http.cpp:1122] HTTP GET for /master/state?jsonp=angular.callbacks._11 from 127.0.0.1:37136: '200 OK' after 6.52416ms
I0515 11:13:21.439168 29513 master.cpp:8662] Status update TASK_FAILED (Status UUID: 37ea67da-07e3-4252-bcc7-2c1b06591da3) for task httpd.69550a5e-75b2-11e9-ba1c-426fd056c11c of framework 20e4d121-4a00-4fa4-87a8-95fc84c6335e-0000 from agent c8e59b09-da78-48e6-bdd2-9c3396b857b8-S0 at slave(1)@192.168.1.5:5051 (jouko-Gazelle-Professional)
W0515 11:13:21.439357 29513 master.cpp:8677] Received status update TASK_FAILED (Status UUID: 37ea67da-07e3-4252-bcc7-2c1b06591da3) for task httpd.69550a5e-75b2-11e9-ba1c-426fd056c11c of framework 20e4d121-4a00-4fa4-87a8-95fc84c6335e-0000 from agent c8e59b09-da78-48e6-bdd2-9c3396b857b8-S0 at slave(1)@192.168.1.5:5051 (jouko-Gazelle-Professional) for a disconnected framework
I0515 11:13:21.439553 29513 master.cpp:11631] Updating the state of task httpd.69550a5e-75b2-11e9-ba1c-426fd056c11c of framework 20e4d121-4a00-4fa4-87a8-95fc84c6335e-0000 (latest state: TASK_FAILED, status update state: TASK_FAILED)
I0515 11:13:21.442387 29509 master.cpp:8662] Status update TASK_FAILED (Status UUID: 0550c395-2104-43ea-86df-ee933f9a9128) for task httpd.8b56ad7a-75b3-11e9-b18c-e6cbfc1c3ee9 of framework d24c421c-d71b-48cf-ac36-bad06b59829d-0000 from agent c8e59b09-da78-48e6-bdd2-9c3396b857b8-S0 at slave(1)@192.168.1.5:5051 (jouko-Gazelle-Professional)
W0515 11:13:21.442556 29509 master.cpp:8677] Received status update TASK_FAILED (Status UUID: 0550c395-2104-43ea-86df-ee933f9a9128) for task httpd.8b56ad7a-75b3-11e9-b18c-e6cbfc1c3ee9 of framework d24c421c-d71b-48cf-ac36-bad06b59829d-0000 from agent c8e59b09-da78-48e6-bdd2-9c3396b857b8-S0 at slave(1)@192.168.1.5:5051 (jouko-Gazelle-Professional) for a disconnected framework
I0515 11:13:21.442755 29509 master.cpp:11631] Updating the state of task httpd.8b56ad7a-75b3-11e9-b18c-e6cbfc1c3ee9 of framework d24c421c-d71b-48cf-ac36-bad06b59829d-0000 (latest state: TASK_FAILED, status update state: TASK_FAILED)
I0515 11:13:21.444869 29510 master.cpp:8662] Status update TASK_STARTING (Status UUID: d51c45a9-4f30-42c0-b836-4cdf43570463) for task httpd.b015673e-75af-11e9-8319-06d0e03ee117 of framework a02141ad-a172-44b5-8dd9-dc8a5687d41a-0000 from agent c8e59b09-da78-48e6-bdd2-9c3396b857b8-S0 at slave(1)@192.168.1.5:5051 (jouko-Gazelle-Professional)
W0515 11:13:21.445078 29510 master.cpp:8677] Received status update TASK_STARTING (Status UUID: d51c45a9-4f30-42c0-b836-4cdf43570463) for task httpd.b015673e-75af-11e9-8319-06d0e03ee117 of framework a02141ad-a172-44b5-8dd9-dc8a5687d41a-0000 from agent c8e59b09-da78-48e6-bdd2-9c3396b857b8-S0 at slave(1)@192.168.1.5:5051 (jouko-Gazelle-Professional) for a disconnected framework
I0515 11:13:21.445430 29510 master.cpp:11631] Updating the state of task httpd.b015673e-75af-11e9-8319-06d0e03ee117 of framework a02141ad-a172-44b5-8dd9-dc8a5687d41a-0000 (latest state: TASK_FAILED, status update state: TASK_STARTING)
I0515 11:13:22.248780 29512 master.cpp:9417] Performing explicit task state reconciliation for 1 tasks of framework df64220e-eb34-4b8d-b82a-35688b767e6b-0000 (marathon) at scheduler-5e781075-ed89-4843-b952-ab0cd90cee74@192.168.1.5:39867
I0515 11:13:26.192595 29511 http.cpp:1105] HTTP GET for /master/state?jsonp=angular.callbacks._14 from 127.0.0.1:37136 with User-Agent='Mozilla/5.0 (X11; Ubuntu; Linux x86_64; rv:66.0) Gecko/20100101 Firefox/66.0'
I0515 11:13:26.196347 29515 http.cpp:1122] HTTP GET for /master/state?jsonp=angular.callbacks._14 from 127.0.0.1:37136: '200 OK' after 8.25293ms
I0515 11:13:36.210870 29510 http.cpp:1105] HTTP GET for /master/state?jsonp=angular.callbacks._17 from 127.0.0.1:37136 with User-Agent='Mozilla/5.0 (X11; Ubuntu; Linux x86_64; rv:66.0) Gecko/20100101 Firefox/66.0'
I0515 11:13:36.216771 29512 http.cpp:1122] HTTP GET for /master/state?jsonp=angular.callbacks._17 from 127.0.0.1:37136: '200 OK' after 10.7528ms
I0515 11:13:37.269870 29516 master.cpp:9417] Performing explicit task state reconciliation for 1 tasks of framework df64220e-eb34-4b8d-b82a-35688b767e6b-0000 (marathon) at scheduler-5e781075-ed89-4843-b952-ab0cd90cee74@192.168.1.5:39867
I0515 11:13:37.381629 29509 master.cpp:10007] Sending offers [ df64220e-eb34-4b8d-b82a-35688b767e6b-O9 ] to framework df64220e-eb34-4b8d-b82a-35688b767e6b-0000 (marathon) at scheduler-5e781075-ed89-4843-b952-ab0cd90cee74@192.168.1.5:39867
I0515 11:13:37.390122 29511 master.cpp:6040] Processing DECLINE call for offers: [ df64220e-eb34-4b8d-b82a-35688b767e6b-O9 ] for framework df64220e-eb34-4b8d-b82a-35688b767e6b-0000 (marathon) at scheduler-5e781075-ed89-4843-b952-ab0cd90cee74@192.168.1.5:39867 with 120 seconds filter
I0515 11:13:37.390882 29511 master.cpp:12279] Removing offer df64220e-eb34-4b8d-b82a-35688b767e6b-O9
I0515 11:13:46.231861 29515 http.cpp:1105] HTTP GET for /master/state?jsonp=angular.callbacks._1a from 127.0.0.1:37136 with User-Agent='Mozilla/5.0 (X11; Ubuntu; Linux x86_64; rv:66.0) Gecko/20100101 Firefox/66.0'
I0515 11:13:46.236873 29516 http.cpp:1122] HTTP GET for /master/state?jsonp=angular.callbacks._1a from 127.0.0.1:37136: '200 OK' after 9.71494ms
I0515 11:13:52.409317 29510 master.cpp:9417] Performing explicit task state reconciliation for 1 tasks of framework df64220e-eb34-4b8d-b82a-35688b767e6b-0000 (marathon) at scheduler-5e781075-ed89-4843-b952-ab0cd90cee74@192.168.1.5:39867
I0515 11:13:56.251166 29512 http.cpp:1105] HTTP GET for /master/state?jsonp=angular.callbacks._1d from 127.0.0.1:37136 with User-Agent='Mozilla/5.0 (X11; Ubuntu; Linux x86_64; rv:66.0) Gecko/20100101 Firefox/66.0'
I0515 11:13:56.255689 29511 http.cpp:1122] HTTP GET for /master/state?jsonp=angular.callbacks._1d from 127.0.0.1:37136: '200 OK' after 9.33504ms
I0515 11:14:06.269234 29509 http.cpp:1105] HTTP GET for /master/state?jsonp=angular.callbacks._1g from 127.0.0.1:37136 with User-Agent='Mozilla/5.0 (X11; Ubuntu; Linux x86_64; rv:66.0) Gecko/20100101 Firefox/66.0'
I0515 11:14:06.275804 29516 http.cpp:1122] HTTP GET for /master/state?jsonp=angular.callbacks._1g from 127.0.0.1:37136: '200 OK' after 11.1818ms
I0515 11:14:07.429527 29512 master.cpp:9417] Performing explicit task state reconciliation for 1 tasks of framework df64220e-eb34-4b8d-b82a-35688b767e6b-0000 (marathon) at scheduler-5e781075-ed89-4843-b952-ab0cd90cee74@192.168.1.5:39867
I0515 11:14:16.288406 29514 http.cpp:1105] HTTP GET for /master/state?jsonp=angular.callbacks._1j from 127.0.0.1:37136 with User-Agent='Mozilla/5.0 (X11; Ubuntu; Linux x86_64; rv:66.0) Gecko/20100101 Firefox/66.0'
I0515 11:14:16.292723 29513 http.cpp:1122] HTTP GET for /master/state?jsonp=angular.callbacks._1j from 127.0.0.1:37136: '200 OK' after 7.71686ms
I0515 11:14:22.449589 29515 master.cpp:9417] Performing explicit task state reconciliation for 1 tasks of framework df64220e-eb34-4b8d-b82a-35688b767e6b-0000 (marathon) at scheduler-5e781075-ed89-4843-b952-ab0cd90cee74@192.168.1.5:39867
I0515 11:14:26.305610 29516 http.cpp:1105] HTTP GET for /master/state?jsonp=angular.callbacks._1m from 127.0.0.1:37136 with User-Agent='Mozilla/5.0 (X11; Ubuntu; Linux x86_64; rv:66.0) Gecko/20100101 Firefox/66.0'
I0515 11:14:26.311879 29511 http.cpp:1122] HTTP GET for /master/state?jsonp=angular.callbacks._1m from 127.0.0.1:37136: '200 OK' after 9.69011ms
I0515 11:14:36.327795 29509 http.cpp:1105] HTTP GET for /master/state?jsonp=angular.callbacks._1p from 127.0.0.1:37136 with User-Agent='Mozilla/5.0 (X11; Ubuntu; Linux x86_64; rv:66.0) Gecko/20100101 Firefox/66.0'
I0515 11:14:36.333727 29516 http.cpp:1122] HTTP GET for /master/state?jsonp=angular.callbacks._1p from 127.0.0.1:37136: '200 OK' after 10.9747ms
I0515 11:14:37.468777 29516 master.cpp:9417] Performing explicit task state reconciliation for 1 tasks of framework df64220e-eb34-4b8d-b82a-35688b767e6b-0000 (marathon) at scheduler-5e781075-ed89-4843-b952-ab0cd90cee74@192.168.1.5:39867
