W0513 14:06:57.207393  2808 task_status_update_manager.cpp:484] Resending task status update TASK_STARTING (Status UUID: d51c45a9-4f30-42c0-b836-4cdf43570463) for task httpd.b015673e-75af-11e9-8319-06d0e03ee117 of framework a02141ad-a172-44b5-8dd9-dc8a5687d41a-0000
I0513 14:06:57.207909  2805 slave.cpp:6037] Forwarding the update TASK_STARTING (Status UUID: d51c45a9-4f30-42c0-b836-4cdf43570463) for task httpd.b015673e-75af-11e9-8319-06d0e03ee117 of framework a02141ad-a172-44b5-8dd9-dc8a5687d41a-0000 to master@192.168.1.5:5050
I0513 14:07:04.431176  2806 slave.cpp:2037] Got assigned task 'httpd.4b711019-75b2-11e9-ba1c-426fd056c11c' for framework 20e4d121-4a00-4fa4-87a8-95fc84c6335e-0000
I0513 14:07:04.461374  2806 slave.cpp:2411] Authorizing task 'httpd.4b711019-75b2-11e9-ba1c-426fd056c11c' for framework 20e4d121-4a00-4fa4-87a8-95fc84c6335e-0000
I0513 14:07:04.463619  2806 slave.cpp:2854] Launching task 'httpd.4b711019-75b2-11e9-ba1c-426fd056c11c' for framework 20e4d121-4a00-4fa4-87a8-95fc84c6335e-0000
I0513 14:07:04.464504  2806 paths.cpp:801] Creating sandbox '/var/lib/mesos/agent/slaves/c8e59b09-da78-48e6-bdd2-9c3396b857b8-S0/frameworks/20e4d121-4a00-4fa4-87a8-95fc84c6335e-0000/executors/httpd.4b711019-75b2-11e9-ba1c-426fd056c11c/runs/04517d2b-f437-47d4-b7c5-443d2f303a81' for user 'root'
I0513 14:07:04.492084  2806 paths.cpp:804] Creating sandbox '/var/lib/mesos/agent/meta/slaves/c8e59b09-da78-48e6-bdd2-9c3396b857b8-S0/frameworks/20e4d121-4a00-4fa4-87a8-95fc84c6335e-0000/executors/httpd.4b711019-75b2-11e9-ba1c-426fd056c11c/runs/04517d2b-f437-47d4-b7c5-443d2f303a81'
I0513 14:07:04.492275  2806 slave.cpp:9695] Launching executor 'httpd.4b711019-75b2-11e9-ba1c-426fd056c11c' of framework 20e4d121-4a00-4fa4-87a8-95fc84c6335e-0000 with resources [{"allocation_info":{"role":"*"},"name":"cpus","scalar":{"value":0.1},"type":"SCALAR"},{"allocation_info":{"role":"*"},"name":"mem","scalar":{"value":32.0},"type":"SCALAR"}] in work directory '/var/lib/mesos/agent/slaves/c8e59b09-da78-48e6-bdd2-9c3396b857b8-S0/frameworks/20e4d121-4a00-4fa4-87a8-95fc84c6335e-0000/executors/httpd.4b711019-75b2-11e9-ba1c-426fd056c11c/runs/04517d2b-f437-47d4-b7c5-443d2f303a81'
I0513 14:07:04.494630  2806 slave.cpp:3080] Queued task 'httpd.4b711019-75b2-11e9-ba1c-426fd056c11c' for executor 'httpd.4b711019-75b2-11e9-ba1c-426fd056c11c' of framework 20e4d121-4a00-4fa4-87a8-95fc84c6335e-0000
I0513 14:07:04.512800  2806 slave.cpp:3528] Launching container 04517d2b-f437-47d4-b7c5-443d2f303a81 for executor 'httpd.4b711019-75b2-11e9-ba1c-426fd056c11c' of framework 20e4d121-4a00-4fa4-87a8-95fc84c6335e-0000
I0513 14:07:04.523587  2811 docker.cpp:1183] Starting container '04517d2b-f437-47d4-b7c5-443d2f303a81' for task 'httpd.4b711019-75b2-11e9-ba1c-426fd056c11c' (and executor 'httpd.4b711019-75b2-11e9-ba1c-426fd056c11c') of framework 20e4d121-4a00-4fa4-87a8-95fc84c6335e-0000
I0513 14:07:04.658046  2811 docker.cpp:783] Checkpointing pid 3168 to '/var/lib/mesos/agent/meta/slaves/c8e59b09-da78-48e6-bdd2-9c3396b857b8-S0/frameworks/20e4d121-4a00-4fa4-87a8-95fc84c6335e-0000/executors/httpd.4b711019-75b2-11e9-ba1c-426fd056c11c/runs/04517d2b-f437-47d4-b7c5-443d2f303a81/pids/forked.pid'
I0513 14:07:04.658569  2811 systemd.cpp:98] Assigned child process '3168' to 'mesos_executors.slice'
I0513 14:07:04.805205  2810 slave.cpp:5074] Got registration for executor 'httpd.4b711019-75b2-11e9-ba1c-426fd056c11c' of framework 20e4d121-4a00-4fa4-87a8-95fc84c6335e-0000 from executor(1)@192.168.1.5:45879
I0513 14:07:04.807906  2809 docker.cpp:1691] Ignoring updating container 04517d2b-f437-47d4-b7c5-443d2f303a81 because resources passed to update are identical to existing resources
I0513 14:07:04.808604  2806 slave.cpp:3298] Sending queued task 'httpd.4b711019-75b2-11e9-ba1c-426fd056c11c' to executor 'httpd.4b711019-75b2-11e9-ba1c-426fd056c11c' of framework 20e4d121-4a00-4fa4-87a8-95fc84c6335e-0000 at executor(1)@192.168.1.5:45879
I0513 14:07:04.814788  2808 slave.cpp:5545] Handling status update TASK_STARTING (Status UUID: 3980ce51-6e67-4b77-836d-5c17db07d29b) for task httpd.4b711019-75b2-11e9-ba1c-426fd056c11c of framework 20e4d121-4a00-4fa4-87a8-95fc84c6335e-0000 from executor(1)@192.168.1.5:45879
I0513 14:07:04.815733  2804 task_status_update_manager.cpp:328] Received task status update TASK_STARTING (Status UUID: 3980ce51-6e67-4b77-836d-5c17db07d29b) for task httpd.4b711019-75b2-11e9-ba1c-426fd056c11c of framework 20e4d121-4a00-4fa4-87a8-95fc84c6335e-0000
I0513 14:07:04.816210  2804 task_status_update_manager.cpp:842] Checkpointing UPDATE for task status update TASK_STARTING (Status UUID: 3980ce51-6e67-4b77-836d-5c17db07d29b) for task httpd.4b711019-75b2-11e9-ba1c-426fd056c11c of framework 20e4d121-4a00-4fa4-87a8-95fc84c6335e-0000
I0513 14:07:04.816576  2809 slave.cpp:6037] Forwarding the update TASK_STARTING (Status UUID: 3980ce51-6e67-4b77-836d-5c17db07d29b) for task httpd.4b711019-75b2-11e9-ba1c-426fd056c11c of framework 20e4d121-4a00-4fa4-87a8-95fc84c6335e-0000 to master@192.168.1.5:5050
I0513 14:07:04.817276  2809 slave.cpp:5946] Sending acknowledgement for status update TASK_STARTING (Status UUID: 3980ce51-6e67-4b77-836d-5c17db07d29b) for task httpd.4b711019-75b2-11e9-ba1c-426fd056c11c of framework 20e4d121-4a00-4fa4-87a8-95fc84c6335e-0000 to executor(1)@192.168.1.5:45879
I0513 14:07:04.860816  2807 task_status_update_manager.cpp:401] Received task status update acknowledgement (UUID: 3980ce51-6e67-4b77-836d-5c17db07d29b) for task httpd.4b711019-75b2-11e9-ba1c-426fd056c11c of framework 20e4d121-4a00-4fa4-87a8-95fc84c6335e-0000
I0513 14:07:04.861006  2807 task_status_update_manager.cpp:842] Checkpointing ACK for task status update TASK_STARTING (Status UUID: 3980ce51-6e67-4b77-836d-5c17db07d29b) for task httpd.4b711019-75b2-11e9-ba1c-426fd056c11c of framework 20e4d121-4a00-4fa4-87a8-95fc84c6335e-0000
I0513 14:07:09.901219  2804 slave.cpp:5545] Handling status update TASK_FAILED (Status UUID: 8988c69b-cdc3-4120-b872-9e91c836f30f) for task httpd.4b711019-75b2-11e9-ba1c-426fd056c11c of framework 20e4d121-4a00-4fa4-87a8-95fc84c6335e-0000 from executor(1)@192.168.1.5:45879
E0513 14:07:10.006414  2806 slave.cpp:5876] Failed to update resources for container 04517d2b-f437-47d4-b7c5-443d2f303a81 of executor 'httpd.4b711019-75b2-11e9-ba1c-426fd056c11c' running task httpd.4b711019-75b2-11e9-ba1c-426fd056c11c on status update for terminal task, destroying container: Failed to run 'docker -H unix:///var/run/docker.sock inspect --type=container mesos-04517d2b-f437-47d4-b7c5-443d2f303a81': exited with status 1; stderr='Error: No such container: mesos-04517d2b-f437-47d4-b7c5-443d2f303a81
'
I0513 14:07:10.006700  2805 task_status_update_manager.cpp:328] Received task status update TASK_FAILED (Status UUID: 8988c69b-cdc3-4120-b872-9e91c836f30f) for task httpd.4b711019-75b2-11e9-ba1c-426fd056c11c of framework 20e4d121-4a00-4fa4-87a8-95fc84c6335e-0000
I0513 14:07:10.006731  2809 docker.cpp:2328] Destroying container 04517d2b-f437-47d4-b7c5-443d2f303a81 in RUNNING state
I0513 14:07:10.006783  2809 docker.cpp:2333] Sending SIGTERM to executor with pid: 3168
I0513 14:07:10.006784  2805 task_status_update_manager.cpp:842] Checkpointing UPDATE for task status update TASK_FAILED (Status UUID: 8988c69b-cdc3-4120-b872-9e91c836f30f) for task httpd.4b711019-75b2-11e9-ba1c-426fd056c11c of framework 20e4d121-4a00-4fa4-87a8-95fc84c6335e-0000
I0513 14:07:10.007102  2808 slave.cpp:6037] Forwarding the update TASK_FAILED (Status UUID: 8988c69b-cdc3-4120-b872-9e91c836f30f) for task httpd.4b711019-75b2-11e9-ba1c-426fd056c11c of framework 20e4d121-4a00-4fa4-87a8-95fc84c6335e-0000 to master@192.168.1.5:5050
I0513 14:07:10.007768  2808 slave.cpp:5946] Sending acknowledgement for status update TASK_FAILED (Status UUID: 8988c69b-cdc3-4120-b872-9e91c836f30f) for task httpd.4b711019-75b2-11e9-ba1c-426fd056c11c of framework 20e4d121-4a00-4fa4-87a8-95fc84c6335e-0000 to executor(1)@192.168.1.5:45879
I0513 14:07:10.049585  2810 task_status_update_manager.cpp:401] Received task status update acknowledgement (UUID: 8988c69b-cdc3-4120-b872-9e91c836f30f) for task httpd.4b711019-75b2-11e9-ba1c-426fd056c11c of framework 20e4d121-4a00-4fa4-87a8-95fc84c6335e-0000
I0513 14:07:10.049733  2810 task_status_update_manager.cpp:842] Checkpointing ACK for task status update TASK_FAILED (Status UUID: 8988c69b-cdc3-4120-b872-9e91c836f30f) for task httpd.4b711019-75b2-11e9-ba1c-426fd056c11c of framework 20e4d121-4a00-4fa4-87a8-95fc84c6335e-0000
I0513 14:07:10.050554  2807 gc.cpp:95] Scheduling '/var/lib/mesos/agent/meta/slaves/c8e59b09-da78-48e6-bdd2-9c3396b857b8-S0/frameworks/20e4d121-4a00-4fa4-87a8-95fc84c6335e-0000/executors/httpd.4b711019-75b2-11e9-ba1c-426fd056c11c/runs/04517d2b-f437-47d4-b7c5-443d2f303a81/tasks/httpd.4b711019-75b2-11e9-ba1c-426fd056c11c' for gc 6.99992997134222days in the future
I0513 14:07:10.263033  2809 docker.cpp:2378] Running docker stop on container 04517d2b-f437-47d4-b7c5-443d2f303a81
I0513 14:07:10.268286  2807 slave.cpp:6217] Got exited event for executor(1)@192.168.1.5:45879
I0513 14:07:10.308166  2808 docker.cpp:2557] Executor for container 04517d2b-f437-47d4-b7c5-443d2f303a81 has exited
I0513 14:07:10.413884  2807 slave.cpp:6613] Executor 'httpd.4b711019-75b2-11e9-ba1c-426fd056c11c' of framework 20e4d121-4a00-4fa4-87a8-95fc84c6335e-0000 terminated with signal Terminated
I0513 14:07:10.413986  2807 slave.cpp:6711] Cleaning up executor 'httpd.4b711019-75b2-11e9-ba1c-426fd056c11c' of framework 20e4d121-4a00-4fa4-87a8-95fc84c6335e-0000 at executor(1)@192.168.1.5:45879
I0513 14:07:10.414279  2805 gc.cpp:95] Scheduling '/var/lib/mesos/agent/slaves/c8e59b09-da78-48e6-bdd2-9c3396b857b8-S0/frameworks/20e4d121-4a00-4fa4-87a8-95fc84c6335e-0000/executors/httpd.4b711019-75b2-11e9-ba1c-426fd056c11c/runs/04517d2b-f437-47d4-b7c5-443d2f303a81' for gc 6.99999520660741days in the future
I0513 14:07:10.414525  2811 gc.cpp:95] Scheduling '/var/lib/mesos/agent/slaves/c8e59b09-da78-48e6-bdd2-9c3396b857b8-S0/frameworks/20e4d121-4a00-4fa4-87a8-95fc84c6335e-0000/executors/httpd.4b711019-75b2-11e9-ba1c-426fd056c11c' for gc 6.99999520327407days in the future
I0513 14:07:10.414604  2811 gc.cpp:95] Scheduling '/var/lib/mesos/agent/meta/slaves/c8e59b09-da78-48e6-bdd2-9c3396b857b8-S0/frameworks/20e4d121-4a00-4fa4-87a8-95fc84c6335e-0000/executors/httpd.4b711019-75b2-11e9-ba1c-426fd056c11c/runs/04517d2b-f437-47d4-b7c5-443d2f303a81' for gc 6.99999520245333days in the future
I0513 14:07:10.414665  2811 gc.cpp:95] Scheduling '/var/lib/mesos/agent/meta/slaves/c8e59b09-da78-48e6-bdd2-9c3396b857b8-S0/frameworks/20e4d121-4a00-4fa4-87a8-95fc84c6335e-0000/executors/httpd.4b711019-75b2-11e9-ba1c-426fd056c11c' for gc 6.99999520201481days in the future
I0513 14:07:10.414764  2807 slave.cpp:6840] Cleaning up framework 20e4d121-4a00-4fa4-87a8-95fc84c6335e-0000
I0513 14:07:10.414875  2810 task_status_update_manager.cpp:289] Closing task status update streams for framework 20e4d121-4a00-4fa4-87a8-95fc84c6335e-0000
I0513 14:07:10.414913  2808 gc.cpp:95] Scheduling '/var/lib/mesos/agent/slaves/c8e59b09-da78-48e6-bdd2-9c3396b857b8-S0/frameworks/20e4d121-4a00-4fa4-87a8-95fc84c6335e-0000' for gc 6.99999519856296days in the future
I0513 14:07:10.414994  2808 gc.cpp:95] Scheduling '/var/lib/mesos/agent/meta/slaves/c8e59b09-da78-48e6-bdd2-9c3396b857b8-S0/frameworks/20e4d121-4a00-4fa4-87a8-95fc84c6335e-0000' for gc 6.99999519789333days in the future
I0513 14:07:14.420711  2808 slave.cpp:2037] Got assigned task 'httpd.5163bcca-75b2-11e9-ba1c-426fd056c11c' for framework 20e4d121-4a00-4fa4-87a8-95fc84c6335e-0000
I0513 14:07:14.420924  2806 gc.cpp:129] Unscheduling '/var/lib/mesos/agent/slaves/c8e59b09-da78-48e6-bdd2-9c3396b857b8-S0/frameworks/20e4d121-4a00-4fa4-87a8-95fc84c6335e-0000' from gc
I0513 14:07:14.421231  2806 gc.cpp:129] Unscheduling '/var/lib/mesos/agent/meta/slaves/c8e59b09-da78-48e6-bdd2-9c3396b857b8-S0/frameworks/20e4d121-4a00-4fa4-87a8-95fc84c6335e-0000' from gc
I0513 14:07:14.422672  2808 slave.cpp:2411] Authorizing task 'httpd.5163bcca-75b2-11e9-ba1c-426fd056c11c' for framework 20e4d121-4a00-4fa4-87a8-95fc84c6335e-0000
I0513 14:07:14.424466  2808 slave.cpp:2854] Launching task 'httpd.5163bcca-75b2-11e9-ba1c-426fd056c11c' for framework 20e4d121-4a00-4fa4-87a8-95fc84c6335e-0000
I0513 14:07:14.425467  2808 paths.cpp:801] Creating sandbox '/var/lib/mesos/agent/slaves/c8e59b09-da78-48e6-bdd2-9c3396b857b8-S0/frameworks/20e4d121-4a00-4fa4-87a8-95fc84c6335e-0000/executors/httpd.5163bcca-75b2-11e9-ba1c-426fd056c11c/runs/b20fb31a-602b-4024-b68b-087ff2a9887f' for user 'root'
I0513 14:07:14.426252  2808 paths.cpp:804] Creating sandbox '/var/lib/mesos/agent/meta/slaves/c8e59b09-da78-48e6-bdd2-9c3396b857b8-S0/frameworks/20e4d121-4a00-4fa4-87a8-95fc84c6335e-0000/executors/httpd.5163bcca-75b2-11e9-ba1c-426fd056c11c/runs/b20fb31a-602b-4024-b68b-087ff2a9887f'
I0513 14:07:14.426380  2808 slave.cpp:9695] Launching executor 'httpd.5163bcca-75b2-11e9-ba1c-426fd056c11c' of framework 20e4d121-4a00-4fa4-87a8-95fc84c6335e-0000 with resources [{"allocation_info":{"role":"*"},"name":"cpus","scalar":{"value":0.1},"type":"SCALAR"},{"allocation_info":{"role":"*"},"name":"mem","scalar":{"value":32.0},"type":"SCALAR"}] in work directory '/var/lib/mesos/agent/slaves/c8e59b09-da78-48e6-bdd2-9c3396b857b8-S0/frameworks/20e4d121-4a00-4fa4-87a8-95fc84c6335e-0000/executors/httpd.5163bcca-75b2-11e9-ba1c-426fd056c11c/runs/b20fb31a-602b-4024-b68b-087ff2a9887f'
I0513 14:07:14.428195  2808 slave.cpp:3080] Queued task 'httpd.5163bcca-75b2-11e9-ba1c-426fd056c11c' for executor 'httpd.5163bcca-75b2-11e9-ba1c-426fd056c11c' of framework 20e4d121-4a00-4fa4-87a8-95fc84c6335e-0000
I0513 14:07:14.428788  2808 slave.cpp:3528] Launching container b20fb31a-602b-4024-b68b-087ff2a9887f for executor 'httpd.5163bcca-75b2-11e9-ba1c-426fd056c11c' of framework 20e4d121-4a00-4fa4-87a8-95fc84c6335e-0000
I0513 14:07:14.429546  2809 docker.cpp:1183] Starting container 'b20fb31a-602b-4024-b68b-087ff2a9887f' for task 'httpd.5163bcca-75b2-11e9-ba1c-426fd056c11c' (and executor 'httpd.5163bcca-75b2-11e9-ba1c-426fd056c11c') of framework 20e4d121-4a00-4fa4-87a8-95fc84c6335e-0000
I0513 14:07:14.540917  2811 docker.cpp:783] Checkpointing pid 3353 to '/var/lib/mesos/agent/meta/slaves/c8e59b09-da78-48e6-bdd2-9c3396b857b8-S0/frameworks/20e4d121-4a00-4fa4-87a8-95fc84c6335e-0000/executors/httpd.5163bcca-75b2-11e9-ba1c-426fd056c11c/runs/b20fb31a-602b-4024-b68b-087ff2a9887f/pids/forked.pid'
I0513 14:07:14.541234  2811 systemd.cpp:98] Assigned child process '3353' to 'mesos_executors.slice'
I0513 14:07:14.629581  2805 slave.cpp:5074] Got registration for executor 'httpd.5163bcca-75b2-11e9-ba1c-426fd056c11c' of framework 20e4d121-4a00-4fa4-87a8-95fc84c6335e-0000 from executor(1)@192.168.1.5:40101
I0513 14:07:14.631516  2810 docker.cpp:1691] Ignoring updating container b20fb31a-602b-4024-b68b-087ff2a9887f because resources passed to update are identical to existing resources
I0513 14:07:14.631917  2807 slave.cpp:3298] Sending queued task 'httpd.5163bcca-75b2-11e9-ba1c-426fd056c11c' to executor 'httpd.5163bcca-75b2-11e9-ba1c-426fd056c11c' of framework 20e4d121-4a00-4fa4-87a8-95fc84c6335e-0000 at executor(1)@192.168.1.5:40101
I0513 14:07:14.638911  2809 slave.cpp:5545] Handling status update TASK_STARTING (Status UUID: 24ed45a3-b8f6-4d8d-9e19-c5dda09e8af3) for task httpd.5163bcca-75b2-11e9-ba1c-426fd056c11c of framework 20e4d121-4a00-4fa4-87a8-95fc84c6335e-0000 from executor(1)@192.168.1.5:40101
I0513 14:07:14.639634  2804 task_status_update_manager.cpp:328] Received task status update TASK_STARTING (Status UUID: 24ed45a3-b8f6-4d8d-9e19-c5dda09e8af3) for task httpd.5163bcca-75b2-11e9-ba1c-426fd056c11c of framework 20e4d121-4a00-4fa4-87a8-95fc84c6335e-0000
I0513 14:07:14.640123  2804 task_status_update_manager.cpp:842] Checkpointing UPDATE for task status update TASK_STARTING (Status UUID: 24ed45a3-b8f6-4d8d-9e19-c5dda09e8af3) for task httpd.5163bcca-75b2-11e9-ba1c-426fd056c11c of framework 20e4d121-4a00-4fa4-87a8-95fc84c6335e-0000
I0513 14:07:14.640444  2810 slave.cpp:6037] Forwarding the update TASK_STARTING (Status UUID: 24ed45a3-b8f6-4d8d-9e19-c5dda09e8af3) for task httpd.5163bcca-75b2-11e9-ba1c-426fd056c11c of framework 20e4d121-4a00-4fa4-87a8-95fc84c6335e-0000 to master@192.168.1.5:5050
I0513 14:07:14.641062  2810 slave.cpp:5946] Sending acknowledgement for status update TASK_STARTING (Status UUID: 24ed45a3-b8f6-4d8d-9e19-c5dda09e8af3) for task httpd.5163bcca-75b2-11e9-ba1c-426fd056c11c of framework 20e4d121-4a00-4fa4-87a8-95fc84c6335e-0000 to executor(1)@192.168.1.5:40101
I0513 14:07:14.880764  2804 task_status_update_manager.cpp:401] Received task status update acknowledgement (UUID: 24ed45a3-b8f6-4d8d-9e19-c5dda09e8af3) for task httpd.5163bcca-75b2-11e9-ba1c-426fd056c11c of framework 20e4d121-4a00-4fa4-87a8-95fc84c6335e-0000
I0513 14:07:14.880911  2804 task_status_update_manager.cpp:842] Checkpointing ACK for task status update TASK_STARTING (Status UUID: 24ed45a3-b8f6-4d8d-9e19-c5dda09e8af3) for task httpd.5163bcca-75b2-11e9-ba1c-426fd056c11c of framework 20e4d121-4a00-4fa4-87a8-95fc84c6335e-0000
I0513 14:07:19.726862  2806 slave.cpp:5545] Handling status update TASK_FAILED (Status UUID: 84907c12-50a5-4780-a2d3-0a0a8466dad6) for task httpd.5163bcca-75b2-11e9-ba1c-426fd056c11c of framework 20e4d121-4a00-4fa4-87a8-95fc84c6335e-0000 from executor(1)@192.168.1.5:40101
E0513 14:07:19.875692  2810 slave.cpp:5876] Failed to update resources for container b20fb31a-602b-4024-b68b-087ff2a9887f of executor 'httpd.5163bcca-75b2-11e9-ba1c-426fd056c11c' running task httpd.5163bcca-75b2-11e9-ba1c-426fd056c11c on status update for terminal task, destroying container: Failed to run 'docker -H unix:///var/run/docker.sock inspect --type=container mesos-b20fb31a-602b-4024-b68b-087ff2a9887f': exited with status 1; stderr='Error: No such container: mesos-b20fb31a-602b-4024-b68b-087ff2a9887f
'
I0513 14:07:19.876009  2807 docker.cpp:2328] Destroying container b20fb31a-602b-4024-b68b-087ff2a9887f in RUNNING state
I0513 14:07:19.876060  2807 docker.cpp:2333] Sending SIGTERM to executor with pid: 3353
I0513 14:07:19.876197  2805 task_status_update_manager.cpp:328] Received task status update TASK_FAILED (Status UUID: 84907c12-50a5-4780-a2d3-0a0a8466dad6) for task httpd.5163bcca-75b2-11e9-ba1c-426fd056c11c of framework 20e4d121-4a00-4fa4-87a8-95fc84c6335e-0000
I0513 14:07:19.876371  2805 task_status_update_manager.cpp:842] Checkpointing UPDATE for task status update TASK_FAILED (Status UUID: 84907c12-50a5-4780-a2d3-0a0a8466dad6) for task httpd.5163bcca-75b2-11e9-ba1c-426fd056c11c of framework 20e4d121-4a00-4fa4-87a8-95fc84c6335e-0000
I0513 14:07:19.877017  2811 slave.cpp:6037] Forwarding the update TASK_FAILED (Status UUID: 84907c12-50a5-4780-a2d3-0a0a8466dad6) for task httpd.5163bcca-75b2-11e9-ba1c-426fd056c11c of framework 20e4d121-4a00-4fa4-87a8-95fc84c6335e-0000 to master@192.168.1.5:5050
I0513 14:07:19.877804  2811 slave.cpp:5946] Sending acknowledgement for status update TASK_FAILED (Status UUID: 84907c12-50a5-4780-a2d3-0a0a8466dad6) for task httpd.5163bcca-75b2-11e9-ba1c-426fd056c11c of framework 20e4d121-4a00-4fa4-87a8-95fc84c6335e-0000 to executor(1)@192.168.1.5:40101
I0513 14:07:19.898638  2807 docker.cpp:2378] Running docker stop on container b20fb31a-602b-4024-b68b-087ff2a9887f
I0513 14:07:19.903345  2809 slave.cpp:6217] Got exited event for executor(1)@192.168.1.5:40101
I0513 14:07:19.929445  2808 task_status_update_manager.cpp:401] Received task status update acknowledgement (UUID: 84907c12-50a5-4780-a2d3-0a0a8466dad6) for task httpd.5163bcca-75b2-11e9-ba1c-426fd056c11c of framework 20e4d121-4a00-4fa4-87a8-95fc84c6335e-0000
I0513 14:07:19.929600  2808 task_status_update_manager.cpp:842] Checkpointing ACK for task status update TASK_FAILED (Status UUID: 84907c12-50a5-4780-a2d3-0a0a8466dad6) for task httpd.5163bcca-75b2-11e9-ba1c-426fd056c11c of framework 20e4d121-4a00-4fa4-87a8-95fc84c6335e-0000
I0513 14:07:19.930678  2807 gc.cpp:95] Scheduling '/var/lib/mesos/agent/meta/slaves/c8e59b09-da78-48e6-bdd2-9c3396b857b8-S0/frameworks/20e4d121-4a00-4fa4-87a8-95fc84c6335e-0000/executors/httpd.5163bcca-75b2-11e9-ba1c-426fd056c11c/runs/b20fb31a-602b-4024-b68b-087ff2a9887f/tasks/httpd.5163bcca-75b2-11e9-ba1c-426fd056c11c' for gc 6.99993135907259days in the future
I0513 14:07:19.976622  2810 docker.cpp:2557] Executor for container b20fb31a-602b-4024-b68b-087ff2a9887f has exited
I0513 14:07:20.080567  2810 slave.cpp:6613] Executor 'httpd.5163bcca-75b2-11e9-ba1c-426fd056c11c' of framework 20e4d121-4a00-4fa4-87a8-95fc84c6335e-0000 terminated with signal Terminated
I0513 14:07:20.080651  2810 slave.cpp:6711] Cleaning up executor 'httpd.5163bcca-75b2-11e9-ba1c-426fd056c11c' of framework 20e4d121-4a00-4fa4-87a8-95fc84c6335e-0000 at executor(1)@192.168.1.5:40101
I0513 14:07:20.080889  2806 gc.cpp:95] Scheduling '/var/lib/mesos/agent/slaves/c8e59b09-da78-48e6-bdd2-9c3396b857b8-S0/frameworks/20e4d121-4a00-4fa4-87a8-95fc84c6335e-0000/executors/httpd.5163bcca-75b2-11e9-ba1c-426fd056c11c/runs/b20fb31a-602b-4024-b68b-087ff2a9887f' for gc 6.99999906479111days in the future
I0513 14:07:20.081120  2808 gc.cpp:95] Scheduling '/var/lib/mesos/agent/slaves/c8e59b09-da78-48e6-bdd2-9c3396b857b8-S0/frameworks/20e4d121-4a00-4fa4-87a8-95fc84c6335e-0000/executors/httpd.5163bcca-75b2-11e9-ba1c-426fd056c11c' for gc 6.9999990617363days in the future
I0513 14:07:20.081208  2808 gc.cpp:95] Scheduling '/var/lib/mesos/agent/meta/slaves/c8e59b09-da78-48e6-bdd2-9c3396b857b8-S0/frameworks/20e4d121-4a00-4fa4-87a8-95fc84c6335e-0000/executors/httpd.5163bcca-75b2-11e9-ba1c-426fd056c11c/runs/b20fb31a-602b-4024-b68b-087ff2a9887f' for gc 6.99999906074074days in the future
I0513 14:07:20.081284  2808 gc.cpp:95] Scheduling '/var/lib/mesos/agent/meta/slaves/c8e59b09-da78-48e6-bdd2-9c3396b857b8-S0/frameworks/20e4d121-4a00-4fa4-87a8-95fc84c6335e-0000/executors/httpd.5163bcca-75b2-11e9-ba1c-426fd056c11c' for gc 6.99999906009185days in the future
I0513 14:07:20.081439  2810 slave.cpp:6840] Cleaning up framework 20e4d121-4a00-4fa4-87a8-95fc84c6335e-0000
I0513 14:07:20.081508  2807 task_status_update_manager.cpp:289] Closing task status update streams for framework 20e4d121-4a00-4fa4-87a8-95fc84c6335e-0000
I0513 14:07:20.081542  2807 gc.cpp:95] Scheduling '/var/lib/mesos/agent/slaves/c8e59b09-da78-48e6-bdd2-9c3396b857b8-S0/frameworks/20e4d121-4a00-4fa4-87a8-95fc84c6335e-0000' for gc 6.99999905658667days in the future
I0513 14:07:20.081595  2807 gc.cpp:95] Scheduling '/var/lib/mesos/agent/meta/slaves/c8e59b09-da78-48e6-bdd2-9c3396b857b8-S0/frameworks/20e4d121-4a00-4fa4-87a8-95fc84c6335e-0000' for gc 6.99999905614519days in the future
I0513 14:07:24.245574  2806 slave.cpp:2037] Got assigned task 'httpd.5760a2ab-75b2-11e9-ba1c-426fd056c11c' for framework 20e4d121-4a00-4fa4-87a8-95fc84c6335e-0000
I0513 14:07:24.245723  2811 gc.cpp:129] Unscheduling '/var/lib/mesos/agent/slaves/c8e59b09-da78-48e6-bdd2-9c3396b857b8-S0/frameworks/20e4d121-4a00-4fa4-87a8-95fc84c6335e-0000' from gc
I0513 14:07:24.245880  2811 gc.cpp:129] Unscheduling '/var/lib/mesos/agent/meta/slaves/c8e59b09-da78-48e6-bdd2-9c3396b857b8-S0/frameworks/20e4d121-4a00-4fa4-87a8-95fc84c6335e-0000' from gc
I0513 14:07:24.247156  2806 slave.cpp:2411] Authorizing task 'httpd.5760a2ab-75b2-11e9-ba1c-426fd056c11c' for framework 20e4d121-4a00-4fa4-87a8-95fc84c6335e-0000
I0513 14:07:24.248842  2806 slave.cpp:2854] Launching task 'httpd.5760a2ab-75b2-11e9-ba1c-426fd056c11c' for framework 20e4d121-4a00-4fa4-87a8-95fc84c6335e-0000
I0513 14:07:24.248896  2806 paths.cpp:801] Creating sandbox '/var/lib/mesos/agent/slaves/c8e59b09-da78-48e6-bdd2-9c3396b857b8-S0/frameworks/20e4d121-4a00-4fa4-87a8-95fc84c6335e-0000/executors/httpd.5760a2ab-75b2-11e9-ba1c-426fd056c11c/runs/16521a8c-47fb-40a3-b5a5-e62dc3d9112b' for user 'root'
I0513 14:07:24.273885  2806 paths.cpp:804] Creating sandbox '/var/lib/mesos/agent/meta/slaves/c8e59b09-da78-48e6-bdd2-9c3396b857b8-S0/frameworks/20e4d121-4a00-4fa4-87a8-95fc84c6335e-0000/executors/httpd.5760a2ab-75b2-11e9-ba1c-426fd056c11c/runs/16521a8c-47fb-40a3-b5a5-e62dc3d9112b'
I0513 14:07:24.274044  2806 slave.cpp:9695] Launching executor 'httpd.5760a2ab-75b2-11e9-ba1c-426fd056c11c' of framework 20e4d121-4a00-4fa4-87a8-95fc84c6335e-0000 with resources [{"allocation_info":{"role":"*"},"name":"cpus","scalar":{"value":0.1},"type":"SCALAR"},{"allocation_info":{"role":"*"},"name":"mem","scalar":{"value":32.0},"type":"SCALAR"}] in work directory '/var/lib/mesos/agent/slaves/c8e59b09-da78-48e6-bdd2-9c3396b857b8-S0/frameworks/20e4d121-4a00-4fa4-87a8-95fc84c6335e-0000/executors/httpd.5760a2ab-75b2-11e9-ba1c-426fd056c11c/runs/16521a8c-47fb-40a3-b5a5-e62dc3d9112b'
I0513 14:07:24.278898  2806 slave.cpp:3080] Queued task 'httpd.5760a2ab-75b2-11e9-ba1c-426fd056c11c' for executor 'httpd.5760a2ab-75b2-11e9-ba1c-426fd056c11c' of framework 20e4d121-4a00-4fa4-87a8-95fc84c6335e-0000
I0513 14:07:24.279525  2806 slave.cpp:3528] Launching container 16521a8c-47fb-40a3-b5a5-e62dc3d9112b for executor 'httpd.5760a2ab-75b2-11e9-ba1c-426fd056c11c' of framework 20e4d121-4a00-4fa4-87a8-95fc84c6335e-0000
I0513 14:07:24.280417  2809 docker.cpp:1183] Starting container '16521a8c-47fb-40a3-b5a5-e62dc3d9112b' for task 'httpd.5760a2ab-75b2-11e9-ba1c-426fd056c11c' (and executor 'httpd.5760a2ab-75b2-11e9-ba1c-426fd056c11c') of framework 20e4d121-4a00-4fa4-87a8-95fc84c6335e-0000
I0513 14:07:24.417145  2811 docker.cpp:783] Checkpointing pid 3743 to '/var/lib/mesos/agent/meta/slaves/c8e59b09-da78-48e6-bdd2-9c3396b857b8-S0/frameworks/20e4d121-4a00-4fa4-87a8-95fc84c6335e-0000/executors/httpd.5760a2ab-75b2-11e9-ba1c-426fd056c11c/runs/16521a8c-47fb-40a3-b5a5-e62dc3d9112b/pids/forked.pid'
I0513 14:07:24.417665  2811 systemd.cpp:98] Assigned child process '3743' to 'mesos_executors.slice'
I0513 14:07:24.509366  2806 slave.cpp:5074] Got registration for executor 'httpd.5760a2ab-75b2-11e9-ba1c-426fd056c11c' of framework 20e4d121-4a00-4fa4-87a8-95fc84c6335e-0000 from executor(1)@192.168.1.5:45791
I0513 14:07:24.511353  2811 docker.cpp:1691] Ignoring updating container 16521a8c-47fb-40a3-b5a5-e62dc3d9112b because resources passed to update are identical to existing resources
I0513 14:07:24.511741  2807 slave.cpp:3298] Sending queued task 'httpd.5760a2ab-75b2-11e9-ba1c-426fd056c11c' to executor 'httpd.5760a2ab-75b2-11e9-ba1c-426fd056c11c' of framework 20e4d121-4a00-4fa4-87a8-95fc84c6335e-0000 at executor(1)@192.168.1.5:45791
I0513 14:07:24.519881  2804 slave.cpp:5545] Handling status update TASK_STARTING (Status UUID: 058a0620-546f-4808-9c13-ace66840800d) for task httpd.5760a2ab-75b2-11e9-ba1c-426fd056c11c of framework 20e4d121-4a00-4fa4-87a8-95fc84c6335e-0000 from executor(1)@192.168.1.5:45791
I0513 14:07:24.520671  2811 task_status_update_manager.cpp:328] Received task status update TASK_STARTING (Status UUID: 058a0620-546f-4808-9c13-ace66840800d) for task httpd.5760a2ab-75b2-11e9-ba1c-426fd056c11c of framework 20e4d121-4a00-4fa4-87a8-95fc84c6335e-0000
I0513 14:07:24.521091  2811 task_status_update_manager.cpp:842] Checkpointing UPDATE for task status update TASK_STARTING (Status UUID: 058a0620-546f-4808-9c13-ace66840800d) for task httpd.5760a2ab-75b2-11e9-ba1c-426fd056c11c of framework 20e4d121-4a00-4fa4-87a8-95fc84c6335e-0000
I0513 14:07:24.521400  2807 slave.cpp:6037] Forwarding the update TASK_STARTING (Status UUID: 058a0620-546f-4808-9c13-ace66840800d) for task httpd.5760a2ab-75b2-11e9-ba1c-426fd056c11c of framework 20e4d121-4a00-4fa4-87a8-95fc84c6335e-0000 to master@192.168.1.5:5050
I0513 14:07:24.521996  2807 slave.cpp:5946] Sending acknowledgement for status update TASK_STARTING (Status UUID: 058a0620-546f-4808-9c13-ace66840800d) for task httpd.5760a2ab-75b2-11e9-ba1c-426fd056c11c of framework 20e4d121-4a00-4fa4-87a8-95fc84c6335e-0000 to executor(1)@192.168.1.5:45791
I0513 14:07:24.559661  2805 task_status_update_manager.cpp:401] Received task status update acknowledgement (UUID: 058a0620-546f-4808-9c13-ace66840800d) for task httpd.5760a2ab-75b2-11e9-ba1c-426fd056c11c of framework 20e4d121-4a00-4fa4-87a8-95fc84c6335e-0000
I0513 14:07:24.559834  2805 task_status_update_manager.cpp:842] Checkpointing ACK for task status update TASK_STARTING (Status UUID: 058a0620-546f-4808-9c13-ace66840800d) for task httpd.5760a2ab-75b2-11e9-ba1c-426fd056c11c of framework 20e4d121-4a00-4fa4-87a8-95fc84c6335e-0000
I0513 14:07:29.607743  2807 slave.cpp:5545] Handling status update TASK_FAILED (Status UUID: 7dcb7b8f-97bd-47b6-9df8-552fbcb6bf5f) for task httpd.5760a2ab-75b2-11e9-ba1c-426fd056c11c of framework 20e4d121-4a00-4fa4-87a8-95fc84c6335e-0000 from executor(1)@192.168.1.5:45791
E0513 14:07:29.756199  2810 slave.cpp:5876] Failed to update resources for container 16521a8c-47fb-40a3-b5a5-e62dc3d9112b of executor 'httpd.5760a2ab-75b2-11e9-ba1c-426fd056c11c' running task httpd.5760a2ab-75b2-11e9-ba1c-426fd056c11c on status update for terminal task, destroying container: Failed to run 'docker -H unix:///var/run/docker.sock inspect --type=container mesos-16521a8c-47fb-40a3-b5a5-e62dc3d9112b': exited with status 1; stderr='Error: No such container: mesos-16521a8c-47fb-40a3-b5a5-e62dc3d9112b
'
I0513 14:07:29.756790  2806 docker.cpp:2328] Destroying container 16521a8c-47fb-40a3-b5a5-e62dc3d9112b in RUNNING state
I0513 14:07:29.756742  2811 task_status_update_manager.cpp:328] Received task status update TASK_FAILED (Status UUID: 7dcb7b8f-97bd-47b6-9df8-552fbcb6bf5f) for task httpd.5760a2ab-75b2-11e9-ba1c-426fd056c11c of framework 20e4d121-4a00-4fa4-87a8-95fc84c6335e-0000
I0513 14:07:29.756837  2806 docker.cpp:2333] Sending SIGTERM to executor with pid: 3743
I0513 14:07:29.756961  2811 task_status_update_manager.cpp:842] Checkpointing UPDATE for task status update TASK_FAILED (Status UUID: 7dcb7b8f-97bd-47b6-9df8-552fbcb6bf5f) for task httpd.5760a2ab-75b2-11e9-ba1c-426fd056c11c of framework 20e4d121-4a00-4fa4-87a8-95fc84c6335e-0000
I0513 14:07:29.757699  2809 slave.cpp:6037] Forwarding the update TASK_FAILED (Status UUID: 7dcb7b8f-97bd-47b6-9df8-552fbcb6bf5f) for task httpd.5760a2ab-75b2-11e9-ba1c-426fd056c11c of framework 20e4d121-4a00-4fa4-87a8-95fc84c6335e-0000 to master@192.168.1.5:5050
I0513 14:07:29.758924  2809 slave.cpp:5946] Sending acknowledgement for status update TASK_FAILED (Status UUID: 7dcb7b8f-97bd-47b6-9df8-552fbcb6bf5f) for task httpd.5760a2ab-75b2-11e9-ba1c-426fd056c11c of framework 20e4d121-4a00-4fa4-87a8-95fc84c6335e-0000 to executor(1)@192.168.1.5:45791
I0513 14:07:29.779955  2806 docker.cpp:2378] Running docker stop on container 16521a8c-47fb-40a3-b5a5-e62dc3d9112b
I0513 14:07:29.783361  2807 slave.cpp:6217] Got exited event for executor(1)@192.168.1.5:45791
I0513 14:07:29.791489  2805 task_status_update_manager.cpp:401] Received task status update acknowledgement (UUID: 7dcb7b8f-97bd-47b6-9df8-552fbcb6bf5f) for task httpd.5760a2ab-75b2-11e9-ba1c-426fd056c11c of framework 20e4d121-4a00-4fa4-87a8-95fc84c6335e-0000
I0513 14:07:29.791683  2805 task_status_update_manager.cpp:842] Checkpointing ACK for task status update TASK_FAILED (Status UUID: 7dcb7b8f-97bd-47b6-9df8-552fbcb6bf5f) for task httpd.5760a2ab-75b2-11e9-ba1c-426fd056c11c of framework 20e4d121-4a00-4fa4-87a8-95fc84c6335e-0000
I0513 14:07:29.792644  2806 gc.cpp:95] Scheduling '/var/lib/mesos/agent/meta/slaves/c8e59b09-da78-48e6-bdd2-9c3396b857b8-S0/frameworks/20e4d121-4a00-4fa4-87a8-95fc84c6335e-0000/executors/httpd.5760a2ab-75b2-11e9-ba1c-426fd056c11c/runs/16521a8c-47fb-40a3-b5a5-e62dc3d9112b/tasks/httpd.5760a2ab-75b2-11e9-ba1c-426fd056c11c' for gc 6.99993295644741days in the future
I0513 14:07:29.856454  2804 docker.cpp:2557] Executor for container 16521a8c-47fb-40a3-b5a5-e62dc3d9112b has exited
I0513 14:07:29.959699  2807 slave.cpp:6613] Executor 'httpd.5760a2ab-75b2-11e9-ba1c-426fd056c11c' of framework 20e4d121-4a00-4fa4-87a8-95fc84c6335e-0000 terminated with signal Terminated
I0513 14:07:29.959775  2807 slave.cpp:6711] Cleaning up executor 'httpd.5760a2ab-75b2-11e9-ba1c-426fd056c11c' of framework 20e4d121-4a00-4fa4-87a8-95fc84c6335e-0000 at executor(1)@192.168.1.5:45791
I0513 14:07:29.959982  2810 gc.cpp:95] Scheduling '/var/lib/mesos/agent/slaves/c8e59b09-da78-48e6-bdd2-9c3396b857b8-S0/frameworks/20e4d121-4a00-4fa4-87a8-95fc84c6335e-0000/executors/httpd.5760a2ab-75b2-11e9-ba1c-426fd056c11c/runs/16521a8c-47fb-40a3-b5a5-e62dc3d9112b' for gc 6.99998889012741days in the future
I0513 14:07:29.960237  2809 gc.cpp:95] Scheduling '/var/lib/mesos/agent/slaves/c8e59b09-da78-48e6-bdd2-9c3396b857b8-S0/frameworks/20e4d121-4a00-4fa4-87a8-95fc84c6335e-0000/executors/httpd.5760a2ab-75b2-11e9-ba1c-426fd056c11c' for gc 6.99998888734815days in the future
I0513 14:07:29.960306  2809 gc.cpp:95] Scheduling '/var/lib/mesos/agent/meta/slaves/c8e59b09-da78-48e6-bdd2-9c3396b857b8-S0/frameworks/20e4d121-4a00-4fa4-87a8-95fc84c6335e-0000/executors/httpd.5760a2ab-75b2-11e9-ba1c-426fd056c11c/runs/16521a8c-47fb-40a3-b5a5-e62dc3d9112b' for gc 6.99998888620444days in the future
I0513 14:07:29.960366  2809 gc.cpp:95] Scheduling '/var/lib/mesos/agent/meta/slaves/c8e59b09-da78-48e6-bdd2-9c3396b857b8-S0/frameworks/20e4d121-4a00-4fa4-87a8-95fc84c6335e-0000/executors/httpd.5760a2ab-75b2-11e9-ba1c-426fd056c11c' for gc 6.99998888582222days in the future
I0513 14:07:29.960451  2807 slave.cpp:6840] Cleaning up framework 20e4d121-4a00-4fa4-87a8-95fc84c6335e-0000
I0513 14:07:29.960537  2806 task_status_update_manager.cpp:289] Closing task status update streams for framework 20e4d121-4a00-4fa4-87a8-95fc84c6335e-0000
I0513 14:07:29.960573  2804 gc.cpp:95] Scheduling '/var/lib/mesos/agent/slaves/c8e59b09-da78-48e6-bdd2-9c3396b857b8-S0/frameworks/20e4d121-4a00-4fa4-87a8-95fc84c6335e-0000' for gc 6.99998888277926days in the future
I0513 14:07:29.960639  2804 gc.cpp:95] Scheduling '/var/lib/mesos/agent/meta/slaves/c8e59b09-da78-48e6-bdd2-9c3396b857b8-S0/frameworks/20e4d121-4a00-4fa4-87a8-95fc84c6335e-0000' for gc 6.99998888227852days in the future
I0513 14:07:34.296749  2809 slave.cpp:2037] Got assigned task 'httpd.5d5bdadc-75b2-11e9-ba1c-426fd056c11c' for framework 20e4d121-4a00-4fa4-87a8-95fc84c6335e-0000
I0513 14:07:34.296893  2807 gc.cpp:129] Unscheduling '/var/lib/mesos/agent/slaves/c8e59b09-da78-48e6-bdd2-9c3396b857b8-S0/frameworks/20e4d121-4a00-4fa4-87a8-95fc84c6335e-0000' from gc
I0513 14:07:34.297097  2807 gc.cpp:129] Unscheduling '/var/lib/mesos/agent/meta/slaves/c8e59b09-da78-48e6-bdd2-9c3396b857b8-S0/frameworks/20e4d121-4a00-4fa4-87a8-95fc84c6335e-0000' from gc
I0513 14:07:34.299051  2809 slave.cpp:2411] Authorizing task 'httpd.5d5bdadc-75b2-11e9-ba1c-426fd056c11c' for framework 20e4d121-4a00-4fa4-87a8-95fc84c6335e-0000
I0513 14:07:34.301287  2809 slave.cpp:2854] Launching task 'httpd.5d5bdadc-75b2-11e9-ba1c-426fd056c11c' for framework 20e4d121-4a00-4fa4-87a8-95fc84c6335e-0000
I0513 14:07:34.302186  2809 paths.cpp:801] Creating sandbox '/var/lib/mesos/agent/slaves/c8e59b09-da78-48e6-bdd2-9c3396b857b8-S0/frameworks/20e4d121-4a00-4fa4-87a8-95fc84c6335e-0000/executors/httpd.5d5bdadc-75b2-11e9-ba1c-426fd056c11c/runs/3ccbb1a3-17e2-4ecf-8634-1bc82eb52ac8' for user 'root'
I0513 14:07:34.302825  2809 paths.cpp:804] Creating sandbox '/var/lib/mesos/agent/meta/slaves/c8e59b09-da78-48e6-bdd2-9c3396b857b8-S0/frameworks/20e4d121-4a00-4fa4-87a8-95fc84c6335e-0000/executors/httpd.5d5bdadc-75b2-11e9-ba1c-426fd056c11c/runs/3ccbb1a3-17e2-4ecf-8634-1bc82eb52ac8'
I0513 14:07:34.302969  2809 slave.cpp:9695] Launching executor 'httpd.5d5bdadc-75b2-11e9-ba1c-426fd056c11c' of framework 20e4d121-4a00-4fa4-87a8-95fc84c6335e-0000 with resources [{"allocation_info":{"role":"*"},"name":"cpus","scalar":{"value":0.1},"type":"SCALAR"},{"allocation_info":{"role":"*"},"name":"mem","scalar":{"value":32.0},"type":"SCALAR"}] in work directory '/var/lib/mesos/agent/slaves/c8e59b09-da78-48e6-bdd2-9c3396b857b8-S0/frameworks/20e4d121-4a00-4fa4-87a8-95fc84c6335e-0000/executors/httpd.5d5bdadc-75b2-11e9-ba1c-426fd056c11c/runs/3ccbb1a3-17e2-4ecf-8634-1bc82eb52ac8'
I0513 14:07:34.304353  2809 slave.cpp:3080] Queued task 'httpd.5d5bdadc-75b2-11e9-ba1c-426fd056c11c' for executor 'httpd.5d5bdadc-75b2-11e9-ba1c-426fd056c11c' of framework 20e4d121-4a00-4fa4-87a8-95fc84c6335e-0000
I0513 14:07:34.304823  2809 slave.cpp:3528] Launching container 3ccbb1a3-17e2-4ecf-8634-1bc82eb52ac8 for executor 'httpd.5d5bdadc-75b2-11e9-ba1c-426fd056c11c' of framework 20e4d121-4a00-4fa4-87a8-95fc84c6335e-0000
I0513 14:07:34.305516  2810 docker.cpp:1183] Starting container '3ccbb1a3-17e2-4ecf-8634-1bc82eb52ac8' for task 'httpd.5d5bdadc-75b2-11e9-ba1c-426fd056c11c' (and executor 'httpd.5d5bdadc-75b2-11e9-ba1c-426fd056c11c') of framework 20e4d121-4a00-4fa4-87a8-95fc84c6335e-0000
I0513 14:07:34.406911  2804 docker.cpp:783] Checkpointing pid 3935 to '/var/lib/mesos/agent/meta/slaves/c8e59b09-da78-48e6-bdd2-9c3396b857b8-S0/frameworks/20e4d121-4a00-4fa4-87a8-95fc84c6335e-0000/executors/httpd.5d5bdadc-75b2-11e9-ba1c-426fd056c11c/runs/3ccbb1a3-17e2-4ecf-8634-1bc82eb52ac8/pids/forked.pid'
I0513 14:07:34.407200  2804 systemd.cpp:98] Assigned child process '3935' to 'mesos_executors.slice'
I0513 14:07:34.503547  2810 slave.cpp:5074] Got registration for executor 'httpd.5d5bdadc-75b2-11e9-ba1c-426fd056c11c' of framework 20e4d121-4a00-4fa4-87a8-95fc84c6335e-0000 from executor(1)@192.168.1.5:37081
I0513 14:07:34.505872  2811 docker.cpp:1691] Ignoring updating container 3ccbb1a3-17e2-4ecf-8634-1bc82eb52ac8 because resources passed to update are identical to existing resources
I0513 14:07:34.506295  2807 slave.cpp:3298] Sending queued task 'httpd.5d5bdadc-75b2-11e9-ba1c-426fd056c11c' to executor 'httpd.5d5bdadc-75b2-11e9-ba1c-426fd056c11c' of framework 20e4d121-4a00-4fa4-87a8-95fc84c6335e-0000 at executor(1)@192.168.1.5:37081
I0513 14:07:34.514010  2805 slave.cpp:5545] Handling status update TASK_STARTING (Status UUID: bec6edb5-3331-41b3-8a79-a9ae8a6479c7) for task httpd.5d5bdadc-75b2-11e9-ba1c-426fd056c11c of framework 20e4d121-4a00-4fa4-87a8-95fc84c6335e-0000 from executor(1)@192.168.1.5:37081
I0513 14:07:34.514789  2804 task_status_update_manager.cpp:328] Received task status update TASK_STARTING (Status UUID: bec6edb5-3331-41b3-8a79-a9ae8a6479c7) for task httpd.5d5bdadc-75b2-11e9-ba1c-426fd056c11c of framework 20e4d121-4a00-4fa4-87a8-95fc84c6335e-0000
I0513 14:07:34.515416  2804 task_status_update_manager.cpp:842] Checkpointing UPDATE for task status update TASK_STARTING (Status UUID: bec6edb5-3331-41b3-8a79-a9ae8a6479c7) for task httpd.5d5bdadc-75b2-11e9-ba1c-426fd056c11c of framework 20e4d121-4a00-4fa4-87a8-95fc84c6335e-0000
I0513 14:07:34.515898  2811 slave.cpp:6037] Forwarding the update TASK_STARTING (Status UUID: bec6edb5-3331-41b3-8a79-a9ae8a6479c7) for task httpd.5d5bdadc-75b2-11e9-ba1c-426fd056c11c of framework 20e4d121-4a00-4fa4-87a8-95fc84c6335e-0000 to master@192.168.1.5:5050
I0513 14:07:34.516860  2811 slave.cpp:5946] Sending acknowledgement for status update TASK_STARTING (Status UUID: bec6edb5-3331-41b3-8a79-a9ae8a6479c7) for task httpd.5d5bdadc-75b2-11e9-ba1c-426fd056c11c of framework 20e4d121-4a00-4fa4-87a8-95fc84c6335e-0000 to executor(1)@192.168.1.5:37081
I0513 14:07:34.581198  2806 task_status_update_manager.cpp:401] Received task status update acknowledgement (UUID: bec6edb5-3331-41b3-8a79-a9ae8a6479c7) for task httpd.5d5bdadc-75b2-11e9-ba1c-426fd056c11c of framework 20e4d121-4a00-4fa4-87a8-95fc84c6335e-0000
I0513 14:07:34.581410  2806 task_status_update_manager.cpp:842] Checkpointing ACK for task status update TASK_STARTING (Status UUID: bec6edb5-3331-41b3-8a79-a9ae8a6479c7) for task httpd.5d5bdadc-75b2-11e9-ba1c-426fd056c11c of framework 20e4d121-4a00-4fa4-87a8-95fc84c6335e-0000
I0513 14:07:39.600136  2811 slave.cpp:5545] Handling status update TASK_FAILED (Status UUID: d53a7e01-e71c-42fb-8448-4055e8d32e91) for task httpd.5d5bdadc-75b2-11e9-ba1c-426fd056c11c of framework 20e4d121-4a00-4fa4-87a8-95fc84c6335e-0000 from executor(1)@192.168.1.5:37081
E0513 14:07:39.751739  2809 slave.cpp:5876] Failed to update resources for container 3ccbb1a3-17e2-4ecf-8634-1bc82eb52ac8 of executor 'httpd.5d5bdadc-75b2-11e9-ba1c-426fd056c11c' running task httpd.5d5bdadc-75b2-11e9-ba1c-426fd056c11c on status update for terminal task, destroying container: Failed to run 'docker -H unix:///var/run/docker.sock inspect --type=container mesos-3ccbb1a3-17e2-4ecf-8634-1bc82eb52ac8': exited with status 1; stderr='Error: No such container: mesos-3ccbb1a3-17e2-4ecf-8634-1bc82eb52ac8
'
I0513 14:07:39.752127  2805 docker.cpp:2328] Destroying container 3ccbb1a3-17e2-4ecf-8634-1bc82eb52ac8 in RUNNING state
I0513 14:07:39.752176  2805 docker.cpp:2333] Sending SIGTERM to executor with pid: 3935
I0513 14:07:39.752118  2804 task_status_update_manager.cpp:328] Received task status update TASK_FAILED (Status UUID: d53a7e01-e71c-42fb-8448-4055e8d32e91) for task httpd.5d5bdadc-75b2-11e9-ba1c-426fd056c11c of framework 20e4d121-4a00-4fa4-87a8-95fc84c6335e-0000
I0513 14:07:39.752264  2804 task_status_update_manager.cpp:842] Checkpointing UPDATE for task status update TASK_FAILED (Status UUID: d53a7e01-e71c-42fb-8448-4055e8d32e91) for task httpd.5d5bdadc-75b2-11e9-ba1c-426fd056c11c of framework 20e4d121-4a00-4fa4-87a8-95fc84c6335e-0000
I0513 14:07:39.752704  2811 slave.cpp:6037] Forwarding the update TASK_FAILED (Status UUID: d53a7e01-e71c-42fb-8448-4055e8d32e91) for task httpd.5d5bdadc-75b2-11e9-ba1c-426fd056c11c of framework 20e4d121-4a00-4fa4-87a8-95fc84c6335e-0000 to master@192.168.1.5:5050
I0513 14:07:39.753578  2811 slave.cpp:5946] Sending acknowledgement for status update TASK_FAILED (Status UUID: d53a7e01-e71c-42fb-8448-4055e8d32e91) for task httpd.5d5bdadc-75b2-11e9-ba1c-426fd056c11c of framework 20e4d121-4a00-4fa4-87a8-95fc84c6335e-0000 to executor(1)@192.168.1.5:37081
I0513 14:07:39.774291  2805 docker.cpp:2378] Running docker stop on container 3ccbb1a3-17e2-4ecf-8634-1bc82eb52ac8
I0513 14:07:39.779062  2809 slave.cpp:6217] Got exited event for executor(1)@192.168.1.5:37081
I0513 14:07:39.783357  2808 task_status_update_manager.cpp:401] Received task status update acknowledgement (UUID: d53a7e01-e71c-42fb-8448-4055e8d32e91) for task httpd.5d5bdadc-75b2-11e9-ba1c-426fd056c11c of framework 20e4d121-4a00-4fa4-87a8-95fc84c6335e-0000
I0513 14:07:39.783478  2808 task_status_update_manager.cpp:842] Checkpointing ACK for task status update TASK_FAILED (Status UUID: d53a7e01-e71c-42fb-8448-4055e8d32e91) for task httpd.5d5bdadc-75b2-11e9-ba1c-426fd056c11c of framework 20e4d121-4a00-4fa4-87a8-95fc84c6335e-0000
I0513 14:07:39.784147  2805 gc.cpp:95] Scheduling '/var/lib/mesos/agent/meta/slaves/c8e59b09-da78-48e6-bdd2-9c3396b857b8-S0/frameworks/20e4d121-4a00-4fa4-87a8-95fc84c6335e-0000/executors/httpd.5d5bdadc-75b2-11e9-ba1c-426fd056c11c/runs/3ccbb1a3-17e2-4ecf-8634-1bc82eb52ac8/tasks/httpd.5d5bdadc-75b2-11e9-ba1c-426fd056c11c' for gc 6.99993305475556days in the future
I0513 14:07:39.852262  2804 docker.cpp:2557] Executor for container 3ccbb1a3-17e2-4ecf-8634-1bc82eb52ac8 has exited
I0513 14:07:39.955981  2805 slave.cpp:6613] Executor 'httpd.5d5bdadc-75b2-11e9-ba1c-426fd056c11c' of framework 20e4d121-4a00-4fa4-87a8-95fc84c6335e-0000 terminated with signal Terminated
I0513 14:07:39.956073  2805 slave.cpp:6711] Cleaning up executor 'httpd.5d5bdadc-75b2-11e9-ba1c-426fd056c11c' of framework 20e4d121-4a00-4fa4-87a8-95fc84c6335e-0000 at executor(1)@192.168.1.5:37081
I0513 14:07:39.956321  2804 gc.cpp:95] Scheduling '/var/lib/mesos/agent/slaves/c8e59b09-da78-48e6-bdd2-9c3396b857b8-S0/frameworks/20e4d121-4a00-4fa4-87a8-95fc84c6335e-0000/executors/httpd.5d5bdadc-75b2-11e9-ba1c-426fd056c11c/runs/3ccbb1a3-17e2-4ecf-8634-1bc82eb52ac8' for gc 6.99998893240889days in the future
I0513 14:07:39.956640  2811 gc.cpp:95] Scheduling '/var/lib/mesos/agent/slaves/c8e59b09-da78-48e6-bdd2-9c3396b857b8-S0/frameworks/20e4d121-4a00-4fa4-87a8-95fc84c6335e-0000/executors/httpd.5d5bdadc-75b2-11e9-ba1c-426fd056c11c' for gc 6.99998892886518days in the future
I0513 14:07:39.956735  2811 gc.cpp:95] Scheduling '/var/lib/mesos/agent/meta/slaves/c8e59b09-da78-48e6-bdd2-9c3396b857b8-S0/frameworks/20e4d121-4a00-4fa4-87a8-95fc84c6335e-0000/executors/httpd.5d5bdadc-75b2-11e9-ba1c-426fd056c11c/runs/3ccbb1a3-17e2-4ecf-8634-1bc82eb52ac8' for gc 6.99998892783704days in the future
I0513 14:07:39.956813  2811 gc.cpp:95] Scheduling '/var/lib/mesos/agent/meta/slaves/c8e59b09-da78-48e6-bdd2-9c3396b857b8-S0/frameworks/20e4d121-4a00-4fa4-87a8-95fc84c6335e-0000/executors/httpd.5d5bdadc-75b2-11e9-ba1c-426fd056c11c' for gc 6.9999889273037days in the future
I0513 14:07:39.956852  2805 slave.cpp:6840] Cleaning up framework 20e4d121-4a00-4fa4-87a8-95fc84c6335e-0000
I0513 14:07:39.956917  2811 task_status_update_manager.cpp:289] Closing task status update streams for framework 20e4d121-4a00-4fa4-87a8-95fc84c6335e-0000
I0513 14:07:39.957013  2809 gc.cpp:95] Scheduling '/var/lib/mesos/agent/slaves/c8e59b09-da78-48e6-bdd2-9c3396b857b8-S0/frameworks/20e4d121-4a00-4fa4-87a8-95fc84c6335e-0000' for gc 6.99998892438519days in the future
I0513 14:07:39.957110  2809 gc.cpp:95] Scheduling '/var/lib/mesos/agent/meta/slaves/c8e59b09-da78-48e6-bdd2-9c3396b857b8-S0/frameworks/20e4d121-4a00-4fa4-87a8-95fc84c6335e-0000' for gc 6.99998892383111days in the future
I0513 14:07:43.047654  2805 slave.cpp:7148] Current disk usage 27.74%. Max allowed age: 4.357936394421875days
I0513 14:07:44.380827  2811 slave.cpp:2037] Got assigned task 'httpd.6357fd6d-75b2-11e9-ba1c-426fd056c11c' for framework 20e4d121-4a00-4fa4-87a8-95fc84c6335e-0000
I0513 14:07:44.381000  2809 gc.cpp:129] Unscheduling '/var/lib/mesos/agent/slaves/c8e59b09-da78-48e6-bdd2-9c3396b857b8-S0/frameworks/20e4d121-4a00-4fa4-87a8-95fc84c6335e-0000' from gc
I0513 14:07:44.381158  2809 gc.cpp:129] Unscheduling '/var/lib/mesos/agent/meta/slaves/c8e59b09-da78-48e6-bdd2-9c3396b857b8-S0/frameworks/20e4d121-4a00-4fa4-87a8-95fc84c6335e-0000' from gc
I0513 14:07:44.382947  2811 slave.cpp:2411] Authorizing task 'httpd.6357fd6d-75b2-11e9-ba1c-426fd056c11c' for framework 20e4d121-4a00-4fa4-87a8-95fc84c6335e-0000
I0513 14:07:44.384713  2811 slave.cpp:2854] Launching task 'httpd.6357fd6d-75b2-11e9-ba1c-426fd056c11c' for framework 20e4d121-4a00-4fa4-87a8-95fc84c6335e-0000
I0513 14:07:44.385558  2811 paths.cpp:801] Creating sandbox '/var/lib/mesos/agent/slaves/c8e59b09-da78-48e6-bdd2-9c3396b857b8-S0/frameworks/20e4d121-4a00-4fa4-87a8-95fc84c6335e-0000/executors/httpd.6357fd6d-75b2-11e9-ba1c-426fd056c11c/runs/ff6d4bea-16d7-4ab1-be09-a05b92864617' for user 'root'
I0513 14:07:44.405630  2811 paths.cpp:804] Creating sandbox '/var/lib/mesos/agent/meta/slaves/c8e59b09-da78-48e6-bdd2-9c3396b857b8-S0/frameworks/20e4d121-4a00-4fa4-87a8-95fc84c6335e-0000/executors/httpd.6357fd6d-75b2-11e9-ba1c-426fd056c11c/runs/ff6d4bea-16d7-4ab1-be09-a05b92864617'
I0513 14:07:44.405825  2811 slave.cpp:9695] Launching executor 'httpd.6357fd6d-75b2-11e9-ba1c-426fd056c11c' of framework 20e4d121-4a00-4fa4-87a8-95fc84c6335e-0000 with resources [{"allocation_info":{"role":"*"},"name":"cpus","scalar":{"value":0.1},"type":"SCALAR"},{"allocation_info":{"role":"*"},"name":"mem","scalar":{"value":32.0},"type":"SCALAR"}] in work directory '/var/lib/mesos/agent/slaves/c8e59b09-da78-48e6-bdd2-9c3396b857b8-S0/frameworks/20e4d121-4a00-4fa4-87a8-95fc84c6335e-0000/executors/httpd.6357fd6d-75b2-11e9-ba1c-426fd056c11c/runs/ff6d4bea-16d7-4ab1-be09-a05b92864617'
I0513 14:07:44.407209  2811 slave.cpp:3080] Queued task 'httpd.6357fd6d-75b2-11e9-ba1c-426fd056c11c' for executor 'httpd.6357fd6d-75b2-11e9-ba1c-426fd056c11c' of framework 20e4d121-4a00-4fa4-87a8-95fc84c6335e-0000
I0513 14:07:44.407681  2811 slave.cpp:3528] Launching container ff6d4bea-16d7-4ab1-be09-a05b92864617 for executor 'httpd.6357fd6d-75b2-11e9-ba1c-426fd056c11c' of framework 20e4d121-4a00-4fa4-87a8-95fc84c6335e-0000
I0513 14:07:44.408403  2810 docker.cpp:1183] Starting container 'ff6d4bea-16d7-4ab1-be09-a05b92864617' for task 'httpd.6357fd6d-75b2-11e9-ba1c-426fd056c11c' (and executor 'httpd.6357fd6d-75b2-11e9-ba1c-426fd056c11c') of framework 20e4d121-4a00-4fa4-87a8-95fc84c6335e-0000
I0513 14:07:44.602159  2806 docker.cpp:783] Checkpointing pid 4056 to '/var/lib/mesos/agent/meta/slaves/c8e59b09-da78-48e6-bdd2-9c3396b857b8-S0/frameworks/20e4d121-4a00-4fa4-87a8-95fc84c6335e-0000/executors/httpd.6357fd6d-75b2-11e9-ba1c-426fd056c11c/runs/ff6d4bea-16d7-4ab1-be09-a05b92864617/pids/forked.pid'
I0513 14:07:44.602699  2806 systemd.cpp:98] Assigned child process '4056' to 'mesos_executors.slice'
I0513 14:07:44.692360  2804 slave.cpp:5074] Got registration for executor 'httpd.6357fd6d-75b2-11e9-ba1c-426fd056c11c' of framework 20e4d121-4a00-4fa4-87a8-95fc84c6335e-0000 from executor(1)@192.168.1.5:40379
I0513 14:07:44.694675  2810 docker.cpp:1691] Ignoring updating container ff6d4bea-16d7-4ab1-be09-a05b92864617 because resources passed to update are identical to existing resources
I0513 14:07:44.695080  2809 slave.cpp:3298] Sending queued task 'httpd.6357fd6d-75b2-11e9-ba1c-426fd056c11c' to executor 'httpd.6357fd6d-75b2-11e9-ba1c-426fd056c11c' of framework 20e4d121-4a00-4fa4-87a8-95fc84c6335e-0000 at executor(1)@192.168.1.5:40379
I0513 14:07:44.701912  2806 slave.cpp:5545] Handling status update TASK_STARTING (Status UUID: 4147668c-7d88-4387-806f-617a4bfef228) for task httpd.6357fd6d-75b2-11e9-ba1c-426fd056c11c of framework 20e4d121-4a00-4fa4-87a8-95fc84c6335e-0000 from executor(1)@192.168.1.5:40379
I0513 14:07:44.702605  2810 task_status_update_manager.cpp:328] Received task status update TASK_STARTING (Status UUID: 4147668c-7d88-4387-806f-617a4bfef228) for task httpd.6357fd6d-75b2-11e9-ba1c-426fd056c11c of framework 20e4d121-4a00-4fa4-87a8-95fc84c6335e-0000
I0513 14:07:44.702986  2810 task_status_update_manager.cpp:842] Checkpointing UPDATE for task status update TASK_STARTING (Status UUID: 4147668c-7d88-4387-806f-617a4bfef228) for task httpd.6357fd6d-75b2-11e9-ba1c-426fd056c11c of framework 20e4d121-4a00-4fa4-87a8-95fc84c6335e-0000
