I0513 14:05:41.803555  2803 main.cpp:350] Build: 2019-05-09 21:42:43 by root
I0513 14:05:41.803630  2803 main.cpp:351] Version: 1.8.0
I0513 14:05:41.803637  2803 main.cpp:354] Git tag: 1.8.0-rc3
I0513 14:05:41.803640  2803 main.cpp:358] Git SHA: acefa90695a32f8e8d6361f8192a6522aeaadbb9
I0513 14:05:41.810570  2803 systemd.cpp:240] systemd version `237` detected
I0513 14:05:41.810606  2803 main.cpp:453] Initializing systemd state
I0513 14:05:41.810932  2803 systemd.cpp:307] Created systemd slice: `/run/systemd/system/mesos_executors.slice`
I0513 14:05:41.979813  2803 systemd.cpp:328] Started systemd slice `mesos_executors.slice`
I0513 14:05:42.036761  2803 resolver.cpp:69] Creating default secret resolver
I0513 14:05:42.968367  2803 containerizer.cpp:314] Using isolation { environment_secret, filesystem/posix, network/cni, posix/cpu, posix/mem }
I0513 14:05:42.972034  2803 linux_launcher.cpp:144] Using /sys/fs/cgroup/freezer as the freezer hierarchy for the Linux launcher
I0513 14:05:42.972353  2803 linux_launcher.cpp:176] Using /sys/fs/cgroup/systemd as the systemd hierarchy for the Linux launcher
I0513 14:05:43.006945  2803 provisioner.cpp:298] Using default backend 'overlay'
2019-05-13 14:05:43,010:2803(0x7fe71e38f700):ZOO_INFO@log_env@753: Client environment:zookeeper.version=zookeeper C client 3.4.8
2019-05-13 14:05:43,010:2803(0x7fe71e38f700):ZOO_INFO@log_env@757: Client environment:host.name=jouko-Gazelle-Professional
2019-05-13 14:05:43,010:2803(0x7fe71e38f700):ZOO_INFO@log_env@764: Client environment:os.name=Linux
2019-05-13 14:05:43,010:2803(0x7fe71e38f700):ZOO_INFO@log_env@765: Client environment:os.arch=4.15.0-48-generic
2019-05-13 14:05:43,010:2803(0x7fe71e38f700):ZOO_INFO@log_env@766: Client environment:os.version=#51-Ubuntu SMP Wed Apr 3 08:28:49 UTC 2019
2019-05-13 14:05:43,011:2803(0x7fe71e38f700):ZOO_INFO@log_env@774: Client environment:user.name=jouko
2019-05-13 14:05:43,011:2803(0x7fe71e38f700):ZOO_INFO@log_env@782: Client environment:user.home=/root
2019-05-13 14:05:43,011:2803(0x7fe71e38f700):ZOO_INFO@log_env@794: Client environment:user.dir=/home/jouko/dev/projects/TrainingSprints/datascience-bootcamp/MesosTest
2019-05-13 14:05:43,011:2803(0x7fe71e38f700):ZOO_INFO@zookeeper_init@827: Initiating client connection, host=192.168.1.5:2181 sessionTimeout=10000 watcher=0x7fe732bf3992 sessionId=0 sessionPasswd=<null> context=0x7fe6fc0022e8 flags=0
2019-05-13 14:05:43,011:2803(0x7fe719344700):ZOO_INFO@check_events@1764: initiated connection to server [192.168.1.5:2181]
2019-05-13 14:05:43,026:2803(0x7fe719344700):ZOO_INFO@check_events@1811: session establishment complete on server [192.168.1.5:2181], sessionId=0x100000306950002, negotiated timeout=10000
I0513 14:05:43.027236  2809 group.cpp:341] Group process (zookeeper-group(1)@192.168.1.5:5051) connected to ZooKeeper
I0513 14:05:43.027335  2809 group.cpp:831] Syncing group operations: queue size (joins, cancels, datas) = (0, 0, 0)
I0513 14:05:43.027364  2809 group.cpp:419] Trying to create path '/mesos' in ZooKeeper
I0513 14:05:43.030602  2805 detector.cpp:152] Detected a new leader: (id='0')
I0513 14:05:43.031177  2804 group.cpp:700] Trying to get '/mesos/json.info_0000000000' in ZooKeeper
I0513 14:05:43.040829  2803 slave.cpp:265] Mesos agent started on (1)@192.168.1.5:5051
I0513 14:05:43.040885  2803 slave.cpp:266] Flags at startup: --appc_simple_discovery_uri_prefix="http://" --appc_store_dir="/tmp/mesos/store/appc" --authenticate_http_readonly="false" --authenticate_http_readwrite="false" --authenticatee="crammd5" --authentication_backoff_factor="1secs" --authentication_timeout_max="1mins" --authentication_timeout_min="5secs" --authorizer="local" --cgroups_cpu_enable_pids_and_tids_count="false" --cgroups_destroy_timeout="1mins" --cgroups_enable_cfs="false" --cgroups_hierarchy="/sys/fs/cgroup" --cgroups_limit_swap="false" --cgroups_root="mesos" --container_disk_watch_interval="15secs" --containerizers="docker,mesos" --default_role="*" --disallow_sharing_agent_pid_namespace="false" --disk_watch_interval="1mins" --docker="docker" --docker_kill_orphans="true" --docker_registry="https://registry-1.docker.io" --docker_remove_delay="6hrs" --docker_socket="/var/run/docker.sock" --docker_stop_timeout="0ns" --docker_store_dir="/tmp/mesos/store/docker" --docker_volume_checkpoint_dir="/var/run/mesos/isolators/docker/volume" --enforce_container_disk_quota="false" --executor_registration_timeout="5mins" --executor_reregistration_timeout="2secs" --executor_shutdown_grace_period="5secs" --fetcher_cache_dir="/tmp/mesos/fetch" --fetcher_cache_size="2GB" --fetcher_stall_timeout="1mins" --frameworks_home="" --gc_delay="1weeks" --gc_disk_headroom="0.1" --gc_non_executor_container_sandboxes="false" --help="false" --hostname_lookup="true" --http_command_executor="false" --http_heartbeat_interval="30secs" --initialize_driver_logging="true" --isolation="posix/cpu,posix/mem" --launcher="linux" --launcher_dir="/usr/local/libexec/mesos" --logbufsecs="0" --logging_level="INFO" --master="zk://192.168.1.5:2181/mesos" --max_completed_executors_per_framework="150" --memory_profiling="false" --network_cni_metrics="true" --network_cni_root_dir_persist="false" --oversubscribed_resources_interval="15secs" --perf_duration="10secs" --perf_interval="1mins" --port="5051" --qos_correction_interval_min="0ns" --quiet="false" --reconfiguration_policy="equal" --recover="reconnect" --recovery_timeout="15mins" --registration_backoff_factor="1secs" --revocable_cpu_low_priority="true" --runtime_dir="/var/run/mesos" --sandbox_directory="/mnt/mesos/sandbox" --strict="true" --switch_user="true" --systemd_enable_support="true" --systemd_runtime_directory="/run/systemd/system" --version="false" --work_dir="/var/lib/mesos/agent" --zk_session_timeout="10secs"
I0513 14:05:43.042579  2803 disk_profile_adaptor.cpp:78] Creating default disk profile adaptor module
I0513 14:05:43.042587  2805 zookeeper.cpp:262] A new leading master (UPID=master@192.168.1.5:5050) is detected
I0513 14:05:43.044312  2803 slave.cpp:613] Agent resources: [{"name":"cpus","scalar":{"value":8.0},"type":"SCALAR"},{"name":"mem","scalar":{"value":14936.0},"type":"SCALAR"},{"name":"disk","scalar":{"value":698029.0},"type":"SCALAR"},{"name":"ports","ranges":{"range":[{"begin":31000,"end":32000}]},"type":"RANGES"}]
I0513 14:05:43.044823  2803 slave.cpp:621] Agent attributes: [  ]
I0513 14:05:43.044843  2803 slave.cpp:630] Agent hostname: jouko-Gazelle-Professional
I0513 14:05:43.045080  2809 task_status_update_manager.cpp:181] Pausing sending task status updates
I0513 14:05:43.045096  2804 status_update_manager_process.hpp:379] Pausing operation status update manager
I0513 14:05:43.073307  2808 state.cpp:67] Recovering state from '/var/lib/mesos/agent/meta'
I0513 14:05:43.085266  2808 state.cpp:789] No committed checkpointed resources and operations found at '/var/lib/mesos/agent/meta/resources/resources_and_operations.state'
I0513 14:05:43.085332  2808 state.cpp:795] No committed checkpointed resources found at '/var/lib/mesos/agent/meta/resources/resources.info'
I0513 14:05:43.114869  2808 state.cpp:99] Agent host rebooted
I0513 14:05:44.056524  2810 slave.cpp:7233] Finished recovering checkpointed state from '/var/lib/mesos/agent/meta', beginning agent recovery
I0513 14:05:44.158419  2810 slave.cpp:7945] Recovering framework a02141ad-a172-44b5-8dd9-dc8a5687d41a-0000
I0513 14:05:44.168813  2810 slave.cpp:9813] Recovering executor 'httpd.982467ca-75af-11e9-8319-06d0e03ee117' of framework a02141ad-a172-44b5-8dd9-dc8a5687d41a-0000
I0513 14:05:44.333313  2806 gc.cpp:95] Scheduling '/var/lib/mesos/agent/meta/slaves/c8e59b09-da78-48e6-bdd2-9c3396b857b8-S0/frameworks/a02141ad-a172-44b5-8dd9-dc8a5687d41a-0000/executors/httpd.982467ca-75af-11e9-8319-06d0e03ee117/runs/c21d4edf-4489-425e-90ca-ad9a28b63221/tasks/httpd.982467ca-75af-11e9-8319-06d0e03ee117' for gc 6.98749614479111days in the future
I0513 14:05:44.362823  2811 gc.cpp:95] Scheduling '/var/lib/mesos/agent/slaves/c8e59b09-da78-48e6-bdd2-9c3396b857b8-S0/frameworks/a02141ad-a172-44b5-8dd9-dc8a5687d41a-0000/executors/httpd.982467ca-75af-11e9-8319-06d0e03ee117/runs/c21d4edf-4489-425e-90ca-ad9a28b63221' for gc 6.98756524681778days in the future
I0513 14:05:44.363287  2809 gc.cpp:95] Scheduling '/var/lib/mesos/agent/meta/slaves/c8e59b09-da78-48e6-bdd2-9c3396b857b8-S0/frameworks/a02141ad-a172-44b5-8dd9-dc8a5687d41a-0000/executors/httpd.982467ca-75af-11e9-8319-06d0e03ee117/runs/c21d4edf-4489-425e-90ca-ad9a28b63221' for gc 6.98756524072889days in the future
I0513 14:05:44.363399  2809 gc.cpp:95] Scheduling '/var/lib/mesos/agent/slaves/c8e59b09-da78-48e6-bdd2-9c3396b857b8-S0/frameworks/a02141ad-a172-44b5-8dd9-dc8a5687d41a-0000/executors/httpd.982467ca-75af-11e9-8319-06d0e03ee117' for gc 6.98756523992days in the future
I0513 14:05:44.363581  2809 gc.cpp:95] Scheduling '/var/lib/mesos/agent/meta/slaves/c8e59b09-da78-48e6-bdd2-9c3396b857b8-S0/frameworks/a02141ad-a172-44b5-8dd9-dc8a5687d41a-0000/executors/httpd.982467ca-75af-11e9-8319-06d0e03ee117' for gc 6.98756523900444days in the future
I0513 14:05:44.363584  2810 slave.cpp:9813] Recovering executor 'httpd.aa19b9dd-75af-11e9-8319-06d0e03ee117' of framework a02141ad-a172-44b5-8dd9-dc8a5687d41a-0000
I0513 14:05:44.364102  2807 gc.cpp:95] Scheduling '/var/lib/mesos/agent/meta/slaves/c8e59b09-da78-48e6-bdd2-9c3396b857b8-S0/frameworks/a02141ad-a172-44b5-8dd9-dc8a5687d41a-0000/executors/httpd.aa19b9dd-75af-11e9-8319-06d0e03ee117/runs/78160c21-10c1-4a35-8ebf-77d61013f2f2/tasks/httpd.aa19b9dd-75af-11e9-8319-06d0e03ee117' for gc 6.98784300899259days in the future
I0513 14:05:44.364610  2811 gc.cpp:95] Scheduling '/var/lib/mesos/agent/slaves/c8e59b09-da78-48e6-bdd2-9c3396b857b8-S0/frameworks/a02141ad-a172-44b5-8dd9-dc8a5687d41a-0000/executors/httpd.aa19b9dd-75af-11e9-8319-06d0e03ee117/runs/78160c21-10c1-4a35-8ebf-77d61013f2f2' for gc 6.98791244744296days in the future
I0513 14:05:44.364750  2804 gc.cpp:95] Scheduling '/var/lib/mesos/agent/meta/slaves/c8e59b09-da78-48e6-bdd2-9c3396b857b8-S0/frameworks/a02141ad-a172-44b5-8dd9-dc8a5687d41a-0000/executors/httpd.aa19b9dd-75af-11e9-8319-06d0e03ee117/runs/78160c21-10c1-4a35-8ebf-77d61013f2f2' for gc 6.98791244571556days in the future
I0513 14:05:44.364827  2804 gc.cpp:95] Scheduling '/var/lib/mesos/agent/slaves/c8e59b09-da78-48e6-bdd2-9c3396b857b8-S0/frameworks/a02141ad-a172-44b5-8dd9-dc8a5687d41a-0000/executors/httpd.aa19b9dd-75af-11e9-8319-06d0e03ee117' for gc 6.98791244518519days in the future
I0513 14:05:44.364866  2810 slave.cpp:9813] Recovering executor 'httpd.b015673e-75af-11e9-8319-06d0e03ee117' of framework a02141ad-a172-44b5-8dd9-dc8a5687d41a-0000
I0513 14:05:44.364887  2804 gc.cpp:95] Scheduling '/var/lib/mesos/agent/meta/slaves/c8e59b09-da78-48e6-bdd2-9c3396b857b8-S0/frameworks/a02141ad-a172-44b5-8dd9-dc8a5687d41a-0000/executors/httpd.aa19b9dd-75af-11e9-8319-06d0e03ee117' for gc 6.98791244465185days in the future
I0513 14:05:44.365269  2810 slave.cpp:9813] Recovering executor 'httpd.8c37e278-75af-11e9-8319-06d0e03ee117' of framework a02141ad-a172-44b5-8dd9-dc8a5687d41a-0000
I0513 14:05:44.365619  2809 gc.cpp:95] Scheduling '/var/lib/mesos/agent/meta/slaves/c8e59b09-da78-48e6-bdd2-9c3396b857b8-S0/frameworks/a02141ad-a172-44b5-8dd9-dc8a5687d41a-0000/executors/httpd.8c37e278-75af-11e9-8319-06d0e03ee117/runs/f3556397-4682-47df-a117-f90504607b8f/tasks/httpd.8c37e278-75af-11e9-8319-06d0e03ee117' for gc 6.9872642873837days in the future
I0513 14:05:44.396075  2807 gc.cpp:95] Scheduling '/var/lib/mesos/agent/slaves/c8e59b09-da78-48e6-bdd2-9c3396b857b8-S0/frameworks/a02141ad-a172-44b5-8dd9-dc8a5687d41a-0000/executors/httpd.8c37e278-75af-11e9-8319-06d0e03ee117/runs/f3556397-4682-47df-a117-f90504607b8f' for gc 6.98733338079704days in the future
I0513 14:05:44.396417  2811 gc.cpp:95] Scheduling '/var/lib/mesos/agent/meta/slaves/c8e59b09-da78-48e6-bdd2-9c3396b857b8-S0/frameworks/a02141ad-a172-44b5-8dd9-dc8a5687d41a-0000/executors/httpd.8c37e278-75af-11e9-8319-06d0e03ee117/runs/f3556397-4682-47df-a117-f90504607b8f' for gc 6.98733337594963days in the future
I0513 14:05:44.396553  2811 gc.cpp:95] Scheduling '/var/lib/mesos/agent/slaves/c8e59b09-da78-48e6-bdd2-9c3396b857b8-S0/frameworks/a02141ad-a172-44b5-8dd9-dc8a5687d41a-0000/executors/httpd.8c37e278-75af-11e9-8319-06d0e03ee117' for gc 6.98733337506963days in the future
I0513 14:05:44.396667  2811 gc.cpp:95] Scheduling '/var/lib/mesos/agent/meta/slaves/c8e59b09-da78-48e6-bdd2-9c3396b857b8-S0/frameworks/a02141ad-a172-44b5-8dd9-dc8a5687d41a-0000/executors/httpd.8c37e278-75af-11e9-8319-06d0e03ee117' for gc 6.98733337401482days in the future
I0513 14:05:44.396687  2810 slave.cpp:9813] Recovering executor 'httpd.9e20d87b-75af-11e9-8319-06d0e03ee117' of framework a02141ad-a172-44b5-8dd9-dc8a5687d41a-0000
I0513 14:05:44.397442  2806 gc.cpp:95] Scheduling '/var/lib/mesos/agent/meta/slaves/c8e59b09-da78-48e6-bdd2-9c3396b857b8-S0/frameworks/a02141ad-a172-44b5-8dd9-dc8a5687d41a-0000/executors/httpd.9e20d87b-75af-11e9-8319-06d0e03ee117/runs/409cde2e-573a-48cc-9f9b-a735eed362b1/tasks/httpd.9e20d87b-75af-11e9-8319-06d0e03ee117' for gc 6.98761114205037days in the future
I0513 14:05:44.408115  2809 gc.cpp:95] Scheduling '/var/lib/mesos/agent/slaves/c8e59b09-da78-48e6-bdd2-9c3396b857b8-S0/frameworks/a02141ad-a172-44b5-8dd9-dc8a5687d41a-0000/executors/httpd.9e20d87b-75af-11e9-8319-06d0e03ee117/runs/409cde2e-573a-48cc-9f9b-a735eed362b1' for gc 6.98768046321778days in the future
I0513 14:05:44.408368  2807 gc.cpp:95] Scheduling '/var/lib/mesos/agent/meta/slaves/c8e59b09-da78-48e6-bdd2-9c3396b857b8-S0/frameworks/a02141ad-a172-44b5-8dd9-dc8a5687d41a-0000/executors/httpd.9e20d87b-75af-11e9-8319-06d0e03ee117/runs/409cde2e-573a-48cc-9f9b-a735eed362b1' for gc 6.98768045953481days in the future
I0513 14:05:44.408452  2807 gc.cpp:95] Scheduling '/var/lib/mesos/agent/slaves/c8e59b09-da78-48e6-bdd2-9c3396b857b8-S0/frameworks/a02141ad-a172-44b5-8dd9-dc8a5687d41a-0000/executors/httpd.9e20d87b-75af-11e9-8319-06d0e03ee117' for gc 6.98768045893333days in the future
I0513 14:05:44.408522  2807 gc.cpp:95] Scheduling '/var/lib/mesos/agent/meta/slaves/c8e59b09-da78-48e6-bdd2-9c3396b857b8-S0/frameworks/a02141ad-a172-44b5-8dd9-dc8a5687d41a-0000/executors/httpd.9e20d87b-75af-11e9-8319-06d0e03ee117' for gc 6.9876804583437days in the future
I0513 14:05:44.408550  2810 slave.cpp:9813] Recovering executor 'httpd.a41cacec-75af-11e9-8319-06d0e03ee117' of framework a02141ad-a172-44b5-8dd9-dc8a5687d41a-0000
I0513 14:05:44.409210  2808 gc.cpp:95] Scheduling '/var/lib/mesos/agent/meta/slaves/c8e59b09-da78-48e6-bdd2-9c3396b857b8-S0/frameworks/a02141ad-a172-44b5-8dd9-dc8a5687d41a-0000/executors/httpd.a41cacec-75af-11e9-8319-06d0e03ee117/runs/f22da8eb-a307-41b9-b10a-c23d7657f18d/tasks/httpd.a41cacec-75af-11e9-8319-06d0e03ee117' for gc 6.98773832193482days in the future
I0513 14:05:44.427837  2806 gc.cpp:95] Scheduling '/var/lib/mesos/agent/slaves/c8e59b09-da78-48e6-bdd2-9c3396b857b8-S0/frameworks/a02141ad-a172-44b5-8dd9-dc8a5687d41a-0000/executors/httpd.a41cacec-75af-11e9-8319-06d0e03ee117/runs/f22da8eb-a307-41b9-b10a-c23d7657f18d' for gc 6.98779597522074days in the future
I0513 14:05:44.428025  2809 gc.cpp:95] Scheduling '/var/lib/mesos/agent/meta/slaves/c8e59b09-da78-48e6-bdd2-9c3396b857b8-S0/frameworks/a02141ad-a172-44b5-8dd9-dc8a5687d41a-0000/executors/httpd.a41cacec-75af-11e9-8319-06d0e03ee117/runs/f22da8eb-a307-41b9-b10a-c23d7657f18d' for gc 6.98779597262815days in the future
I0513 14:05:44.428097  2809 gc.cpp:95] Scheduling '/var/lib/mesos/agent/slaves/c8e59b09-da78-48e6-bdd2-9c3396b857b8-S0/frameworks/a02141ad-a172-44b5-8dd9-dc8a5687d41a-0000/executors/httpd.a41cacec-75af-11e9-8319-06d0e03ee117' for gc 6.98779597204741days in the future
I0513 14:05:44.428172  2809 gc.cpp:95] Scheduling '/var/lib/mesos/agent/meta/slaves/c8e59b09-da78-48e6-bdd2-9c3396b857b8-S0/frameworks/a02141ad-a172-44b5-8dd9-dc8a5687d41a-0000/executors/httpd.a41cacec-75af-11e9-8319-06d0e03ee117' for gc 6.98779597148148days in the future
I0513 14:05:44.428191  2810 slave.cpp:9813] Recovering executor 'httpd.9229a4c9-75af-11e9-8319-06d0e03ee117' of framework a02141ad-a172-44b5-8dd9-dc8a5687d41a-0000
I0513 14:05:44.428661  2804 gc.cpp:95] Scheduling '/var/lib/mesos/agent/meta/slaves/c8e59b09-da78-48e6-bdd2-9c3396b857b8-S0/frameworks/a02141ad-a172-44b5-8dd9-dc8a5687d41a-0000/executors/httpd.9229a4c9-75af-11e9-8319-06d0e03ee117/runs/4f64cdb9-7210-4986-8751-3905c029308c/tasks/httpd.9229a4c9-75af-11e9-8319-06d0e03ee117' for gc 6.98737929882963days in the future
I0513 14:05:44.429132  2808 gc.cpp:95] Scheduling '/var/lib/mesos/agent/slaves/c8e59b09-da78-48e6-bdd2-9c3396b857b8-S0/frameworks/a02141ad-a172-44b5-8dd9-dc8a5687d41a-0000/executors/httpd.9229a4c9-75af-11e9-8319-06d0e03ee117/runs/4f64cdb9-7210-4986-8751-3905c029308c' for gc 6.98744873770963days in the future
I0513 14:05:44.429335  2808 gc.cpp:95] Scheduling '/var/lib/mesos/agent/meta/slaves/c8e59b09-da78-48e6-bdd2-9c3396b857b8-S0/frameworks/a02141ad-a172-44b5-8dd9-dc8a5687d41a-0000/executors/httpd.9229a4c9-75af-11e9-8319-06d0e03ee117/runs/4f64cdb9-7210-4986-8751-3905c029308c' for gc 6.98744873606519days in the future
I0513 14:05:44.429400  2808 gc.cpp:95] Scheduling '/var/lib/mesos/agent/slaves/c8e59b09-da78-48e6-bdd2-9c3396b857b8-S0/frameworks/a02141ad-a172-44b5-8dd9-dc8a5687d41a-0000/executors/httpd.9229a4c9-75af-11e9-8319-06d0e03ee117' for gc 6.98744873564741days in the future
I0513 14:05:44.429404  2810 slave.cpp:7945] Recovering framework c8e59b09-da78-48e6-bdd2-9c3396b857b8-0000
I0513 14:05:44.429461  2808 gc.cpp:95] Scheduling '/var/lib/mesos/agent/meta/slaves/c8e59b09-da78-48e6-bdd2-9c3396b857b8-S0/frameworks/a02141ad-a172-44b5-8dd9-dc8a5687d41a-0000/executors/httpd.9229a4c9-75af-11e9-8319-06d0e03ee117' for gc 6.98744873493037days in the future
I0513 14:05:44.429517  2810 slave.cpp:9813] Recovering executor 'httpd.1694ea91-7365-11e9-a5d3-2e151a5b90ce' of framework c8e59b09-da78-48e6-bdd2-9c3396b857b8-0000
I0513 14:05:44.429908  2806 gc.cpp:95] Scheduling '/var/lib/mesos/agent/meta/slaves/c8e59b09-da78-48e6-bdd2-9c3396b857b8-S0/frameworks/c8e59b09-da78-48e6-bdd2-9c3396b857b8-0000/executors/httpd.1694ea91-7365-11e9-a5d3-2e151a5b90ce/runs/92e5079d-88e4-4bc5-a976-76b5369439a2/tasks/httpd.1694ea91-7365-11e9-a5d3-2e151a5b90ce' for gc 4.07196261759111days in the future
I0513 14:05:44.483538  2804 gc.cpp:95] Scheduling '/var/lib/mesos/agent/slaves/c8e59b09-da78-48e6-bdd2-9c3396b857b8-S0/frameworks/c8e59b09-da78-48e6-bdd2-9c3396b857b8-0000/executors/httpd.1694ea91-7365-11e9-a5d3-2e151a5b90ce/runs/92e5079d-88e4-4bc5-a976-76b5369439a2' for gc 4.07201986804444days in the future
I0513 14:05:44.483942  2810 slave.cpp:9813] Recovering executor 'httpd.2887cba4-7365-11e9-a5d3-2e151a5b90ce' of framework c8e59b09-da78-48e6-bdd2-9c3396b857b8-0000
I0513 14:05:44.491902  2804 gc.cpp:95] Scheduling '/var/lib/mesos/agent/meta/slaves/c8e59b09-da78-48e6-bdd2-9c3396b857b8-S0/frameworks/c8e59b09-da78-48e6-bdd2-9c3396b857b8-0000/executors/httpd.1694ea91-7365-11e9-a5d3-2e151a5b90ce/runs/92e5079d-88e4-4bc5-a976-76b5369439a2' for gc 4.07201986459259days in the future
I0513 14:05:44.491991  2804 gc.cpp:95] Scheduling '/var/lib/mesos/agent/slaves/c8e59b09-da78-48e6-bdd2-9c3396b857b8-S0/frameworks/c8e59b09-da78-48e6-bdd2-9c3396b857b8-0000/executors/httpd.1694ea91-7365-11e9-a5d3-2e151a5b90ce' for gc 4.07201986410963days in the future
I0513 14:05:44.492053  2804 gc.cpp:95] Scheduling '/var/lib/mesos/agent/meta/slaves/c8e59b09-da78-48e6-bdd2-9c3396b857b8-S0/frameworks/c8e59b09-da78-48e6-bdd2-9c3396b857b8-0000/executors/httpd.1694ea91-7365-11e9-a5d3-2e151a5b90ce' for gc 4.07201986355259days in the future
I0513 14:05:44.492424  2807 gc.cpp:95] Scheduling '/var/lib/mesos/agent/meta/slaves/c8e59b09-da78-48e6-bdd2-9c3396b857b8-S0/frameworks/c8e59b09-da78-48e6-bdd2-9c3396b857b8-0000/executors/httpd.2887cba4-7365-11e9-a5d3-2e151a5b90ce/runs/bd747784-29b2-4f2e-b0ba-42e054125169/tasks/httpd.2887cba4-7365-11e9-a5d3-2e151a5b90ce' for gc 4.07230911659556days in the future
I0513 14:05:44.513485  2806 gc.cpp:95] Scheduling '/var/lib/mesos/agent/slaves/c8e59b09-da78-48e6-bdd2-9c3396b857b8-S0/frameworks/c8e59b09-da78-48e6-bdd2-9c3396b857b8-0000/executors/httpd.2887cba4-7365-11e9-a5d3-2e151a5b90ce/runs/bd747784-29b2-4f2e-b0ba-42e054125169' for gc 4.07236674395556days in the future
I0513 14:05:44.513823  2809 gc.cpp:95] Scheduling '/var/lib/mesos/agent/meta/slaves/c8e59b09-da78-48e6-bdd2-9c3396b857b8-S0/frameworks/c8e59b09-da78-48e6-bdd2-9c3396b857b8-0000/executors/httpd.2887cba4-7365-11e9-a5d3-2e151a5b90ce/runs/bd747784-29b2-4f2e-b0ba-42e054125169' for gc 4.07236673907259days in the future
I0513 14:05:44.513950  2809 gc.cpp:95] Scheduling '/var/lib/mesos/agent/slaves/c8e59b09-da78-48e6-bdd2-9c3396b857b8-S0/frameworks/c8e59b09-da78-48e6-bdd2-9c3396b857b8-0000/executors/httpd.2887cba4-7365-11e9-a5d3-2e151a5b90ce' for gc 4.0723667381363days in the future
I0513 14:05:44.514050  2809 gc.cpp:95] Scheduling '/var/lib/mesos/agent/meta/slaves/c8e59b09-da78-48e6-bdd2-9c3396b857b8-S0/frameworks/c8e59b09-da78-48e6-bdd2-9c3396b857b8-0000/executors/httpd.2887cba4-7365-11e9-a5d3-2e151a5b90ce' for gc 4.07236673722074days in the future
I0513 14:05:44.514122  2810 slave.cpp:9813] Recovering executor 'httpd.1097dda0-7365-11e9-a5d3-2e151a5b90ce' of framework c8e59b09-da78-48e6-bdd2-9c3396b857b8-0000
I0513 14:05:44.514906  2811 gc.cpp:95] Scheduling '/var/lib/mesos/agent/meta/slaves/c8e59b09-da78-48e6-bdd2-9c3396b857b8-S0/frameworks/c8e59b09-da78-48e6-bdd2-9c3396b857b8-0000/executors/httpd.1097dda0-7365-11e9-a5d3-2e151a5b90ce/runs/d5b93520-b440-4d84-a959-2907fde1eddf/tasks/httpd.1097dda0-7365-11e9-a5d3-2e151a5b90ce' for gc 4.07184589371556days in the future
I0513 14:05:44.527501  2807 gc.cpp:95] Scheduling '/var/lib/mesos/agent/slaves/c8e59b09-da78-48e6-bdd2-9c3396b857b8-S0/frameworks/c8e59b09-da78-48e6-bdd2-9c3396b857b8-0000/executors/httpd.1097dda0-7365-11e9-a5d3-2e151a5b90ce/runs/d5b93520-b440-4d84-a959-2907fde1eddf' for gc 4.07190361769778days in the future
I0513 14:05:44.527653  2806 gc.cpp:95] Scheduling '/var/lib/mesos/agent/meta/slaves/c8e59b09-da78-48e6-bdd2-9c3396b857b8-S0/frameworks/c8e59b09-da78-48e6-bdd2-9c3396b857b8-0000/executors/httpd.1097dda0-7365-11e9-a5d3-2e151a5b90ce/runs/d5b93520-b440-4d84-a959-2907fde1eddf' for gc 4.07190361579852days in the future
I0513 14:05:44.527729  2806 gc.cpp:95] Scheduling '/var/lib/mesos/agent/slaves/c8e59b09-da78-48e6-bdd2-9c3396b857b8-S0/frameworks/c8e59b09-da78-48e6-bdd2-9c3396b857b8-0000/executors/httpd.1097dda0-7365-11e9-a5d3-2e151a5b90ce' for gc 4.07190361521778days in the future
I0513 14:05:44.527792  2806 gc.cpp:95] Scheduling '/var/lib/mesos/agent/meta/slaves/c8e59b09-da78-48e6-bdd2-9c3396b857b8-S0/frameworks/c8e59b09-da78-48e6-bdd2-9c3396b857b8-0000/executors/httpd.1097dda0-7365-11e9-a5d3-2e151a5b90ce' for gc 4.0719036146637days in the future
I0513 14:05:44.527791  2810 slave.cpp:9813] Recovering executor 'httpd.3a7ca887-7365-11e9-a5d3-2e151a5b90ce' of framework c8e59b09-da78-48e6-bdd2-9c3396b857b8-0000
I0513 14:05:44.528245  2808 gc.cpp:95] Scheduling '/var/lib/mesos/agent/meta/slaves/c8e59b09-da78-48e6-bdd2-9c3396b857b8-S0/frameworks/c8e59b09-da78-48e6-bdd2-9c3396b857b8-0000/executors/httpd.3a7ca887-7365-11e9-a5d3-2e151a5b90ce/runs/56c94b00-3c85-4c81-bfa7-fc63746f2d2d/tasks/httpd.3a7ca887-7365-11e9-a5d3-2e151a5b90ce' for gc 4.07265592392296days in the future
I0513 14:05:44.539330  2804 gc.cpp:95] Scheduling '/var/lib/mesos/agent/slaves/c8e59b09-da78-48e6-bdd2-9c3396b857b8-S0/frameworks/c8e59b09-da78-48e6-bdd2-9c3396b857b8-0000/executors/httpd.3a7ca887-7365-11e9-a5d3-2e151a5b90ce/runs/56c94b00-3c85-4c81-bfa7-fc63746f2d2d' for gc 4.07271366711704days in the future
I0513 14:05:44.539589  2809 gc.cpp:95] Scheduling '/var/lib/mesos/agent/meta/slaves/c8e59b09-da78-48e6-bdd2-9c3396b857b8-S0/frameworks/c8e59b09-da78-48e6-bdd2-9c3396b857b8-0000/executors/httpd.3a7ca887-7365-11e9-a5d3-2e151a5b90ce/runs/56c94b00-3c85-4c81-bfa7-fc63746f2d2d' for gc 4.07271366299852days in the future
I0513 14:05:44.539698  2809 gc.cpp:95] Scheduling '/var/lib/mesos/agent/slaves/c8e59b09-da78-48e6-bdd2-9c3396b857b8-S0/frameworks/c8e59b09-da78-48e6-bdd2-9c3396b857b8-0000/executors/httpd.3a7ca887-7365-11e9-a5d3-2e151a5b90ce' for gc 4.07271366218667days in the future
I0513 14:05:44.539784  2809 gc.cpp:95] Scheduling '/var/lib/mesos/agent/meta/slaves/c8e59b09-da78-48e6-bdd2-9c3396b857b8-S0/frameworks/c8e59b09-da78-48e6-bdd2-9c3396b857b8-0000/executors/httpd.3a7ca887-7365-11e9-a5d3-2e151a5b90ce' for gc 4.07271366120593days in the future
I0513 14:05:44.539875  2810 slave.cpp:9813] Recovering executor 'httpd.228cba83-7365-11e9-a5d3-2e151a5b90ce' of framework c8e59b09-da78-48e6-bdd2-9c3396b857b8-0000
I0513 14:05:44.540565  2808 gc.cpp:95] Scheduling '/var/lib/mesos/agent/meta/slaves/c8e59b09-da78-48e6-bdd2-9c3396b857b8-S0/frameworks/c8e59b09-da78-48e6-bdd2-9c3396b857b8-0000/executors/httpd.228cba83-7365-11e9-a5d3-2e151a5b90ce/runs/19925aac-9f1c-458d-9e39-49975f489b9a/tasks/httpd.228cba83-7365-11e9-a5d3-2e151a5b90ce' for gc 4.07219281870518days in the future
I0513 14:05:44.548560  2807 gc.cpp:95] Scheduling '/var/lib/mesos/agent/slaves/c8e59b09-da78-48e6-bdd2-9c3396b857b8-S0/frameworks/c8e59b09-da78-48e6-bdd2-9c3396b857b8-0000/executors/httpd.228cba83-7365-11e9-a5d3-2e151a5b90ce/runs/19925aac-9f1c-458d-9e39-49975f489b9a' for gc 4.07225059720889days in the future
I0513 14:05:44.548863  2811 gc.cpp:95] Scheduling '/var/lib/mesos/agent/meta/slaves/c8e59b09-da78-48e6-bdd2-9c3396b857b8-S0/frameworks/c8e59b09-da78-48e6-bdd2-9c3396b857b8-0000/executors/httpd.228cba83-7365-11e9-a5d3-2e151a5b90ce/runs/19925aac-9f1c-458d-9e39-49975f489b9a' for gc 4.07225059303111days in the future
I0513 14:05:44.548974  2811 gc.cpp:95] Scheduling '/var/lib/mesos/agent/slaves/c8e59b09-da78-48e6-bdd2-9c3396b857b8-S0/frameworks/c8e59b09-da78-48e6-bdd2-9c3396b857b8-0000/executors/httpd.228cba83-7365-11e9-a5d3-2e151a5b90ce' for gc 4.07225059229333days in the future
I0513 14:05:44.549057  2811 gc.cpp:95] Scheduling '/var/lib/mesos/agent/meta/slaves/c8e59b09-da78-48e6-bdd2-9c3396b857b8-S0/frameworks/c8e59b09-da78-48e6-bdd2-9c3396b857b8-0000/executors/httpd.228cba83-7365-11e9-a5d3-2e151a5b90ce' for gc 4.07225059156444days in the future
I0513 14:05:44.549073  2810 slave.cpp:9813] Recovering executor 'httpd.0a9d1a9f-7365-11e9-a5d3-2e151a5b90ce' of framework c8e59b09-da78-48e6-bdd2-9c3396b857b8-0000
I0513 14:05:44.549708  2804 gc.cpp:95] Scheduling '/var/lib/mesos/agent/meta/slaves/c8e59b09-da78-48e6-bdd2-9c3396b857b8-S0/frameworks/c8e59b09-da78-48e6-bdd2-9c3396b857b8-0000/executors/httpd.0a9d1a9f-7365-11e9-a5d3-2e151a5b90ce/runs/7ce5d7dc-3c00-4cef-9d50-0798828cd76b/tasks/httpd.0a9d1a9f-7365-11e9-a5d3-2e151a5b90ce' for gc 4.07172974984889days in the future
I0513 14:05:44.550242  2809 gc.cpp:95] Scheduling '/var/lib/mesos/agent/slaves/c8e59b09-da78-48e6-bdd2-9c3396b857b8-S0/frameworks/c8e59b09-da78-48e6-bdd2-9c3396b857b8-0000/executors/httpd.0a9d1a9f-7365-11e9-a5d3-2e151a5b90ce/runs/7ce5d7dc-3c00-4cef-9d50-0798828cd76b' for gc 4.0717876137837days in the future
I0513 14:05:44.550382  2808 gc.cpp:95] Scheduling '/var/lib/mesos/agent/meta/slaves/c8e59b09-da78-48e6-bdd2-9c3396b857b8-S0/frameworks/c8e59b09-da78-48e6-bdd2-9c3396b857b8-0000/executors/httpd.0a9d1a9f-7365-11e9-a5d3-2e151a5b90ce/runs/7ce5d7dc-3c00-4cef-9d50-0798828cd76b' for gc 4.07178761196741days in the future
I0513 14:05:44.550482  2808 gc.cpp:95] Scheduling '/var/lib/mesos/agent/slaves/c8e59b09-da78-48e6-bdd2-9c3396b857b8-S0/frameworks/c8e59b09-da78-48e6-bdd2-9c3396b857b8-0000/executors/httpd.0a9d1a9f-7365-11e9-a5d3-2e151a5b90ce' for gc 4.07178761138963days in the future
I0513 14:05:44.550521  2810 slave.cpp:9813] Recovering executor 'httpd.1c9049d2-7365-11e9-a5d3-2e151a5b90ce' of framework c8e59b09-da78-48e6-bdd2-9c3396b857b8-0000
I0513 14:05:44.550554  2808 gc.cpp:95] Scheduling '/var/lib/mesos/agent/meta/slaves/c8e59b09-da78-48e6-bdd2-9c3396b857b8-S0/frameworks/c8e59b09-da78-48e6-bdd2-9c3396b857b8-0000/executors/httpd.0a9d1a9f-7365-11e9-a5d3-2e151a5b90ce' for gc 4.07178761082074days in the future
I0513 14:05:44.550930  2807 gc.cpp:95] Scheduling '/var/lib/mesos/agent/meta/slaves/c8e59b09-da78-48e6-bdd2-9c3396b857b8-S0/frameworks/c8e59b09-da78-48e6-bdd2-9c3396b857b8-0000/executors/httpd.1c9049d2-7365-11e9-a5d3-2e151a5b90ce/runs/66528878-c514-4e6a-9484-2a70ba1dba6a/tasks/httpd.1c9049d2-7365-11e9-a5d3-2e151a5b90ce' for gc 4.07207695766222days in the future
I0513 14:05:44.551414  2811 gc.cpp:95] Scheduling '/var/lib/mesos/agent/slaves/c8e59b09-da78-48e6-bdd2-9c3396b857b8-S0/frameworks/c8e59b09-da78-48e6-bdd2-9c3396b857b8-0000/executors/httpd.1c9049d2-7365-11e9-a5d3-2e151a5b90ce/runs/66528878-c514-4e6a-9484-2a70ba1dba6a' for gc 4.07213482245333days in the future
I0513 14:05:44.551553  2804 gc.cpp:95] Scheduling '/var/lib/mesos/agent/meta/slaves/c8e59b09-da78-48e6-bdd2-9c3396b857b8-S0/frameworks/c8e59b09-da78-48e6-bdd2-9c3396b857b8-0000/executors/httpd.1c9049d2-7365-11e9-a5d3-2e151a5b90ce/runs/66528878-c514-4e6a-9484-2a70ba1dba6a' for gc 4.07213482068444days in the future
I0513 14:05:44.551626  2804 gc.cpp:95] Scheduling '/var/lib/mesos/agent/slaves/c8e59b09-da78-48e6-bdd2-9c3396b857b8-S0/frameworks/c8e59b09-da78-48e6-bdd2-9c3396b857b8-0000/executors/httpd.1c9049d2-7365-11e9-a5d3-2e151a5b90ce' for gc 4.07213482011556days in the future
I0513 14:05:44.551693  2804 gc.cpp:95] Scheduling '/var/lib/mesos/agent/meta/slaves/c8e59b09-da78-48e6-bdd2-9c3396b857b8-S0/frameworks/c8e59b09-da78-48e6-bdd2-9c3396b857b8-0000/executors/httpd.1c9049d2-7365-11e9-a5d3-2e151a5b90ce' for gc 4.07213481938667days in the future
I0513 14:05:44.551695  2810 slave.cpp:9813] Recovering executor 'httpd.04a034be-7365-11e9-a5d3-2e151a5b90ce' of framework c8e59b09-da78-48e6-bdd2-9c3396b857b8-0000
I0513 14:05:44.552122  2809 gc.cpp:95] Scheduling '/var/lib/mesos/agent/meta/slaves/c8e59b09-da78-48e6-bdd2-9c3396b857b8-S0/frameworks/c8e59b09-da78-48e6-bdd2-9c3396b857b8-0000/executors/httpd.04a034be-7365-11e9-a5d3-2e151a5b90ce/runs/a1285678-8931-4748-9f78-6975fd99b9cc/tasks/httpd.04a034be-7365-11e9-a5d3-2e151a5b90ce' for gc 4.07161398090074days in the future
I0513 14:05:44.572940  2807 gc.cpp:95] Scheduling '/var/lib/mesos/agent/slaves/c8e59b09-da78-48e6-bdd2-9c3396b857b8-S0/frameworks/c8e59b09-da78-48e6-bdd2-9c3396b857b8-0000/executors/httpd.04a034be-7365-11e9-a5d3-2e151a5b90ce/runs/a1285678-8931-4748-9f78-6975fd99b9cc' for gc 4.07167161111111days in the future
I0513 14:05:44.573180  2811 gc.cpp:95] Scheduling '/var/lib/mesos/agent/meta/slaves/c8e59b09-da78-48e6-bdd2-9c3396b857b8-S0/frameworks/c8e59b09-da78-48e6-bdd2-9c3396b857b8-0000/executors/httpd.04a034be-7365-11e9-a5d3-2e151a5b90ce/runs/a1285678-8931-4748-9f78-6975fd99b9cc' for gc 4.07167160754667days in the future
I0513 14:05:44.573264  2811 gc.cpp:95] Scheduling '/var/lib/mesos/agent/slaves/c8e59b09-da78-48e6-bdd2-9c3396b857b8-S0/frameworks/c8e59b09-da78-48e6-bdd2-9c3396b857b8-0000/executors/httpd.04a034be-7365-11e9-a5d3-2e151a5b90ce' for gc 4.07167160696593days in the future
I0513 14:05:44.573330  2811 gc.cpp:95] Scheduling '/var/lib/mesos/agent/meta/slaves/c8e59b09-da78-48e6-bdd2-9c3396b857b8-S0/frameworks/c8e59b09-da78-48e6-bdd2-9c3396b857b8-0000/executors/httpd.04a034be-7365-11e9-a5d3-2e151a5b90ce' for gc 4.07167160638815days in the future
I0513 14:05:44.573361  2810 slave.cpp:9813] Recovering executor 'httpd.347fe9b6-7365-11e9-a5d3-2e151a5b90ce' of framework c8e59b09-da78-48e6-bdd2-9c3396b857b8-0000
I0513 14:05:44.573879  2805 gc.cpp:95] Scheduling '/var/lib/mesos/agent/meta/slaves/c8e59b09-da78-48e6-bdd2-9c3396b857b8-S0/frameworks/c8e59b09-da78-48e6-bdd2-9c3396b857b8-0000/executors/httpd.347fe9b6-7365-11e9-a5d3-2e151a5b90ce/runs/b7af05d3-17db-46b3-9efa-3675672f1135/tasks/httpd.347fe9b6-7365-11e9-a5d3-2e151a5b90ce' for gc 4.07253965513778days in the future
I0513 14:05:44.580742  2809 gc.cpp:95] Scheduling '/var/lib/mesos/agent/slaves/c8e59b09-da78-48e6-bdd2-9c3396b857b8-S0/frameworks/c8e59b09-da78-48e6-bdd2-9c3396b857b8-0000/executors/httpd.347fe9b6-7365-11e9-a5d3-2e151a5b90ce/runs/b7af05d3-17db-46b3-9efa-3675672f1135' for gc 4.07259744678222days in the future
I0513 14:05:44.580978  2808 gc.cpp:95] Scheduling '/var/lib/mesos/agent/meta/slaves/c8e59b09-da78-48e6-bdd2-9c3396b857b8-S0/frameworks/c8e59b09-da78-48e6-bdd2-9c3396b857b8-0000/executors/httpd.347fe9b6-7365-11e9-a5d3-2e151a5b90ce/runs/b7af05d3-17db-46b3-9efa-3675672f1135' for gc 4.07259744310222days in the future
I0513 14:05:44.581063  2808 gc.cpp:95] Scheduling '/var/lib/mesos/agent/slaves/c8e59b09-da78-48e6-bdd2-9c3396b857b8-S0/frameworks/c8e59b09-da78-48e6-bdd2-9c3396b857b8-0000/executors/httpd.347fe9b6-7365-11e9-a5d3-2e151a5b90ce' for gc 4.07259744250074days in the future
I0513 14:05:44.581140  2808 gc.cpp:95] Scheduling '/var/lib/mesos/agent/meta/slaves/c8e59b09-da78-48e6-bdd2-9c3396b857b8-S0/frameworks/c8e59b09-da78-48e6-bdd2-9c3396b857b8-0000/executors/httpd.347fe9b6-7365-11e9-a5d3-2e151a5b90ce' for gc 4.07259744192296days in the future
I0513 14:05:44.581172  2810 slave.cpp:9813] Recovering executor 'httpd.40787cf8-7365-11e9-a5d3-2e151a5b90ce' of framework c8e59b09-da78-48e6-bdd2-9c3396b857b8-0000
I0513 14:05:44.581681  2807 gc.cpp:95] Scheduling '/var/lib/mesos/agent/meta/slaves/c8e59b09-da78-48e6-bdd2-9c3396b857b8-S0/frameworks/c8e59b09-da78-48e6-bdd2-9c3396b857b8-0000/executors/httpd.40787cf8-7365-11e9-a5d3-2e151a5b90ce/runs/1f7b10d3-9790-4a53-a03f-4b7fd9ae2a89/tasks/httpd.40787cf8-7365-11e9-a5d3-2e151a5b90ce' for gc 4.07277104620444days in the future
I0513 14:05:44.582155  2811 gc.cpp:95] Scheduling '/var/lib/mesos/agent/slaves/c8e59b09-da78-48e6-bdd2-9c3396b857b8-S0/frameworks/c8e59b09-da78-48e6-bdd2-9c3396b857b8-0000/executors/httpd.40787cf8-7365-11e9-a5d3-2e151a5b90ce/runs/1f7b10d3-9790-4a53-a03f-4b7fd9ae2a89' for gc 4.07284048516148days in the future
I0513 14:05:44.582299  2805 gc.cpp:95] Scheduling '/var/lib/mesos/agent/meta/slaves/c8e59b09-da78-48e6-bdd2-9c3396b857b8-S0/frameworks/c8e59b09-da78-48e6-bdd2-9c3396b857b8-0000/executors/httpd.40787cf8-7365-11e9-a5d3-2e151a5b90ce/runs/1f7b10d3-9790-4a53-a03f-4b7fd9ae2a89' for gc 4.07284048347259days in the future
I0513 14:05:44.582381  2805 gc.cpp:95] Scheduling '/var/lib/mesos/agent/slaves/c8e59b09-da78-48e6-bdd2-9c3396b857b8-S0/frameworks/c8e59b09-da78-48e6-bdd2-9c3396b857b8-0000/executors/httpd.40787cf8-7365-11e9-a5d3-2e151a5b90ce' for gc 4.07284048293037days in the future
I0513 14:05:44.582403  2810 slave.cpp:9813] Recovering executor 'httpd.2e846365-7365-11e9-a5d3-2e151a5b90ce' of framework c8e59b09-da78-48e6-bdd2-9c3396b857b8-0000
I0513 14:05:44.582454  2805 gc.cpp:95] Scheduling '/var/lib/mesos/agent/meta/slaves/c8e59b09-da78-48e6-bdd2-9c3396b857b8-S0/frameworks/c8e59b09-da78-48e6-bdd2-9c3396b857b8-0000/executors/httpd.40787cf8-7365-11e9-a5d3-2e151a5b90ce' for gc 4.07284048239704days in the future
I0513 14:05:44.582788  2809 gc.cpp:95] Scheduling '/var/lib/mesos/agent/meta/slaves/c8e59b09-da78-48e6-bdd2-9c3396b857b8-S0/frameworks/c8e59b09-da78-48e6-bdd2-9c3396b857b8-0000/executors/httpd.2e846365-7365-11e9-a5d3-2e151a5b90ce/runs/12e0b209-2eb6-4405-88fd-4d7927d93d49/tasks/httpd.2e846365-7365-11e9-a5d3-2e151a5b90ce' for gc 4.07242381115852days in the future
I0513 14:05:44.590780  2808 gc.cpp:95] Scheduling '/var/lib/mesos/agent/slaves/c8e59b09-da78-48e6-bdd2-9c3396b857b8-S0/frameworks/c8e59b09-da78-48e6-bdd2-9c3396b857b8-0000/executors/httpd.2e846365-7365-11e9-a5d3-2e151a5b90ce/runs/12e0b209-2eb6-4405-88fd-4d7927d93d49' for gc 4.07248158961778days in the future
I0513 14:05:44.591025  2807 gc.cpp:95] Scheduling '/var/lib/mesos/agent/meta/slaves/c8e59b09-da78-48e6-bdd2-9c3396b857b8-S0/frameworks/c8e59b09-da78-48e6-bdd2-9c3396b857b8-0000/executors/httpd.2e846365-7365-11e9-a5d3-2e151a5b90ce/runs/12e0b209-2eb6-4405-88fd-4d7927d93d49' for gc 4.07248158618963days in the future
I0513 14:05:44.591120  2807 gc.cpp:95] Scheduling '/var/lib/mesos/agent/slaves/c8e59b09-da78-48e6-bdd2-9c3396b857b8-S0/frameworks/c8e59b09-da78-48e6-bdd2-9c3396b857b8-0000/executors/httpd.2e846365-7365-11e9-a5d3-2e151a5b90ce' for gc 4.07248158561482days in the future
I0513 14:05:44.591184  2807 gc.cpp:95] Scheduling '/var/lib/mesos/agent/meta/slaves/c8e59b09-da78-48e6-bdd2-9c3396b857b8-S0/frameworks/c8e59b09-da78-48e6-bdd2-9c3396b857b8-0000/executors/httpd.2e846365-7365-11e9-a5d3-2e151a5b90ce' for gc 4.07248158505778days in the future
I0513 14:05:44.591212  2810 slave.cpp:9813] Recovering executor 'httpd.feac287d-7364-11e9-a5d3-2e151a5b90ce' of framework c8e59b09-da78-48e6-bdd2-9c3396b857b8-0000
I0513 14:05:44.591732  2811 gc.cpp:95] Scheduling '/var/lib/mesos/agent/meta/slaves/c8e59b09-da78-48e6-bdd2-9c3396b857b8-S0/frameworks/c8e59b09-da78-48e6-bdd2-9c3396b857b8-0000/executors/httpd.feac287d-7364-11e9-a5d3-2e151a5b90ce/runs/964dddbf-246b-4a47-bb8a-4aa4a58b5dc9/tasks/httpd.feac287d-7364-11e9-a5d3-2e151a5b90ce' for gc 4.07149778188741days in the future
I0513 14:05:44.592056  2805 gc.cpp:95] Scheduling '/var/lib/mesos/agent/slaves/c8e59b09-da78-48e6-bdd2-9c3396b857b8-S0/frameworks/c8e59b09-da78-48e6-bdd2-9c3396b857b8-0000/executors/httpd.feac287d-7364-11e9-a5d3-2e151a5b90ce/runs/964dddbf-246b-4a47-bb8a-4aa4a58b5dc9' for gc 4.071555648days in the future
I0513 14:05:44.592182  2809 gc.cpp:95] Scheduling '/var/lib/mesos/agent/meta/slaves/c8e59b09-da78-48e6-bdd2-9c3396b857b8-S0/frameworks/c8e59b09-da78-48e6-bdd2-9c3396b857b8-0000/executors/httpd.feac287d-7364-11e9-a5d3-2e151a5b90ce/runs/964dddbf-246b-4a47-bb8a-4aa4a58b5dc9' for gc 4.07155564674963days in the future
I0513 14:05:44.592252  2809 gc.cpp:95] Scheduling '/var/lib/mesos/agent/slaves/c8e59b09-da78-48e6-bdd2-9c3396b857b8-S0/frameworks/c8e59b09-da78-48e6-bdd2-9c3396b857b8-0000/executors/httpd.feac287d-7364-11e9-a5d3-2e151a5b90ce' for gc 4.07155564620148days in the future
I0513 14:05:44.592283  2810 slave.cpp:9813] Recovering executor 'httpd.49720109-7365-11e9-a5d3-2e151a5b90ce' of framework c8e59b09-da78-48e6-bdd2-9c3396b857b8-0000
I0513 14:05:44.592301  2809 gc.cpp:95] Scheduling '/var/lib/mesos/agent/meta/slaves/c8e59b09-da78-48e6-bdd2-9c3396b857b8-S0/frameworks/c8e59b09-da78-48e6-bdd2-9c3396b857b8-0000/executors/httpd.feac287d-7364-11e9-a5d3-2e151a5b90ce' for gc 4.07155564569481days in the future
I0513 14:05:44.592587  2808 gc.cpp:95] Scheduling '/var/lib/mesos/agent/meta/slaves/c8e59b09-da78-48e6-bdd2-9c3396b857b8-S0/frameworks/c8e59b09-da78-48e6-bdd2-9c3396b857b8-0000/executors/httpd.49720109-7365-11e9-a5d3-2e151a5b90ce/runs/a3ca970b-dfcd-4f89-8768-896bf84beda5/tasks/httpd.49720109-7365-11e9-a5d3-2e151a5b90ce' for gc 4.0729445308563days in the future
I0513 14:05:44.592957  2807 gc.cpp:95] Scheduling '/var/lib/mesos/agent/slaves/c8e59b09-da78-48e6-bdd2-9c3396b857b8-S0/frameworks/c8e59b09-da78-48e6-bdd2-9c3396b857b8-0000/executors/httpd.49720109-7365-11e9-a5d3-2e151a5b90ce/runs/a3ca970b-dfcd-4f89-8768-896bf84beda5' for gc 4.07301397104296days in the future
I0513 14:05:44.593073  2811 gc.cpp:95] Scheduling '/var/lib/mesos/agent/meta/slaves/c8e59b09-da78-48e6-bdd2-9c3396b857b8-S0/frameworks/c8e59b09-da78-48e6-bdd2-9c3396b857b8-0000/executors/httpd.49720109-7365-11e9-a5d3-2e151a5b90ce/runs/a3ca970b-dfcd-4f89-8768-896bf84beda5' for gc 4.07301396972444days in the future
I0513 14:05:44.593135  2811 gc.cpp:95] Scheduling '/var/lib/mesos/agent/slaves/c8e59b09-da78-48e6-bdd2-9c3396b857b8-S0/frameworks/c8e59b09-da78-48e6-bdd2-9c3396b857b8-0000/executors/httpd.49720109-7365-11e9-a5d3-2e151a5b90ce' for gc 4.07301396920296days in the future
I0513 14:05:44.593165  2810 slave.cpp:6840] Cleaning up framework c8e59b09-da78-48e6-bdd2-9c3396b857b8-0000
I0513 14:05:44.593186  2811 gc.cpp:95] Scheduling '/var/lib/mesos/agent/meta/slaves/c8e59b09-da78-48e6-bdd2-9c3396b857b8-S0/frameworks/c8e59b09-da78-48e6-bdd2-9c3396b857b8-0000/executors/httpd.49720109-7365-11e9-a5d3-2e151a5b90ce' for gc 4.07301396874963days in the future
I0513 14:05:44.593279  2805 task_status_update_manager.cpp:289] Closing task status update streams for framework c8e59b09-da78-48e6-bdd2-9c3396b857b8-0000
I0513 14:05:44.593325  2806 gc.cpp:95] Scheduling '/var/lib/mesos/agent/slaves/c8e59b09-da78-48e6-bdd2-9c3396b857b8-S0/frameworks/c8e59b09-da78-48e6-bdd2-9c3396b857b8-0000' for gc 6.9999931334163days in the future
I0513 14:05:44.593389  2806 gc.cpp:95] Scheduling '/var/lib/mesos/agent/meta/slaves/c8e59b09-da78-48e6-bdd2-9c3396b857b8-S0/frameworks/c8e59b09-da78-48e6-bdd2-9c3396b857b8-0000' for gc 6.99999313291556days in the future
I0513 14:05:44.601297  2809 task_status_update_manager.cpp:207] Recovering task status update manager
I0513 14:05:44.601336  2809 task_status_update_manager.cpp:215] Recovering executor 'httpd.982467ca-75af-11e9-8319-06d0e03ee117' of framework a02141ad-a172-44b5-8dd9-dc8a5687d41a-0000
I0513 14:05:44.601444  2809 task_status_update_manager.cpp:215] Recovering executor 'httpd.aa19b9dd-75af-11e9-8319-06d0e03ee117' of framework a02141ad-a172-44b5-8dd9-dc8a5687d41a-0000
I0513 14:05:44.601532  2809 task_status_update_manager.cpp:215] Recovering executor 'httpd.b015673e-75af-11e9-8319-06d0e03ee117' of framework a02141ad-a172-44b5-8dd9-dc8a5687d41a-0000
I0513 14:05:44.602054  2809 task_status_update_manager.cpp:215] Recovering executor 'httpd.8c37e278-75af-11e9-8319-06d0e03ee117' of framework a02141ad-a172-44b5-8dd9-dc8a5687d41a-0000
I0513 14:05:44.602147  2809 task_status_update_manager.cpp:215] Recovering executor 'httpd.9e20d87b-75af-11e9-8319-06d0e03ee117' of framework a02141ad-a172-44b5-8dd9-dc8a5687d41a-0000
I0513 14:05:44.602227  2809 task_status_update_manager.cpp:215] Recovering executor 'httpd.a41cacec-75af-11e9-8319-06d0e03ee117' of framework a02141ad-a172-44b5-8dd9-dc8a5687d41a-0000
I0513 14:05:44.602304  2809 task_status_update_manager.cpp:215] Recovering executor 'httpd.9229a4c9-75af-11e9-8319-06d0e03ee117' of framework a02141ad-a172-44b5-8dd9-dc8a5687d41a-0000
I0513 14:05:44.602383  2809 task_status_update_manager.cpp:215] Recovering executor 'httpd.1694ea91-7365-11e9-a5d3-2e151a5b90ce' of framework c8e59b09-da78-48e6-bdd2-9c3396b857b8-0000
I0513 14:05:44.602460  2809 task_status_update_manager.cpp:215] Recovering executor 'httpd.2887cba4-7365-11e9-a5d3-2e151a5b90ce' of framework c8e59b09-da78-48e6-bdd2-9c3396b857b8-0000
I0513 14:05:44.602535  2809 task_status_update_manager.cpp:215] Recovering executor 'httpd.1097dda0-7365-11e9-a5d3-2e151a5b90ce' of framework c8e59b09-da78-48e6-bdd2-9c3396b857b8-0000
I0513 14:05:44.602610  2809 task_status_update_manager.cpp:215] Recovering executor 'httpd.3a7ca887-7365-11e9-a5d3-2e151a5b90ce' of framework c8e59b09-da78-48e6-bdd2-9c3396b857b8-0000
I0513 14:05:44.602685  2809 task_status_update_manager.cpp:215] Recovering executor 'httpd.228cba83-7365-11e9-a5d3-2e151a5b90ce' of framework c8e59b09-da78-48e6-bdd2-9c3396b857b8-0000
I0513 14:05:44.602759  2809 task_status_update_manager.cpp:215] Recovering executor 'httpd.0a9d1a9f-7365-11e9-a5d3-2e151a5b90ce' of framework c8e59b09-da78-48e6-bdd2-9c3396b857b8-0000
I0513 14:05:44.602833  2809 task_status_update_manager.cpp:215] Recovering executor 'httpd.1c9049d2-7365-11e9-a5d3-2e151a5b90ce' of framework c8e59b09-da78-48e6-bdd2-9c3396b857b8-0000
I0513 14:05:44.602910  2809 task_status_update_manager.cpp:215] Recovering executor 'httpd.04a034be-7365-11e9-a5d3-2e151a5b90ce' of framework c8e59b09-da78-48e6-bdd2-9c3396b857b8-0000
I0513 14:05:44.602983  2809 task_status_update_manager.cpp:215] Recovering executor 'httpd.347fe9b6-7365-11e9-a5d3-2e151a5b90ce' of framework c8e59b09-da78-48e6-bdd2-9c3396b857b8-0000
I0513 14:05:44.603058  2809 task_status_update_manager.cpp:215] Recovering executor 'httpd.40787cf8-7365-11e9-a5d3-2e151a5b90ce' of framework c8e59b09-da78-48e6-bdd2-9c3396b857b8-0000
I0513 14:05:44.603133  2809 task_status_update_manager.cpp:215] Recovering executor 'httpd.2e846365-7365-11e9-a5d3-2e151a5b90ce' of framework c8e59b09-da78-48e6-bdd2-9c3396b857b8-0000
I0513 14:05:44.603209  2809 task_status_update_manager.cpp:215] Recovering executor 'httpd.feac287d-7364-11e9-a5d3-2e151a5b90ce' of framework c8e59b09-da78-48e6-bdd2-9c3396b857b8-0000
I0513 14:05:44.603282  2809 task_status_update_manager.cpp:215] Recovering executor 'httpd.49720109-7365-11e9-a5d3-2e151a5b90ce' of framework c8e59b09-da78-48e6-bdd2-9c3396b857b8-0000
I0513 14:05:44.614218  2804 containerizer.cpp:797] Recovering Mesos containers
I0513 14:05:44.615552  2811 linux_launcher.cpp:286] Recovering Linux launcher
I0513 14:05:44.616091  2804 containerizer.cpp:1123] Recovering isolators
I0513 14:05:44.638453  2807 docker.cpp:890] Recovering Docker containers
I0513 14:05:44.653053  2811 containerizer.cpp:1162] Recovering provisioner
I0513 14:05:44.654886  2809 provisioner.cpp:498] Provisioner recovery complete
I0513 14:05:44.874214  2807 docker.cpp:903] Got the list of Docker containers
I0513 14:05:44.876547  2807 docker.cpp:1139] Finished processing orphaned Docker containers
I0513 14:05:44.877410  2807 composing.cpp:339] Finished recovering all containerizers
I0513 14:05:44.879460  2804 status_update_manager_process.hpp:314] Recovering operation status update manager
I0513 14:05:44.881453  2810 slave.cpp:7695] Recovering executors
I0513 14:05:44.881811  2810 slave.cpp:7785] Unable to reconnect to executor 'httpd.b015673e-75af-11e9-8319-06d0e03ee117' of framework a02141ad-a172-44b5-8dd9-dc8a5687d41a-0000 because no pid or http checkpoint file was found
E0513 14:05:44.896512  2805 slave.cpp:6600] Termination of executor 'httpd.b015673e-75af-11e9-8319-06d0e03ee117' of framework a02141ad-a172-44b5-8dd9-dc8a5687d41a-0000 failed: unknown container
I0513 14:05:44.896718  2805 slave.cpp:5545] Handling status update TASK_FAILED (Status UUID: 7a81579b-c144-45bb-b8e0-f44a92b7ba95) for task httpd.b015673e-75af-11e9-8319-06d0e03ee117 of framework a02141ad-a172-44b5-8dd9-dc8a5687d41a-0000 from @0.0.0.0:0
E0513 14:05:44.898622  2808 slave.cpp:5876] Failed to update resources for container 75385c6c-58fb-4560-a213-c1ac2e80eca0 of executor 'httpd.b015673e-75af-11e9-8319-06d0e03ee117' running task httpd.b015673e-75af-11e9-8319-06d0e03ee117 on status update for terminal task, destroying container: Container not found
W0513 14:05:44.898871  2807 composing.cpp:609] Attempted to destroy unknown container 75385c6c-58fb-4560-a213-c1ac2e80eca0
I0513 14:05:44.898947  2804 task_status_update_manager.cpp:328] Received task status update TASK_FAILED (Status UUID: 7a81579b-c144-45bb-b8e0-f44a92b7ba95) for task httpd.b015673e-75af-11e9-8319-06d0e03ee117 of framework a02141ad-a172-44b5-8dd9-dc8a5687d41a-0000
I0513 14:05:44.899027  2804 task_status_update_manager.cpp:842] Checkpointing UPDATE for task status update TASK_FAILED (Status UUID: 7a81579b-c144-45bb-b8e0-f44a92b7ba95) for task httpd.b015673e-75af-11e9-8319-06d0e03ee117 of framework a02141ad-a172-44b5-8dd9-dc8a5687d41a-0000
I0513 14:05:46.883065  2806 slave.cpp:5473] Cleaning up un-reregistered executors
I0513 14:05:46.883404  2806 slave.cpp:7848] Finished recovery
I0513 14:05:46.886430  2811 status_update_manager_process.hpp:379] Pausing operation status update manager
I0513 14:05:46.886440  2810 task_status_update_manager.cpp:181] Pausing sending task status updates
I0513 14:05:46.886543  2806 slave.cpp:1258] New master detected at master@192.168.1.5:5050
I0513 14:05:46.886639  2806 slave.cpp:1312] No credentials provided. Attempting to register without authentication
I0513 14:05:46.886767  2806 slave.cpp:1323] Detecting new master
I0513 14:05:47.200978  2806 slave.cpp:1607] Re-registered with master master@192.168.1.5:5050
I0513 14:05:47.201072  2809 task_status_update_manager.cpp:188] Resuming sending task status updates
I0513 14:05:47.201079  2808 status_update_manager_process.hpp:385] Resuming operation status update manager
W0513 14:05:47.201131  2809 task_status_update_manager.cpp:195] Resending task status update TASK_STARTING (Status UUID: d51c45a9-4f30-42c0-b836-4cdf43570463) for task httpd.b015673e-75af-11e9-8319-06d0e03ee117 of framework a02141ad-a172-44b5-8dd9-dc8a5687d41a-0000
I0513 14:05:47.201233  2806 slave.cpp:1653] Forwarding agent update {"operations":{},"resource_providers":{},"resource_version_uuid":{"value":"KDUwREiiQDeFVyGAn53zCQ=="},"slave_id":{"value":"c8e59b09-da78-48e6-bdd2-9c3396b857b8-S0"},"update_oversubscribed_resources":false}
I0513 14:05:47.201977  2806 slave.cpp:6037] Forwarding the update TASK_STARTING (Status UUID: d51c45a9-4f30-42c0-b836-4cdf43570463) for task httpd.b015673e-75af-11e9-8319-06d0e03ee117 of framework a02141ad-a172-44b5-8dd9-dc8a5687d41a-0000 to master@192.168.1.5:5050
W0513 14:05:57.202280  2804 task_status_update_manager.cpp:484] Resending task status update TASK_STARTING (Status UUID: d51c45a9-4f30-42c0-b836-4cdf43570463) for task httpd.b015673e-75af-11e9-8319-06d0e03ee117 of framework a02141ad-a172-44b5-8dd9-dc8a5687d41a-0000
I0513 14:05:57.202889  2808 slave.cpp:6037] Forwarding the update TASK_STARTING (Status UUID: d51c45a9-4f30-42c0-b836-4cdf43570463) for task httpd.b015673e-75af-11e9-8319-06d0e03ee117 of framework a02141ad-a172-44b5-8dd9-dc8a5687d41a-0000 to master@192.168.1.5:5050
W0513 14:06:17.206131  2806 task_status_update_manager.cpp:484] Resending task status update TASK_STARTING (Status UUID: d51c45a9-4f30-42c0-b836-4cdf43570463) for task httpd.b015673e-75af-11e9-8319-06d0e03ee117 of framework a02141ad-a172-44b5-8dd9-dc8a5687d41a-0000
I0513 14:06:17.206917  2807 slave.cpp:6037] Forwarding the update TASK_STARTING (Status UUID: d51c45a9-4f30-42c0-b836-4cdf43570463) for task httpd.b015673e-75af-11e9-8319-06d0e03ee117 of framework a02141ad-a172-44b5-8dd9-dc8a5687d41a-0000 to master@192.168.1.5:5050
I0513 14:06:43.046458  2808 slave.cpp:7148] Current disk usage 27.74%. Max allowed age: 4.357964276800694days
