I0509 22:55:00.706796  2782 main.cpp:350] Build: 2019-05-09 21:42:43 by root
I0509 22:55:00.706876  2782 main.cpp:351] Version: 1.8.0
I0509 22:55:00.706881  2782 main.cpp:354] Git tag: 1.8.0-rc3
I0509 22:55:00.706884  2782 main.cpp:358] Git SHA: acefa90695a32f8e8d6361f8192a6522aeaadbb9
I0509 22:55:00.713559  2782 systemd.cpp:240] systemd version `237` detected
I0509 22:55:00.713595  2782 main.cpp:453] Initializing systemd state
I0509 22:55:00.713932  2782 systemd.cpp:307] Created systemd slice: `/run/systemd/system/mesos_executors.slice`
I0509 22:55:00.881801  2782 systemd.cpp:328] Started systemd slice `mesos_executors.slice`
I0509 22:55:00.926281  2782 resolver.cpp:69] Creating default secret resolver
I0509 22:55:01.774680  2782 containerizer.cpp:314] Using isolation { environment_secret, filesystem/linux, volume/image, docker/runtime, network/cni, volume/host_path, volume/sandbox_path }
I0509 22:55:01.778393  2782 linux_launcher.cpp:144] Using /sys/fs/cgroup/freezer as the freezer hierarchy for the Linux launcher
I0509 22:55:01.778697  2782 linux_launcher.cpp:176] Using /sys/fs/cgroup/systemd as the systemd hierarchy for the Linux launcher
Hadoop 3.1.2
Source code repository https://github.com/apache/hadoop.git -r 1019dde65bcf12e05ef48ac71e84550d589e5d9a
Compiled by sunilg on 2019-01-29T01:39Z
Compiled with protoc 2.5.0
From source with checksum 64b8bdd4ca6e77cce75a93eb09ab2a9
This command was run using /home/jouko/dev/software/hadoop-3.1.2/share/hadoop/common/hadoop-common-3.1.2.jar
I0509 22:55:04.330778  2782 provisioner.cpp:298] Using default backend 'overlay'
2019-05-09 22:55:04,350:2782(0x7f3a7bb0a700):ZOO_INFO@log_env@753: Client environment:zookeeper.version=zookeeper C client 3.4.8
2019-05-09 22:55:04,350:2782(0x7f3a7bb0a700):ZOO_INFO@log_env@757: Client environment:host.name=jouko-Gazelle-Professional
2019-05-09 22:55:04,350:2782(0x7f3a7bb0a700):ZOO_INFO@log_env@764: Client environment:os.name=Linux
2019-05-09 22:55:04,350:2782(0x7f3a7bb0a700):ZOO_INFO@log_env@765: Client environment:os.arch=4.15.0-48-generic
2019-05-09 22:55:04,350:2782(0x7f3a7bb0a700):ZOO_INFO@log_env@766: Client environment:os.version=#51-Ubuntu SMP Wed Apr 3 08:28:49 UTC 2019
2019-05-09 22:55:04,351:2782(0x7f3a7bb0a700):ZOO_INFO@log_env@774: Client environment:user.name=jouko
2019-05-09 22:55:04,351:2782(0x7f3a7bb0a700):ZOO_INFO@log_env@782: Client environment:user.home=/root
2019-05-09 22:55:04,351:2782(0x7f3a7bb0a700):ZOO_INFO@log_env@794: Client environment:user.dir=/home/jouko/dev/projects/TrainingSprints/datascience-bootcamp/MesosTest
2019-05-09 22:55:04,351:2782(0x7f3a7bb0a700):ZOO_INFO@zookeeper_init@827: Initiating client connection, host=192.168.1.5:2181 sessionTimeout=10000 watcher=0x7f3a93374992 sessionId=0 sessionPasswd=<null> context=0x7f3a64002fc8 flags=0
2019-05-09 22:55:04,351:2782(0x7f3a79ac5700):ZOO_INFO@check_events@1764: initiated connection to server [192.168.1.5:2181]
2019-05-09 22:55:04,516:2782(0x7f3a79ac5700):ZOO_INFO@check_events@1811: session establishment complete on server [192.168.1.5:2181], sessionId=0x1000002653f0002, negotiated timeout=10000
I0509 22:55:04.517315  2804 group.cpp:341] Group process (zookeeper-group(1)@192.168.1.5:5051) connected to ZooKeeper
I0509 22:55:04.517493  2804 group.cpp:831] Syncing group operations: queue size (joins, cancels, datas) = (0, 0, 0)
I0509 22:55:04.517582  2804 group.cpp:419] Trying to create path '/mesos' in ZooKeeper
I0509 22:55:04.524389  2803 detector.cpp:152] Detected a new leader: (id='0')
I0509 22:55:04.525466  2802 group.cpp:700] Trying to get '/mesos/json.info_0000000000' in ZooKeeper
I0509 22:55:04.529392  2803 zookeeper.cpp:262] A new leading master (UPID=master@192.168.1.5:5050) is detected
I0509 22:55:04.535105  2782 slave.cpp:265] Mesos agent started on (1)@192.168.1.5:5051
I0509 22:55:04.535138  2782 slave.cpp:266] Flags at startup: --appc_simple_discovery_uri_prefix="http://" --appc_store_dir="/tmp/mesos/store/appc" --authenticate_http_readonly="false" --authenticate_http_readwrite="false" --authenticatee="crammd5" --authentication_backoff_factor="1secs" --authentication_timeout_max="1mins" --authentication_timeout_min="5secs" --authorizer="local" --cgroups_cpu_enable_pids_and_tids_count="false" --cgroups_destroy_timeout="1mins" --cgroups_enable_cfs="false" --cgroups_hierarchy="/sys/fs/cgroup" --cgroups_limit_swap="false" --cgroups_root="mesos" --container_disk_watch_interval="15secs" --containerizers="docker,mesos" --default_role="*" --disallow_sharing_agent_pid_namespace="false" --disk_watch_interval="1mins" --docker="docker" --docker_kill_orphans="true" --docker_registry="https://registry-1.docker.io" --docker_remove_delay="6hrs" --docker_socket="/var/run/docker.sock" --docker_stop_timeout="0ns" --docker_store_dir="/tmp/mesos/store/docker" --docker_volume_checkpoint_dir="/var/run/mesos/isolators/docker/volume" --enforce_container_disk_quota="false" --executor_registration_timeout="5mins" --executor_reregistration_timeout="2secs" --executor_shutdown_grace_period="1mins" --fetcher_cache_dir="/tmp/mesos/fetch" --fetcher_cache_size="2GB" --fetcher_stall_timeout="1mins" --frameworks_home="" --gc_delay="1weeks" --gc_disk_headroom="0.1" --gc_non_executor_container_sandboxes="false" --hadoop_home="/home/jouko/dev/software/hadoop-3.1.2" --help="false" --hostname_lookup="true" --http_command_executor="false" --http_heartbeat_interval="30secs" --image_providers="docker" --initialize_driver_logging="true" --isolation="docker/runtime,filesystem/linux" --launcher="linux" --launcher_dir="/home/jouko/dev/software/mesos-1.8.0/build/src" --logbufsecs="0" --logging_level="INFO" --master="zk://192.168.1.5:2181/mesos" --max_completed_executors_per_framework="150" --memory_profiling="false" --network_cni_metrics="true" --network_cni_root_dir_persist="false" --oversubscribed_resources_interval="15secs" --perf_duration="10secs" --perf_interval="1mins" --port="5051" --qos_correction_interval_min="0ns" --quiet="false" --reconfiguration_policy="equal" --recover="reconnect" --recovery_timeout="15mins" --registration_backoff_factor="1secs" --revocable_cpu_low_priority="true" --runtime_dir="/var/run/mesos" --sandbox_directory="/mnt/mesos/sandbox" --strict="true" --switch_user="true" --systemd_enable_support="true" --systemd_runtime_directory="/run/systemd/system" --version="false" --work_dir="/home/jouko/mesos_work_dir" --zk_session_timeout="10secs"
I0509 22:55:04.584496  2782 disk_profile_adaptor.cpp:78] Creating default disk profile adaptor module
I0509 22:55:04.592990  2782 slave.cpp:613] Agent resources: [{"name":"cpus","scalar":{"value":8.0},"type":"SCALAR"},{"name":"mem","scalar":{"value":14936.0},"type":"SCALAR"},{"name":"disk","scalar":{"value":698029.0},"type":"SCALAR"},{"name":"ports","ranges":{"range":[{"begin":31000,"end":32000}]},"type":"RANGES"}]
I0509 22:55:04.593550  2782 slave.cpp:621] Agent attributes: [  ]
I0509 22:55:04.593570  2782 slave.cpp:630] Agent hostname: jouko-Gazelle-Professional
I0509 22:55:04.593776  2803 task_status_update_manager.cpp:181] Pausing sending task status updates
I0509 22:55:04.593811  2798 status_update_manager_process.hpp:379] Pausing operation status update manager
I0509 22:55:04.628756  2802 state.cpp:67] Recovering state from '/home/jouko/mesos_work_dir/meta'
I0509 22:55:04.629109  2802 state.cpp:789] No committed checkpointed resources and operations found at '/home/jouko/mesos_work_dir/meta/resources/resources_and_operations.state'
I0509 22:55:04.629163  2802 state.cpp:795] No committed checkpointed resources found at '/home/jouko/mesos_work_dir/meta/resources/resources.info'
I0509 22:55:04.647125  2802 state.cpp:99] Agent host rebooted
I0509 22:55:04.920087  2805 slave.cpp:7233] Finished recovering checkpointed state from '/home/jouko/mesos_work_dir/meta', beginning agent recovery
I0509 22:55:04.989622  2805 slave.cpp:7945] Recovering framework 860d6178-b035-4997-94b4-ad0e1a2d9e15-0000
I0509 22:55:04.998390  2805 slave.cpp:9813] Recovering executor 'httpd.860728f1-72d4-11e9-b3bb-9e2c988ab79d' of framework 860d6178-b035-4997-94b4-ad0e1a2d9e15-0000
I0509 22:55:04.999467  2802 gc.cpp:95] Scheduling '/home/jouko/mesos_work_dir/meta/slaves/860d6178-b035-4997-94b4-ad0e1a2d9e15-S0/frameworks/860d6178-b035-4997-94b4-ad0e1a2d9e15-0000/executors/httpd.860728f1-72d4-11e9-b3bb-9e2c988ab79d/runs/1653f4a0-bcbc-4866-9188-6f849a35adc6/tasks/httpd.860728f1-72d4-11e9-b3bb-9e2c988ab79d' for gc 6.98572917553185days in the future
I0509 22:55:05.073530  2804 gc.cpp:95] Scheduling '/home/jouko/mesos_work_dir/slaves/860d6178-b035-4997-94b4-ad0e1a2d9e15-S0/frameworks/860d6178-b035-4997-94b4-ad0e1a2d9e15-0000/executors/httpd.860728f1-72d4-11e9-b3bb-9e2c988ab79d/runs/1653f4a0-bcbc-4866-9188-6f849a35adc6' for gc 6.98578618839111days in the future
I0509 22:55:05.074311  2798 gc.cpp:95] Scheduling '/home/jouko/mesos_work_dir/meta/slaves/860d6178-b035-4997-94b4-ad0e1a2d9e15-S0/frameworks/860d6178-b035-4997-94b4-ad0e1a2d9e15-0000/executors/httpd.860728f1-72d4-11e9-b3bb-9e2c988ab79d/runs/1653f4a0-bcbc-4866-9188-6f849a35adc6' for gc 6.98578617900444days in the future
I0509 22:55:05.074486  2798 gc.cpp:95] Scheduling '/home/jouko/mesos_work_dir/slaves/860d6178-b035-4997-94b4-ad0e1a2d9e15-S0/frameworks/860d6178-b035-4997-94b4-ad0e1a2d9e15-0000/executors/httpd.860728f1-72d4-11e9-b3bb-9e2c988ab79d' for gc 6.98578617689778days in the future
I0509 22:55:05.074599  2798 gc.cpp:95] Scheduling '/home/jouko/mesos_work_dir/meta/slaves/860d6178-b035-4997-94b4-ad0e1a2d9e15-S0/frameworks/860d6178-b035-4997-94b4-ad0e1a2d9e15-0000/executors/httpd.860728f1-72d4-11e9-b3bb-9e2c988ab79d' for gc 6.98578617572741days in the future
I0509 22:55:05.074770  2805 slave.cpp:9813] Recovering executor 'httpd.74146eee-72d4-11e9-b3bb-9e2c988ab79d' of framework 860d6178-b035-4997-94b4-ad0e1a2d9e15-0000
I0509 22:55:05.075636  2803 gc.cpp:95] Scheduling '/home/jouko/mesos_work_dir/meta/slaves/860d6178-b035-4997-94b4-ad0e1a2d9e15-S0/frameworks/860d6178-b035-4997-94b4-ad0e1a2d9e15-0000/executors/httpd.74146eee-72d4-11e9-b3bb-9e2c988ab79d/runs/6f5cb9ad-9044-43b2-a102-fe86adc16656/tasks/httpd.74146eee-72d4-11e9-b3bb-9e2c988ab79d' for gc 6.98538107041778days in the future
I0509 22:55:05.132643  2804 gc.cpp:95] Scheduling '/home/jouko/mesos_work_dir/slaves/860d6178-b035-4997-94b4-ad0e1a2d9e15-S0/frameworks/860d6178-b035-4997-94b4-ad0e1a2d9e15-0000/executors/httpd.74146eee-72d4-11e9-b3bb-9e2c988ab79d/runs/6f5cb9ad-9044-43b2-a102-fe86adc16656' for gc 6.98543828149333days in the future
I0509 22:55:05.132900  2802 gc.cpp:95] Scheduling '/home/jouko/mesos_work_dir/meta/slaves/860d6178-b035-4997-94b4-ad0e1a2d9e15-S0/frameworks/860d6178-b035-4997-94b4-ad0e1a2d9e15-0000/executors/httpd.74146eee-72d4-11e9-b3bb-9e2c988ab79d/runs/6f5cb9ad-9044-43b2-a102-fe86adc16656' for gc 6.98543827739556days in the future
I0509 22:55:05.133016  2802 gc.cpp:95] Scheduling '/home/jouko/mesos_work_dir/slaves/860d6178-b035-4997-94b4-ad0e1a2d9e15-S0/frameworks/860d6178-b035-4997-94b4-ad0e1a2d9e15-0000/executors/httpd.74146eee-72d4-11e9-b3bb-9e2c988ab79d' for gc 6.98543827663111days in the future
I0509 22:55:05.133105  2802 gc.cpp:95] Scheduling '/home/jouko/mesos_work_dir/meta/slaves/860d6178-b035-4997-94b4-ad0e1a2d9e15-S0/frameworks/860d6178-b035-4997-94b4-ad0e1a2d9e15-0000/executors/httpd.74146eee-72d4-11e9-b3bb-9e2c988ab79d' for gc 6.98543827568296days in the future
I0509 22:55:05.133162  2805 slave.cpp:9813] Recovering executor 'httpd.91fed1d3-72d4-11e9-b3bb-9e2c988ab79d' of framework 860d6178-b035-4997-94b4-ad0e1a2d9e15-0000
I0509 22:55:05.133824  2798 gc.cpp:95] Scheduling '/home/jouko/mesos_work_dir/meta/slaves/860d6178-b035-4997-94b4-ad0e1a2d9e15-S0/frameworks/860d6178-b035-4997-94b4-ad0e1a2d9e15-0000/executors/httpd.91fed1d3-72d4-11e9-b3bb-9e2c988ab79d/runs/8f63daf4-f5f9-40d8-acf2-2c02b5ffc132/tasks/httpd.91fed1d3-72d4-11e9-b3bb-9e2c988ab79d' for gc 6.98595910039407days in the future
I0509 22:55:05.141003  2803 gc.cpp:95] Scheduling '/home/jouko/mesos_work_dir/slaves/860d6178-b035-4997-94b4-ad0e1a2d9e15-S0/frameworks/860d6178-b035-4997-94b4-ad0e1a2d9e15-0000/executors/httpd.91fed1d3-72d4-11e9-b3bb-9e2c988ab79d/runs/8f63daf4-f5f9-40d8-acf2-2c02b5ffc132' for gc 6.98602846225778days in the future
I0509 22:55:05.141295  2804 gc.cpp:95] Scheduling '/home/jouko/mesos_work_dir/meta/slaves/860d6178-b035-4997-94b4-ad0e1a2d9e15-S0/frameworks/860d6178-b035-4997-94b4-ad0e1a2d9e15-0000/executors/httpd.91fed1d3-72d4-11e9-b3bb-9e2c988ab79d/runs/8f63daf4-f5f9-40d8-acf2-2c02b5ffc132' for gc 6.98602845817185days in the future
I0509 22:55:05.141391  2804 gc.cpp:95] Scheduling '/home/jouko/mesos_work_dir/slaves/860d6178-b035-4997-94b4-ad0e1a2d9e15-S0/frameworks/860d6178-b035-4997-94b4-ad0e1a2d9e15-0000/executors/httpd.91fed1d3-72d4-11e9-b3bb-9e2c988ab79d' for gc 6.98602845731556days in the future
I0509 22:55:05.141458  2804 gc.cpp:95] Scheduling '/home/jouko/mesos_work_dir/meta/slaves/860d6178-b035-4997-94b4-ad0e1a2d9e15-S0/frameworks/860d6178-b035-4997-94b4-ad0e1a2d9e15-0000/executors/httpd.91fed1d3-72d4-11e9-b3bb-9e2c988ab79d' for gc 6.98602845658667days in the future
I0509 22:55:05.141499  2805 slave.cpp:9813] Recovering executor 'httpd.97fb6994-72d4-11e9-b3bb-9e2c988ab79d' of framework 860d6178-b035-4997-94b4-ad0e1a2d9e15-0000
I0509 22:55:05.141978  2799 gc.cpp:95] Scheduling '/home/jouko/mesos_work_dir/meta/slaves/860d6178-b035-4997-94b4-ad0e1a2d9e15-S0/frameworks/860d6178-b035-4997-94b4-ad0e1a2d9e15-0000/executors/httpd.97fb6994-72d4-11e9-b3bb-9e2c988ab79d/runs/6a2be2ae-74af-413d-9708-d8ca102d0b34/tasks/httpd.97fb6994-72d4-11e9-b3bb-9e2c988ab79d' for gc 6.98607474626074days in the future
I0509 22:55:05.154698  2798 gc.cpp:95] Scheduling '/home/jouko/mesos_work_dir/slaves/860d6178-b035-4997-94b4-ad0e1a2d9e15-S0/frameworks/860d6178-b035-4997-94b4-ad0e1a2d9e15-0000/executors/httpd.97fb6994-72d4-11e9-b3bb-9e2c988ab79d/runs/6a2be2ae-74af-413d-9708-d8ca102d0b34' for gc 6.98613247003556days in the future
I0509 22:55:05.154943  2803 gc.cpp:95] Scheduling '/home/jouko/mesos_work_dir/meta/slaves/860d6178-b035-4997-94b4-ad0e1a2d9e15-S0/frameworks/860d6178-b035-4997-94b4-ad0e1a2d9e15-0000/executors/httpd.97fb6994-72d4-11e9-b3bb-9e2c988ab79d/runs/6a2be2ae-74af-413d-9708-d8ca102d0b34' for gc 6.98613246710815days in the future
I0509 22:55:05.155076  2803 gc.cpp:95] Scheduling '/home/jouko/mesos_work_dir/slaves/860d6178-b035-4997-94b4-ad0e1a2d9e15-S0/frameworks/860d6178-b035-4997-94b4-ad0e1a2d9e15-0000/executors/httpd.97fb6994-72d4-11e9-b3bb-9e2c988ab79d' for gc 6.98613246626074days in the future
I0509 22:55:05.155153  2805 slave.cpp:9813] Recovering executor 'httpd.7a101c4f-72d4-11e9-b3bb-9e2c988ab79d' of framework 860d6178-b035-4997-94b4-ad0e1a2d9e15-0000
I0509 22:55:05.155175  2803 gc.cpp:95] Scheduling '/home/jouko/mesos_work_dir/meta/slaves/860d6178-b035-4997-94b4-ad0e1a2d9e15-S0/frameworks/860d6178-b035-4997-94b4-ad0e1a2d9e15-0000/executors/httpd.97fb6994-72d4-11e9-b3bb-9e2c988ab79d' for gc 6.98613246540444days in the future
I0509 22:55:05.155776  2800 gc.cpp:95] Scheduling '/home/jouko/mesos_work_dir/meta/slaves/860d6178-b035-4997-94b4-ad0e1a2d9e15-S0/frameworks/860d6178-b035-4997-94b4-ad0e1a2d9e15-0000/executors/httpd.7a101c4f-72d4-11e9-b3bb-9e2c988ab79d/runs/83d553b8-c1e5-48d7-a7b8-87c348c9f4e9/tasks/httpd.7a101c4f-72d4-11e9-b3bb-9e2c988ab79d' for gc 6.98549588321778days in the future
I0509 22:55:05.191200  2798 gc.cpp:95] Scheduling '/home/jouko/mesos_work_dir/slaves/860d6178-b035-4997-94b4-ad0e1a2d9e15-S0/frameworks/860d6178-b035-4997-94b4-ad0e1a2d9e15-0000/executors/httpd.7a101c4f-72d4-11e9-b3bb-9e2c988ab79d/runs/83d553b8-c1e5-48d7-a7b8-87c348c9f4e9' for gc 6.98555334430519days in the future
I0509 22:55:05.191439  2802 gc.cpp:95] Scheduling '/home/jouko/mesos_work_dir/meta/slaves/860d6178-b035-4997-94b4-ad0e1a2d9e15-S0/frameworks/860d6178-b035-4997-94b4-ad0e1a2d9e15-0000/executors/httpd.7a101c4f-72d4-11e9-b3bb-9e2c988ab79d/runs/83d553b8-c1e5-48d7-a7b8-87c348c9f4e9' for gc 6.9855533407763days in the future
I0509 22:55:05.191524  2802 gc.cpp:95] Scheduling '/home/jouko/mesos_work_dir/slaves/860d6178-b035-4997-94b4-ad0e1a2d9e15-S0/frameworks/860d6178-b035-4997-94b4-ad0e1a2d9e15-0000/executors/httpd.7a101c4f-72d4-11e9-b3bb-9e2c988ab79d' for gc 6.98555334003556days in the future
I0509 22:55:05.191622  2805 slave.cpp:9813] Recovering executor 'httpd.8c037292-72d4-11e9-b3bb-9e2c988ab79d' of framework 860d6178-b035-4997-94b4-ad0e1a2d9e15-0000
I0509 22:55:05.199549  2802 gc.cpp:95] Scheduling '/home/jouko/mesos_work_dir/meta/slaves/860d6178-b035-4997-94b4-ad0e1a2d9e15-S0/frameworks/860d6178-b035-4997-94b4-ad0e1a2d9e15-0000/executors/httpd.7a101c4f-72d4-11e9-b3bb-9e2c988ab79d' for gc 6.98555333944296days in the future
I0509 22:55:05.200067  2803 gc.cpp:95] Scheduling '/home/jouko/mesos_work_dir/meta/slaves/860d6178-b035-4997-94b4-ad0e1a2d9e15-S0/frameworks/860d6178-b035-4997-94b4-ad0e1a2d9e15-0000/executors/httpd.8c037292-72d4-11e9-b3bb-9e2c988ab79d/runs/0638fe40-c58a-4a1a-b701-8d11d23cf6b0/tasks/httpd.8c037292-72d4-11e9-b3bb-9e2c988ab79d' for gc 6.98584259293926days in the future
I0509 22:55:05.216837  2799 gc.cpp:95] Scheduling '/home/jouko/mesos_work_dir/slaves/860d6178-b035-4997-94b4-ad0e1a2d9e15-S0/frameworks/860d6178-b035-4997-94b4-ad0e1a2d9e15-0000/executors/httpd.8c037292-72d4-11e9-b3bb-9e2c988ab79d/runs/0638fe40-c58a-4a1a-b701-8d11d23cf6b0' for gc 6.98590027013926days in the future
I0509 22:55:05.217154  2798 gc.cpp:95] Scheduling '/home/jouko/mesos_work_dir/meta/slaves/860d6178-b035-4997-94b4-ad0e1a2d9e15-S0/frameworks/860d6178-b035-4997-94b4-ad0e1a2d9e15-0000/executors/httpd.8c037292-72d4-11e9-b3bb-9e2c988ab79d/runs/0638fe40-c58a-4a1a-b701-8d11d23cf6b0' for gc 6.98590026561185days in the future
I0509 22:55:05.217285  2798 gc.cpp:95] Scheduling '/home/jouko/mesos_work_dir/slaves/860d6178-b035-4997-94b4-ad0e1a2d9e15-S0/frameworks/860d6178-b035-4997-94b4-ad0e1a2d9e15-0000/executors/httpd.8c037292-72d4-11e9-b3bb-9e2c988ab79d' for gc 6.98590026473185days in the future
I0509 22:55:05.217392  2798 gc.cpp:95] Scheduling '/home/jouko/mesos_work_dir/meta/slaves/860d6178-b035-4997-94b4-ad0e1a2d9e15-S0/frameworks/860d6178-b035-4997-94b4-ad0e1a2d9e15-0000/executors/httpd.8c037292-72d4-11e9-b3bb-9e2c988ab79d' for gc 6.98590026389926days in the future
I0509 22:55:05.217401  2805 slave.cpp:9813] Recovering executor 'httpd.800c17d0-72d4-11e9-b3bb-9e2c988ab79d' of framework 860d6178-b035-4997-94b4-ad0e1a2d9e15-0000
I0509 22:55:05.218145  2800 gc.cpp:95] Scheduling '/home/jouko/mesos_work_dir/meta/slaves/860d6178-b035-4997-94b4-ad0e1a2d9e15-S0/frameworks/860d6178-b035-4997-94b4-ad0e1a2d9e15-0000/executors/httpd.800c17d0-72d4-11e9-b3bb-9e2c988ab79d/runs/ccc0454b-acc9-4579-ad86-2c784eb6b12f/tasks/httpd.800c17d0-72d4-11e9-b3bb-9e2c988ab79d' for gc 6.98561090245333days in the future
I0509 22:55:05.218727  2803 gc.cpp:95] Scheduling '/home/jouko/mesos_work_dir/slaves/860d6178-b035-4997-94b4-ad0e1a2d9e15-S0/frameworks/860d6178-b035-4997-94b4-ad0e1a2d9e15-0000/executors/httpd.800c17d0-72d4-11e9-b3bb-9e2c988ab79d/runs/ccc0454b-acc9-4579-ad86-2c784eb6b12f' for gc 6.98566876563852days in the future
I0509 22:55:05.218894  2799 gc.cpp:95] Scheduling '/home/jouko/mesos_work_dir/meta/slaves/860d6178-b035-4997-94b4-ad0e1a2d9e15-S0/frameworks/860d6178-b035-4997-94b4-ad0e1a2d9e15-0000/executors/httpd.800c17d0-72d4-11e9-b3bb-9e2c988ab79d/runs/ccc0454b-acc9-4579-ad86-2c784eb6b12f' for gc 6.98566876348148days in the future
I0509 22:55:05.218987  2799 gc.cpp:95] Scheduling '/home/jouko/mesos_work_dir/slaves/860d6178-b035-4997-94b4-ad0e1a2d9e15-S0/frameworks/860d6178-b035-4997-94b4-ad0e1a2d9e15-0000/executors/httpd.800c17d0-72d4-11e9-b3bb-9e2c988ab79d' for gc 6.98566876264889days in the future
I0509 22:55:05.219058  2799 gc.cpp:95] Scheduling '/home/jouko/mesos_work_dir/meta/slaves/860d6178-b035-4997-94b4-ad0e1a2d9e15-S0/frameworks/860d6178-b035-4997-94b4-ad0e1a2d9e15-0000/executors/httpd.800c17d0-72d4-11e9-b3bb-9e2c988ab79d' for gc 6.9856687617837days in the future
I0509 22:55:05.219079  2805 slave.cpp:6840] Cleaning up framework 860d6178-b035-4997-94b4-ad0e1a2d9e15-0000
I0509 22:55:05.219228  2804 task_status_update_manager.cpp:289] Closing task status update streams for framework 860d6178-b035-4997-94b4-ad0e1a2d9e15-0000
I0509 22:55:05.219264  2798 gc.cpp:95] Scheduling '/home/jouko/mesos_work_dir/slaves/860d6178-b035-4997-94b4-ad0e1a2d9e15-S0/frameworks/860d6178-b035-4997-94b4-ad0e1a2d9e15-0000' for gc 6.99999746296296days in the future
I0509 22:55:05.219350  2798 gc.cpp:95] Scheduling '/home/jouko/mesos_work_dir/meta/slaves/860d6178-b035-4997-94b4-ad0e1a2d9e15-S0/frameworks/860d6178-b035-4997-94b4-ad0e1a2d9e15-0000' for gc 6.99999746241778days in the future
I0509 22:55:05.223747  2800 task_status_update_manager.cpp:207] Recovering task status update manager
I0509 22:55:05.223800  2800 task_status_update_manager.cpp:215] Recovering executor 'httpd.860728f1-72d4-11e9-b3bb-9e2c988ab79d' of framework 860d6178-b035-4997-94b4-ad0e1a2d9e15-0000
I0509 22:55:05.223965  2800 task_status_update_manager.cpp:215] Recovering executor 'httpd.74146eee-72d4-11e9-b3bb-9e2c988ab79d' of framework 860d6178-b035-4997-94b4-ad0e1a2d9e15-0000
I0509 22:55:05.224045  2800 task_status_update_manager.cpp:215] Recovering executor 'httpd.91fed1d3-72d4-11e9-b3bb-9e2c988ab79d' of framework 860d6178-b035-4997-94b4-ad0e1a2d9e15-0000
I0509 22:55:05.224119  2800 task_status_update_manager.cpp:215] Recovering executor 'httpd.97fb6994-72d4-11e9-b3bb-9e2c988ab79d' of framework 860d6178-b035-4997-94b4-ad0e1a2d9e15-0000
I0509 22:55:05.224192  2800 task_status_update_manager.cpp:215] Recovering executor 'httpd.7a101c4f-72d4-11e9-b3bb-9e2c988ab79d' of framework 860d6178-b035-4997-94b4-ad0e1a2d9e15-0000
I0509 22:55:05.224264  2800 task_status_update_manager.cpp:215] Recovering executor 'httpd.8c037292-72d4-11e9-b3bb-9e2c988ab79d' of framework 860d6178-b035-4997-94b4-ad0e1a2d9e15-0000
I0509 22:55:05.224339  2800 task_status_update_manager.cpp:215] Recovering executor 'httpd.800c17d0-72d4-11e9-b3bb-9e2c988ab79d' of framework 860d6178-b035-4997-94b4-ad0e1a2d9e15-0000
I0509 22:55:05.229449  2799 containerizer.cpp:797] Recovering Mesos containers
I0509 22:55:05.230211  2804 linux_launcher.cpp:286] Recovering Linux launcher
I0509 22:55:05.230695  2800 containerizer.cpp:1123] Recovering isolators
I0509 22:55:05.255806  2802 docker.cpp:890] Recovering Docker containers
I0509 22:55:05.288883  2804 containerizer.cpp:1162] Recovering provisioner
I0509 22:55:05.289855  2805 metadata_manager.cpp:244] No images to load from disk. Docker provisioner image storage path '/tmp/mesos/store/docker/storedImages' does not exist
I0509 22:55:05.290872  2799 provisioner.cpp:498] Provisioner recovery complete
I0509 22:55:05.484694  2803 docker.cpp:903] Got the list of Docker containers
I0509 22:55:05.486939  2803 docker.cpp:1139] Finished processing orphaned Docker containers
I0509 22:55:05.488797  2803 composing.cpp:339] Finished recovering all containerizers
I0509 22:55:05.490016  2800 status_update_manager_process.hpp:314] Recovering operation status update manager
I0509 22:55:05.490694  2799 slave.cpp:7695] Recovering executors
I0509 22:55:05.490799  2799 slave.cpp:7848] Finished recovery
I0509 22:55:05.491956  2804 task_status_update_manager.cpp:181] Pausing sending task status updates
I0509 22:55:05.492000  2803 status_update_manager_process.hpp:379] Pausing operation status update manager
I0509 22:55:05.492007  2799 slave.cpp:1258] New master detected at master@192.168.1.5:5050
I0509 22:55:05.492041  2799 slave.cpp:1312] No credentials provided. Attempting to register without authentication
I0509 22:55:05.492094  2799 slave.cpp:1323] Detecting new master
I0509 22:55:06.531020  2799 slave.cpp:1607] Re-registered with master master@192.168.1.5:5050
I0509 22:55:06.531111  2801 task_status_update_manager.cpp:188] Resuming sending task status updates
I0509 22:55:06.531124  2800 status_update_manager_process.hpp:385] Resuming operation status update manager
I0509 22:55:06.531267  2799 slave.cpp:1653] Forwarding agent update {"operations":{},"resource_providers":{},"resource_version_uuid":{"value":"0dU0shT7SfaXIfsf2MsdJg=="},"slave_id":{"value":"860d6178-b035-4997-94b4-ad0e1a2d9e15-S0"},"update_oversubscribed_resources":false}
I0509 22:56:04.595465  2800 slave.cpp:7148] Current disk usage 27.71%. Max allowed age: 4.360291463800000days
I0509 22:56:29.898839  2799 slave.cpp:2037] Got assigned task 'httpd.97840f62-72d7-11e9-be1a-aa2842515cb3' for framework e109ca4e-10a3-4779-a743-2df5df84e57b-0000
I0509 22:56:29.920534  2799 slave.cpp:2411] Authorizing task 'httpd.97840f62-72d7-11e9-be1a-aa2842515cb3' for framework e109ca4e-10a3-4779-a743-2df5df84e57b-0000
I0509 22:56:29.923336  2799 slave.cpp:2854] Launching task 'httpd.97840f62-72d7-11e9-be1a-aa2842515cb3' for framework e109ca4e-10a3-4779-a743-2df5df84e57b-0000
I0509 22:56:29.924222  2799 paths.cpp:801] Creating sandbox '/home/jouko/mesos_work_dir/slaves/860d6178-b035-4997-94b4-ad0e1a2d9e15-S0/frameworks/e109ca4e-10a3-4779-a743-2df5df84e57b-0000/executors/httpd.97840f62-72d7-11e9-be1a-aa2842515cb3/runs/c6eb5495-9924-42e5-adc4-1998fded05b5' for user 'root'
I0509 22:56:29.924896  2799 paths.cpp:804] Creating sandbox '/home/jouko/mesos_work_dir/meta/slaves/860d6178-b035-4997-94b4-ad0e1a2d9e15-S0/frameworks/e109ca4e-10a3-4779-a743-2df5df84e57b-0000/executors/httpd.97840f62-72d7-11e9-be1a-aa2842515cb3/runs/c6eb5495-9924-42e5-adc4-1998fded05b5'
I0509 22:56:29.925000  2799 slave.cpp:9695] Launching executor 'httpd.97840f62-72d7-11e9-be1a-aa2842515cb3' of framework e109ca4e-10a3-4779-a743-2df5df84e57b-0000 with resources [{"allocation_info":{"role":"*"},"name":"cpus","scalar":{"value":0.1},"type":"SCALAR"},{"allocation_info":{"role":"*"},"name":"mem","scalar":{"value":32.0},"type":"SCALAR"}] in work directory '/home/jouko/mesos_work_dir/slaves/860d6178-b035-4997-94b4-ad0e1a2d9e15-S0/frameworks/e109ca4e-10a3-4779-a743-2df5df84e57b-0000/executors/httpd.97840f62-72d7-11e9-be1a-aa2842515cb3/runs/c6eb5495-9924-42e5-adc4-1998fded05b5'
I0509 22:56:29.935878  2799 slave.cpp:3080] Queued task 'httpd.97840f62-72d7-11e9-be1a-aa2842515cb3' for executor 'httpd.97840f62-72d7-11e9-be1a-aa2842515cb3' of framework e109ca4e-10a3-4779-a743-2df5df84e57b-0000
I0509 22:56:29.936628  2799 slave.cpp:3528] Launching container c6eb5495-9924-42e5-adc4-1998fded05b5 for executor 'httpd.97840f62-72d7-11e9-be1a-aa2842515cb3' of framework e109ca4e-10a3-4779-a743-2df5df84e57b-0000
I0509 22:56:29.946105  2798 docker.cpp:1183] Starting container 'c6eb5495-9924-42e5-adc4-1998fded05b5' for task 'httpd.97840f62-72d7-11e9-be1a-aa2842515cb3' (and executor 'httpd.97840f62-72d7-11e9-be1a-aa2842515cb3') of framework e109ca4e-10a3-4779-a743-2df5df84e57b-0000
I0509 22:56:30.109082  2798 docker.cpp:783] Checkpointing pid 3206 to '/home/jouko/mesos_work_dir/meta/slaves/860d6178-b035-4997-94b4-ad0e1a2d9e15-S0/frameworks/e109ca4e-10a3-4779-a743-2df5df84e57b-0000/executors/httpd.97840f62-72d7-11e9-be1a-aa2842515cb3/runs/c6eb5495-9924-42e5-adc4-1998fded05b5/pids/forked.pid'
I0509 22:56:30.109704  2798 systemd.cpp:98] Assigned child process '3206' to 'mesos_executors.slice'
I0509 22:56:30.312917  2805 slave.cpp:5074] Got registration for executor 'httpd.97840f62-72d7-11e9-be1a-aa2842515cb3' of framework e109ca4e-10a3-4779-a743-2df5df84e57b-0000 from executor(1)@192.168.1.5:34875
I0509 22:56:30.315668  2799 docker.cpp:1691] Ignoring updating container c6eb5495-9924-42e5-adc4-1998fded05b5 because resources passed to update are identical to existing resources
I0509 22:56:30.316306  2802 slave.cpp:3298] Sending queued task 'httpd.97840f62-72d7-11e9-be1a-aa2842515cb3' to executor 'httpd.97840f62-72d7-11e9-be1a-aa2842515cb3' of framework e109ca4e-10a3-4779-a743-2df5df84e57b-0000 at executor(1)@192.168.1.5:34875
I0509 22:56:30.322362  2800 slave.cpp:5545] Handling status update TASK_STARTING (Status UUID: ef38bb56-a6f3-4d1c-b1fc-ef28b421bcaf) for task httpd.97840f62-72d7-11e9-be1a-aa2842515cb3 of framework e109ca4e-10a3-4779-a743-2df5df84e57b-0000 from executor(1)@192.168.1.5:34875
I0509 22:56:30.323612  2803 task_status_update_manager.cpp:328] Received task status update TASK_STARTING (Status UUID: ef38bb56-a6f3-4d1c-b1fc-ef28b421bcaf) for task httpd.97840f62-72d7-11e9-be1a-aa2842515cb3 of framework e109ca4e-10a3-4779-a743-2df5df84e57b-0000
I0509 22:56:30.324122  2803 task_status_update_manager.cpp:842] Checkpointing UPDATE for task status update TASK_STARTING (Status UUID: ef38bb56-a6f3-4d1c-b1fc-ef28b421bcaf) for task httpd.97840f62-72d7-11e9-be1a-aa2842515cb3 of framework e109ca4e-10a3-4779-a743-2df5df84e57b-0000
I0509 22:56:30.324488  2799 slave.cpp:6037] Forwarding the update TASK_STARTING (Status UUID: ef38bb56-a6f3-4d1c-b1fc-ef28b421bcaf) for task httpd.97840f62-72d7-11e9-be1a-aa2842515cb3 of framework e109ca4e-10a3-4779-a743-2df5df84e57b-0000 to master@192.168.1.5:5050
I0509 22:56:30.325209  2799 slave.cpp:5946] Sending acknowledgement for status update TASK_STARTING (Status UUID: ef38bb56-a6f3-4d1c-b1fc-ef28b421bcaf) for task httpd.97840f62-72d7-11e9-be1a-aa2842515cb3 of framework e109ca4e-10a3-4779-a743-2df5df84e57b-0000 to executor(1)@192.168.1.5:34875
I0509 22:56:30.432421  2798 task_status_update_manager.cpp:401] Received task status update acknowledgement (UUID: ef38bb56-a6f3-4d1c-b1fc-ef28b421bcaf) for task httpd.97840f62-72d7-11e9-be1a-aa2842515cb3 of framework e109ca4e-10a3-4779-a743-2df5df84e57b-0000
I0509 22:56:30.432569  2798 task_status_update_manager.cpp:842] Checkpointing ACK for task status update TASK_STARTING (Status UUID: ef38bb56-a6f3-4d1c-b1fc-ef28b421bcaf) for task httpd.97840f62-72d7-11e9-be1a-aa2842515cb3 of framework e109ca4e-10a3-4779-a743-2df5df84e57b-0000
I0509 22:56:35.408321  2803 slave.cpp:5545] Handling status update TASK_FAILED (Status UUID: f5b871bb-ed45-4325-ac82-2421c69a8d8e) for task httpd.97840f62-72d7-11e9-be1a-aa2842515cb3 of framework e109ca4e-10a3-4779-a743-2df5df84e57b-0000 from executor(1)@192.168.1.5:34875
E0509 22:56:35.557171  2798 slave.cpp:5876] Failed to update resources for container c6eb5495-9924-42e5-adc4-1998fded05b5 of executor 'httpd.97840f62-72d7-11e9-be1a-aa2842515cb3' running task httpd.97840f62-72d7-11e9-be1a-aa2842515cb3 on status update for terminal task, destroying container: Failed to run 'docker -H unix:///var/run/docker.sock inspect --type=container mesos-c6eb5495-9924-42e5-adc4-1998fded05b5': exited with status 1; stderr='Error: No such container: mesos-c6eb5495-9924-42e5-adc4-1998fded05b5
'
I0509 22:56:35.557427  2801 task_status_update_manager.cpp:328] Received task status update TASK_FAILED (Status UUID: f5b871bb-ed45-4325-ac82-2421c69a8d8e) for task httpd.97840f62-72d7-11e9-be1a-aa2842515cb3 of framework e109ca4e-10a3-4779-a743-2df5df84e57b-0000
I0509 22:56:35.557485  2800 docker.cpp:2328] Destroying container c6eb5495-9924-42e5-adc4-1998fded05b5 in RUNNING state
I0509 22:56:35.557502  2800 docker.cpp:2333] Sending SIGTERM to executor with pid: 3206
I0509 22:56:35.557507  2801 task_status_update_manager.cpp:842] Checkpointing UPDATE for task status update TASK_FAILED (Status UUID: f5b871bb-ed45-4325-ac82-2421c69a8d8e) for task httpd.97840f62-72d7-11e9-be1a-aa2842515cb3 of framework e109ca4e-10a3-4779-a743-2df5df84e57b-0000
I0509 22:56:35.557781  2804 slave.cpp:6037] Forwarding the update TASK_FAILED (Status UUID: f5b871bb-ed45-4325-ac82-2421c69a8d8e) for task httpd.97840f62-72d7-11e9-be1a-aa2842515cb3 of framework e109ca4e-10a3-4779-a743-2df5df84e57b-0000 to master@192.168.1.5:5050
I0509 22:56:35.558519  2804 slave.cpp:5946] Sending acknowledgement for status update TASK_FAILED (Status UUID: f5b871bb-ed45-4325-ac82-2421c69a8d8e) for task httpd.97840f62-72d7-11e9-be1a-aa2842515cb3 of framework e109ca4e-10a3-4779-a743-2df5df84e57b-0000 to executor(1)@192.168.1.5:34875
I0509 22:56:35.633615  2799 task_status_update_manager.cpp:401] Received task status update acknowledgement (UUID: f5b871bb-ed45-4325-ac82-2421c69a8d8e) for task httpd.97840f62-72d7-11e9-be1a-aa2842515cb3 of framework e109ca4e-10a3-4779-a743-2df5df84e57b-0000
I0509 22:56:35.633744  2799 task_status_update_manager.cpp:842] Checkpointing ACK for task status update TASK_FAILED (Status UUID: f5b871bb-ed45-4325-ac82-2421c69a8d8e) for task httpd.97840f62-72d7-11e9-be1a-aa2842515cb3 of framework e109ca4e-10a3-4779-a743-2df5df84e57b-0000
I0509 22:56:35.634762  2802 gc.cpp:95] Scheduling '/home/jouko/mesos_work_dir/meta/slaves/860d6178-b035-4997-94b4-ad0e1a2d9e15-S0/frameworks/e109ca4e-10a3-4779-a743-2df5df84e57b-0000/executors/httpd.97840f62-72d7-11e9-be1a-aa2842515cb3/runs/c6eb5495-9924-42e5-adc4-1998fded05b5/tasks/httpd.97840f62-72d7-11e9-be1a-aa2842515cb3' for gc 6.99993478409778days in the future
I0509 22:56:36.075232  2800 docker.cpp:2378] Running docker stop on container c6eb5495-9924-42e5-adc4-1998fded05b5
I0509 22:56:36.079061  2801 slave.cpp:6217] Got exited event for executor(1)@192.168.1.5:34875
I0509 22:56:36.160495  2799 docker.cpp:2557] Executor for container c6eb5495-9924-42e5-adc4-1998fded05b5 has exited
I0509 22:56:36.264770  2804 slave.cpp:6613] Executor 'httpd.97840f62-72d7-11e9-be1a-aa2842515cb3' of framework e109ca4e-10a3-4779-a743-2df5df84e57b-0000 terminated with signal Terminated
I0509 22:56:36.264886  2804 slave.cpp:6711] Cleaning up executor 'httpd.97840f62-72d7-11e9-be1a-aa2842515cb3' of framework e109ca4e-10a3-4779-a743-2df5df84e57b-0000 at executor(1)@192.168.1.5:34875
I0509 22:56:36.265130  2799 gc.cpp:95] Scheduling '/home/jouko/mesos_work_dir/slaves/860d6178-b035-4997-94b4-ad0e1a2d9e15-S0/frameworks/e109ca4e-10a3-4779-a743-2df5df84e57b-0000/executors/httpd.97840f62-72d7-11e9-be1a-aa2842515cb3/runs/c6eb5495-9924-42e5-adc4-1998fded05b5' for gc 6.99999693260444days in the future
I0509 22:56:36.265439  2800 gc.cpp:95] Scheduling '/home/jouko/mesos_work_dir/slaves/860d6178-b035-4997-94b4-ad0e1a2d9e15-S0/frameworks/e109ca4e-10a3-4779-a743-2df5df84e57b-0000/executors/httpd.97840f62-72d7-11e9-be1a-aa2842515cb3' for gc 6.99999692866963days in the future
I0509 22:56:36.265511  2800 gc.cpp:95] Scheduling '/home/jouko/mesos_work_dir/meta/slaves/860d6178-b035-4997-94b4-ad0e1a2d9e15-S0/frameworks/e109ca4e-10a3-4779-a743-2df5df84e57b-0000/executors/httpd.97840f62-72d7-11e9-be1a-aa2842515cb3/runs/c6eb5495-9924-42e5-adc4-1998fded05b5' for gc 6.99999692758222days in the future
I0509 22:56:36.265560  2800 gc.cpp:95] Scheduling '/home/jouko/mesos_work_dir/meta/slaves/860d6178-b035-4997-94b4-ad0e1a2d9e15-S0/frameworks/e109ca4e-10a3-4779-a743-2df5df84e57b-0000/executors/httpd.97840f62-72d7-11e9-be1a-aa2842515cb3' for gc 6.99999692707259days in the future
I0509 22:56:36.265719  2804 slave.cpp:6840] Cleaning up framework e109ca4e-10a3-4779-a743-2df5df84e57b-0000
I0509 22:56:36.265841  2803 task_status_update_manager.cpp:289] Closing task status update streams for framework e109ca4e-10a3-4779-a743-2df5df84e57b-0000
I0509 22:56:36.265920  2805 gc.cpp:95] Scheduling '/home/jouko/mesos_work_dir/slaves/860d6178-b035-4997-94b4-ad0e1a2d9e15-S0/frameworks/e109ca4e-10a3-4779-a743-2df5df84e57b-0000' for gc 6.99999692366815days in the future
I0509 22:56:36.265985  2805 gc.cpp:95] Scheduling '/home/jouko/mesos_work_dir/meta/slaves/860d6178-b035-4997-94b4-ad0e1a2d9e15-S0/frameworks/e109ca4e-10a3-4779-a743-2df5df84e57b-0000' for gc 6.99999692313778days in the future
I0509 22:56:39.847075  2803 slave.cpp:2037] Got assigned task 'httpd.9d75d1b3-72d7-11e9-be1a-aa2842515cb3' for framework e109ca4e-10a3-4779-a743-2df5df84e57b-0000
I0509 22:56:39.847301  2805 gc.cpp:129] Unscheduling '/home/jouko/mesos_work_dir/slaves/860d6178-b035-4997-94b4-ad0e1a2d9e15-S0/frameworks/e109ca4e-10a3-4779-a743-2df5df84e57b-0000' from gc
I0509 22:56:39.847604  2805 gc.cpp:129] Unscheduling '/home/jouko/mesos_work_dir/meta/slaves/860d6178-b035-4997-94b4-ad0e1a2d9e15-S0/frameworks/e109ca4e-10a3-4779-a743-2df5df84e57b-0000' from gc
I0509 22:56:39.849148  2803 slave.cpp:2411] Authorizing task 'httpd.9d75d1b3-72d7-11e9-be1a-aa2842515cb3' for framework e109ca4e-10a3-4779-a743-2df5df84e57b-0000
I0509 22:56:39.850996  2803 slave.cpp:2854] Launching task 'httpd.9d75d1b3-72d7-11e9-be1a-aa2842515cb3' for framework e109ca4e-10a3-4779-a743-2df5df84e57b-0000
I0509 22:56:39.851886  2803 paths.cpp:801] Creating sandbox '/home/jouko/mesos_work_dir/slaves/860d6178-b035-4997-94b4-ad0e1a2d9e15-S0/frameworks/e109ca4e-10a3-4779-a743-2df5df84e57b-0000/executors/httpd.9d75d1b3-72d7-11e9-be1a-aa2842515cb3/runs/42454523-cddd-4595-8139-a2f4f4baad69' for user 'root'
I0509 22:56:39.852489  2803 paths.cpp:804] Creating sandbox '/home/jouko/mesos_work_dir/meta/slaves/860d6178-b035-4997-94b4-ad0e1a2d9e15-S0/frameworks/e109ca4e-10a3-4779-a743-2df5df84e57b-0000/executors/httpd.9d75d1b3-72d7-11e9-be1a-aa2842515cb3/runs/42454523-cddd-4595-8139-a2f4f4baad69'
I0509 22:56:39.852598  2803 slave.cpp:9695] Launching executor 'httpd.9d75d1b3-72d7-11e9-be1a-aa2842515cb3' of framework e109ca4e-10a3-4779-a743-2df5df84e57b-0000 with resources [{"allocation_info":{"role":"*"},"name":"cpus","scalar":{"value":0.1},"type":"SCALAR"},{"allocation_info":{"role":"*"},"name":"mem","scalar":{"value":32.0},"type":"SCALAR"}] in work directory '/home/jouko/mesos_work_dir/slaves/860d6178-b035-4997-94b4-ad0e1a2d9e15-S0/frameworks/e109ca4e-10a3-4779-a743-2df5df84e57b-0000/executors/httpd.9d75d1b3-72d7-11e9-be1a-aa2842515cb3/runs/42454523-cddd-4595-8139-a2f4f4baad69'
I0509 22:56:39.853883  2803 slave.cpp:3080] Queued task 'httpd.9d75d1b3-72d7-11e9-be1a-aa2842515cb3' for executor 'httpd.9d75d1b3-72d7-11e9-be1a-aa2842515cb3' of framework e109ca4e-10a3-4779-a743-2df5df84e57b-0000
I0509 22:56:39.854355  2803 slave.cpp:3528] Launching container 42454523-cddd-4595-8139-a2f4f4baad69 for executor 'httpd.9d75d1b3-72d7-11e9-be1a-aa2842515cb3' of framework e109ca4e-10a3-4779-a743-2df5df84e57b-0000
I0509 22:56:39.855034  2799 docker.cpp:1183] Starting container '42454523-cddd-4595-8139-a2f4f4baad69' for task 'httpd.9d75d1b3-72d7-11e9-be1a-aa2842515cb3' (and executor 'httpd.9d75d1b3-72d7-11e9-be1a-aa2842515cb3') of framework e109ca4e-10a3-4779-a743-2df5df84e57b-0000
I0509 22:56:40.091073  2802 docker.cpp:783] Checkpointing pid 3383 to '/home/jouko/mesos_work_dir/meta/slaves/860d6178-b035-4997-94b4-ad0e1a2d9e15-S0/frameworks/e109ca4e-10a3-4779-a743-2df5df84e57b-0000/executors/httpd.9d75d1b3-72d7-11e9-be1a-aa2842515cb3/runs/42454523-cddd-4595-8139-a2f4f4baad69/pids/forked.pid'
I0509 22:56:40.091311  2802 systemd.cpp:98] Assigned child process '3383' to 'mesos_executors.slice'
I0509 22:56:40.186761  2803 slave.cpp:5074] Got registration for executor 'httpd.9d75d1b3-72d7-11e9-be1a-aa2842515cb3' of framework e109ca4e-10a3-4779-a743-2df5df84e57b-0000 from executor(1)@192.168.1.5:40657
I0509 22:56:40.188618  2802 docker.cpp:1691] Ignoring updating container 42454523-cddd-4595-8139-a2f4f4baad69 because resources passed to update are identical to existing resources
I0509 22:56:40.188989  2804 slave.cpp:3298] Sending queued task 'httpd.9d75d1b3-72d7-11e9-be1a-aa2842515cb3' to executor 'httpd.9d75d1b3-72d7-11e9-be1a-aa2842515cb3' of framework e109ca4e-10a3-4779-a743-2df5df84e57b-0000 at executor(1)@192.168.1.5:40657
I0509 22:56:40.196437  2805 slave.cpp:5545] Handling status update TASK_STARTING (Status UUID: 7f6a2ff1-4e16-4693-9097-226b15f297b2) for task httpd.9d75d1b3-72d7-11e9-be1a-aa2842515cb3 of framework e109ca4e-10a3-4779-a743-2df5df84e57b-0000 from executor(1)@192.168.1.5:40657
I0509 22:56:40.197062  2802 task_status_update_manager.cpp:328] Received task status update TASK_STARTING (Status UUID: 7f6a2ff1-4e16-4693-9097-226b15f297b2) for task httpd.9d75d1b3-72d7-11e9-be1a-aa2842515cb3 of framework e109ca4e-10a3-4779-a743-2df5df84e57b-0000
I0509 22:56:40.197444  2802 task_status_update_manager.cpp:842] Checkpointing UPDATE for task status update TASK_STARTING (Status UUID: 7f6a2ff1-4e16-4693-9097-226b15f297b2) for task httpd.9d75d1b3-72d7-11e9-be1a-aa2842515cb3 of framework e109ca4e-10a3-4779-a743-2df5df84e57b-0000
I0509 22:56:40.197801  2804 slave.cpp:6037] Forwarding the update TASK_STARTING (Status UUID: 7f6a2ff1-4e16-4693-9097-226b15f297b2) for task httpd.9d75d1b3-72d7-11e9-be1a-aa2842515cb3 of framework e109ca4e-10a3-4779-a743-2df5df84e57b-0000 to master@192.168.1.5:5050
I0509 22:56:40.198585  2804 slave.cpp:5946] Sending acknowledgement for status update TASK_STARTING (Status UUID: 7f6a2ff1-4e16-4693-9097-226b15f297b2) for task httpd.9d75d1b3-72d7-11e9-be1a-aa2842515cb3 of framework e109ca4e-10a3-4779-a743-2df5df84e57b-0000 to executor(1)@192.168.1.5:40657
I0509 22:56:40.415009  2799 task_status_update_manager.cpp:401] Received task status update acknowledgement (UUID: 7f6a2ff1-4e16-4693-9097-226b15f297b2) for task httpd.9d75d1b3-72d7-11e9-be1a-aa2842515cb3 of framework e109ca4e-10a3-4779-a743-2df5df84e57b-0000
I0509 22:56:40.415122  2799 task_status_update_manager.cpp:842] Checkpointing ACK for task status update TASK_STARTING (Status UUID: 7f6a2ff1-4e16-4693-9097-226b15f297b2) for task httpd.9d75d1b3-72d7-11e9-be1a-aa2842515cb3 of framework e109ca4e-10a3-4779-a743-2df5df84e57b-0000
I0509 22:56:45.742231  2802 slave.cpp:5545] Handling status update TASK_FAILED (Status UUID: ddeeaef8-26d6-4121-8e0a-cbc85f2121b2) for task httpd.9d75d1b3-72d7-11e9-be1a-aa2842515cb3 of framework e109ca4e-10a3-4779-a743-2df5df84e57b-0000 from executor(1)@192.168.1.5:40657
E0509 22:56:45.925596  2803 slave.cpp:5876] Failed to update resources for container 42454523-cddd-4595-8139-a2f4f4baad69 of executor 'httpd.9d75d1b3-72d7-11e9-be1a-aa2842515cb3' running task httpd.9d75d1b3-72d7-11e9-be1a-aa2842515cb3 on status update for terminal task, destroying container: Failed to run 'docker -H unix:///var/run/docker.sock inspect --type=container mesos-42454523-cddd-4595-8139-a2f4f4baad69': exited with status 1; stderr='Error: No such container: mesos-42454523-cddd-4595-8139-a2f4f4baad69
'
I0509 22:56:45.926113  2805 docker.cpp:2328] Destroying container 42454523-cddd-4595-8139-a2f4f4baad69 in RUNNING state
I0509 22:56:45.926182  2805 docker.cpp:2333] Sending SIGTERM to executor with pid: 3383
I0509 22:56:45.926113  2800 task_status_update_manager.cpp:328] Received task status update TASK_FAILED (Status UUID: ddeeaef8-26d6-4121-8e0a-cbc85f2121b2) for task httpd.9d75d1b3-72d7-11e9-be1a-aa2842515cb3 of framework e109ca4e-10a3-4779-a743-2df5df84e57b-0000
I0509 22:56:45.926312  2800 task_status_update_manager.cpp:842] Checkpointing UPDATE for task status update TASK_FAILED (Status UUID: ddeeaef8-26d6-4121-8e0a-cbc85f2121b2) for task httpd.9d75d1b3-72d7-11e9-be1a-aa2842515cb3 of framework e109ca4e-10a3-4779-a743-2df5df84e57b-0000
I0509 22:56:45.927009  2801 slave.cpp:6037] Forwarding the update TASK_FAILED (Status UUID: ddeeaef8-26d6-4121-8e0a-cbc85f2121b2) for task httpd.9d75d1b3-72d7-11e9-be1a-aa2842515cb3 of framework e109ca4e-10a3-4779-a743-2df5df84e57b-0000 to master@192.168.1.5:5050
I0509 22:56:45.928499  2801 slave.cpp:5946] Sending acknowledgement for status update TASK_FAILED (Status UUID: ddeeaef8-26d6-4121-8e0a-cbc85f2121b2) for task httpd.9d75d1b3-72d7-11e9-be1a-aa2842515cb3 of framework e109ca4e-10a3-4779-a743-2df5df84e57b-0000 to executor(1)@192.168.1.5:40657
I0509 22:56:45.950727  2805 docker.cpp:2378] Running docker stop on container 42454523-cddd-4595-8139-a2f4f4baad69
I0509 22:56:45.958717  2802 slave.cpp:6217] Got exited event for executor(1)@192.168.1.5:40657
I0509 22:56:46.025777  2801 docker.cpp:2557] Executor for container 42454523-cddd-4595-8139-a2f4f4baad69 has exited
I0509 22:56:46.132499  2803 slave.cpp:6613] Executor 'httpd.9d75d1b3-72d7-11e9-be1a-aa2842515cb3' of framework e109ca4e-10a3-4779-a743-2df5df84e57b-0000 terminated with signal Terminated
I0509 22:56:46.207114  2802 task_status_update_manager.cpp:401] Received task status update acknowledgement (UUID: ddeeaef8-26d6-4121-8e0a-cbc85f2121b2) for task httpd.9d75d1b3-72d7-11e9-be1a-aa2842515cb3 of framework e109ca4e-10a3-4779-a743-2df5df84e57b-0000
I0509 22:56:46.207240  2802 task_status_update_manager.cpp:842] Checkpointing ACK for task status update TASK_FAILED (Status UUID: ddeeaef8-26d6-4121-8e0a-cbc85f2121b2) for task httpd.9d75d1b3-72d7-11e9-be1a-aa2842515cb3 of framework e109ca4e-10a3-4779-a743-2df5df84e57b-0000
I0509 22:56:46.207867  2804 slave.cpp:6711] Cleaning up executor 'httpd.9d75d1b3-72d7-11e9-be1a-aa2842515cb3' of framework e109ca4e-10a3-4779-a743-2df5df84e57b-0000 at executor(1)@192.168.1.5:40657
I0509 22:56:46.207877  2798 gc.cpp:95] Scheduling '/home/jouko/mesos_work_dir/meta/slaves/860d6178-b035-4997-94b4-ad0e1a2d9e15-S0/frameworks/e109ca4e-10a3-4779-a743-2df5df84e57b-0000/executors/httpd.9d75d1b3-72d7-11e9-be1a-aa2842515cb3/runs/42454523-cddd-4595-8139-a2f4f4baad69/tasks/httpd.9d75d1b3-72d7-11e9-be1a-aa2842515cb3' for gc 6.99992815056593days in the future
I0509 22:56:46.208036  2803 gc.cpp:95] Scheduling '/home/jouko/mesos_work_dir/slaves/860d6178-b035-4997-94b4-ad0e1a2d9e15-S0/frameworks/e109ca4e-10a3-4779-a743-2df5df84e57b-0000/executors/httpd.9d75d1b3-72d7-11e9-be1a-aa2842515cb3/runs/42454523-cddd-4595-8139-a2f4f4baad69' for gc 6.99999759281185days in the future
I0509 22:56:46.208218  2801 gc.cpp:95] Scheduling '/home/jouko/mesos_work_dir/slaves/860d6178-b035-4997-94b4-ad0e1a2d9e15-S0/frameworks/e109ca4e-10a3-4779-a743-2df5df84e57b-0000/executors/httpd.9d75d1b3-72d7-11e9-be1a-aa2842515cb3' for gc 6.99999759056889days in the future
I0509 22:56:46.208281  2801 gc.cpp:95] Scheduling '/home/jouko/mesos_work_dir/meta/slaves/860d6178-b035-4997-94b4-ad0e1a2d9e15-S0/frameworks/e109ca4e-10a3-4779-a743-2df5df84e57b-0000/executors/httpd.9d75d1b3-72d7-11e9-be1a-aa2842515cb3/runs/42454523-cddd-4595-8139-a2f4f4baad69' for gc 6.99999758990815days in the future
I0509 22:56:46.208329  2801 gc.cpp:95] Scheduling '/home/jouko/mesos_work_dir/meta/slaves/860d6178-b035-4997-94b4-ad0e1a2d9e15-S0/frameworks/e109ca4e-10a3-4779-a743-2df5df84e57b-0000/executors/httpd.9d75d1b3-72d7-11e9-be1a-aa2842515cb3' for gc 6.99999758953482days in the future
I0509 22:56:46.208425  2804 slave.cpp:6840] Cleaning up framework e109ca4e-10a3-4779-a743-2df5df84e57b-0000
I0509 22:56:46.208498  2799 task_status_update_manager.cpp:289] Closing task status update streams for framework e109ca4e-10a3-4779-a743-2df5df84e57b-0000
I0509 22:56:46.208531  2802 gc.cpp:95] Scheduling '/home/jouko/mesos_work_dir/slaves/860d6178-b035-4997-94b4-ad0e1a2d9e15-S0/frameworks/e109ca4e-10a3-4779-a743-2df5df84e57b-0000' for gc 6.99999758703704days in the future
I0509 22:56:46.208604  2802 gc.cpp:95] Scheduling '/home/jouko/mesos_work_dir/meta/slaves/860d6178-b035-4997-94b4-ad0e1a2d9e15-S0/frameworks/e109ca4e-10a3-4779-a743-2df5df84e57b-0000' for gc 6.99999758655111days in the future
I0509 22:56:49.794879  2800 slave.cpp:2037] Got assigned task 'httpd.a37305b4-72d7-11e9-be1a-aa2842515cb3' for framework e109ca4e-10a3-4779-a743-2df5df84e57b-0000
I0509 22:56:49.795050  2804 gc.cpp:129] Unscheduling '/home/jouko/mesos_work_dir/slaves/860d6178-b035-4997-94b4-ad0e1a2d9e15-S0/frameworks/e109ca4e-10a3-4779-a743-2df5df84e57b-0000' from gc
I0509 22:56:49.795215  2804 gc.cpp:129] Unscheduling '/home/jouko/mesos_work_dir/meta/slaves/860d6178-b035-4997-94b4-ad0e1a2d9e15-S0/frameworks/e109ca4e-10a3-4779-a743-2df5df84e57b-0000' from gc
I0509 22:56:49.796748  2800 slave.cpp:2411] Authorizing task 'httpd.a37305b4-72d7-11e9-be1a-aa2842515cb3' for framework e109ca4e-10a3-4779-a743-2df5df84e57b-0000
I0509 22:56:49.798601  2800 slave.cpp:2854] Launching task 'httpd.a37305b4-72d7-11e9-be1a-aa2842515cb3' for framework e109ca4e-10a3-4779-a743-2df5df84e57b-0000
I0509 22:56:49.799566  2800 paths.cpp:801] Creating sandbox '/home/jouko/mesos_work_dir/slaves/860d6178-b035-4997-94b4-ad0e1a2d9e15-S0/frameworks/e109ca4e-10a3-4779-a743-2df5df84e57b-0000/executors/httpd.a37305b4-72d7-11e9-be1a-aa2842515cb3/runs/0579ac92-f6c8-4664-aeab-36eab3b5f2ca' for user 'root'
I0509 22:56:49.800226  2800 paths.cpp:804] Creating sandbox '/home/jouko/mesos_work_dir/meta/slaves/860d6178-b035-4997-94b4-ad0e1a2d9e15-S0/frameworks/e109ca4e-10a3-4779-a743-2df5df84e57b-0000/executors/httpd.a37305b4-72d7-11e9-be1a-aa2842515cb3/runs/0579ac92-f6c8-4664-aeab-36eab3b5f2ca'
I0509 22:56:49.800355  2800 slave.cpp:9695] Launching executor 'httpd.a37305b4-72d7-11e9-be1a-aa2842515cb3' of framework e109ca4e-10a3-4779-a743-2df5df84e57b-0000 with resources [{"allocation_info":{"role":"*"},"name":"cpus","scalar":{"value":0.1},"type":"SCALAR"},{"allocation_info":{"role":"*"},"name":"mem","scalar":{"value":32.0},"type":"SCALAR"}] in work directory '/home/jouko/mesos_work_dir/slaves/860d6178-b035-4997-94b4-ad0e1a2d9e15-S0/frameworks/e109ca4e-10a3-4779-a743-2df5df84e57b-0000/executors/httpd.a37305b4-72d7-11e9-be1a-aa2842515cb3/runs/0579ac92-f6c8-4664-aeab-36eab3b5f2ca'
I0509 22:56:49.801715  2800 slave.cpp:3080] Queued task 'httpd.a37305b4-72d7-11e9-be1a-aa2842515cb3' for executor 'httpd.a37305b4-72d7-11e9-be1a-aa2842515cb3' of framework e109ca4e-10a3-4779-a743-2df5df84e57b-0000
I0509 22:56:49.802196  2800 slave.cpp:3528] Launching container 0579ac92-f6c8-4664-aeab-36eab3b5f2ca for executor 'httpd.a37305b4-72d7-11e9-be1a-aa2842515cb3' of framework e109ca4e-10a3-4779-a743-2df5df84e57b-0000
I0509 22:56:49.802964  2802 docker.cpp:1183] Starting container '0579ac92-f6c8-4664-aeab-36eab3b5f2ca' for task 'httpd.a37305b4-72d7-11e9-be1a-aa2842515cb3' (and executor 'httpd.a37305b4-72d7-11e9-be1a-aa2842515cb3') of framework e109ca4e-10a3-4779-a743-2df5df84e57b-0000
I0509 22:56:49.956868  2798 docker.cpp:783] Checkpointing pid 3785 to '/home/jouko/mesos_work_dir/meta/slaves/860d6178-b035-4997-94b4-ad0e1a2d9e15-S0/frameworks/e109ca4e-10a3-4779-a743-2df5df84e57b-0000/executors/httpd.a37305b4-72d7-11e9-be1a-aa2842515cb3/runs/0579ac92-f6c8-4664-aeab-36eab3b5f2ca/pids/forked.pid'
I0509 22:56:49.957123  2798 systemd.cpp:98] Assigned child process '3785' to 'mesos_executors.slice'
