I0509 22:33:12.253942  6773 main.cpp:350] Build: 2019-05-09 21:42:43 by root
I0509 22:33:12.254024  6773 main.cpp:351] Version: 1.8.0
I0509 22:33:12.254029  6773 main.cpp:354] Git tag: 1.8.0-rc3
I0509 22:33:12.254034  6773 main.cpp:358] Git SHA: acefa90695a32f8e8d6361f8192a6522aeaadbb9
I0509 22:33:12.261497  6773 systemd.cpp:240] systemd version `237` detected
I0509 22:33:12.261531  6773 main.cpp:453] Initializing systemd state
I0509 22:33:12.266855  6773 systemd.cpp:328] Started systemd slice `mesos_executors.slice`
I0509 22:33:12.268702  6773 resolver.cpp:69] Creating default secret resolver
I0509 22:33:12.463387  6773 containerizer.cpp:314] Using isolation { environment_secret, filesystem/linux, volume/image, docker/runtime, network/cni, volume/host_path, volume/sandbox_path }
I0509 22:33:12.467970  6773 linux_launcher.cpp:144] Using /sys/fs/cgroup/freezer as the freezer hierarchy for the Linux launcher
I0509 22:33:12.468008  6773 linux_launcher.cpp:176] Using /sys/fs/cgroup/systemd as the systemd hierarchy for the Linux launcher
Hadoop 3.1.2
Source code repository https://github.com/apache/hadoop.git -r 1019dde65bcf12e05ef48ac71e84550d589e5d9a
Compiled by sunilg on 2019-01-29T01:39Z
Compiled with protoc 2.5.0
From source with checksum 64b8bdd4ca6e77cce75a93eb09ab2a9
This command was run using /home/jouko/dev/software/hadoop-3.1.2/share/hadoop/common/hadoop-common-3.1.2.jar
I0509 22:33:12.768400  6773 provisioner.cpp:298] Using default backend 'overlay'
2019-05-09 22:33:12,775:6773(0x7f0e8c72b700):ZOO_INFO@log_env@753: Client environment:zookeeper.version=zookeeper C client 3.4.8
2019-05-09 22:33:12,775:6773(0x7f0e8c72b700):ZOO_INFO@log_env@757: Client environment:host.name=jouko-Gazelle-Professional
2019-05-09 22:33:12,775:6773(0x7f0e8c72b700):ZOO_INFO@log_env@764: Client environment:os.name=Linux
2019-05-09 22:33:12,775:6773(0x7f0e8c72b700):ZOO_INFO@log_env@765: Client environment:os.arch=4.15.0-48-generic
2019-05-09 22:33:12,775:6773(0x7f0e8c72b700):ZOO_INFO@log_env@766: Client environment:os.version=#51-Ubuntu SMP Wed Apr 3 08:28:49 UTC 2019
2019-05-09 22:33:12,776:6773(0x7f0e8c72b700):ZOO_INFO@log_env@774: Client environment:user.name=jouko
2019-05-09 22:33:12,776:6773(0x7f0e8c72b700):ZOO_INFO@log_env@782: Client environment:user.home=/root
2019-05-09 22:33:12,776:6773(0x7f0e8c72b700):ZOO_INFO@log_env@794: Client environment:user.dir=/home/jouko/dev/projects/TrainingSprints/datascience-bootcamp/MesosTest
2019-05-09 22:33:12,776:6773(0x7f0e8c72b700):ZOO_INFO@zookeeper_init@827: Initiating client connection, host=192.168.1.5:2181 sessionTimeout=10000 watcher=0x7f0ea3794992 sessionId=0 sessionPasswd=<null> context=0x7f0e6c002038 flags=0
2019-05-09 22:33:12,776:6773(0x7f0e89ee5700):ZOO_INFO@check_events@1764: initiated connection to server [192.168.1.5:2181]
I0509 22:33:12.779345  6773 slave.cpp:265] Mesos agent started on (1)@192.168.1.5:5051
I0509 22:33:12.779400  6773 slave.cpp:266] Flags at startup: --appc_simple_discovery_uri_prefix="http://" --appc_store_dir="/tmp/mesos/store/appc" --authenticate_http_readonly="false" --authenticate_http_readwrite="false" --authenticatee="crammd5" --authentication_backoff_factor="1secs" --authentication_timeout_max="1mins" --authentication_timeout_min="5secs" --authorizer="local" --cgroups_cpu_enable_pids_and_tids_count="false" --cgroups_destroy_timeout="1mins" --cgroups_enable_cfs="false" --cgroups_hierarchy="/sys/fs/cgroup" --cgroups_limit_swap="false" --cgroups_root="mesos" --container_disk_watch_interval="15secs" --containerizers="docker,mesos" --default_role="*" --disallow_sharing_agent_pid_namespace="false" --disk_watch_interval="1mins" --docker="docker" --docker_kill_orphans="true" --docker_registry="https://registry-1.docker.io" --docker_remove_delay="6hrs" --docker_socket="/var/run/docker.sock" --docker_stop_timeout="0ns" --docker_store_dir="/tmp/mesos/store/docker" --docker_volume_checkpoint_dir="/var/run/mesos/isolators/docker/volume" --enforce_container_disk_quota="false" --executor_registration_timeout="5mins" --executor_reregistration_timeout="2secs" --executor_shutdown_grace_period="1mins" --fetcher_cache_dir="/tmp/mesos/fetch" --fetcher_cache_size="2GB" --fetcher_stall_timeout="1mins" --frameworks_home="" --gc_delay="1weeks" --gc_disk_headroom="0.1" --gc_non_executor_container_sandboxes="false" --hadoop_home="/home/jouko/dev/software/hadoop-3.1.2" --help="false" --hostname_lookup="true" --http_command_executor="false" --http_heartbeat_interval="30secs" --image_providers="docker" --initialize_driver_logging="true" --isolation="docker/runtime,filesystem/linux" --launcher="linux" --launcher_dir="/home/jouko/dev/software/mesos-1.8.0/build/src" --logbufsecs="0" --logging_level="INFO" --master="zk://192.168.1.5:2181/mesos" --max_completed_executors_per_framework="150" --memory_profiling="false" --network_cni_metrics="true" --network_cni_root_dir_persist="false" --oversubscribed_resources_interval="15secs" --perf_duration="10secs" --perf_interval="1mins" --port="5051" --qos_correction_interval_min="0ns" --quiet="false" --reconfiguration_policy="equal" --recover="reconnect" --recovery_timeout="15mins" --registration_backoff_factor="1secs" --revocable_cpu_low_priority="true" --runtime_dir="/var/run/mesos" --sandbox_directory="/mnt/mesos/sandbox" --strict="true" --switch_user="true" --systemd_enable_support="true" --systemd_runtime_directory="/run/systemd/system" --version="false" --work_dir="/home/jouko/mesos_work_dir" --zk_session_timeout="10secs"
I0509 22:33:12.780154  6773 disk_profile_adaptor.cpp:78] Creating default disk profile adaptor module
I0509 22:33:12.781586  6773 slave.cpp:613] Agent resources: [{"name":"cpus","scalar":{"value":8.0},"type":"SCALAR"},{"name":"mem","scalar":{"value":14936.0},"type":"SCALAR"},{"name":"disk","scalar":{"value":698029.0},"type":"SCALAR"},{"name":"ports","ranges":{"range":[{"begin":31000,"end":32000}]},"type":"RANGES"}]
I0509 22:33:12.782269  6773 slave.cpp:621] Agent attributes: [  ]
I0509 22:33:12.782286  6773 slave.cpp:630] Agent hostname: jouko-Gazelle-Professional
I0509 22:33:12.782449  6793 status_update_manager_process.hpp:379] Pausing operation status update manager
I0509 22:33:12.782467  6796 task_status_update_manager.cpp:181] Pausing sending task status updates
I0509 22:33:12.787250  6795 state.cpp:67] Recovering state from '/home/jouko/mesos_work_dir/meta'
I0509 22:33:12.787773  6773 slave.cpp:7233] Finished recovering checkpointed state from '/home/jouko/mesos_work_dir/meta', beginning agent recovery
I0509 22:33:12.788821  6793 task_status_update_manager.cpp:207] Recovering task status update manager
I0509 22:33:12.789345  6791 docker.cpp:890] Recovering Docker containers
I0509 22:33:12.789424  6794 containerizer.cpp:797] Recovering Mesos containers
I0509 22:33:12.791066  6792 linux_launcher.cpp:286] Recovering Linux launcher
I0509 22:33:12.792090  6793 containerizer.cpp:1123] Recovering isolators
I0509 22:33:12.795202  6789 containerizer.cpp:1162] Recovering provisioner
2019-05-09 22:33:12,795:6773(0x7f0e89ee5700):ZOO_INFO@check_events@1811: session establishment complete on server [192.168.1.5:2181], sessionId=0x1000002679a000b, negotiated timeout=10000
I0509 22:33:12.796111  6792 metadata_manager.cpp:244] No images to load from disk. Docker provisioner image storage path '/tmp/mesos/store/docker/storedImages' does not exist
I0509 22:33:12.796195  6793 group.cpp:341] Group process (zookeeper-group(1)@192.168.1.5:5051) connected to ZooKeeper
I0509 22:33:12.796293  6793 group.cpp:831] Syncing group operations: queue size (joins, cancels, datas) = (0, 0, 0)
I0509 22:33:12.796329  6793 group.cpp:419] Trying to create path '/mesos' in ZooKeeper
I0509 22:33:12.797350  6795 provisioner.cpp:498] Provisioner recovery complete
I0509 22:33:12.798519  6795 detector.cpp:152] Detected a new leader: (id='0')
I0509 22:33:12.799015  6789 group.cpp:700] Trying to get '/mesos/json.info_0000000000' in ZooKeeper
I0509 22:33:12.800601  6795 zookeeper.cpp:262] A new leading master (UPID=master@192.168.1.5:5050) is detected
I0509 22:33:12.966982  6791 docker.cpp:903] Got the list of Docker containers
I0509 22:33:12.967247  6791 docker.cpp:1139] Finished processing orphaned Docker containers
I0509 22:33:12.968173  6791 composing.cpp:339] Finished recovering all containerizers
I0509 22:33:12.968478  6793 slave.cpp:7695] Recovering executors
I0509 22:33:12.968593  6793 slave.cpp:7848] Finished recovery
I0509 22:33:12.969933  6794 task_status_update_manager.cpp:181] Pausing sending task status updates
I0509 22:33:12.969936  6796 status_update_manager_process.hpp:379] Pausing operation status update manager
I0509 22:33:12.969985  6793 slave.cpp:1258] New master detected at master@192.168.1.5:5050
I0509 22:33:12.970031  6793 slave.cpp:1312] No credentials provided. Attempting to register without authentication
I0509 22:33:12.970098  6793 slave.cpp:1323] Detecting new master
I0509 22:33:13.855906  6789 slave.cpp:1483] Registered with master master@192.168.1.5:5050; given agent ID 860d6178-b035-4997-94b4-ad0e1a2d9e15-S0
I0509 22:33:13.856108  6794 task_status_update_manager.cpp:188] Resuming sending task status updates
I0509 22:33:13.856753  6796 status_update_manager_process.hpp:385] Resuming operation status update manager
I0509 22:33:13.859019  6789 slave.cpp:1570] Forwarding agent update {"operations":{},"resource_providers":{},"resource_version_uuid":{"value":"EKojr4IVRJ2GOEe+7+/Icw=="},"slave_id":{"value":"860d6178-b035-4997-94b4-ad0e1a2d9e15-S0"},"update_oversubscribed_resources":false}
I0509 22:34:01.834959  6794 slave.cpp:2037] Got assigned task 'httpd.74146eee-72d4-11e9-b3bb-9e2c988ab79d' for framework 860d6178-b035-4997-94b4-ad0e1a2d9e15-0000
I0509 22:34:01.839495  6794 slave.cpp:2411] Authorizing task 'httpd.74146eee-72d4-11e9-b3bb-9e2c988ab79d' for framework 860d6178-b035-4997-94b4-ad0e1a2d9e15-0000
I0509 22:34:01.842839  6794 slave.cpp:2854] Launching task 'httpd.74146eee-72d4-11e9-b3bb-9e2c988ab79d' for framework 860d6178-b035-4997-94b4-ad0e1a2d9e15-0000
I0509 22:34:01.844231  6794 paths.cpp:801] Creating sandbox '/home/jouko/mesos_work_dir/slaves/860d6178-b035-4997-94b4-ad0e1a2d9e15-S0/frameworks/860d6178-b035-4997-94b4-ad0e1a2d9e15-0000/executors/httpd.74146eee-72d4-11e9-b3bb-9e2c988ab79d/runs/6f5cb9ad-9044-43b2-a102-fe86adc16656' for user 'root'
I0509 22:34:01.845331  6794 paths.cpp:804] Creating sandbox '/home/jouko/mesos_work_dir/meta/slaves/860d6178-b035-4997-94b4-ad0e1a2d9e15-S0/frameworks/860d6178-b035-4997-94b4-ad0e1a2d9e15-0000/executors/httpd.74146eee-72d4-11e9-b3bb-9e2c988ab79d/runs/6f5cb9ad-9044-43b2-a102-fe86adc16656'
I0509 22:34:01.845566  6794 slave.cpp:9695] Launching executor 'httpd.74146eee-72d4-11e9-b3bb-9e2c988ab79d' of framework 860d6178-b035-4997-94b4-ad0e1a2d9e15-0000 with resources [{"allocation_info":{"role":"*"},"name":"cpus","scalar":{"value":0.1},"type":"SCALAR"},{"allocation_info":{"role":"*"},"name":"mem","scalar":{"value":32.0},"type":"SCALAR"}] in work directory '/home/jouko/mesos_work_dir/slaves/860d6178-b035-4997-94b4-ad0e1a2d9e15-S0/frameworks/860d6178-b035-4997-94b4-ad0e1a2d9e15-0000/executors/httpd.74146eee-72d4-11e9-b3bb-9e2c988ab79d/runs/6f5cb9ad-9044-43b2-a102-fe86adc16656'
I0509 22:34:01.848065  6794 slave.cpp:3080] Queued task 'httpd.74146eee-72d4-11e9-b3bb-9e2c988ab79d' for executor 'httpd.74146eee-72d4-11e9-b3bb-9e2c988ab79d' of framework 860d6178-b035-4997-94b4-ad0e1a2d9e15-0000
I0509 22:34:01.849004  6794 slave.cpp:3528] Launching container 6f5cb9ad-9044-43b2-a102-fe86adc16656 for executor 'httpd.74146eee-72d4-11e9-b3bb-9e2c988ab79d' of framework 860d6178-b035-4997-94b4-ad0e1a2d9e15-0000
I0509 22:34:01.850252  6790 docker.cpp:1183] Starting container '6f5cb9ad-9044-43b2-a102-fe86adc16656' for task 'httpd.74146eee-72d4-11e9-b3bb-9e2c988ab79d' (and executor 'httpd.74146eee-72d4-11e9-b3bb-9e2c988ab79d') of framework 860d6178-b035-4997-94b4-ad0e1a2d9e15-0000
I0509 22:34:01.953094  6796 docker.cpp:783] Checkpointing pid 7025 to '/home/jouko/mesos_work_dir/meta/slaves/860d6178-b035-4997-94b4-ad0e1a2d9e15-S0/frameworks/860d6178-b035-4997-94b4-ad0e1a2d9e15-0000/executors/httpd.74146eee-72d4-11e9-b3bb-9e2c988ab79d/runs/6f5cb9ad-9044-43b2-a102-fe86adc16656/pids/forked.pid'
I0509 22:34:01.953510  6796 systemd.cpp:98] Assigned child process '7025' to 'mesos_executors.slice'
I0509 22:34:02.053572  6790 slave.cpp:5074] Got registration for executor 'httpd.74146eee-72d4-11e9-b3bb-9e2c988ab79d' of framework 860d6178-b035-4997-94b4-ad0e1a2d9e15-0000 from executor(1)@192.168.1.5:39727
I0509 22:34:02.056234  6795 docker.cpp:1691] Ignoring updating container 6f5cb9ad-9044-43b2-a102-fe86adc16656 because resources passed to update are identical to existing resources
I0509 22:34:02.056910  6793 slave.cpp:3298] Sending queued task 'httpd.74146eee-72d4-11e9-b3bb-9e2c988ab79d' to executor 'httpd.74146eee-72d4-11e9-b3bb-9e2c988ab79d' of framework 860d6178-b035-4997-94b4-ad0e1a2d9e15-0000 at executor(1)@192.168.1.5:39727
I0509 22:34:02.063455  6792 slave.cpp:5545] Handling status update TASK_STARTING (Status UUID: d1763a4c-15f0-4ab6-8c82-e9d03669889b) for task httpd.74146eee-72d4-11e9-b3bb-9e2c988ab79d of framework 860d6178-b035-4997-94b4-ad0e1a2d9e15-0000 from executor(1)@192.168.1.5:39727
I0509 22:34:02.064985  6791 task_status_update_manager.cpp:328] Received task status update TASK_STARTING (Status UUID: d1763a4c-15f0-4ab6-8c82-e9d03669889b) for task httpd.74146eee-72d4-11e9-b3bb-9e2c988ab79d of framework 860d6178-b035-4997-94b4-ad0e1a2d9e15-0000
I0509 22:34:02.065541  6791 task_status_update_manager.cpp:842] Checkpointing UPDATE for task status update TASK_STARTING (Status UUID: d1763a4c-15f0-4ab6-8c82-e9d03669889b) for task httpd.74146eee-72d4-11e9-b3bb-9e2c988ab79d of framework 860d6178-b035-4997-94b4-ad0e1a2d9e15-0000
I0509 22:34:02.065999  6795 slave.cpp:6037] Forwarding the update TASK_STARTING (Status UUID: d1763a4c-15f0-4ab6-8c82-e9d03669889b) for task httpd.74146eee-72d4-11e9-b3bb-9e2c988ab79d of framework 860d6178-b035-4997-94b4-ad0e1a2d9e15-0000 to master@192.168.1.5:5050
I0509 22:34:02.066706  6795 slave.cpp:5946] Sending acknowledgement for status update TASK_STARTING (Status UUID: d1763a4c-15f0-4ab6-8c82-e9d03669889b) for task httpd.74146eee-72d4-11e9-b3bb-9e2c988ab79d of framework 860d6178-b035-4997-94b4-ad0e1a2d9e15-0000 to executor(1)@192.168.1.5:39727
I0509 22:34:02.134795  6792 task_status_update_manager.cpp:401] Received task status update acknowledgement (UUID: d1763a4c-15f0-4ab6-8c82-e9d03669889b) for task httpd.74146eee-72d4-11e9-b3bb-9e2c988ab79d of framework 860d6178-b035-4997-94b4-ad0e1a2d9e15-0000
I0509 22:34:02.135015  6792 task_status_update_manager.cpp:842] Checkpointing ACK for task status update TASK_STARTING (Status UUID: d1763a4c-15f0-4ab6-8c82-e9d03669889b) for task httpd.74146eee-72d4-11e9-b3bb-9e2c988ab79d of framework 860d6178-b035-4997-94b4-ad0e1a2d9e15-0000
I0509 22:34:07.152281  6791 slave.cpp:5545] Handling status update TASK_FAILED (Status UUID: b9d96c04-3883-4e07-91d6-5dd8de271b0a) for task httpd.74146eee-72d4-11e9-b3bb-9e2c988ab79d of framework 860d6178-b035-4997-94b4-ad0e1a2d9e15-0000 from executor(1)@192.168.1.5:39727
E0509 22:34:07.301784  6796 slave.cpp:5876] Failed to update resources for container 6f5cb9ad-9044-43b2-a102-fe86adc16656 of executor 'httpd.74146eee-72d4-11e9-b3bb-9e2c988ab79d' running task httpd.74146eee-72d4-11e9-b3bb-9e2c988ab79d on status update for terminal task, destroying container: Failed to run 'docker -H unix:///var/run/docker.sock inspect --type=container mesos-6f5cb9ad-9044-43b2-a102-fe86adc16656': exited with status 1; stderr='Error: No such container: mesos-6f5cb9ad-9044-43b2-a102-fe86adc16656
'
I0509 22:34:07.302202  6792 task_status_update_manager.cpp:328] Received task status update TASK_FAILED (Status UUID: b9d96c04-3883-4e07-91d6-5dd8de271b0a) for task httpd.74146eee-72d4-11e9-b3bb-9e2c988ab79d of framework 860d6178-b035-4997-94b4-ad0e1a2d9e15-0000
I0509 22:34:07.302323  6789 docker.cpp:2328] Destroying container 6f5cb9ad-9044-43b2-a102-fe86adc16656 in RUNNING state
I0509 22:34:07.302335  6792 task_status_update_manager.cpp:842] Checkpointing UPDATE for task status update TASK_FAILED (Status UUID: b9d96c04-3883-4e07-91d6-5dd8de271b0a) for task httpd.74146eee-72d4-11e9-b3bb-9e2c988ab79d of framework 860d6178-b035-4997-94b4-ad0e1a2d9e15-0000
I0509 22:34:07.302361  6789 docker.cpp:2333] Sending SIGTERM to executor with pid: 7025
I0509 22:34:07.302798  6795 slave.cpp:6037] Forwarding the update TASK_FAILED (Status UUID: b9d96c04-3883-4e07-91d6-5dd8de271b0a) for task httpd.74146eee-72d4-11e9-b3bb-9e2c988ab79d of framework 860d6178-b035-4997-94b4-ad0e1a2d9e15-0000 to master@192.168.1.5:5050
I0509 22:34:07.303768  6795 slave.cpp:5946] Sending acknowledgement for status update TASK_FAILED (Status UUID: b9d96c04-3883-4e07-91d6-5dd8de271b0a) for task httpd.74146eee-72d4-11e9-b3bb-9e2c988ab79d of framework 860d6178-b035-4997-94b4-ad0e1a2d9e15-0000 to executor(1)@192.168.1.5:39727
I0509 22:34:07.331013  6789 docker.cpp:2378] Running docker stop on container 6f5cb9ad-9044-43b2-a102-fe86adc16656
I0509 22:34:07.332026  6796 task_status_update_manager.cpp:401] Received task status update acknowledgement (UUID: b9d96c04-3883-4e07-91d6-5dd8de271b0a) for task httpd.74146eee-72d4-11e9-b3bb-9e2c988ab79d of framework 860d6178-b035-4997-94b4-ad0e1a2d9e15-0000
I0509 22:34:07.332271  6796 task_status_update_manager.cpp:842] Checkpointing ACK for task status update TASK_FAILED (Status UUID: b9d96c04-3883-4e07-91d6-5dd8de271b0a) for task httpd.74146eee-72d4-11e9-b3bb-9e2c988ab79d of framework 860d6178-b035-4997-94b4-ad0e1a2d9e15-0000
I0509 22:34:07.334177  6789 gc.cpp:95] Scheduling '/home/jouko/mesos_work_dir/meta/slaves/860d6178-b035-4997-94b4-ad0e1a2d9e15-S0/frameworks/860d6178-b035-4997-94b4-ad0e1a2d9e15-0000/executors/httpd.74146eee-72d4-11e9-b3bb-9e2c988ab79d/runs/6f5cb9ad-9044-43b2-a102-fe86adc16656/tasks/httpd.74146eee-72d4-11e9-b3bb-9e2c988ab79d' for gc 6.99993826383111days in the future
I0509 22:34:07.335129  6793 slave.cpp:6217] Got exited event for executor(1)@192.168.1.5:39727
I0509 22:34:07.401548  6796 docker.cpp:2557] Executor for container 6f5cb9ad-9044-43b2-a102-fe86adc16656 has exited
I0509 22:34:07.509625  6791 slave.cpp:6613] Executor 'httpd.74146eee-72d4-11e9-b3bb-9e2c988ab79d' of framework 860d6178-b035-4997-94b4-ad0e1a2d9e15-0000 terminated with signal Terminated
I0509 22:34:07.509887  6791 slave.cpp:6711] Cleaning up executor 'httpd.74146eee-72d4-11e9-b3bb-9e2c988ab79d' of framework 860d6178-b035-4997-94b4-ad0e1a2d9e15-0000 at executor(1)@192.168.1.5:39727
I0509 22:34:07.510419  6796 gc.cpp:95] Scheduling '/home/jouko/mesos_work_dir/slaves/860d6178-b035-4997-94b4-ad0e1a2d9e15-S0/frameworks/860d6178-b035-4997-94b4-ad0e1a2d9e15-0000/executors/httpd.74146eee-72d4-11e9-b3bb-9e2c988ab79d/runs/6f5cb9ad-9044-43b2-a102-fe86adc16656' for gc 6.9999940946637days in the future
I0509 22:34:07.511299  6792 gc.cpp:95] Scheduling '/home/jouko/mesos_work_dir/slaves/860d6178-b035-4997-94b4-ad0e1a2d9e15-S0/frameworks/860d6178-b035-4997-94b4-ad0e1a2d9e15-0000/executors/httpd.74146eee-72d4-11e9-b3bb-9e2c988ab79d' for gc 6.99999408435259days in the future
I0509 22:34:07.511543  6792 gc.cpp:95] Scheduling '/home/jouko/mesos_work_dir/meta/slaves/860d6178-b035-4997-94b4-ad0e1a2d9e15-S0/frameworks/860d6178-b035-4997-94b4-ad0e1a2d9e15-0000/executors/httpd.74146eee-72d4-11e9-b3bb-9e2c988ab79d/runs/6f5cb9ad-9044-43b2-a102-fe86adc16656' for gc 6.99999408211556days in the future
I0509 22:34:07.511708  6792 gc.cpp:95] Scheduling '/home/jouko/mesos_work_dir/meta/slaves/860d6178-b035-4997-94b4-ad0e1a2d9e15-S0/frameworks/860d6178-b035-4997-94b4-ad0e1a2d9e15-0000/executors/httpd.74146eee-72d4-11e9-b3bb-9e2c988ab79d' for gc 6.9999940808563days in the future
I0509 22:34:07.511945  6791 slave.cpp:6840] Cleaning up framework 860d6178-b035-4997-94b4-ad0e1a2d9e15-0000
I0509 22:34:07.512300  6790 task_status_update_manager.cpp:289] Closing task status update streams for framework 860d6178-b035-4997-94b4-ad0e1a2d9e15-0000
I0509 22:34:07.512437  6794 gc.cpp:95] Scheduling '/home/jouko/mesos_work_dir/slaves/860d6178-b035-4997-94b4-ad0e1a2d9e15-S0/frameworks/860d6178-b035-4997-94b4-ad0e1a2d9e15-0000' for gc 6.99999407213037days in the future
I0509 22:34:07.512652  6794 gc.cpp:95] Scheduling '/home/jouko/mesos_work_dir/meta/slaves/860d6178-b035-4997-94b4-ad0e1a2d9e15-S0/frameworks/860d6178-b035-4997-94b4-ad0e1a2d9e15-0000' for gc 6.9999940708563days in the future
I0509 22:34:11.857652  6792 slave.cpp:2037] Got assigned task 'httpd.7a101c4f-72d4-11e9-b3bb-9e2c988ab79d' for framework 860d6178-b035-4997-94b4-ad0e1a2d9e15-0000
I0509 22:34:11.857935  6790 gc.cpp:129] Unscheduling '/home/jouko/mesos_work_dir/slaves/860d6178-b035-4997-94b4-ad0e1a2d9e15-S0/frameworks/860d6178-b035-4997-94b4-ad0e1a2d9e15-0000' from gc
I0509 22:34:11.858319  6790 gc.cpp:129] Unscheduling '/home/jouko/mesos_work_dir/meta/slaves/860d6178-b035-4997-94b4-ad0e1a2d9e15-S0/frameworks/860d6178-b035-4997-94b4-ad0e1a2d9e15-0000' from gc
I0509 22:34:11.860371  6792 slave.cpp:2411] Authorizing task 'httpd.7a101c4f-72d4-11e9-b3bb-9e2c988ab79d' for framework 860d6178-b035-4997-94b4-ad0e1a2d9e15-0000
I0509 22:34:11.863070  6792 slave.cpp:2854] Launching task 'httpd.7a101c4f-72d4-11e9-b3bb-9e2c988ab79d' for framework 860d6178-b035-4997-94b4-ad0e1a2d9e15-0000
I0509 22:34:11.864501  6792 paths.cpp:801] Creating sandbox '/home/jouko/mesos_work_dir/slaves/860d6178-b035-4997-94b4-ad0e1a2d9e15-S0/frameworks/860d6178-b035-4997-94b4-ad0e1a2d9e15-0000/executors/httpd.7a101c4f-72d4-11e9-b3bb-9e2c988ab79d/runs/83d553b8-c1e5-48d7-a7b8-87c348c9f4e9' for user 'root'
I0509 22:34:11.865417  6792 paths.cpp:804] Creating sandbox '/home/jouko/mesos_work_dir/meta/slaves/860d6178-b035-4997-94b4-ad0e1a2d9e15-S0/frameworks/860d6178-b035-4997-94b4-ad0e1a2d9e15-0000/executors/httpd.7a101c4f-72d4-11e9-b3bb-9e2c988ab79d/runs/83d553b8-c1e5-48d7-a7b8-87c348c9f4e9'
I0509 22:34:11.865586  6792 slave.cpp:9695] Launching executor 'httpd.7a101c4f-72d4-11e9-b3bb-9e2c988ab79d' of framework 860d6178-b035-4997-94b4-ad0e1a2d9e15-0000 with resources [{"allocation_info":{"role":"*"},"name":"cpus","scalar":{"value":0.1},"type":"SCALAR"},{"allocation_info":{"role":"*"},"name":"mem","scalar":{"value":32.0},"type":"SCALAR"}] in work directory '/home/jouko/mesos_work_dir/slaves/860d6178-b035-4997-94b4-ad0e1a2d9e15-S0/frameworks/860d6178-b035-4997-94b4-ad0e1a2d9e15-0000/executors/httpd.7a101c4f-72d4-11e9-b3bb-9e2c988ab79d/runs/83d553b8-c1e5-48d7-a7b8-87c348c9f4e9'
I0509 22:34:11.867498  6792 slave.cpp:3080] Queued task 'httpd.7a101c4f-72d4-11e9-b3bb-9e2c988ab79d' for executor 'httpd.7a101c4f-72d4-11e9-b3bb-9e2c988ab79d' of framework 860d6178-b035-4997-94b4-ad0e1a2d9e15-0000
I0509 22:34:11.868175  6792 slave.cpp:3528] Launching container 83d553b8-c1e5-48d7-a7b8-87c348c9f4e9 for executor 'httpd.7a101c4f-72d4-11e9-b3bb-9e2c988ab79d' of framework 860d6178-b035-4997-94b4-ad0e1a2d9e15-0000
I0509 22:34:11.869246  6794 docker.cpp:1183] Starting container '83d553b8-c1e5-48d7-a7b8-87c348c9f4e9' for task 'httpd.7a101c4f-72d4-11e9-b3bb-9e2c988ab79d' (and executor 'httpd.7a101c4f-72d4-11e9-b3bb-9e2c988ab79d') of framework 860d6178-b035-4997-94b4-ad0e1a2d9e15-0000
I0509 22:34:12.047969  6791 docker.cpp:783] Checkpointing pid 7174 to '/home/jouko/mesos_work_dir/meta/slaves/860d6178-b035-4997-94b4-ad0e1a2d9e15-S0/frameworks/860d6178-b035-4997-94b4-ad0e1a2d9e15-0000/executors/httpd.7a101c4f-72d4-11e9-b3bb-9e2c988ab79d/runs/83d553b8-c1e5-48d7-a7b8-87c348c9f4e9/pids/forked.pid'
I0509 22:34:12.048321  6791 systemd.cpp:98] Assigned child process '7174' to 'mesos_executors.slice'
I0509 22:34:12.149217  6789 slave.cpp:5074] Got registration for executor 'httpd.7a101c4f-72d4-11e9-b3bb-9e2c988ab79d' of framework 860d6178-b035-4997-94b4-ad0e1a2d9e15-0000 from executor(1)@192.168.1.5:45243
I0509 22:34:12.151311  6789 docker.cpp:1691] Ignoring updating container 83d553b8-c1e5-48d7-a7b8-87c348c9f4e9 because resources passed to update are identical to existing resources
I0509 22:34:12.151741  6795 slave.cpp:3298] Sending queued task 'httpd.7a101c4f-72d4-11e9-b3bb-9e2c988ab79d' to executor 'httpd.7a101c4f-72d4-11e9-b3bb-9e2c988ab79d' of framework 860d6178-b035-4997-94b4-ad0e1a2d9e15-0000 at executor(1)@192.168.1.5:45243
I0509 22:34:12.159230  6790 slave.cpp:5545] Handling status update TASK_STARTING (Status UUID: d3f2d048-dacf-42c4-a0b4-3b269d8d1676) for task httpd.7a101c4f-72d4-11e9-b3bb-9e2c988ab79d of framework 860d6178-b035-4997-94b4-ad0e1a2d9e15-0000 from executor(1)@192.168.1.5:45243
I0509 22:34:12.159991  6794 task_status_update_manager.cpp:328] Received task status update TASK_STARTING (Status UUID: d3f2d048-dacf-42c4-a0b4-3b269d8d1676) for task httpd.7a101c4f-72d4-11e9-b3bb-9e2c988ab79d of framework 860d6178-b035-4997-94b4-ad0e1a2d9e15-0000
I0509 22:34:12.160380  6794 task_status_update_manager.cpp:842] Checkpointing UPDATE for task status update TASK_STARTING (Status UUID: d3f2d048-dacf-42c4-a0b4-3b269d8d1676) for task httpd.7a101c4f-72d4-11e9-b3bb-9e2c988ab79d of framework 860d6178-b035-4997-94b4-ad0e1a2d9e15-0000
I0509 22:34:12.160697  6789 slave.cpp:6037] Forwarding the update TASK_STARTING (Status UUID: d3f2d048-dacf-42c4-a0b4-3b269d8d1676) for task httpd.7a101c4f-72d4-11e9-b3bb-9e2c988ab79d of framework 860d6178-b035-4997-94b4-ad0e1a2d9e15-0000 to master@192.168.1.5:5050
I0509 22:34:12.161301  6789 slave.cpp:5946] Sending acknowledgement for status update TASK_STARTING (Status UUID: d3f2d048-dacf-42c4-a0b4-3b269d8d1676) for task httpd.7a101c4f-72d4-11e9-b3bb-9e2c988ab79d of framework 860d6178-b035-4997-94b4-ad0e1a2d9e15-0000 to executor(1)@192.168.1.5:45243
I0509 22:34:12.188261  6796 task_status_update_manager.cpp:401] Received task status update acknowledgement (UUID: d3f2d048-dacf-42c4-a0b4-3b269d8d1676) for task httpd.7a101c4f-72d4-11e9-b3bb-9e2c988ab79d of framework 860d6178-b035-4997-94b4-ad0e1a2d9e15-0000
I0509 22:34:12.188369  6796 task_status_update_manager.cpp:842] Checkpointing ACK for task status update TASK_STARTING (Status UUID: d3f2d048-dacf-42c4-a0b4-3b269d8d1676) for task httpd.7a101c4f-72d4-11e9-b3bb-9e2c988ab79d of framework 860d6178-b035-4997-94b4-ad0e1a2d9e15-0000
I0509 22:34:12.784591  6791 slave.cpp:7148] Current disk usage 27.71%. Max allowed age: 4.360291541575116days
I0509 22:34:17.247470  6791 slave.cpp:5545] Handling status update TASK_FAILED (Status UUID: 4ca7dbe5-4d90-474b-95c8-a897fc833789) for task httpd.7a101c4f-72d4-11e9-b3bb-9e2c988ab79d of framework 860d6178-b035-4997-94b4-ad0e1a2d9e15-0000 from executor(1)@192.168.1.5:45243
E0509 22:34:17.397656  6793 slave.cpp:5876] Failed to update resources for container 83d553b8-c1e5-48d7-a7b8-87c348c9f4e9 of executor 'httpd.7a101c4f-72d4-11e9-b3bb-9e2c988ab79d' running task httpd.7a101c4f-72d4-11e9-b3bb-9e2c988ab79d on status update for terminal task, destroying container: Failed to run 'docker -H unix:///var/run/docker.sock inspect --type=container mesos-83d553b8-c1e5-48d7-a7b8-87c348c9f4e9': exited with status 1; stderr='Error: No such container: mesos-83d553b8-c1e5-48d7-a7b8-87c348c9f4e9
'
I0509 22:34:17.397948  6796 docker.cpp:2328] Destroying container 83d553b8-c1e5-48d7-a7b8-87c348c9f4e9 in RUNNING state
I0509 22:34:17.397979  6796 docker.cpp:2333] Sending SIGTERM to executor with pid: 7174
I0509 22:34:17.397948  6789 task_status_update_manager.cpp:328] Received task status update TASK_FAILED (Status UUID: 4ca7dbe5-4d90-474b-95c8-a897fc833789) for task httpd.7a101c4f-72d4-11e9-b3bb-9e2c988ab79d of framework 860d6178-b035-4997-94b4-ad0e1a2d9e15-0000
I0509 22:34:17.398044  6789 task_status_update_manager.cpp:842] Checkpointing UPDATE for task status update TASK_FAILED (Status UUID: 4ca7dbe5-4d90-474b-95c8-a897fc833789) for task httpd.7a101c4f-72d4-11e9-b3bb-9e2c988ab79d of framework 860d6178-b035-4997-94b4-ad0e1a2d9e15-0000
I0509 22:34:17.398397  6794 slave.cpp:6037] Forwarding the update TASK_FAILED (Status UUID: 4ca7dbe5-4d90-474b-95c8-a897fc833789) for task httpd.7a101c4f-72d4-11e9-b3bb-9e2c988ab79d of framework 860d6178-b035-4997-94b4-ad0e1a2d9e15-0000 to master@192.168.1.5:5050
I0509 22:34:17.399063  6794 slave.cpp:5946] Sending acknowledgement for status update TASK_FAILED (Status UUID: 4ca7dbe5-4d90-474b-95c8-a897fc833789) for task httpd.7a101c4f-72d4-11e9-b3bb-9e2c988ab79d of framework 860d6178-b035-4997-94b4-ad0e1a2d9e15-0000 to executor(1)@192.168.1.5:45243
I0509 22:34:17.421417  6796 docker.cpp:2378] Running docker stop on container 83d553b8-c1e5-48d7-a7b8-87c348c9f4e9
I0509 22:34:17.422583  6793 task_status_update_manager.cpp:401] Received task status update acknowledgement (UUID: 4ca7dbe5-4d90-474b-95c8-a897fc833789) for task httpd.7a101c4f-72d4-11e9-b3bb-9e2c988ab79d of framework 860d6178-b035-4997-94b4-ad0e1a2d9e15-0000
I0509 22:34:17.422788  6793 task_status_update_manager.cpp:842] Checkpointing ACK for task status update TASK_FAILED (Status UUID: 4ca7dbe5-4d90-474b-95c8-a897fc833789) for task httpd.7a101c4f-72d4-11e9-b3bb-9e2c988ab79d of framework 860d6178-b035-4997-94b4-ad0e1a2d9e15-0000
I0509 22:34:17.423666  6794 gc.cpp:95] Scheduling '/home/jouko/mesos_work_dir/meta/slaves/860d6178-b035-4997-94b4-ad0e1a2d9e15-S0/frameworks/860d6178-b035-4997-94b4-ad0e1a2d9e15-0000/executors/httpd.7a101c4f-72d4-11e9-b3bb-9e2c988ab79d/runs/83d553b8-c1e5-48d7-a7b8-87c348c9f4e9/tasks/httpd.7a101c4f-72d4-11e9-b3bb-9e2c988ab79d' for gc 6.9999372270963days in the future
I0509 22:34:17.426494  6795 slave.cpp:6217] Got exited event for executor(1)@192.168.1.5:45243
I0509 22:34:17.498755  6792 docker.cpp:2557] Executor for container 83d553b8-c1e5-48d7-a7b8-87c348c9f4e9 has exited
I0509 22:34:17.605221  6790 slave.cpp:6613] Executor 'httpd.7a101c4f-72d4-11e9-b3bb-9e2c988ab79d' of framework 860d6178-b035-4997-94b4-ad0e1a2d9e15-0000 terminated with signal Terminated
I0509 22:34:17.605406  6790 slave.cpp:6711] Cleaning up executor 'httpd.7a101c4f-72d4-11e9-b3bb-9e2c988ab79d' of framework 860d6178-b035-4997-94b4-ad0e1a2d9e15-0000 at executor(1)@192.168.1.5:45243
I0509 22:34:17.605917  6792 gc.cpp:95] Scheduling '/home/jouko/mesos_work_dir/slaves/860d6178-b035-4997-94b4-ad0e1a2d9e15-S0/frameworks/860d6178-b035-4997-94b4-ad0e1a2d9e15-0000/executors/httpd.7a101c4f-72d4-11e9-b3bb-9e2c988ab79d/runs/83d553b8-c1e5-48d7-a7b8-87c348c9f4e9' for gc 6.99999298906074days in the future
I0509 22:34:17.606413  6789 gc.cpp:95] Scheduling '/home/jouko/mesos_work_dir/slaves/860d6178-b035-4997-94b4-ad0e1a2d9e15-S0/frameworks/860d6178-b035-4997-94b4-ad0e1a2d9e15-0000/executors/httpd.7a101c4f-72d4-11e9-b3bb-9e2c988ab79d' for gc 6.99999298332148days in the future
I0509 22:34:17.606607  6789 gc.cpp:95] Scheduling '/home/jouko/mesos_work_dir/meta/slaves/860d6178-b035-4997-94b4-ad0e1a2d9e15-S0/frameworks/860d6178-b035-4997-94b4-ad0e1a2d9e15-0000/executors/httpd.7a101c4f-72d4-11e9-b3bb-9e2c988ab79d/runs/83d553b8-c1e5-48d7-a7b8-87c348c9f4e9' for gc 6.99999298133333days in the future
I0509 22:34:17.606765  6789 gc.cpp:95] Scheduling '/home/jouko/mesos_work_dir/meta/slaves/860d6178-b035-4997-94b4-ad0e1a2d9e15-S0/frameworks/860d6178-b035-4997-94b4-ad0e1a2d9e15-0000/executors/httpd.7a101c4f-72d4-11e9-b3bb-9e2c988ab79d' for gc 6.99999298025481days in the future
I0509 22:34:17.606833  6790 slave.cpp:6840] Cleaning up framework 860d6178-b035-4997-94b4-ad0e1a2d9e15-0000
I0509 22:34:17.606958  6789 task_status_update_manager.cpp:289] Closing task status update streams for framework 860d6178-b035-4997-94b4-ad0e1a2d9e15-0000
I0509 22:34:17.607131  6796 gc.cpp:95] Scheduling '/home/jouko/mesos_work_dir/slaves/860d6178-b035-4997-94b4-ad0e1a2d9e15-S0/frameworks/860d6178-b035-4997-94b4-ad0e1a2d9e15-0000' for gc 6.99999297459259days in the future
I0509 22:34:17.607340  6796 gc.cpp:95] Scheduling '/home/jouko/mesos_work_dir/meta/slaves/860d6178-b035-4997-94b4-ad0e1a2d9e15-S0/frameworks/860d6178-b035-4997-94b4-ad0e1a2d9e15-0000' for gc 6.99999297313778days in the future
I0509 22:34:21.879725  6795 slave.cpp:2037] Got assigned task 'httpd.800c17d0-72d4-11e9-b3bb-9e2c988ab79d' for framework 860d6178-b035-4997-94b4-ad0e1a2d9e15-0000
I0509 22:34:21.879945  6791 gc.cpp:129] Unscheduling '/home/jouko/mesos_work_dir/slaves/860d6178-b035-4997-94b4-ad0e1a2d9e15-S0/frameworks/860d6178-b035-4997-94b4-ad0e1a2d9e15-0000' from gc
I0509 22:34:21.880232  6791 gc.cpp:129] Unscheduling '/home/jouko/mesos_work_dir/meta/slaves/860d6178-b035-4997-94b4-ad0e1a2d9e15-S0/frameworks/860d6178-b035-4997-94b4-ad0e1a2d9e15-0000' from gc
I0509 22:34:21.882345  6795 slave.cpp:2411] Authorizing task 'httpd.800c17d0-72d4-11e9-b3bb-9e2c988ab79d' for framework 860d6178-b035-4997-94b4-ad0e1a2d9e15-0000
I0509 22:34:21.884416  6795 slave.cpp:2854] Launching task 'httpd.800c17d0-72d4-11e9-b3bb-9e2c988ab79d' for framework 860d6178-b035-4997-94b4-ad0e1a2d9e15-0000
I0509 22:34:21.884490  6795 paths.cpp:801] Creating sandbox '/home/jouko/mesos_work_dir/slaves/860d6178-b035-4997-94b4-ad0e1a2d9e15-S0/frameworks/860d6178-b035-4997-94b4-ad0e1a2d9e15-0000/executors/httpd.800c17d0-72d4-11e9-b3bb-9e2c988ab79d/runs/ccc0454b-acc9-4579-ad86-2c784eb6b12f' for user 'root'
I0509 22:34:21.885191  6795 paths.cpp:804] Creating sandbox '/home/jouko/mesos_work_dir/meta/slaves/860d6178-b035-4997-94b4-ad0e1a2d9e15-S0/frameworks/860d6178-b035-4997-94b4-ad0e1a2d9e15-0000/executors/httpd.800c17d0-72d4-11e9-b3bb-9e2c988ab79d/runs/ccc0454b-acc9-4579-ad86-2c784eb6b12f'
I0509 22:34:21.885324  6795 slave.cpp:9695] Launching executor 'httpd.800c17d0-72d4-11e9-b3bb-9e2c988ab79d' of framework 860d6178-b035-4997-94b4-ad0e1a2d9e15-0000 with resources [{"allocation_info":{"role":"*"},"name":"cpus","scalar":{"value":0.1},"type":"SCALAR"},{"allocation_info":{"role":"*"},"name":"mem","scalar":{"value":32.0},"type":"SCALAR"}] in work directory '/home/jouko/mesos_work_dir/slaves/860d6178-b035-4997-94b4-ad0e1a2d9e15-S0/frameworks/860d6178-b035-4997-94b4-ad0e1a2d9e15-0000/executors/httpd.800c17d0-72d4-11e9-b3bb-9e2c988ab79d/runs/ccc0454b-acc9-4579-ad86-2c784eb6b12f'
I0509 22:34:21.886984  6795 slave.cpp:3080] Queued task 'httpd.800c17d0-72d4-11e9-b3bb-9e2c988ab79d' for executor 'httpd.800c17d0-72d4-11e9-b3bb-9e2c988ab79d' of framework 860d6178-b035-4997-94b4-ad0e1a2d9e15-0000
I0509 22:34:21.887524  6795 slave.cpp:3528] Launching container ccc0454b-acc9-4579-ad86-2c784eb6b12f for executor 'httpd.800c17d0-72d4-11e9-b3bb-9e2c988ab79d' of framework 860d6178-b035-4997-94b4-ad0e1a2d9e15-0000
I0509 22:34:21.888299  6789 docker.cpp:1183] Starting container 'ccc0454b-acc9-4579-ad86-2c784eb6b12f' for task 'httpd.800c17d0-72d4-11e9-b3bb-9e2c988ab79d' (and executor 'httpd.800c17d0-72d4-11e9-b3bb-9e2c988ab79d') of framework 860d6178-b035-4997-94b4-ad0e1a2d9e15-0000
I0509 22:34:22.050036  6790 docker.cpp:783] Checkpointing pid 7310 to '/home/jouko/mesos_work_dir/meta/slaves/860d6178-b035-4997-94b4-ad0e1a2d9e15-S0/frameworks/860d6178-b035-4997-94b4-ad0e1a2d9e15-0000/executors/httpd.800c17d0-72d4-11e9-b3bb-9e2c988ab79d/runs/ccc0454b-acc9-4579-ad86-2c784eb6b12f/pids/forked.pid'
I0509 22:34:22.050611  6790 systemd.cpp:98] Assigned child process '7310' to 'mesos_executors.slice'
I0509 22:34:22.152148  6795 slave.cpp:5074] Got registration for executor 'httpd.800c17d0-72d4-11e9-b3bb-9e2c988ab79d' of framework 860d6178-b035-4997-94b4-ad0e1a2d9e15-0000 from executor(1)@192.168.1.5:43303
I0509 22:34:22.154057  6792 docker.cpp:1691] Ignoring updating container ccc0454b-acc9-4579-ad86-2c784eb6b12f because resources passed to update are identical to existing resources
I0509 22:34:22.154431  6789 slave.cpp:3298] Sending queued task 'httpd.800c17d0-72d4-11e9-b3bb-9e2c988ab79d' to executor 'httpd.800c17d0-72d4-11e9-b3bb-9e2c988ab79d' of framework 860d6178-b035-4997-94b4-ad0e1a2d9e15-0000 at executor(1)@192.168.1.5:43303
I0509 22:34:22.162780  6791 slave.cpp:5545] Handling status update TASK_STARTING (Status UUID: 2810937d-5d43-4eb9-bb0b-6b3c72bdc4dc) for task httpd.800c17d0-72d4-11e9-b3bb-9e2c988ab79d of framework 860d6178-b035-4997-94b4-ad0e1a2d9e15-0000 from executor(1)@192.168.1.5:43303
I0509 22:34:22.163581  6792 task_status_update_manager.cpp:328] Received task status update TASK_STARTING (Status UUID: 2810937d-5d43-4eb9-bb0b-6b3c72bdc4dc) for task httpd.800c17d0-72d4-11e9-b3bb-9e2c988ab79d of framework 860d6178-b035-4997-94b4-ad0e1a2d9e15-0000
I0509 22:34:22.164037  6792 task_status_update_manager.cpp:842] Checkpointing UPDATE for task status update TASK_STARTING (Status UUID: 2810937d-5d43-4eb9-bb0b-6b3c72bdc4dc) for task httpd.800c17d0-72d4-11e9-b3bb-9e2c988ab79d of framework 860d6178-b035-4997-94b4-ad0e1a2d9e15-0000
I0509 22:34:22.164361  6789 slave.cpp:6037] Forwarding the update TASK_STARTING (Status UUID: 2810937d-5d43-4eb9-bb0b-6b3c72bdc4dc) for task httpd.800c17d0-72d4-11e9-b3bb-9e2c988ab79d of framework 860d6178-b035-4997-94b4-ad0e1a2d9e15-0000 to master@192.168.1.5:5050
I0509 22:34:22.165125  6789 slave.cpp:5946] Sending acknowledgement for status update TASK_STARTING (Status UUID: 2810937d-5d43-4eb9-bb0b-6b3c72bdc4dc) for task httpd.800c17d0-72d4-11e9-b3bb-9e2c988ab79d of framework 860d6178-b035-4997-94b4-ad0e1a2d9e15-0000 to executor(1)@192.168.1.5:43303
I0509 22:34:22.189280  6796 task_status_update_manager.cpp:401] Received task status update acknowledgement (UUID: 2810937d-5d43-4eb9-bb0b-6b3c72bdc4dc) for task httpd.800c17d0-72d4-11e9-b3bb-9e2c988ab79d of framework 860d6178-b035-4997-94b4-ad0e1a2d9e15-0000
I0509 22:34:22.189471  6796 task_status_update_manager.cpp:842] Checkpointing ACK for task status update TASK_STARTING (Status UUID: 2810937d-5d43-4eb9-bb0b-6b3c72bdc4dc) for task httpd.800c17d0-72d4-11e9-b3bb-9e2c988ab79d of framework 860d6178-b035-4997-94b4-ad0e1a2d9e15-0000
I0509 22:34:26.149425  6791 http.cpp:1105] HTTP GET for /slave(1)/state?jsonp=angular.callbacks._k from 192.168.1.5:54464 with User-Agent='Mozilla/5.0 (X11; Ubuntu; Linux x86_64; rv:66.0) Gecko/20100101 Firefox/66.0'
I0509 22:34:26.153807  6791 http.cpp:1122] HTTP GET for /slave(1)/state?jsonp=angular.callbacks._k from 192.168.1.5:54464: '200 OK' after 8.73293ms
I0509 22:34:26.197906  6795 http.cpp:1105] HTTP GET for /files/browse?path=%2Fhome%2Fjouko%2Fmesos_work_dir%2Fslaves%2F860d6178-b035-4997-94b4-ad0e1a2d9e15-S0%2Fframeworks%2F860d6178-b035-4997-94b4-ad0e1a2d9e15-0000%2Fexecutors%2Fhttpd.7a101c4f-72d4-11e9-b3bb-9e2c988ab79d%2Fruns%2F83d553b8-c1e5-48d7-a7b8-87c348c9f4e9&jsonp=angular.callbacks._l from 192.168.1.5:54464 with User-Agent='Mozilla/5.0 (X11; Ubuntu; Linux x86_64; rv:66.0) Gecko/20100101 Firefox/66.0'
I0509 22:34:27.251307  6794 slave.cpp:5545] Handling status update TASK_FAILED (Status UUID: 8129c96d-bbeb-4094-ba7b-e436d0febfbf) for task httpd.800c17d0-72d4-11e9-b3bb-9e2c988ab79d of framework 860d6178-b035-4997-94b4-ad0e1a2d9e15-0000 from executor(1)@192.168.1.5:43303
E0509 22:34:27.398901  6789 slave.cpp:5876] Failed to update resources for container ccc0454b-acc9-4579-ad86-2c784eb6b12f of executor 'httpd.800c17d0-72d4-11e9-b3bb-9e2c988ab79d' running task httpd.800c17d0-72d4-11e9-b3bb-9e2c988ab79d on status update for terminal task, destroying container: Failed to run 'docker -H unix:///var/run/docker.sock inspect --type=container mesos-ccc0454b-acc9-4579-ad86-2c784eb6b12f': exited with status 1; stderr='Error: No such container: mesos-ccc0454b-acc9-4579-ad86-2c784eb6b12f
'
I0509 22:34:27.399315  6796 docker.cpp:2328] Destroying container ccc0454b-acc9-4579-ad86-2c784eb6b12f in RUNNING state
I0509 22:34:27.399359  6796 docker.cpp:2333] Sending SIGTERM to executor with pid: 7310
I0509 22:34:27.399307  6791 task_status_update_manager.cpp:328] Received task status update TASK_FAILED (Status UUID: 8129c96d-bbeb-4094-ba7b-e436d0febfbf) for task httpd.800c17d0-72d4-11e9-b3bb-9e2c988ab79d of framework 860d6178-b035-4997-94b4-ad0e1a2d9e15-0000
I0509 22:34:27.399447  6791 task_status_update_manager.cpp:842] Checkpointing UPDATE for task status update TASK_FAILED (Status UUID: 8129c96d-bbeb-4094-ba7b-e436d0febfbf) for task httpd.800c17d0-72d4-11e9-b3bb-9e2c988ab79d of framework 860d6178-b035-4997-94b4-ad0e1a2d9e15-0000
I0509 22:34:27.399929  6793 slave.cpp:6037] Forwarding the update TASK_FAILED (Status UUID: 8129c96d-bbeb-4094-ba7b-e436d0febfbf) for task httpd.800c17d0-72d4-11e9-b3bb-9e2c988ab79d of framework 860d6178-b035-4997-94b4-ad0e1a2d9e15-0000 to master@192.168.1.5:5050
I0509 22:34:27.401095  6793 slave.cpp:5946] Sending acknowledgement for status update TASK_FAILED (Status UUID: 8129c96d-bbeb-4094-ba7b-e436d0febfbf) for task httpd.800c17d0-72d4-11e9-b3bb-9e2c988ab79d of framework 860d6178-b035-4997-94b4-ad0e1a2d9e15-0000 to executor(1)@192.168.1.5:43303
I0509 22:34:27.423785  6796 docker.cpp:2378] Running docker stop on container ccc0454b-acc9-4579-ad86-2c784eb6b12f
I0509 22:34:27.429051  6795 slave.cpp:6217] Got exited event for executor(1)@192.168.1.5:43303
I0509 22:34:27.430441  6791 task_status_update_manager.cpp:401] Received task status update acknowledgement (UUID: 8129c96d-bbeb-4094-ba7b-e436d0febfbf) for task httpd.800c17d0-72d4-11e9-b3bb-9e2c988ab79d of framework 860d6178-b035-4997-94b4-ad0e1a2d9e15-0000
I0509 22:34:27.430603  6791 task_status_update_manager.cpp:842] Checkpointing ACK for task status update TASK_FAILED (Status UUID: 8129c96d-bbeb-4094-ba7b-e436d0febfbf) for task httpd.800c17d0-72d4-11e9-b3bb-9e2c988ab79d of framework 860d6178-b035-4997-94b4-ad0e1a2d9e15-0000
I0509 22:34:27.431391  6796 gc.cpp:95] Scheduling '/home/jouko/mesos_work_dir/meta/slaves/860d6178-b035-4997-94b4-ad0e1a2d9e15-S0/frameworks/860d6178-b035-4997-94b4-ad0e1a2d9e15-0000/executors/httpd.800c17d0-72d4-11e9-b3bb-9e2c988ab79d/runs/ccc0454b-acc9-4579-ad86-2c784eb6b12f/tasks/httpd.800c17d0-72d4-11e9-b3bb-9e2c988ab79d' for gc 6.99993713752296days in the future
I0509 22:34:27.499579  6789 docker.cpp:2557] Executor for container ccc0454b-acc9-4579-ad86-2c784eb6b12f has exited
I0509 22:34:27.605633  6796 slave.cpp:6613] Executor 'httpd.800c17d0-72d4-11e9-b3bb-9e2c988ab79d' of framework 860d6178-b035-4997-94b4-ad0e1a2d9e15-0000 terminated with signal Terminated
I0509 22:34:27.605785  6796 slave.cpp:6711] Cleaning up executor 'httpd.800c17d0-72d4-11e9-b3bb-9e2c988ab79d' of framework 860d6178-b035-4997-94b4-ad0e1a2d9e15-0000 at executor(1)@192.168.1.5:43303
I0509 22:34:27.606235  6795 gc.cpp:95] Scheduling '/home/jouko/mesos_work_dir/slaves/860d6178-b035-4997-94b4-ad0e1a2d9e15-S0/frameworks/860d6178-b035-4997-94b4-ad0e1a2d9e15-0000/executors/httpd.800c17d0-72d4-11e9-b3bb-9e2c988ab79d/runs/ccc0454b-acc9-4579-ad86-2c784eb6b12f' for gc 6.99999298545185days in the future
I0509 22:34:27.606695  6792 gc.cpp:95] Scheduling '/home/jouko/mesos_work_dir/slaves/860d6178-b035-4997-94b4-ad0e1a2d9e15-S0/frameworks/860d6178-b035-4997-94b4-ad0e1a2d9e15-0000/executors/httpd.800c17d0-72d4-11e9-b3bb-9e2c988ab79d' for gc 6.99999297993185days in the future
I0509 22:34:27.606868  6792 gc.cpp:95] Scheduling '/home/jouko/mesos_work_dir/meta/slaves/860d6178-b035-4997-94b4-ad0e1a2d9e15-S0/frameworks/860d6178-b035-4997-94b4-ad0e1a2d9e15-0000/executors/httpd.800c17d0-72d4-11e9-b3bb-9e2c988ab79d/runs/ccc0454b-acc9-4579-ad86-2c784eb6b12f' for gc 6.9999929781363days in the future
I0509 22:34:27.607023  6792 gc.cpp:95] Scheduling '/home/jouko/mesos_work_dir/meta/slaves/860d6178-b035-4997-94b4-ad0e1a2d9e15-S0/frameworks/860d6178-b035-4997-94b4-ad0e1a2d9e15-0000/executors/httpd.800c17d0-72d4-11e9-b3bb-9e2c988ab79d' for gc 6.99999297708148days in the future
I0509 22:34:27.607194  6796 slave.cpp:6840] Cleaning up framework 860d6178-b035-4997-94b4-ad0e1a2d9e15-0000
I0509 22:34:27.607419  6794 task_status_update_manager.cpp:289] Closing task status update streams for framework 860d6178-b035-4997-94b4-ad0e1a2d9e15-0000
I0509 22:34:27.607512  6789 gc.cpp:95] Scheduling '/home/jouko/mesos_work_dir/slaves/860d6178-b035-4997-94b4-ad0e1a2d9e15-S0/frameworks/860d6178-b035-4997-94b4-ad0e1a2d9e15-0000' for gc 6.9999929701837days in the future
I0509 22:34:27.607698  6789 gc.cpp:95] Scheduling '/home/jouko/mesos_work_dir/meta/slaves/860d6178-b035-4997-94b4-ad0e1a2d9e15-S0/frameworks/860d6178-b035-4997-94b4-ad0e1a2d9e15-0000' for gc 6.99999296893333days in the future
I0509 22:34:29.263068  6793 http.cpp:1105] HTTP GET for /files/read?_=1557459269242&jsonp=jQuery32109962932534549753_1557459269241&length=-1&path=%2Fhome%2Fjouko%2Fmesos_work_dir%2Fslaves%2F860d6178-b035-4997-94b4-ad0e1a2d9e15-S0%2Fframeworks%2F860d6178-b035-4997-94b4-ad0e1a2d9e15-0000%2Fexecutors%2Fhttpd.7a101c4f-72d4-11e9-b3bb-9e2c988ab79d%2Fruns%2F83d553b8-c1e5-48d7-a7b8-87c348c9f4e9%2Fstderr&offset=-1 from 192.168.1.5:54464 with User-Agent='Mozilla/5.0 (X11; Ubuntu; Linux x86_64; rv:66.0) Gecko/20100101 Firefox/66.0'
I0509 22:34:29.277782  6793 http.cpp:1105] HTTP GET for /files/read?_=1557459269243&jsonp=jQuery32109962932534549753_1557459269241&length=50000&path=%2Fhome%2Fjouko%2Fmesos_work_dir%2Fslaves%2F860d6178-b035-4997-94b4-ad0e1a2d9e15-S0%2Fframeworks%2F860d6178-b035-4997-94b4-ad0e1a2d9e15-0000%2Fexecutors%2Fhttpd.7a101c4f-72d4-11e9-b3bb-9e2c988ab79d%2Fruns%2F83d553b8-c1e5-48d7-a7b8-87c348c9f4e9%2Fstderr&offset=0 from 192.168.1.5:54464 with User-Agent='Mozilla/5.0 (X11; Ubuntu; Linux x86_64; rv:66.0) Gecko/20100101 Firefox/66.0'
I0509 22:34:30.290266  6794 http.cpp:1105] HTTP GET for /files/read?_=1557459269244&jsonp=jQuery32109962932534549753_1557459269241&length=50000&path=%2Fhome%2Fjouko%2Fmesos_work_dir%2Fslaves%2F860d6178-b035-4997-94b4-ad0e1a2d9e15-S0%2Fframeworks%2F860d6178-b035-4997-94b4-ad0e1a2d9e15-0000%2Fexecutors%2Fhttpd.7a101c4f-72d4-11e9-b3bb-9e2c988ab79d%2Fruns%2F83d553b8-c1e5-48d7-a7b8-87c348c9f4e9%2Fstderr&offset=818 from 192.168.1.5:54464 with User-Agent='Mozilla/5.0 (X11; Ubuntu; Linux x86_64; rv:66.0) Gecko/20100101 Firefox/66.0'
I0509 22:34:31.305572  6795 http.cpp:1105] HTTP GET for /files/read?_=1557459269245&jsonp=jQuery32109962932534549753_1557459269241&length=50000&path=%2Fhome%2Fjouko%2Fmesos_work_dir%2Fslaves%2F860d6178-b035-4997-94b4-ad0e1a2d9e15-S0%2Fframeworks%2F860d6178-b035-4997-94b4-ad0e1a2d9e15-0000%2Fexecutors%2Fhttpd.7a101c4f-72d4-11e9-b3bb-9e2c988ab79d%2Fruns%2F83d553b8-c1e5-48d7-a7b8-87c348c9f4e9%2Fstderr&offset=818 from 192.168.1.5:54464 with User-Agent='Mozilla/5.0 (X11; Ubuntu; Linux x86_64; rv:66.0) Gecko/20100101 Firefox/66.0'
I0509 22:34:32.003278  6793 slave.cpp:2037] Got assigned task 'httpd.860728f1-72d4-11e9-b3bb-9e2c988ab79d' for framework 860d6178-b035-4997-94b4-ad0e1a2d9e15-0000
I0509 22:34:32.003448  6790 gc.cpp:129] Unscheduling '/home/jouko/mesos_work_dir/slaves/860d6178-b035-4997-94b4-ad0e1a2d9e15-S0/frameworks/860d6178-b035-4997-94b4-ad0e1a2d9e15-0000' from gc
I0509 22:34:32.003633  6790 gc.cpp:129] Unscheduling '/home/jouko/mesos_work_dir/meta/slaves/860d6178-b035-4997-94b4-ad0e1a2d9e15-S0/frameworks/860d6178-b035-4997-94b4-ad0e1a2d9e15-0000' from gc
I0509 22:34:32.005076  6793 slave.cpp:2411] Authorizing task 'httpd.860728f1-72d4-11e9-b3bb-9e2c988ab79d' for framework 860d6178-b035-4997-94b4-ad0e1a2d9e15-0000
I0509 22:34:32.007261  6793 slave.cpp:2854] Launching task 'httpd.860728f1-72d4-11e9-b3bb-9e2c988ab79d' for framework 860d6178-b035-4997-94b4-ad0e1a2d9e15-0000
I0509 22:34:32.008221  6793 paths.cpp:801] Creating sandbox '/home/jouko/mesos_work_dir/slaves/860d6178-b035-4997-94b4-ad0e1a2d9e15-S0/frameworks/860d6178-b035-4997-94b4-ad0e1a2d9e15-0000/executors/httpd.860728f1-72d4-11e9-b3bb-9e2c988ab79d/runs/1653f4a0-bcbc-4866-9188-6f849a35adc6' for user 'root'
I0509 22:34:32.008981  6793 paths.cpp:804] Creating sandbox '/home/jouko/mesos_work_dir/meta/slaves/860d6178-b035-4997-94b4-ad0e1a2d9e15-S0/frameworks/860d6178-b035-4997-94b4-ad0e1a2d9e15-0000/executors/httpd.860728f1-72d4-11e9-b3bb-9e2c988ab79d/runs/1653f4a0-bcbc-4866-9188-6f849a35adc6'
I0509 22:34:32.009105  6793 slave.cpp:9695] Launching executor 'httpd.860728f1-72d4-11e9-b3bb-9e2c988ab79d' of framework 860d6178-b035-4997-94b4-ad0e1a2d9e15-0000 with resources [{"allocation_info":{"role":"*"},"name":"cpus","scalar":{"value":0.1},"type":"SCALAR"},{"allocation_info":{"role":"*"},"name":"mem","scalar":{"value":32.0},"type":"SCALAR"}] in work directory '/home/jouko/mesos_work_dir/slaves/860d6178-b035-4997-94b4-ad0e1a2d9e15-S0/frameworks/860d6178-b035-4997-94b4-ad0e1a2d9e15-0000/executors/httpd.860728f1-72d4-11e9-b3bb-9e2c988ab79d/runs/1653f4a0-bcbc-4866-9188-6f849a35adc6'
I0509 22:34:32.010752  6793 slave.cpp:3080] Queued task 'httpd.860728f1-72d4-11e9-b3bb-9e2c988ab79d' for executor 'httpd.860728f1-72d4-11e9-b3bb-9e2c988ab79d' of framework 860d6178-b035-4997-94b4-ad0e1a2d9e15-0000
I0509 22:34:32.011453  6793 slave.cpp:3528] Launching container 1653f4a0-bcbc-4866-9188-6f849a35adc6 for executor 'httpd.860728f1-72d4-11e9-b3bb-9e2c988ab79d' of framework 860d6178-b035-4997-94b4-ad0e1a2d9e15-0000
I0509 22:34:32.012414  6794 docker.cpp:1183] Starting container '1653f4a0-bcbc-4866-9188-6f849a35adc6' for task 'httpd.860728f1-72d4-11e9-b3bb-9e2c988ab79d' (and executor 'httpd.860728f1-72d4-11e9-b3bb-9e2c988ab79d') of framework 860d6178-b035-4997-94b4-ad0e1a2d9e15-0000
I0509 22:34:32.144676  6796 docker.cpp:783] Checkpointing pid 7449 to '/home/jouko/mesos_work_dir/meta/slaves/860d6178-b035-4997-94b4-ad0e1a2d9e15-S0/frameworks/860d6178-b035-4997-94b4-ad0e1a2d9e15-0000/executors/httpd.860728f1-72d4-11e9-b3bb-9e2c988ab79d/runs/1653f4a0-bcbc-4866-9188-6f849a35adc6/pids/forked.pid'
I0509 22:34:32.145033  6796 systemd.cpp:98] Assigned child process '7449' to 'mesos_executors.slice'
I0509 22:34:32.246501  6795 slave.cpp:5074] Got registration for executor 'httpd.860728f1-72d4-11e9-b3bb-9e2c988ab79d' of framework 860d6178-b035-4997-94b4-ad0e1a2d9e15-0000 from executor(1)@192.168.1.5:45923
I0509 22:34:32.248488  6794 docker.cpp:1691] Ignoring updating container 1653f4a0-bcbc-4866-9188-6f849a35adc6 because resources passed to update are identical to existing resources
