127.0.0.1
I0515 11:07:15.527863 29508 main.cpp:243] Build: 2019-05-09 21:42:43 by root
I0515 11:07:15.527951 29508 main.cpp:244] Version: 1.8.0
I0515 11:07:15.527957 29508 main.cpp:247] Git tag: 1.8.0-rc3
I0515 11:07:15.527961 29508 main.cpp:251] Git SHA: acefa90695a32f8e8d6361f8192a6522aeaadbb9
I0515 11:07:15.531647 29508 main.cpp:345] Using 'hierarchical' allocator
2019-05-15 11:07:15,532:29508(0x7f8bf8c00700):ZOO_INFO@log_env@753: Client environment:zookeeper.version=zookeeper C client 3.4.8
2019-05-15 11:07:15,532:29508(0x7f8bf8c00700):ZOO_INFO@log_env@757: Client environment:host.name=jouko-Gazelle-Professional
2019-05-15 11:07:15,532:29508(0x7f8bf8c00700):ZOO_INFO@log_env@764: Client environment:os.name=Linux
2019-05-15 11:07:15,532:29508(0x7f8bf8c00700):ZOO_INFO@log_env@765: Client environment:os.arch=4.15.0-48-generic
2019-05-15 11:07:15,532:29508(0x7f8bf8c00700):ZOO_INFO@log_env@766: Client environment:os.version=#51-Ubuntu SMP Wed Apr 3 08:28:49 UTC 2019
2019-05-15 11:07:15,532:29508(0x7f8bf83ff700):ZOO_INFO@log_env@753: Client environment:zookeeper.version=zookeeper C client 3.4.8
2019-05-15 11:07:15,532:29508(0x7f8bf83ff700):ZOO_INFO@log_env@757: Client environment:host.name=jouko-Gazelle-Professional
2019-05-15 11:07:15,532:29508(0x7f8bf83ff700):ZOO_INFO@log_env@764: Client environment:os.name=Linux
2019-05-15 11:07:15,532:29508(0x7f8bf83ff700):ZOO_INFO@log_env@765: Client environment:os.arch=4.15.0-48-generic
2019-05-15 11:07:15,532:29508(0x7f8bf83ff700):ZOO_INFO@log_env@766: Client environment:os.version=#51-Ubuntu SMP Wed Apr 3 08:28:49 UTC 2019
2019-05-15 11:07:15,532:29508(0x7f8bf83ff700):ZOO_INFO@log_env@774: Client environment:user.name=jouko
2019-05-15 11:07:15,532:29508(0x7f8bf8c00700):ZOO_INFO@log_env@774: Client environment:user.name=jouko
2019-05-15 11:07:15,532:29508(0x7f8bf83ff700):ZOO_INFO@log_env@782: Client environment:user.home=/root
2019-05-15 11:07:15,532:29508(0x7f8bf8c00700):ZOO_INFO@log_env@782: Client environment:user.home=/root
2019-05-15 11:07:15,532:29508(0x7f8bf83ff700):ZOO_INFO@log_env@794: Client environment:user.dir=/home/jouko/dev/projects/TrainingSprints/datascience-bootcamp/MesosTest
2019-05-15 11:07:15,532:29508(0x7f8bf8c00700):ZOO_INFO@log_env@794: Client environment:user.dir=/home/jouko/dev/projects/TrainingSprints/datascience-bootcamp/MesosTest
2019-05-15 11:07:15,532:29508(0x7f8bf83ff700):ZOO_INFO@zookeeper_init@827: Initiating client connection, host=127.0.0.1:2181 sessionTimeout=10000 watcher=0x7f8c0fc69992 sessionId=0 sessionPasswd=<null> context=0x7f8bec0011c8 flags=0
2019-05-15 11:07:15,532:29508(0x7f8bf8c00700):ZOO_INFO@zookeeper_init@827: Initiating client connection, host=127.0.0.1:2181 sessionTimeout=10000 watcher=0x7f8c0fc69992 sessionId=0 sessionPasswd=<null> context=0x7f8be8001168 flags=0
2019-05-15 11:07:15,533:29508(0x7f8bf6bbb700):ZOO_INFO@check_events@1764: initiated connection to server [127.0.0.1:2181]
2019-05-15 11:07:15,533:29508(0x7f8bf63ba700):ZOO_INFO@check_events@1764: initiated connection to server [127.0.0.1:2181]
I0515 11:07:15.548272 29508 master.cpp:440] Master df64220e-eb34-4b8d-b82a-35688b767e6b (localhost) started on 127.0.0.1:5050
I0515 11:07:15.548301 29508 master.cpp:443] Flags at startup: --agent_ping_timeout="15secs" --agent_reregister_timeout="10mins" --allocation_interval="1secs" --allocator="hierarchical" --authenticate_agents="false" --authenticate_frameworks="false" --authenticate_http_frameworks="false" --authenticate_http_readonly="false" --authenticate_http_readwrite="false" --authentication_v0_timeout="15secs" --authenticators="crammd5" --authorizers="local" --filter_gpu_resources="true" --framework_sorter="drf" --help="false" --hostname_lookup="true" --http_authenticators="basic" --initialize_driver_logging="true" --ip="127.0.0.1" --log_auto_initialize="true" --logbufsecs="0" --logging_level="INFO" --max_agent_ping_timeouts="5" --max_completed_frameworks="50" --max_completed_tasks_per_framework="1000" --max_operator_event_stream_subscribers="1000" --max_unreachable_tasks_per_framework="1000" --memory_profiling="false" --min_allocatable_resources="cpus:0.01|mem:32" --port="5050" --publish_per_framework_metrics="true" --quiet="false" --recovery_agent_removal_limit="100%" --registry="in_memory" --registry_fetch_timeout="1mins" --registry_gc_interval="15mins" --registry_max_agent_age="2weeks" --registry_max_agent_count="102400" --registry_store_timeout="20secs" --registry_strict="false" --require_agent_domain="false" --role_sorter="drf" --root_submissions="true" --version="false" --webui_dir="/usr/local/share/mesos/webui" --work_dir="/home/jouko/mesos_master_work_dir" --zk="zk://127.0.0.1:2181/mesos" --zk_session_timeout="10secs"
W0515 11:07:15.548552 29508 master.cpp:446] 
**************************************************
Master bound to loopback interface! Cannot communicate with remote schedulers or agents. You might want to set '--ip' flag to a routable IP address.
**************************************************
I0515 11:07:15.548579 29508 master.cpp:494] Master allowing unauthenticated frameworks to register
I0515 11:07:15.548584 29508 master.cpp:500] Master allowing unauthenticated agents to register
I0515 11:07:15.548588 29508 master.cpp:507] Master allowing HTTP frameworks to register without authentication
I0515 11:07:15.548617 29508 master.cpp:548] Using default 'crammd5' authenticator
W0515 11:07:15.548635 29508 authenticator.cpp:513] No credentials provided, authentication requests will be refused
I0515 11:07:15.548640 29508 authenticator.cpp:520] Initializing server SASL
I0515 11:07:15.557380 29510 contender.cpp:152] Joining the ZK group
2019-05-15 11:07:15,616:29508(0x7f8bf6bbb700):ZOO_INFO@check_events@1811: session establishment complete on server [127.0.0.1:2181], sessionId=0x1000058ec2f0000, negotiated timeout=10000
I0515 11:07:15.616778 29511 group.cpp:341] Group process (zookeeper-group(2)@127.0.0.1:5050) connected to ZooKeeper
2019-05-15 11:07:15,616:29508(0x7f8bf63ba700):ZOO_INFO@check_events@1811: session establishment complete on server [127.0.0.1:2181], sessionId=0x1000058ec2f0001, negotiated timeout=10000
I0515 11:07:15.616927 29511 group.cpp:831] Syncing group operations: queue size (joins, cancels, datas) = (0, 0, 0)
I0515 11:07:15.616963 29511 group.cpp:419] Trying to create path '/mesos' in ZooKeeper
I0515 11:07:15.617076 29516 group.cpp:341] Group process (zookeeper-group(1)@127.0.0.1:5050) connected to ZooKeeper
I0515 11:07:15.617120 29516 group.cpp:831] Syncing group operations: queue size (joins, cancels, datas) = (1, 0, 0)
I0515 11:07:15.617136 29516 group.cpp:419] Trying to create path '/mesos' in ZooKeeper
I0515 11:07:15.668265 29513 contender.cpp:268] New candidate (id='0') has entered the contest for leadership
I0515 11:07:15.669420 29513 detector.cpp:152] Detected a new leader: (id='0')
I0515 11:07:15.669966 29514 group.cpp:700] Trying to get '/mesos/json.info_0000000000' in ZooKeeper
I0515 11:07:15.673060 29513 zookeeper.cpp:262] A new leading master (UPID=master@127.0.0.1:5050) is detected
I0515 11:07:15.673570 29512 master.cpp:2141] Elected as the leading master!
I0515 11:07:15.673601 29512 master.cpp:1664] Recovering from registrar
I0515 11:07:15.678134 29515 registrar.cpp:383] Successfully fetched the registry (0B) in 4.231936ms
I0515 11:07:15.678443 29515 registrar.cpp:487] Applied 1 operations in 123633ns; attempting to update the registry
I0515 11:07:15.680184 29515 registrar.cpp:544] Successfully updated the registry in 1.605888ms
I0515 11:07:15.680408 29515 registrar.cpp:416] Successfully recovered registrar
I0515 11:07:15.681291 29516 master.cpp:1790] Recovered 0 agents from the registry (122B); allowing 10mins for agents to reregister
I0515 11:08:11.416178 29511 master.cpp:7175] Received reregister agent message from agent c8e59b09-da78-48e6-bdd2-9c3396b857b8-S0 at slave(1)@192.168.1.5:5051 (jouko-Gazelle-Professional)
W0515 11:08:11.417933 29510 registry_operations.cpp:182] Allowing UNKNOWN agent to reregister: hostname: "jouko-Gazelle-Professional"
resources {
  name: "cpus"
  type: SCALAR
  scalar {
    value: 8
  }
}
resources {
  name: "mem"
  type: SCALAR
  scalar {
    value: 14936
  }
}
resources {
  name: "disk"
  type: SCALAR
  scalar {
    value: 698029
  }
}
resources {
  name: "ports"
  type: RANGES
  ranges {
    range {
      begin: 31000
      end: 32000
    }
  }
}
id {
  value: "c8e59b09-da78-48e6-bdd2-9c3396b857b8-S0"
}
checkpoint: true
port: 5051
I0515 11:08:11.418344 29510 registrar.cpp:487] Applied 1 operations in 455157ns; attempting to update the registry
I0515 11:08:11.419939 29510 registrar.cpp:544] Successfully updated the registry in 1.542912ms
W0515 11:08:11.420456 29516 master.cpp:7610] Dropping update TASK_FAILED for task httpd.69550a5e-75b2-11e9-ba1c-426fd056c11c of framework 20e4d121-4a00-4fa4-87a8-95fc84c6335e-0000 'Unknown agent reregistered' for unknown framework 20e4d121-4a00-4fa4-87a8-95fc84c6335e-0000
W0515 11:08:11.420588 29516 master.cpp:7610] Dropping update TASK_FAILED for task httpd.8b56ad7a-75b3-11e9-b18c-e6cbfc1c3ee9 of framework d24c421c-d71b-48cf-ac36-bad06b59829d-0000 'Unknown agent reregistered' for unknown framework d24c421c-d71b-48cf-ac36-bad06b59829d-0000
W0515 11:08:11.420651 29516 master.cpp:7610] Dropping update TASK_FAILED for task httpd.b015673e-75af-11e9-8319-06d0e03ee117 of framework a02141ad-a172-44b5-8dd9-dc8a5687d41a-0000 'Unknown agent reregistered' for unknown framework a02141ad-a172-44b5-8dd9-dc8a5687d41a-0000
W0515 11:08:11.423199 29516 master.cpp:11142] Possibly orphaned completed task httpd.aeaddcb9-771c-11e9-8e5b-ea802bfed2ba of framework 6dd6b8f6-6537-48ea-8721-d15ff7f74d51-0000 that ran on agent c8e59b09-da78-48e6-bdd2-9c3396b857b8-S0 at slave(1)@192.168.1.5:5051 (jouko-Gazelle-Professional)
W0515 11:08:11.423234 29516 master.cpp:11142] Possibly orphaned completed task httpd.a8b2cb98-771c-11e9-8e5b-ea802bfed2ba of framework 6dd6b8f6-6537-48ea-8721-d15ff7f74d51-0000 that ran on agent c8e59b09-da78-48e6-bdd2-9c3396b857b8-S0 at slave(1)@192.168.1.5:5051 (jouko-Gazelle-Professional)
W0515 11:08:11.423246 29516 master.cpp:11142] Possibly orphaned completed task httpd.99bc61a6-771c-11e9-8e5b-ea802bfed2ba of framework 6dd6b8f6-6537-48ea-8721-d15ff7f74d51-0000 that ran on agent c8e59b09-da78-48e6-bdd2-9c3396b857b8-S0 at slave(1)@192.168.1.5:5051 (jouko-Gazelle-Professional)
W0515 11:08:11.423255 29516 master.cpp:11142] Possibly orphaned completed task httpd.b4aa4d6a-771c-11e9-8e5b-ea802bfed2ba of framework 6dd6b8f6-6537-48ea-8721-d15ff7f74d51-0000 that ran on agent c8e59b09-da78-48e6-bdd2-9c3396b857b8-S0 at slave(1)@192.168.1.5:5051 (jouko-Gazelle-Professional)
W0515 11:08:11.423264 29516 master.cpp:11142] Possibly orphaned completed task httpd.c0a1f64c-771c-11e9-8e5b-ea802bfed2ba of framework 6dd6b8f6-6537-48ea-8721-d15ff7f74d51-0000 that ran on agent c8e59b09-da78-48e6-bdd2-9c3396b857b8-S0 at slave(1)@192.168.1.5:5051 (jouko-Gazelle-Professional)
W0515 11:08:11.423274 29516 master.cpp:11142] Possibly orphaned completed task httpd.93c87c75-771c-11e9-8e5b-ea802bfed2ba of framework 6dd6b8f6-6537-48ea-8721-d15ff7f74d51-0000 that ran on agent c8e59b09-da78-48e6-bdd2-9c3396b857b8-S0 at slave(1)@192.168.1.5:5051 (jouko-Gazelle-Professional)
W0515 11:08:11.423281 29516 master.cpp:11142] Possibly orphaned completed task httpd.baa5d3bb-771c-11e9-8e5b-ea802bfed2ba of framework 6dd6b8f6-6537-48ea-8721-d15ff7f74d51-0000 that ran on agent c8e59b09-da78-48e6-bdd2-9c3396b857b8-S0 at slave(1)@192.168.1.5:5051 (jouko-Gazelle-Professional)
W0515 11:08:11.423288 29516 master.cpp:11142] Possibly orphaned completed task httpd.a2b71e37-771c-11e9-8e5b-ea802bfed2ba of framework 6dd6b8f6-6537-48ea-8721-d15ff7f74d51-0000 that ran on agent c8e59b09-da78-48e6-bdd2-9c3396b857b8-S0 at slave(1)@192.168.1.5:5051 (jouko-Gazelle-Professional)
W0515 11:08:11.423295 29516 master.cpp:11142] Possibly orphaned completed task httpd.d296850e-771c-11e9-8e5b-ea802bfed2ba of framework 6dd6b8f6-6537-48ea-8721-d15ff7f74d51-0000 that ran on agent c8e59b09-da78-48e6-bdd2-9c3396b857b8-S0 at slave(1)@192.168.1.5:5051 (jouko-Gazelle-Professional)
W0515 11:08:11.423303 29516 master.cpp:11142] Possibly orphaned completed task httpd.c99c8bcd-771c-11e9-8e5b-ea802bfed2ba of framework 6dd6b8f6-6537-48ea-8721-d15ff7f74d51-0000 that ran on agent c8e59b09-da78-48e6-bdd2-9c3396b857b8-S0 at slave(1)@192.168.1.5:5051 (jouko-Gazelle-Professional)
W0515 11:08:11.423321 29516 master.cpp:11142] Possibly orphaned completed task httpd.db90573f-771c-11e9-8e5b-ea802bfed2ba of framework 6dd6b8f6-6537-48ea-8721-d15ff7f74d51-0000 that ran on agent c8e59b09-da78-48e6-bdd2-9c3396b857b8-S0 at slave(1)@192.168.1.5:5051 (jouko-Gazelle-Professional)
W0515 11:08:11.423339 29516 master.cpp:11142] Possibly orphaned completed task httpd.d6ac8f49-76b2-11e9-b542-1e8823abc24a of framework 83697b4b-b81d-4fae-b5d2-f84275ced44b-0000 that ran on agent c8e59b09-da78-48e6-bdd2-9c3396b857b8-S0 at slave(1)@192.168.1.5:5051 (jouko-Gazelle-Professional)
W0515 11:08:11.423350 29516 master.cpp:11142] Possibly orphaned completed task httpd.fa949b5f-76b2-11e9-b542-1e8823abc24a of framework 83697b4b-b81d-4fae-b5d2-f84275ced44b-0000 that ran on agent c8e59b09-da78-48e6-bdd2-9c3396b857b8-S0 at slave(1)@192.168.1.5:5051 (jouko-Gazelle-Professional)
W0515 11:08:11.423358 29516 master.cpp:11142] Possibly orphaned completed task httpd.d0ba57c8-76b2-11e9-b542-1e8823abc24a of framework 83697b4b-b81d-4fae-b5d2-f84275ced44b-0000 that ran on agent c8e59b09-da78-48e6-bdd2-9c3396b857b8-S0 at slave(1)@192.168.1.5:5051 (jouko-Gazelle-Professional)
W0515 11:08:11.423365 29516 master.cpp:11142] Possibly orphaned completed task httpd.e8a0a8dc-76b2-11e9-b542-1e8823abc24a of framework 83697b4b-b81d-4fae-b5d2-f84275ced44b-0000 that ran on agent c8e59b09-da78-48e6-bdd2-9c3396b857b8-S0 at slave(1)@192.168.1.5:5051 (jouko-Gazelle-Professional)
W0515 11:08:11.423372 29516 master.cpp:11142] Possibly orphaned completed task httpd.068d55b1-76b3-11e9-b542-1e8823abc24a of framework 83697b4b-b81d-4fae-b5d2-f84275ced44b-0000 that ran on agent c8e59b09-da78-48e6-bdd2-9c3396b857b8-S0 at slave(1)@192.168.1.5:5051 (jouko-Gazelle-Professional)
W0515 11:08:11.423380 29516 master.cpp:11142] Possibly orphaned completed task httpd.ee9c563d-76b2-11e9-b542-1e8823abc24a of framework 83697b4b-b81d-4fae-b5d2-f84275ced44b-0000 that ran on agent c8e59b09-da78-48e6-bdd2-9c3396b857b8-S0 at slave(1)@192.168.1.5:5051 (jouko-Gazelle-Professional)
W0515 11:08:11.423388 29516 master.cpp:11142] Possibly orphaned completed task httpd.f49851be-76b2-11e9-b542-1e8823abc24a of framework 83697b4b-b81d-4fae-b5d2-f84275ced44b-0000 that ran on agent c8e59b09-da78-48e6-bdd2-9c3396b857b8-S0 at slave(1)@192.168.1.5:5051 (jouko-Gazelle-Professional)
W0515 11:08:11.423396 29516 master.cpp:11142] Possibly orphaned completed task httpd.dca9c34a-76b2-11e9-b542-1e8823abc24a of framework 83697b4b-b81d-4fae-b5d2-f84275ced44b-0000 that ran on agent c8e59b09-da78-48e6-bdd2-9c3396b857b8-S0 at slave(1)@192.168.1.5:5051 (jouko-Gazelle-Professional)
W0515 11:08:11.423403 29516 master.cpp:11142] Possibly orphaned completed task httpd.0090e500-76b3-11e9-b542-1e8823abc24a of framework 83697b4b-b81d-4fae-b5d2-f84275ced44b-0000 that ran on agent c8e59b09-da78-48e6-bdd2-9c3396b857b8-S0 at slave(1)@192.168.1.5:5051 (jouko-Gazelle-Professional)
W0515 11:08:11.423410 29516 master.cpp:11142] Possibly orphaned completed task httpd.e2a5499b-76b2-11e9-b542-1e8823abc24a of framework 83697b4b-b81d-4fae-b5d2-f84275ced44b-0000 that ran on agent c8e59b09-da78-48e6-bdd2-9c3396b857b8-S0 at slave(1)@192.168.1.5:5051 (jouko-Gazelle-Professional)
I0515 11:08:11.424080 29516 master.cpp:7692] Re-registered agent c8e59b09-da78-48e6-bdd2-9c3396b857b8-S0 at slave(1)@192.168.1.5:5051 (jouko-Gazelle-Professional) with cpus:8; mem:14936; disk:698029; ports:[31000-32000]
I0515 11:08:11.424193 29511 hierarchical.cpp:640] Added agent c8e59b09-da78-48e6-bdd2-9c3396b857b8-S0 (jouko-Gazelle-Professional) with cpus:8; mem:14936; disk:698029; ports:[31000-32000] (allocated: {})
I0515 11:08:11.424288 29516 master.cpp:7955] Recovering framework 20e4d121-4a00-4fa4-87a8-95fc84c6335e-0000 from reregistering agent c8e59b09-da78-48e6-bdd2-9c3396b857b8-S0 at slave(1)@192.168.1.5:5051 (jouko-Gazelle-Professional)
I0515 11:08:11.427944 29516 master.cpp:10422] Adding framework 20e4d121-4a00-4fa4-87a8-95fc84c6335e-0000 (marathon) with roles {  } suppressed
I0515 11:08:11.428357 29516 master.cpp:7955] Recovering framework d24c421c-d71b-48cf-ac36-bad06b59829d-0000 from reregistering agent c8e59b09-da78-48e6-bdd2-9c3396b857b8-S0 at slave(1)@192.168.1.5:5051 (jouko-Gazelle-Professional)
I0515 11:08:11.429914 29512 hierarchical.cpp:339] Added framework 20e4d121-4a00-4fa4-87a8-95fc84c6335e-0000
I0515 11:08:11.429986 29512 hierarchical.cpp:453] Deactivated framework 20e4d121-4a00-4fa4-87a8-95fc84c6335e-0000
I0515 11:08:11.430537 29516 master.cpp:10422] Adding framework d24c421c-d71b-48cf-ac36-bad06b59829d-0000 (marathon) with roles {  } suppressed
I0515 11:08:11.430703 29516 master.cpp:7955] Recovering framework a02141ad-a172-44b5-8dd9-dc8a5687d41a-0000 from reregistering agent c8e59b09-da78-48e6-bdd2-9c3396b857b8-S0 at slave(1)@192.168.1.5:5051 (jouko-Gazelle-Professional)
I0515 11:08:11.431027 29510 hierarchical.cpp:339] Added framework d24c421c-d71b-48cf-ac36-bad06b59829d-0000
I0515 11:08:11.431097 29510 hierarchical.cpp:453] Deactivated framework d24c421c-d71b-48cf-ac36-bad06b59829d-0000
I0515 11:08:11.433234 29516 master.cpp:10422] Adding framework a02141ad-a172-44b5-8dd9-dc8a5687d41a-0000 (marathon) with roles {  } suppressed
I0515 11:08:11.433651 29515 hierarchical.cpp:339] Added framework a02141ad-a172-44b5-8dd9-dc8a5687d41a-0000
I0515 11:08:11.433691 29515 hierarchical.cpp:453] Deactivated framework a02141ad-a172-44b5-8dd9-dc8a5687d41a-0000
I0515 11:08:11.434247 29516 master.cpp:8174] Ignoring update on agent c8e59b09-da78-48e6-bdd2-9c3396b857b8-S0 at slave(1)@192.168.1.5:5051 (jouko-Gazelle-Professional) as it reports no changes
I0515 11:08:11.434433 29516 master.cpp:8662] Status update TASK_FAILED (Status UUID: 37ea67da-07e3-4252-bcc7-2c1b06591da3) for task httpd.69550a5e-75b2-11e9-ba1c-426fd056c11c of framework 20e4d121-4a00-4fa4-87a8-95fc84c6335e-0000 from agent c8e59b09-da78-48e6-bdd2-9c3396b857b8-S0 at slave(1)@192.168.1.5:5051 (jouko-Gazelle-Professional)
W0515 11:08:11.434489 29516 master.cpp:8677] Received status update TASK_FAILED (Status UUID: 37ea67da-07e3-4252-bcc7-2c1b06591da3) for task httpd.69550a5e-75b2-11e9-ba1c-426fd056c11c of framework 20e4d121-4a00-4fa4-87a8-95fc84c6335e-0000 from agent c8e59b09-da78-48e6-bdd2-9c3396b857b8-S0 at slave(1)@192.168.1.5:5051 (jouko-Gazelle-Professional) for a disconnected framework
I0515 11:08:11.434571 29516 master.cpp:11631] Updating the state of task httpd.69550a5e-75b2-11e9-ba1c-426fd056c11c of framework 20e4d121-4a00-4fa4-87a8-95fc84c6335e-0000 (latest state: TASK_FAILED, status update state: TASK_FAILED)
I0515 11:08:11.434679 29516 master.cpp:8662] Status update TASK_FAILED (Status UUID: 0550c395-2104-43ea-86df-ee933f9a9128) for task httpd.8b56ad7a-75b3-11e9-b18c-e6cbfc1c3ee9 of framework d24c421c-d71b-48cf-ac36-bad06b59829d-0000 from agent c8e59b09-da78-48e6-bdd2-9c3396b857b8-S0 at slave(1)@192.168.1.5:5051 (jouko-Gazelle-Professional)
W0515 11:08:11.434707 29516 master.cpp:8677] Received status update TASK_FAILED (Status UUID: 0550c395-2104-43ea-86df-ee933f9a9128) for task httpd.8b56ad7a-75b3-11e9-b18c-e6cbfc1c3ee9 of framework d24c421c-d71b-48cf-ac36-bad06b59829d-0000 from agent c8e59b09-da78-48e6-bdd2-9c3396b857b8-S0 at slave(1)@192.168.1.5:5051 (jouko-Gazelle-Professional) for a disconnected framework
I0515 11:08:11.434758 29516 master.cpp:11631] Updating the state of task httpd.8b56ad7a-75b3-11e9-b18c-e6cbfc1c3ee9 of framework d24c421c-d71b-48cf-ac36-bad06b59829d-0000 (latest state: TASK_FAILED, status update state: TASK_FAILED)
I0515 11:08:11.434857 29516 master.cpp:8662] Status update TASK_STARTING (Status UUID: d51c45a9-4f30-42c0-b836-4cdf43570463) for task httpd.b015673e-75af-11e9-8319-06d0e03ee117 of framework a02141ad-a172-44b5-8dd9-dc8a5687d41a-0000 from agent c8e59b09-da78-48e6-bdd2-9c3396b857b8-S0 at slave(1)@192.168.1.5:5051 (jouko-Gazelle-Professional)
W0515 11:08:11.434885 29516 master.cpp:8677] Received status update TASK_STARTING (Status UUID: d51c45a9-4f30-42c0-b836-4cdf43570463) for task httpd.b015673e-75af-11e9-8319-06d0e03ee117 of framework a02141ad-a172-44b5-8dd9-dc8a5687d41a-0000 from agent c8e59b09-da78-48e6-bdd2-9c3396b857b8-S0 at slave(1)@192.168.1.5:5051 (jouko-Gazelle-Professional) for a disconnected framework
I0515 11:08:11.434937 29516 master.cpp:11631] Updating the state of task httpd.b015673e-75af-11e9-8319-06d0e03ee117 of framework a02141ad-a172-44b5-8dd9-dc8a5687d41a-0000 (latest state: TASK_FAILED, status update state: TASK_STARTING)
I0515 11:08:21.431327 29510 master.cpp:8662] Status update TASK_FAILED (Status UUID: 37ea67da-07e3-4252-bcc7-2c1b06591da3) for task httpd.69550a5e-75b2-11e9-ba1c-426fd056c11c of framework 20e4d121-4a00-4fa4-87a8-95fc84c6335e-0000 from agent c8e59b09-da78-48e6-bdd2-9c3396b857b8-S0 at slave(1)@192.168.1.5:5051 (jouko-Gazelle-Professional)
W0515 11:08:21.431463 29510 master.cpp:8677] Received status update TASK_FAILED (Status UUID: 37ea67da-07e3-4252-bcc7-2c1b06591da3) for task httpd.69550a5e-75b2-11e9-ba1c-426fd056c11c of framework 20e4d121-4a00-4fa4-87a8-95fc84c6335e-0000 from agent c8e59b09-da78-48e6-bdd2-9c3396b857b8-S0 at slave(1)@192.168.1.5:5051 (jouko-Gazelle-Professional) for a disconnected framework
I0515 11:08:21.431921 29510 master.cpp:11631] Updating the state of task httpd.69550a5e-75b2-11e9-ba1c-426fd056c11c of framework 20e4d121-4a00-4fa4-87a8-95fc84c6335e-0000 (latest state: TASK_FAILED, status update state: TASK_FAILED)
I0515 11:08:21.432864 29516 master.cpp:8662] Status update TASK_FAILED (Status UUID: 0550c395-2104-43ea-86df-ee933f9a9128) for task httpd.8b56ad7a-75b3-11e9-b18c-e6cbfc1c3ee9 of framework d24c421c-d71b-48cf-ac36-bad06b59829d-0000 from agent c8e59b09-da78-48e6-bdd2-9c3396b857b8-S0 at slave(1)@192.168.1.5:5051 (jouko-Gazelle-Professional)
W0515 11:08:21.432946 29516 master.cpp:8677] Received status update TASK_FAILED (Status UUID: 0550c395-2104-43ea-86df-ee933f9a9128) for task httpd.8b56ad7a-75b3-11e9-b18c-e6cbfc1c3ee9 of framework d24c421c-d71b-48cf-ac36-bad06b59829d-0000 from agent c8e59b09-da78-48e6-bdd2-9c3396b857b8-S0 at slave(1)@192.168.1.5:5051 (jouko-Gazelle-Professional) for a disconnected framework
I0515 11:08:21.433066 29516 master.cpp:11631] Updating the state of task httpd.8b56ad7a-75b3-11e9-b18c-e6cbfc1c3ee9 of framework d24c421c-d71b-48cf-ac36-bad06b59829d-0000 (latest state: TASK_FAILED, status update state: TASK_FAILED)
I0515 11:08:21.433900 29511 master.cpp:8662] Status update TASK_STARTING (Status UUID: d51c45a9-4f30-42c0-b836-4cdf43570463) for task httpd.b015673e-75af-11e9-8319-06d0e03ee117 of framework a02141ad-a172-44b5-8dd9-dc8a5687d41a-0000 from agent c8e59b09-da78-48e6-bdd2-9c3396b857b8-S0 at slave(1)@192.168.1.5:5051 (jouko-Gazelle-Professional)
W0515 11:08:21.433984 29511 master.cpp:8677] Received status update TASK_STARTING (Status UUID: d51c45a9-4f30-42c0-b836-4cdf43570463) for task httpd.b015673e-75af-11e9-8319-06d0e03ee117 of framework a02141ad-a172-44b5-8dd9-dc8a5687d41a-0000 from agent c8e59b09-da78-48e6-bdd2-9c3396b857b8-S0 at slave(1)@192.168.1.5:5051 (jouko-Gazelle-Professional) for a disconnected framework
I0515 11:08:21.434099 29511 master.cpp:11631] Updating the state of task httpd.b015673e-75af-11e9-8319-06d0e03ee117 of framework a02141ad-a172-44b5-8dd9-dc8a5687d41a-0000 (latest state: TASK_FAILED, status update state: TASK_STARTING)
I0515 11:08:41.434453 29513 master.cpp:8662] Status update TASK_FAILED (Status UUID: 37ea67da-07e3-4252-bcc7-2c1b06591da3) for task httpd.69550a5e-75b2-11e9-ba1c-426fd056c11c of framework 20e4d121-4a00-4fa4-87a8-95fc84c6335e-0000 from agent c8e59b09-da78-48e6-bdd2-9c3396b857b8-S0 at slave(1)@192.168.1.5:5051 (jouko-Gazelle-Professional)
W0515 11:08:41.434674 29513 master.cpp:8677] Received status update TASK_FAILED (Status UUID: 37ea67da-07e3-4252-bcc7-2c1b06591da3) for task httpd.69550a5e-75b2-11e9-ba1c-426fd056c11c of framework 20e4d121-4a00-4fa4-87a8-95fc84c6335e-0000 from agent c8e59b09-da78-48e6-bdd2-9c3396b857b8-S0 at slave(1)@192.168.1.5:5051 (jouko-Gazelle-Professional) for a disconnected framework
I0515 11:08:41.434927 29513 master.cpp:11631] Updating the state of task httpd.69550a5e-75b2-11e9-ba1c-426fd056c11c of framework 20e4d121-4a00-4fa4-87a8-95fc84c6335e-0000 (latest state: TASK_FAILED, status update state: TASK_FAILED)
I0515 11:08:41.436609 29514 master.cpp:8662] Status update TASK_FAILED (Status UUID: 0550c395-2104-43ea-86df-ee933f9a9128) for task httpd.8b56ad7a-75b3-11e9-b18c-e6cbfc1c3ee9 of framework d24c421c-d71b-48cf-ac36-bad06b59829d-0000 from agent c8e59b09-da78-48e6-bdd2-9c3396b857b8-S0 at slave(1)@192.168.1.5:5051 (jouko-Gazelle-Professional)
W0515 11:08:41.436744 29514 master.cpp:8677] Received status update TASK_FAILED (Status UUID: 0550c395-2104-43ea-86df-ee933f9a9128) for task httpd.8b56ad7a-75b3-11e9-b18c-e6cbfc1c3ee9 of framework d24c421c-d71b-48cf-ac36-bad06b59829d-0000 from agent c8e59b09-da78-48e6-bdd2-9c3396b857b8-S0 at slave(1)@192.168.1.5:5051 (jouko-Gazelle-Professional) for a disconnected framework
I0515 11:08:41.436913 29514 master.cpp:11631] Updating the state of task httpd.8b56ad7a-75b3-11e9-b18c-e6cbfc1c3ee9 of framework d24c421c-d71b-48cf-ac36-bad06b59829d-0000 (latest state: TASK_FAILED, status update state: TASK_FAILED)
I0515 11:08:41.438032 29516 master.cpp:8662] Status update TASK_STARTING (Status UUID: d51c45a9-4f30-42c0-b836-4cdf43570463) for task httpd.b015673e-75af-11e9-8319-06d0e03ee117 of framework a02141ad-a172-44b5-8dd9-dc8a5687d41a-0000 from agent c8e59b09-da78-48e6-bdd2-9c3396b857b8-S0 at slave(1)@192.168.1.5:5051 (jouko-Gazelle-Professional)
W0515 11:08:41.438104 29516 master.cpp:8677] Received status update TASK_STARTING (Status UUID: d51c45a9-4f30-42c0-b836-4cdf43570463) for task httpd.b015673e-75af-11e9-8319-06d0e03ee117 of framework a02141ad-a172-44b5-8dd9-dc8a5687d41a-0000 from agent c8e59b09-da78-48e6-bdd2-9c3396b857b8-S0 at slave(1)@192.168.1.5:5051 (jouko-Gazelle-Professional) for a disconnected framework
I0515 11:08:41.438202 29516 master.cpp:11631] Updating the state of task httpd.b015673e-75af-11e9-8319-06d0e03ee117 of framework a02141ad-a172-44b5-8dd9-dc8a5687d41a-0000 (latest state: TASK_FAILED, status update state: TASK_STARTING)
I0515 11:09:00.948668 29509 master.cpp:2920] Received SUBSCRIBE call for framework 'marathon' at scheduler-5e781075-ed89-4843-b952-ab0cd90cee74@192.168.1.5:39867
I0515 11:09:00.949210 29509 master.cpp:3001] Subscribing framework marathon with checkpointing enabled and capabilities [ PARTITION_AWARE, REGION_AWARE ]
I0515 11:09:00.951166 29509 master.cpp:10422] Adding framework df64220e-eb34-4b8d-b82a-35688b767e6b-0000 (marathon) at scheduler-5e781075-ed89-4843-b952-ab0cd90cee74@192.168.1.5:39867 with roles {  } suppressed
I0515 11:09:00.952266 29512 hierarchical.cpp:339] Added framework df64220e-eb34-4b8d-b82a-35688b767e6b-0000
I0515 11:09:00.954272 29511 master.cpp:10007] Sending offers [ df64220e-eb34-4b8d-b82a-35688b767e6b-O0 ] to framework df64220e-eb34-4b8d-b82a-35688b767e6b-0000 (marathon) at scheduler-5e781075-ed89-4843-b952-ab0cd90cee74@192.168.1.5:39867
I0515 11:09:01.069813 29510 master.cpp:6040] Processing DECLINE call for offers: [ df64220e-eb34-4b8d-b82a-35688b767e6b-O0 ] for framework df64220e-eb34-4b8d-b82a-35688b767e6b-0000 (marathon) at scheduler-5e781075-ed89-4843-b952-ab0cd90cee74@192.168.1.5:39867 with 120 seconds filter
I0515 11:09:01.070325 29510 master.cpp:12279] Removing offer df64220e-eb34-4b8d-b82a-35688b767e6b-O0
I0515 11:09:05.679962 29512 master.cpp:6154] Processing REVIVE call for framework df64220e-eb34-4b8d-b82a-35688b767e6b-0000 (marathon) at scheduler-5e781075-ed89-4843-b952-ab0cd90cee74@192.168.1.5:39867
I0515 11:09:05.680806 29513 hierarchical.cpp:1415] Revived offers for roles { * } of framework df64220e-eb34-4b8d-b82a-35688b767e6b-0000
I0515 11:09:05.683917 29514 master.cpp:10007] Sending offers [ df64220e-eb34-4b8d-b82a-35688b767e6b-O1 ] to framework df64220e-eb34-4b8d-b82a-35688b767e6b-0000 (marathon) at scheduler-5e781075-ed89-4843-b952-ab0cd90cee74@192.168.1.5:39867
I0515 11:09:05.692710 29510 master.cpp:6040] Processing DECLINE call for offers: [ df64220e-eb34-4b8d-b82a-35688b767e6b-O1 ] for framework df64220e-eb34-4b8d-b82a-35688b767e6b-0000 (marathon) at scheduler-5e781075-ed89-4843-b952-ab0cd90cee74@192.168.1.5:39867 with 120 seconds filter
I0515 11:09:05.693198 29510 master.cpp:12279] Removing offer df64220e-eb34-4b8d-b82a-35688b767e6b-O1
I0515 11:09:10.698475 29510 master.cpp:6154] Processing REVIVE call for framework df64220e-eb34-4b8d-b82a-35688b767e6b-0000 (marathon) at scheduler-5e781075-ed89-4843-b952-ab0cd90cee74@192.168.1.5:39867
I0515 11:09:10.698956 29516 hierarchical.cpp:1415] Revived offers for roles { * } of framework df64220e-eb34-4b8d-b82a-35688b767e6b-0000
I0515 11:09:10.701756 29512 master.cpp:10007] Sending offers [ df64220e-eb34-4b8d-b82a-35688b767e6b-O2 ] to framework df64220e-eb34-4b8d-b82a-35688b767e6b-0000 (marathon) at scheduler-5e781075-ed89-4843-b952-ab0cd90cee74@192.168.1.5:39867
I0515 11:09:10.709648 29511 master.cpp:6040] Processing DECLINE call for offers: [ df64220e-eb34-4b8d-b82a-35688b767e6b-O2 ] for framework df64220e-eb34-4b8d-b82a-35688b767e6b-0000 (marathon) at scheduler-5e781075-ed89-4843-b952-ab0cd90cee74@192.168.1.5:39867 with 120 seconds filter
I0515 11:09:10.710357 29511 master.cpp:12279] Removing offer df64220e-eb34-4b8d-b82a-35688b767e6b-O2
I0515 11:09:15.719421 29516 master.cpp:6154] Processing REVIVE call for framework df64220e-eb34-4b8d-b82a-35688b767e6b-0000 (marathon) at scheduler-5e781075-ed89-4843-b952-ab0cd90cee74@192.168.1.5:39867
I0515 11:09:15.720060 29512 hierarchical.cpp:1415] Revived offers for roles { * } of framework df64220e-eb34-4b8d-b82a-35688b767e6b-0000
I0515 11:09:15.722808 29513 master.cpp:10007] Sending offers [ df64220e-eb34-4b8d-b82a-35688b767e6b-O3 ] to framework df64220e-eb34-4b8d-b82a-35688b767e6b-0000 (marathon) at scheduler-5e781075-ed89-4843-b952-ab0cd90cee74@192.168.1.5:39867
I0515 11:09:15.729795 29511 master.cpp:6040] Processing DECLINE call for offers: [ df64220e-eb34-4b8d-b82a-35688b767e6b-O3 ] for framework df64220e-eb34-4b8d-b82a-35688b767e6b-0000 (marathon) at scheduler-5e781075-ed89-4843-b952-ab0cd90cee74@192.168.1.5:39867 with 120 seconds filter
I0515 11:09:15.730672 29511 master.cpp:12279] Removing offer df64220e-eb34-4b8d-b82a-35688b767e6b-O3
I0515 11:09:15.872043 29509 master.cpp:9351] Performing implicit task state reconciliation for framework df64220e-eb34-4b8d-b82a-35688b767e6b-0000 (marathon) at scheduler-5e781075-ed89-4843-b952-ab0cd90cee74@192.168.1.5:39867
I0515 11:09:21.436564 29510 master.cpp:8662] Status update TASK_FAILED (Status UUID: 37ea67da-07e3-4252-bcc7-2c1b06591da3) for task httpd.69550a5e-75b2-11e9-ba1c-426fd056c11c of framework 20e4d121-4a00-4fa4-87a8-95fc84c6335e-0000 from agent c8e59b09-da78-48e6-bdd2-9c3396b857b8-S0 at slave(1)@192.168.1.5:5051 (jouko-Gazelle-Professional)
W0515 11:09:21.436780 29510 master.cpp:8677] Received status update TASK_FAILED (Status UUID: 37ea67da-07e3-4252-bcc7-2c1b06591da3) for task httpd.69550a5e-75b2-11e9-ba1c-426fd056c11c of framework 20e4d121-4a00-4fa4-87a8-95fc84c6335e-0000 from agent c8e59b09-da78-48e6-bdd2-9c3396b857b8-S0 at slave(1)@192.168.1.5:5051 (jouko-Gazelle-Professional) for a disconnected framework
I0515 11:09:21.436991 29510 master.cpp:11631] Updating the state of task httpd.69550a5e-75b2-11e9-ba1c-426fd056c11c of framework 20e4d121-4a00-4fa4-87a8-95fc84c6335e-0000 (latest state: TASK_FAILED, status update state: TASK_FAILED)
I0515 11:09:21.438840 29509 master.cpp:8662] Status update TASK_FAILED (Status UUID: 0550c395-2104-43ea-86df-ee933f9a9128) for task httpd.8b56ad7a-75b3-11e9-b18c-e6cbfc1c3ee9 of framework d24c421c-d71b-48cf-ac36-bad06b59829d-0000 from agent c8e59b09-da78-48e6-bdd2-9c3396b857b8-S0 at slave(1)@192.168.1.5:5051 (jouko-Gazelle-Professional)
W0515 11:09:21.438941 29509 master.cpp:8677] Received status update TASK_FAILED (Status UUID: 0550c395-2104-43ea-86df-ee933f9a9128) for task httpd.8b56ad7a-75b3-11e9-b18c-e6cbfc1c3ee9 of framework d24c421c-d71b-48cf-ac36-bad06b59829d-0000 from agent c8e59b09-da78-48e6-bdd2-9c3396b857b8-S0 at slave(1)@192.168.1.5:5051 (jouko-Gazelle-Professional) for a disconnected framework
I0515 11:09:21.439059 29509 master.cpp:11631] Updating the state of task httpd.8b56ad7a-75b3-11e9-b18c-e6cbfc1c3ee9 of framework d24c421c-d71b-48cf-ac36-bad06b59829d-0000 (latest state: TASK_FAILED, status update state: TASK_FAILED)
I0515 11:09:21.440477 29513 master.cpp:8662] Status update TASK_STARTING (Status UUID: d51c45a9-4f30-42c0-b836-4cdf43570463) for task httpd.b015673e-75af-11e9-8319-06d0e03ee117 of framework a02141ad-a172-44b5-8dd9-dc8a5687d41a-0000 from agent c8e59b09-da78-48e6-bdd2-9c3396b857b8-S0 at slave(1)@192.168.1.5:5051 (jouko-Gazelle-Professional)
W0515 11:09:21.440567 29513 master.cpp:8677] Received status update TASK_STARTING (Status UUID: d51c45a9-4f30-42c0-b836-4cdf43570463) for task httpd.b015673e-75af-11e9-8319-06d0e03ee117 of framework a02141ad-a172-44b5-8dd9-dc8a5687d41a-0000 from agent c8e59b09-da78-48e6-bdd2-9c3396b857b8-S0 at slave(1)@192.168.1.5:5051 (jouko-Gazelle-Professional) for a disconnected framework
I0515 11:09:21.440675 29513 master.cpp:11631] Updating the state of task httpd.b015673e-75af-11e9-8319-06d0e03ee117 of framework a02141ad-a172-44b5-8dd9-dc8a5687d41a-0000 (latest state: TASK_FAILED, status update state: TASK_STARTING)
I0515 11:09:26.926331 29515 master.cpp:6154] Processing REVIVE call for framework df64220e-eb34-4b8d-b82a-35688b767e6b-0000 (marathon) at scheduler-5e781075-ed89-4843-b952-ab0cd90cee74@192.168.1.5:39867
I0515 11:09:26.926527 29510 hierarchical.cpp:1415] Revived offers for roles { * } of framework df64220e-eb34-4b8d-b82a-35688b767e6b-0000
I0515 11:09:26.927696 29516 master.cpp:10007] Sending offers [ df64220e-eb34-4b8d-b82a-35688b767e6b-O4 ] to framework df64220e-eb34-4b8d-b82a-35688b767e6b-0000 (marathon) at scheduler-5e781075-ed89-4843-b952-ab0cd90cee74@192.168.1.5:39867
I0515 11:09:27.166188 29513 master.cpp:12279] Removing offer df64220e-eb34-4b8d-b82a-35688b767e6b-O4
I0515 11:09:27.166735 29513 master.cpp:4590] Processing ACCEPT call for offers: [ df64220e-eb34-4b8d-b82a-35688b767e6b-O4 ] on agent c8e59b09-da78-48e6-bdd2-9c3396b857b8-S0 at slave(1)@192.168.1.5:5051 (jouko-Gazelle-Professional) for framework df64220e-eb34-4b8d-b82a-35688b767e6b-0000 (marathon) at scheduler-5e781075-ed89-4843-b952-ab0cd90cee74@192.168.1.5:39867
I0515 11:09:27.169605 29514 master.cpp:4151] Adding task httpd.d0153304-772b-11e9-ab88-0242b3fbd98b with resources cpus(allocated: *):1; mem(allocated: *):256; disk(allocated: *):5000; ports(allocated: *):[31463-31463] of framework df64220e-eb34-4b8d-b82a-35688b767e6b-0000 (marathon) at scheduler-5e781075-ed89-4843-b952-ab0cd90cee74@192.168.1.5:39867 on agent c8e59b09-da78-48e6-bdd2-9c3396b857b8-S0 at slave(1)@192.168.1.5:5051 (jouko-Gazelle-Professional)
I0515 11:09:27.170275 29514 master.cpp:5569] Launching task httpd.d0153304-772b-11e9-ab88-0242b3fbd98b of framework df64220e-eb34-4b8d-b82a-35688b767e6b-0000 (marathon) at scheduler-5e781075-ed89-4843-b952-ab0cd90cee74@192.168.1.5:39867 with resources [{"allocation_info":{"role":"*"},"name":"cpus","scalar":{"value":1.0},"type":"SCALAR"},{"allocation_info":{"role":"*"},"name":"mem","scalar":{"value":256.0},"type":"SCALAR"},{"allocation_info":{"role":"*"},"name":"disk","scalar":{"value":5000.0},"type":"SCALAR"},{"allocation_info":{"role":"*"},"name":"ports","ranges":{"range":[{"begin":31463,"end":31463}]},"type":"RANGES"}] on agent c8e59b09-da78-48e6-bdd2-9c3396b857b8-S0 at slave(1)@192.168.1.5:5051 (jouko-Gazelle-Professional) on  new executor
I0515 11:09:27.809546 29509 master.cpp:10007] Sending offers [ df64220e-eb34-4b8d-b82a-35688b767e6b-O5 ] to framework df64220e-eb34-4b8d-b82a-35688b767e6b-0000 (marathon) at scheduler-5e781075-ed89-4843-b952-ab0cd90cee74@192.168.1.5:39867
I0515 11:09:27.818388 29512 master.cpp:6040] Processing DECLINE call for offers: [ df64220e-eb34-4b8d-b82a-35688b767e6b-O5 ] for framework df64220e-eb34-4b8d-b82a-35688b767e6b-0000 (marathon) at scheduler-5e781075-ed89-4843-b952-ab0cd90cee74@192.168.1.5:39867 with 120 seconds filter
I0515 11:09:27.819383 29512 master.cpp:12279] Removing offer df64220e-eb34-4b8d-b82a-35688b767e6b-O5
I0515 11:09:31.948716 29511 master.cpp:6154] Processing REVIVE call for framework df64220e-eb34-4b8d-b82a-35688b767e6b-0000 (marathon) at scheduler-5e781075-ed89-4843-b952-ab0cd90cee74@192.168.1.5:39867
I0515 11:09:31.949257 29513 hierarchical.cpp:1415] Revived offers for roles { * } of framework df64220e-eb34-4b8d-b82a-35688b767e6b-0000
I0515 11:09:31.951582 29510 master.cpp:10007] Sending offers [ df64220e-eb34-4b8d-b82a-35688b767e6b-O6 ] to framework df64220e-eb34-4b8d-b82a-35688b767e6b-0000 (marathon) at scheduler-5e781075-ed89-4843-b952-ab0cd90cee74@192.168.1.5:39867
I0515 11:09:31.958024 29515 master.cpp:6040] Processing DECLINE call for offers: [ df64220e-eb34-4b8d-b82a-35688b767e6b-O6 ] for framework df64220e-eb34-4b8d-b82a-35688b767e6b-0000 (marathon) at scheduler-5e781075-ed89-4843-b952-ab0cd90cee74@192.168.1.5:39867 with 120 seconds filter
I0515 11:09:31.958864 29515 master.cpp:12279] Removing offer df64220e-eb34-4b8d-b82a-35688b767e6b-O6
I0515 11:09:36.967619 29515 master.cpp:6154] Processing REVIVE call for framework df64220e-eb34-4b8d-b82a-35688b767e6b-0000 (marathon) at scheduler-5e781075-ed89-4843-b952-ab0cd90cee74@192.168.1.5:39867
I0515 11:09:36.967999 29509 hierarchical.cpp:1415] Revived offers for roles { * } of framework df64220e-eb34-4b8d-b82a-35688b767e6b-0000
I0515 11:09:36.970578 29511 master.cpp:10007] Sending offers [ df64220e-eb34-4b8d-b82a-35688b767e6b-O7 ] to framework df64220e-eb34-4b8d-b82a-35688b767e6b-0000 (marathon) at scheduler-5e781075-ed89-4843-b952-ab0cd90cee74@192.168.1.5:39867
I0515 11:09:36.977665 29512 master.cpp:6040] Processing DECLINE call for offers: [ df64220e-eb34-4b8d-b82a-35688b767e6b-O7 ] for framework df64220e-eb34-4b8d-b82a-35688b767e6b-0000 (marathon) at scheduler-5e781075-ed89-4843-b952-ab0cd90cee74@192.168.1.5:39867 with 120 seconds filter
I0515 11:09:36.978256 29512 master.cpp:12279] Removing offer df64220e-eb34-4b8d-b82a-35688b767e6b-O7
I0515 11:09:51.989586 29510 master.cpp:9417] Performing explicit task state reconciliation for 1 tasks of framework df64220e-eb34-4b8d-b82a-35688b767e6b-0000 (marathon) at scheduler-5e781075-ed89-4843-b952-ab0cd90cee74@192.168.1.5:39867
I0515 11:10:07.018468 29510 master.cpp:9417] Performing explicit task state reconciliation for 1 tasks of framework df64220e-eb34-4b8d-b82a-35688b767e6b-0000 (marathon) at scheduler-5e781075-ed89-4843-b952-ab0cd90cee74@192.168.1.5:39867
I0515 11:10:16.665289 29512 master.cpp:8662] Status update TASK_STARTING (Status UUID: 3ad405f9-716a-4a85-a673-6bfc5308e3f9) for task httpd.d0153304-772b-11e9-ab88-0242b3fbd98b of framework df64220e-eb34-4b8d-b82a-35688b767e6b-0000 from agent c8e59b09-da78-48e6-bdd2-9c3396b857b8-S0 at slave(1)@192.168.1.5:5051 (jouko-Gazelle-Professional)
I0515 11:10:16.665426 29512 master.cpp:8719] Forwarding status update TASK_STARTING (Status UUID: 3ad405f9-716a-4a85-a673-6bfc5308e3f9) for task httpd.d0153304-772b-11e9-ab88-0242b3fbd98b of framework df64220e-eb34-4b8d-b82a-35688b767e6b-0000
I0515 11:10:16.666119 29512 master.cpp:11631] Updating the state of task httpd.d0153304-772b-11e9-ab88-0242b3fbd98b of framework df64220e-eb34-4b8d-b82a-35688b767e6b-0000 (latest state: TASK_STARTING, status update state: TASK_STARTING)
I0515 11:10:16.769726 29510 master.cpp:6432] Processing ACKNOWLEDGE call for status 3ad405f9-716a-4a85-a673-6bfc5308e3f9 for task httpd.d0153304-772b-11e9-ab88-0242b3fbd98b of framework df64220e-eb34-4b8d-b82a-35688b767e6b-0000 (marathon) at scheduler-5e781075-ed89-4843-b952-ab0cd90cee74@192.168.1.5:39867 on agent c8e59b09-da78-48e6-bdd2-9c3396b857b8-S0
I0515 11:10:18.873713 29516 master.cpp:8662] Status update TASK_RUNNING (Status UUID: 386dce05-fe55-47ce-9d88-041d2200db4d) for task httpd.d0153304-772b-11e9-ab88-0242b3fbd98b of framework df64220e-eb34-4b8d-b82a-35688b767e6b-0000 from agent c8e59b09-da78-48e6-bdd2-9c3396b857b8-S0 at slave(1)@192.168.1.5:5051 (jouko-Gazelle-Professional)
I0515 11:10:18.873802 29516 master.cpp:8719] Forwarding status update TASK_RUNNING (Status UUID: 386dce05-fe55-47ce-9d88-041d2200db4d) for task httpd.d0153304-772b-11e9-ab88-0242b3fbd98b of framework df64220e-eb34-4b8d-b82a-35688b767e6b-0000
I0515 11:10:18.874336 29516 master.cpp:11631] Updating the state of task httpd.d0153304-772b-11e9-ab88-0242b3fbd98b of framework df64220e-eb34-4b8d-b82a-35688b767e6b-0000 (latest state: TASK_RUNNING, status update state: TASK_RUNNING)
I0515 11:10:18.934003 29514 master.cpp:6432] Processing ACKNOWLEDGE call for status 386dce05-fe55-47ce-9d88-041d2200db4d for task httpd.d0153304-772b-11e9-ab88-0242b3fbd98b of framework df64220e-eb34-4b8d-b82a-35688b767e6b-0000 (marathon) at scheduler-5e781075-ed89-4843-b952-ab0cd90cee74@192.168.1.5:39867 on agent c8e59b09-da78-48e6-bdd2-9c3396b857b8-S0
I0515 11:10:25.333570 29512 http.cpp:1105] HTTP GET for /master/state?jsonp=angular.callbacks._0 from 127.0.0.1:37136 with User-Agent='Mozilla/5.0 (X11; Ubuntu; Linux x86_64; rv:66.0) Gecko/20100101 Firefox/66.0'
I0515 11:10:25.338780 29515 http.cpp:1122] HTTP GET for /master/state?jsonp=angular.callbacks._0 from 127.0.0.1:37136: '200 OK' after 8.23398ms
I0515 11:10:33.899909 29511 master.cpp:9417] Performing explicit task state reconciliation for 1 tasks of framework df64220e-eb34-4b8d-b82a-35688b767e6b-0000 (marathon) at scheduler-5e781075-ed89-4843-b952-ab0cd90cee74@192.168.1.5:39867
I0515 11:10:35.363745 29511 http.cpp:1105] HTTP GET for /master/state?jsonp=angular.callbacks._2 from 127.0.0.1:37136 with User-Agent='Mozilla/5.0 (X11; Ubuntu; Linux x86_64; rv:66.0) Gecko/20100101 Firefox/66.0'
I0515 11:10:35.369982 29515 http.cpp:1122] HTTP GET for /master/state?jsonp=angular.callbacks._2 from 127.0.0.1:37136: '200 OK' after 9.78202ms
I0515 11:10:37.186745 29509 http.cpp:1105] HTTP GET for /master/state?jsonp=angular.callbacks._0 from 127.0.0.1:37136 with User-Agent='Mozilla/5.0 (X11; Ubuntu; Linux x86_64; rv:66.0) Gecko/20100101 Firefox/66.0'
I0515 11:10:37.189530 29511 http.cpp:1122] HTTP GET for /master/state?jsonp=angular.callbacks._0 from 127.0.0.1:37136: '200 OK' after 4.66022ms
I0515 11:10:41.438609 29513 master.cpp:8662] Status update TASK_FAILED (Status UUID: 37ea67da-07e3-4252-bcc7-2c1b06591da3) for task httpd.69550a5e-75b2-11e9-ba1c-426fd056c11c of framework 20e4d121-4a00-4fa4-87a8-95fc84c6335e-0000 from agent c8e59b09-da78-48e6-bdd2-9c3396b857b8-S0 at slave(1)@192.168.1.5:5051 (jouko-Gazelle-Professional)
W0515 11:10:41.438797 29513 master.cpp:8677] Received status update TASK_FAILED (Status UUID: 37ea67da-07e3-4252-bcc7-2c1b06591da3) for task httpd.69550a5e-75b2-11e9-ba1c-426fd056c11c of framework 20e4d121-4a00-4fa4-87a8-95fc84c6335e-0000 from agent c8e59b09-da78-48e6-bdd2-9c3396b857b8-S0 at slave(1)@192.168.1.5:5051 (jouko-Gazelle-Professional) for a disconnected framework
I0515 11:10:41.438980 29513 master.cpp:11631] Updating the state of task httpd.69550a5e-75b2-11e9-ba1c-426fd056c11c of framework 20e4d121-4a00-4fa4-87a8-95fc84c6335e-0000 (latest state: TASK_FAILED, status update state: TASK_FAILED)
I0515 11:10:41.442224 29514 master.cpp:8662] Status update TASK_FAILED (Status UUID: 0550c395-2104-43ea-86df-ee933f9a9128) for task httpd.8b56ad7a-75b3-11e9-b18c-e6cbfc1c3ee9 of framework d24c421c-d71b-48cf-ac36-bad06b59829d-0000 from agent c8e59b09-da78-48e6-bdd2-9c3396b857b8-S0 at slave(1)@192.168.1.5:5051 (jouko-Gazelle-Professional)
W0515 11:10:41.442457 29514 master.cpp:8677] Received status update TASK_FAILED (Status UUID: 0550c395-2104-43ea-86df-ee933f9a9128) for task httpd.8b56ad7a-75b3-11e9-b18c-e6cbfc1c3ee9 of framework d24c421c-d71b-48cf-ac36-bad06b59829d-0000 from agent c8e59b09-da78-48e6-bdd2-9c3396b857b8-S0 at slave(1)@192.168.1.5:5051 (jouko-Gazelle-Professional) for a disconnected framework
I0515 11:10:41.442775 29514 master.cpp:11631] Updating the state of task httpd.8b56ad7a-75b3-11e9-b18c-e6cbfc1c3ee9 of framework d24c421c-d71b-48cf-ac36-bad06b59829d-0000 (latest state: TASK_FAILED, status update state: TASK_FAILED)
I0515 11:10:41.444883 29515 master.cpp:8662] Status update TASK_STARTING (Status UUID: d51c45a9-4f30-42c0-b836-4cdf43570463) for task httpd.b015673e-75af-11e9-8319-06d0e03ee117 of framework a02141ad-a172-44b5-8dd9-dc8a5687d41a-0000 from agent c8e59b09-da78-48e6-bdd2-9c3396b857b8-S0 at slave(1)@192.168.1.5:5051 (jouko-Gazelle-Professional)
W0515 11:10:41.444947 29515 master.cpp:8677] Received status update TASK_STARTING (Status UUID: d51c45a9-4f30-42c0-b836-4cdf43570463) for task httpd.b015673e-75af-11e9-8319-06d0e03ee117 of framework a02141ad-a172-44b5-8dd9-dc8a5687d41a-0000 from agent c8e59b09-da78-48e6-bdd2-9c3396b857b8-S0 at slave(1)@192.168.1.5:5051 (jouko-Gazelle-Professional) for a disconnected framework
I0515 11:10:41.445030 29515 master.cpp:11631] Updating the state of task httpd.b015673e-75af-11e9-8319-06d0e03ee117 of framework a02141ad-a172-44b5-8dd9-dc8a5687d41a-0000 (latest state: TASK_FAILED, status update state: TASK_STARTING)
I0515 11:10:42.682626 29513 http.cpp:1105] HTTP GET for /master/state?jsonp=angular.callbacks._0 from 127.0.0.1:37136 with User-Agent='Mozilla/5.0 (X11; Ubuntu; Linux x86_64; rv:66.0) Gecko/20100101 Firefox/66.0'
I0515 11:10:42.686347 29515 http.cpp:1122] HTTP GET for /master/state?jsonp=angular.callbacks._0 from 127.0.0.1:37136: '200 OK' after 5.52602ms
I0515 11:10:48.926903 29512 master.cpp:9417] Performing explicit task state reconciliation for 1 tasks of framework df64220e-eb34-4b8d-b82a-35688b767e6b-0000 (marathon) at scheduler-5e781075-ed89-4843-b952-ab0cd90cee74@192.168.1.5:39867
I0515 11:10:52.804005 29516 http.cpp:1105] HTTP GET for /master/state?jsonp=angular.callbacks._2 from 127.0.0.1:37136 with User-Agent='Mozilla/5.0 (X11; Ubuntu; Linux x86_64; rv:66.0) Gecko/20100101 Firefox/66.0'
I0515 11:10:52.807962 29514 http.cpp:1122] HTTP GET for /master/state?jsonp=angular.callbacks._2 from 127.0.0.1:37136: '200 OK' after 8.38298ms
I0515 11:11:02.829561 29512 http.cpp:1105] HTTP GET for /master/state?jsonp=angular.callbacks._4 from 127.0.0.1:37136 with User-Agent='Mozilla/5.0 (X11; Ubuntu; Linux x86_64; rv:66.0) Gecko/20100101 Firefox/66.0'
I0515 11:11:02.833750 29515 http.cpp:1122] HTTP GET for /master/state?jsonp=angular.callbacks._4 from 127.0.0.1:37136: '200 OK' after 6.88384ms
I0515 11:11:03.949708 29515 master.cpp:9417] Performing explicit task state reconciliation for 1 tasks of framework df64220e-eb34-4b8d-b82a-35688b767e6b-0000 (marathon) at scheduler-5e781075-ed89-4843-b952-ab0cd90cee74@192.168.1.5:39867
I0515 11:11:12.866711 29514 http.cpp:1105] HTTP GET for /master/state?jsonp=angular.callbacks._6 from 127.0.0.1:37136 with User-Agent='Mozilla/5.0 (X11; Ubuntu; Linux x86_64; rv:66.0) Gecko/20100101 Firefox/66.0'
I0515 11:11:12.870200 29513 http.cpp:1122] HTTP GET for /master/state?jsonp=angular.callbacks._6 from 127.0.0.1:37136: '200 OK' after 5.1008ms
I0515 11:11:13.684659 29509 http.cpp:1105] HTTP GET for /master/state?jsonp=angular.callbacks._0 from 127.0.0.1:37136 with User-Agent='Mozilla/5.0 (X11; Ubuntu; Linux x86_64; rv:66.0) Gecko/20100101 Firefox/66.0'
I0515 11:11:13.687597 29512 http.cpp:1122] HTTP GET for /master/state?jsonp=angular.callbacks._0 from 127.0.0.1:37136: '200 OK' after 4.75187ms
I0515 11:11:15.860010 29516 http.cpp:1105] HTTP GET for /master/state?jsonp=angular.callbacks._0 from 127.0.0.1:37136 with User-Agent='Mozilla/5.0 (X11; Ubuntu; Linux x86_64; rv:66.0) Gecko/20100101 Firefox/66.0'
I0515 11:11:15.862784 29511 http.cpp:1122] HTTP GET for /master/state?jsonp=angular.callbacks._0 from 127.0.0.1:37136: '200 OK' after 4.5312ms
I0515 11:11:18.968480 29510 master.cpp:9417] Performing explicit task state reconciliation for 1 tasks of framework df64220e-eb34-4b8d-b82a-35688b767e6b-0000 (marathon) at scheduler-5e781075-ed89-4843-b952-ab0cd90cee74@192.168.1.5:39867
I0515 11:11:25.982519 29510 http.cpp:1105] HTTP GET for /master/state?jsonp=angular.callbacks._4 from 127.0.0.1:37136 with User-Agent='Mozilla/5.0 (X11; Ubuntu; Linux x86_64; rv:66.0) Gecko/20100101 Firefox/66.0'
I0515 11:11:25.986827 29513 http.cpp:1122] HTTP GET for /master/state?jsonp=angular.callbacks._4 from 127.0.0.1:37136: '200 OK' after 8.03507ms
I0515 11:11:33.989279 29513 master.cpp:9417] Performing explicit task state reconciliation for 1 tasks of framework df64220e-eb34-4b8d-b82a-35688b767e6b-0000 (marathon) at scheduler-5e781075-ed89-4843-b952-ab0cd90cee74@192.168.1.5:39867
I0515 11:11:36.007148 29511 http.cpp:1105] HTTP GET for /master/state?jsonp=angular.callbacks._7 from 127.0.0.1:37136 with User-Agent='Mozilla/5.0 (X11; Ubuntu; Linux x86_64; rv:66.0) Gecko/20100101 Firefox/66.0'
I0515 11:11:36.010051 29509 http.cpp:1122] HTTP GET for /master/state?jsonp=angular.callbacks._7 from 127.0.0.1:37136: '200 OK' after 5.056ms
I0515 11:11:37.092314 29514 master.cpp:10007] Sending offers [ df64220e-eb34-4b8d-b82a-35688b767e6b-O8 ] to framework df64220e-eb34-4b8d-b82a-35688b767e6b-0000 (marathon) at scheduler-5e781075-ed89-4843-b952-ab0cd90cee74@192.168.1.5:39867
I0515 11:11:37.101438 29511 master.cpp:6040] Processing DECLINE call for offers: [ df64220e-eb34-4b8d-b82a-35688b767e6b-O8 ] for framework df64220e-eb34-4b8d-b82a-35688b767e6b-0000 (marathon) at scheduler-5e781075-ed89-4843-b952-ab0cd90cee74@192.168.1.5:39867 with 120 seconds filter
