I0515 11:19:52.649277 29512 master.cpp:11631] Updating the state of task httpd.44952781-772d-11e9-ab88-0242b3fbd98b of framework df64220e-eb34-4b8d-b82a-35688b767e6b-0000 (latest state: TASK_FAILED, status update state: TASK_FAILED)
I0515 11:19:52.675438 29516 master.cpp:6432] Processing ACKNOWLEDGE call for status ca912f18-29d3-4b1f-aea3-3237790edb27 for task httpd.44952781-772d-11e9-ab88-0242b3fbd98b of framework df64220e-eb34-4b8d-b82a-35688b767e6b-0000 (marathon) at scheduler-5e781075-ed89-4843-b952-ab0cd90cee74@192.168.1.5:39867 on agent c8e59b09-da78-48e6-bdd2-9c3396b857b8-S0
I0515 11:19:52.675667 29516 master.cpp:11729] Removing task httpd.44952781-772d-11e9-ab88-0242b3fbd98b with resources cpus(allocated: *):1; mem(allocated: *):256; disk(allocated: *):5000; ports(allocated: *):[31339-31339] of framework df64220e-eb34-4b8d-b82a-35688b767e6b-0000 on agent c8e59b09-da78-48e6-bdd2-9c3396b857b8-S0 at slave(1)@192.168.1.5:5051 (jouko-Gazelle-Professional)
I0515 11:19:53.302352 29516 master.cpp:10007] Sending offers [ df64220e-eb34-4b8d-b82a-35688b767e6b-O51 ] to framework df64220e-eb34-4b8d-b82a-35688b767e6b-0000 (marathon) at scheduler-5e781075-ed89-4843-b952-ab0cd90cee74@192.168.1.5:39867
I0515 11:19:53.310262 29510 master.cpp:6040] Processing DECLINE call for offers: [ df64220e-eb34-4b8d-b82a-35688b767e6b-O51 ] for framework df64220e-eb34-4b8d-b82a-35688b767e6b-0000 (marathon) at scheduler-5e781075-ed89-4843-b952-ab0cd90cee74@192.168.1.5:39867 with 120 seconds filter
I0515 11:19:53.311096 29510 master.cpp:12279] Removing offer df64220e-eb34-4b8d-b82a-35688b767e6b-O51
I0515 11:19:56.948427 29514 master.cpp:6154] Processing REVIVE call for framework df64220e-eb34-4b8d-b82a-35688b767e6b-0000 (marathon) at scheduler-5e781075-ed89-4843-b952-ab0cd90cee74@192.168.1.5:39867
I0515 11:19:56.948948 29510 hierarchical.cpp:1415] Revived offers for roles { * } of framework df64220e-eb34-4b8d-b82a-35688b767e6b-0000
I0515 11:19:56.951372 29509 master.cpp:10007] Sending offers [ df64220e-eb34-4b8d-b82a-35688b767e6b-O52 ] to framework df64220e-eb34-4b8d-b82a-35688b767e6b-0000 (marathon) at scheduler-5e781075-ed89-4843-b952-ab0cd90cee74@192.168.1.5:39867
I0515 11:19:56.956986 29516 master.cpp:6040] Processing DECLINE call for offers: [ df64220e-eb34-4b8d-b82a-35688b767e6b-O52 ] for framework df64220e-eb34-4b8d-b82a-35688b767e6b-0000 (marathon) at scheduler-5e781075-ed89-4843-b952-ab0cd90cee74@192.168.1.5:39867 with 120 seconds filter
I0515 11:19:56.957778 29516 master.cpp:12279] Removing offer df64220e-eb34-4b8d-b82a-35688b767e6b-O52
I0515 11:20:01.968969 29516 master.cpp:6154] Processing REVIVE call for framework df64220e-eb34-4b8d-b82a-35688b767e6b-0000 (marathon) at scheduler-5e781075-ed89-4843-b952-ab0cd90cee74@192.168.1.5:39867
I0515 11:20:01.969502 29516 hierarchical.cpp:1415] Revived offers for roles { * } of framework df64220e-eb34-4b8d-b82a-35688b767e6b-0000
I0515 11:20:01.972857 29511 master.cpp:10007] Sending offers [ df64220e-eb34-4b8d-b82a-35688b767e6b-O53 ] to framework df64220e-eb34-4b8d-b82a-35688b767e6b-0000 (marathon) at scheduler-5e781075-ed89-4843-b952-ab0cd90cee74@192.168.1.5:39867
I0515 11:20:01.979077 29510 master.cpp:6040] Processing DECLINE call for offers: [ df64220e-eb34-4b8d-b82a-35688b767e6b-O53 ] for framework df64220e-eb34-4b8d-b82a-35688b767e6b-0000 (marathon) at scheduler-5e781075-ed89-4843-b952-ab0cd90cee74@192.168.1.5:39867 with 120 seconds filter
I0515 11:20:01.979502 29510 master.cpp:12279] Removing offer df64220e-eb34-4b8d-b82a-35688b767e6b-O53
I0515 11:20:02.158843 29513 http.cpp:1105] HTTP GET for /master/state?jsonp=angular.callbacks._1t from 127.0.0.1:37136 with User-Agent='Mozilla/5.0 (X11; Ubuntu; Linux x86_64; rv:66.0) Gecko/20100101 Firefox/66.0'
I0515 11:20:02.167711 29512 http.cpp:1122] HTTP GET for /master/state?jsonp=angular.callbacks._1t from 127.0.0.1:37136: '200 OK' after 12.375ms
I0515 11:20:12.179483 29514 http.cpp:1105] HTTP GET for /master/state?jsonp=angular.callbacks._1v from 127.0.0.1:37136 with User-Agent='Mozilla/5.0 (X11; Ubuntu; Linux x86_64; rv:66.0) Gecko/20100101 Firefox/66.0'
I0515 11:20:12.187234 29509 http.cpp:1122] HTTP GET for /master/state?jsonp=angular.callbacks._1v from 127.0.0.1:37136: '200 OK' after 10.5961ms
I0515 11:20:16.996783 29516 master.cpp:9417] Performing explicit task state reconciliation for 1 tasks of framework df64220e-eb34-4b8d-b82a-35688b767e6b-0000 (marathon) at scheduler-5e781075-ed89-4843-b952-ab0cd90cee74@192.168.1.5:39867
I0515 11:20:22.198210 29516 http.cpp:1105] HTTP GET for /master/state?jsonp=angular.callbacks._1x from 127.0.0.1:37136 with User-Agent='Mozilla/5.0 (X11; Ubuntu; Linux x86_64; rv:66.0) Gecko/20100101 Firefox/66.0'
I0515 11:20:22.205531 29511 http.cpp:1122] HTTP GET for /master/state?jsonp=angular.callbacks._1x from 127.0.0.1:37136: '200 OK' after 10.3931ms
I0515 11:20:32.017089 29509 master.cpp:9417] Performing explicit task state reconciliation for 1 tasks of framework df64220e-eb34-4b8d-b82a-35688b767e6b-0000 (marathon) at scheduler-5e781075-ed89-4843-b952-ab0cd90cee74@192.168.1.5:39867
I0515 11:20:32.220890 29512 http.cpp:1105] HTTP GET for /master/state?jsonp=angular.callbacks._1z from 127.0.0.1:37136 with User-Agent='Mozilla/5.0 (X11; Ubuntu; Linux x86_64; rv:66.0) Gecko/20100101 Firefox/66.0'
I0515 11:20:32.231201 29516 http.cpp:1122] HTTP GET for /master/state?jsonp=angular.callbacks._1z from 127.0.0.1:37136: '200 OK' after 13.5969ms
I0515 11:20:42.244546 29511 http.cpp:1105] HTTP GET for /master/state?jsonp=angular.callbacks._21 from 127.0.0.1:37136 with User-Agent='Mozilla/5.0 (X11; Ubuntu; Linux x86_64; rv:66.0) Gecko/20100101 Firefox/66.0'
I0515 11:20:42.252135 29513 http.cpp:1122] HTTP GET for /master/state?jsonp=angular.callbacks._21 from 127.0.0.1:37136: '200 OK' after 9.81222ms
I0515 11:20:47.037272 29515 master.cpp:9417] Performing explicit task state reconciliation for 1 tasks of framework df64220e-eb34-4b8d-b82a-35688b767e6b-0000 (marathon) at scheduler-5e781075-ed89-4843-b952-ab0cd90cee74@192.168.1.5:39867
I0515 11:20:52.266981 29510 http.cpp:1105] HTTP GET for /master/state?jsonp=angular.callbacks._23 from 127.0.0.1:37136 with User-Agent='Mozilla/5.0 (X11; Ubuntu; Linux x86_64; rv:66.0) Gecko/20100101 Firefox/66.0'
I0515 11:20:52.275488 29509 http.cpp:1122] HTTP GET for /master/state?jsonp=angular.callbacks._23 from 127.0.0.1:37136: '200 OK' after 12.1239ms
I0515 11:21:02.056746 29513 master.cpp:9417] Performing explicit task state reconciliation for 1 tasks of framework df64220e-eb34-4b8d-b82a-35688b767e6b-0000 (marathon) at scheduler-5e781075-ed89-4843-b952-ab0cd90cee74@192.168.1.5:39867
I0515 11:21:02.321873 29515 http.cpp:1105] HTTP GET for /master/state?jsonp=angular.callbacks._25 from 127.0.0.1:37136 with User-Agent='Mozilla/5.0 (X11; Ubuntu; Linux x86_64; rv:66.0) Gecko/20100101 Firefox/66.0'
I0515 11:21:02.326251 29512 http.cpp:1122] HTTP GET for /master/state?jsonp=angular.callbacks._25 from 127.0.0.1:37136: '200 OK' after 6.26714ms
I0515 11:21:12.343919 29514 http.cpp:1105] HTTP GET for /master/state?jsonp=angular.callbacks._27 from 127.0.0.1:37136 with User-Agent='Mozilla/5.0 (X11; Ubuntu; Linux x86_64; rv:66.0) Gecko/20100101 Firefox/66.0'
I0515 11:21:12.351076 29511 http.cpp:1122] HTTP GET for /master/state?jsonp=angular.callbacks._27 from 127.0.0.1:37136: '200 OK' after 10.0641ms
I0515 11:21:17.077863 29510 master.cpp:9417] Performing explicit task state reconciliation for 1 tasks of framework df64220e-eb34-4b8d-b82a-35688b767e6b-0000 (marathon) at scheduler-5e781075-ed89-4843-b952-ab0cd90cee74@192.168.1.5:39867
I0515 11:21:22.383729 29512 http.cpp:1105] HTTP GET for /master/state?jsonp=angular.callbacks._29 from 127.0.0.1:37136 with User-Agent='Mozilla/5.0 (X11; Ubuntu; Linux x86_64; rv:66.0) Gecko/20100101 Firefox/66.0'
I0515 11:21:22.389669 29516 http.cpp:1122] HTTP GET for /master/state?jsonp=angular.callbacks._29 from 127.0.0.1:37136: '200 OK' after 8.86707ms
I0515 11:21:32.098109 29509 master.cpp:9417] Performing explicit task state reconciliation for 1 tasks of framework df64220e-eb34-4b8d-b82a-35688b767e6b-0000 (marathon) at scheduler-5e781075-ed89-4843-b952-ab0cd90cee74@192.168.1.5:39867
I0515 11:21:32.397884 29512 http.cpp:1105] HTTP GET for /master/state?jsonp=angular.callbacks._2b from 127.0.0.1:37136 with User-Agent='Mozilla/5.0 (X11; Ubuntu; Linux x86_64; rv:66.0) Gecko/20100101 Firefox/66.0'
I0515 11:21:32.404567 29514 http.cpp:1122] HTTP GET for /master/state?jsonp=angular.callbacks._2b from 127.0.0.1:37136: '200 OK' after 8.62003ms
I0515 11:21:42.415297 29514 http.cpp:1105] HTTP GET for /master/state?jsonp=angular.callbacks._2d from 127.0.0.1:37136 with User-Agent='Mozilla/5.0 (X11; Ubuntu; Linux x86_64; rv:66.0) Gecko/20100101 Firefox/66.0'
I0515 11:21:42.423480 29512 http.cpp:1122] HTTP GET for /master/state?jsonp=angular.callbacks._2d from 127.0.0.1:37136: '200 OK' after 11.401ms
I0515 11:21:47.116674 29509 master.cpp:9417] Performing explicit task state reconciliation for 1 tasks of framework df64220e-eb34-4b8d-b82a-35688b767e6b-0000 (marathon) at scheduler-5e781075-ed89-4843-b952-ab0cd90cee74@192.168.1.5:39867
I0515 11:21:52.431627 29514 http.cpp:1105] HTTP GET for /master/state?jsonp=angular.callbacks._2f from 127.0.0.1:37136 with User-Agent='Mozilla/5.0 (X11; Ubuntu; Linux x86_64; rv:66.0) Gecko/20100101 Firefox/66.0'
I0515 11:21:52.436235 29515 http.cpp:1122] HTTP GET for /master/state?jsonp=angular.callbacks._2f from 127.0.0.1:37136: '200 OK' after 6.2441ms
I0515 11:22:02.137814 29511 master.cpp:9417] Performing explicit task state reconciliation for 1 tasks of framework df64220e-eb34-4b8d-b82a-35688b767e6b-0000 (marathon) at scheduler-5e781075-ed89-4843-b952-ab0cd90cee74@192.168.1.5:39867
I0515 11:22:02.450634 29515 http.cpp:1105] HTTP GET for /master/state?jsonp=angular.callbacks._2h from 127.0.0.1:37136 with User-Agent='Mozilla/5.0 (X11; Ubuntu; Linux x86_64; rv:66.0) Gecko/20100101 Firefox/66.0'
I0515 11:22:02.456259 29516 http.cpp:1122] HTTP GET for /master/state?jsonp=angular.callbacks._2h from 127.0.0.1:37136: '200 OK' after 10.0219ms
I0515 11:22:02.568877 29516 master.cpp:10007] Sending offers [ df64220e-eb34-4b8d-b82a-35688b767e6b-O54 ] to framework df64220e-eb34-4b8d-b82a-35688b767e6b-0000 (marathon) at scheduler-5e781075-ed89-4843-b952-ab0cd90cee74@192.168.1.5:39867
I0515 11:22:02.572998 29513 master.cpp:6040] Processing DECLINE call for offers: [ df64220e-eb34-4b8d-b82a-35688b767e6b-O54 ] for framework df64220e-eb34-4b8d-b82a-35688b767e6b-0000 (marathon) at scheduler-5e781075-ed89-4843-b952-ab0cd90cee74@192.168.1.5:39867 with 120 seconds filter
I0515 11:22:02.573603 29513 master.cpp:12279] Removing offer df64220e-eb34-4b8d-b82a-35688b767e6b-O54
I0515 11:22:12.493839 29512 http.cpp:1105] HTTP GET for /master/state?jsonp=angular.callbacks._2j from 127.0.0.1:37136 with User-Agent='Mozilla/5.0 (X11; Ubuntu; Linux x86_64; rv:66.0) Gecko/20100101 Firefox/66.0'
I0515 11:22:12.501967 29509 http.cpp:1122] HTTP GET for /master/state?jsonp=angular.callbacks._2j from 127.0.0.1:37136: '200 OK' after 11.0001ms
I0515 11:22:17.586621 29516 master.cpp:9417] Performing explicit task state reconciliation for 1 tasks of framework df64220e-eb34-4b8d-b82a-35688b767e6b-0000 (marathon) at scheduler-5e781075-ed89-4843-b952-ab0cd90cee74@192.168.1.5:39867
I0515 11:22:22.511188 29509 http.cpp:1105] HTTP GET for /master/state?jsonp=angular.callbacks._2l from 127.0.0.1:37136 with User-Agent='Mozilla/5.0 (X11; Ubuntu; Linux x86_64; rv:66.0) Gecko/20100101 Firefox/66.0'
I0515 11:22:22.515928 29510 http.cpp:1122] HTTP GET for /master/state?jsonp=angular.callbacks._2l from 127.0.0.1:37136: '200 OK' after 6.93478ms
I0515 11:22:32.525761 29516 http.cpp:1105] HTTP GET for /master/state?jsonp=angular.callbacks._2n from 127.0.0.1:37136 with User-Agent='Mozilla/5.0 (X11; Ubuntu; Linux x86_64; rv:66.0) Gecko/20100101 Firefox/66.0'
I0515 11:22:32.531371 29515 http.cpp:1122] HTTP GET for /master/state?jsonp=angular.callbacks._2n from 127.0.0.1:37136: '200 OK' after 8.47104ms
I0515 11:22:32.606596 29515 master.cpp:9417] Performing explicit task state reconciliation for 1 tasks of framework df64220e-eb34-4b8d-b82a-35688b767e6b-0000 (marathon) at scheduler-5e781075-ed89-4843-b952-ab0cd90cee74@192.168.1.5:39867
I0515 11:22:42.542119 29510 http.cpp:1105] HTTP GET for /master/state?jsonp=angular.callbacks._2p from 127.0.0.1:37136 with User-Agent='Mozilla/5.0 (X11; Ubuntu; Linux x86_64; rv:66.0) Gecko/20100101 Firefox/66.0'
I0515 11:22:42.549376 29512 http.cpp:1122] HTTP GET for /master/state?jsonp=angular.callbacks._2p from 127.0.0.1:37136: '200 OK' after 10.345ms
I0515 11:22:47.627089 29514 master.cpp:9417] Performing explicit task state reconciliation for 1 tasks of framework df64220e-eb34-4b8d-b82a-35688b767e6b-0000 (marathon) at scheduler-5e781075-ed89-4843-b952-ab0cd90cee74@192.168.1.5:39867
I0515 11:22:52.563635 29511 http.cpp:1105] HTTP GET for /master/state?jsonp=angular.callbacks._2r from 127.0.0.1:37136 with User-Agent='Mozilla/5.0 (X11; Ubuntu; Linux x86_64; rv:66.0) Gecko/20100101 Firefox/66.0'
I0515 11:22:52.569823 29515 http.cpp:1122] HTTP GET for /master/state?jsonp=angular.callbacks._2r from 127.0.0.1:37136: '200 OK' after 8.87808ms
I0515 11:23:02.579917 29509 http.cpp:1105] HTTP GET for /master/state?jsonp=angular.callbacks._2t from 127.0.0.1:37136 with User-Agent='Mozilla/5.0 (X11; Ubuntu; Linux x86_64; rv:66.0) Gecko/20100101 Firefox/66.0'
I0515 11:23:02.586699 29515 http.cpp:1122] HTTP GET for /master/state?jsonp=angular.callbacks._2t from 127.0.0.1:37136: '200 OK' after 9.41005ms
I0515 11:23:02.647140 29510 master.cpp:9417] Performing explicit task state reconciliation for 1 tasks of framework df64220e-eb34-4b8d-b82a-35688b767e6b-0000 (marathon) at scheduler-5e781075-ed89-4843-b952-ab0cd90cee74@192.168.1.5:39867
I0515 11:23:12.622864 29511 http.cpp:1105] HTTP GET for /master/state?jsonp=angular.callbacks._2v from 127.0.0.1:37136 with User-Agent='Mozilla/5.0 (X11; Ubuntu; Linux x86_64; rv:66.0) Gecko/20100101 Firefox/66.0'
I0515 11:23:12.630808 29510 http.cpp:1122] HTTP GET for /master/state?jsonp=angular.callbacks._2v from 127.0.0.1:37136: '200 OK' after 11.5978ms
I0515 11:23:17.668098 29513 master.cpp:9417] Performing explicit task state reconciliation for 1 tasks of framework df64220e-eb34-4b8d-b82a-35688b767e6b-0000 (marathon) at scheduler-5e781075-ed89-4843-b952-ab0cd90cee74@192.168.1.5:39867
I0515 11:23:22.663811 29509 http.cpp:1105] HTTP GET for /master/state?jsonp=angular.callbacks._2x from 127.0.0.1:37136 with User-Agent='Mozilla/5.0 (X11; Ubuntu; Linux x86_64; rv:66.0) Gecko/20100101 Firefox/66.0'
I0515 11:23:22.670388 29513 http.cpp:1122] HTTP GET for /master/state?jsonp=angular.callbacks._2x from 127.0.0.1:37136: '200 OK' after 9.49914ms
I0515 11:23:32.678822 29512 http.cpp:1105] HTTP GET for /master/state?jsonp=angular.callbacks._2z from 127.0.0.1:37136 with User-Agent='Mozilla/5.0 (X11; Ubuntu; Linux x86_64; rv:66.0) Gecko/20100101 Firefox/66.0'
I0515 11:23:32.683482 29509 http.cpp:1122] HTTP GET for /master/state?jsonp=angular.callbacks._2z from 127.0.0.1:37136: '200 OK' after 6.36595ms
I0515 11:23:32.686589 29510 master.cpp:9417] Performing explicit task state reconciliation for 1 tasks of framework df64220e-eb34-4b8d-b82a-35688b767e6b-0000 (marathon) at scheduler-5e781075-ed89-4843-b952-ab0cd90cee74@192.168.1.5:39867
I0515 11:23:42.691138 29513 http.cpp:1105] HTTP GET for /master/state?jsonp=angular.callbacks._31 from 127.0.0.1:37136 with User-Agent='Mozilla/5.0 (X11; Ubuntu; Linux x86_64; rv:66.0) Gecko/20100101 Firefox/66.0'
I0515 11:23:42.695430 29515 http.cpp:1122] HTTP GET for /master/state?jsonp=angular.callbacks._31 from 127.0.0.1:37136: '200 OK' after 5.90387ms
I0515 11:23:47.707252 29513 master.cpp:9417] Performing explicit task state reconciliation for 1 tasks of framework df64220e-eb34-4b8d-b82a-35688b767e6b-0000 (marathon) at scheduler-5e781075-ed89-4843-b952-ab0cd90cee74@192.168.1.5:39867
I0515 11:23:52.705302 29514 http.cpp:1105] HTTP GET for /master/state?jsonp=angular.callbacks._33 from 127.0.0.1:37136 with User-Agent='Mozilla/5.0 (X11; Ubuntu; Linux x86_64; rv:66.0) Gecko/20100101 Firefox/66.0'
I0515 11:23:52.712954 29511 http.cpp:1122] HTTP GET for /master/state?jsonp=angular.callbacks._33 from 127.0.0.1:37136: '200 OK' after 10.2392ms
I0515 11:24:02.723111 29512 http.cpp:1105] HTTP GET for /master/state?jsonp=angular.callbacks._35 from 127.0.0.1:37136 with User-Agent='Mozilla/5.0 (X11; Ubuntu; Linux x86_64; rv:66.0) Gecko/20100101 Firefox/66.0'
I0515 11:24:02.729779 29509 http.cpp:1122] HTTP GET for /master/state?jsonp=angular.callbacks._35 from 127.0.0.1:37136: '200 OK' after 8.28288ms
I0515 11:24:02.730523 29512 master.cpp:9417] Performing explicit task state reconciliation for 1 tasks of framework df64220e-eb34-4b8d-b82a-35688b767e6b-0000 (marathon) at scheduler-5e781075-ed89-4843-b952-ab0cd90cee74@192.168.1.5:39867
I0515 11:24:02.768350 29510 master.cpp:10007] Sending offers [ df64220e-eb34-4b8d-b82a-35688b767e6b-O55 ] to framework df64220e-eb34-4b8d-b82a-35688b767e6b-0000 (marathon) at scheduler-5e781075-ed89-4843-b952-ab0cd90cee74@192.168.1.5:39867
I0515 11:24:02.772322 29509 master.cpp:6040] Processing DECLINE call for offers: [ df64220e-eb34-4b8d-b82a-35688b767e6b-O55 ] for framework df64220e-eb34-4b8d-b82a-35688b767e6b-0000 (marathon) at scheduler-5e781075-ed89-4843-b952-ab0cd90cee74@192.168.1.5:39867 with 120 seconds filter
I0515 11:24:02.772830 29509 master.cpp:12279] Removing offer df64220e-eb34-4b8d-b82a-35688b767e6b-O55
I0515 11:24:12.739080 29513 http.cpp:1105] HTTP GET for /master/state?jsonp=angular.callbacks._37 from 127.0.0.1:37136 with User-Agent='Mozilla/5.0 (X11; Ubuntu; Linux x86_64; rv:66.0) Gecko/20100101 Firefox/66.0'
I0515 11:24:12.743341 29516 http.cpp:1122] HTTP GET for /master/state?jsonp=angular.callbacks._37 from 127.0.0.1:37136: '200 OK' after 6.0183ms
I0515 11:24:17.786392 29510 master.cpp:9417] Performing explicit task state reconciliation for 1 tasks of framework df64220e-eb34-4b8d-b82a-35688b767e6b-0000 (marathon) at scheduler-5e781075-ed89-4843-b952-ab0cd90cee74@192.168.1.5:39867
I0515 11:24:22.776353 29515 http.cpp:1105] HTTP GET for /master/state?jsonp=angular.callbacks._39 from 127.0.0.1:37136 with User-Agent='Mozilla/5.0 (X11; Ubuntu; Linux x86_64; rv:66.0) Gecko/20100101 Firefox/66.0'
I0515 11:24:22.784471 29510 http.cpp:1122] HTTP GET for /master/state?jsonp=angular.callbacks._39 from 127.0.0.1:37136: '200 OK' after 10.794ms
I0515 11:24:32.794153 29514 http.cpp:1105] HTTP GET for /master/state?jsonp=angular.callbacks._3b from 127.0.0.1:37136 with User-Agent='Mozilla/5.0 (X11; Ubuntu; Linux x86_64; rv:66.0) Gecko/20100101 Firefox/66.0'
I0515 11:24:32.803221 29512 http.cpp:1122] HTTP GET for /master/state?jsonp=angular.callbacks._3b from 127.0.0.1:37136: '200 OK' after 11.83ms
I0515 11:24:32.806834 29513 master.cpp:9417] Performing explicit task state reconciliation for 1 tasks of framework df64220e-eb34-4b8d-b82a-35688b767e6b-0000 (marathon) at scheduler-5e781075-ed89-4843-b952-ab0cd90cee74@192.168.1.5:39867
I0515 11:24:42.813606 29509 http.cpp:1105] HTTP GET for /master/state?jsonp=angular.callbacks._3d from 127.0.0.1:37136 with User-Agent='Mozilla/5.0 (X11; Ubuntu; Linux x86_64; rv:66.0) Gecko/20100101 Firefox/66.0'
I0515 11:24:42.822538 29512 http.cpp:1122] HTTP GET for /master/state?jsonp=angular.callbacks._3d from 127.0.0.1:37136: '200 OK' after 11.7829ms
I0515 11:24:47.827136 29516 master.cpp:9417] Performing explicit task state reconciliation for 1 tasks of framework df64220e-eb34-4b8d-b82a-35688b767e6b-0000 (marathon) at scheduler-5e781075-ed89-4843-b952-ab0cd90cee74@192.168.1.5:39867
I0515 11:24:52.832859 29509 http.cpp:1105] HTTP GET for /master/state?jsonp=angular.callbacks._3f from 127.0.0.1:37136 with User-Agent='Mozilla/5.0 (X11; Ubuntu; Linux x86_64; rv:66.0) Gecko/20100101 Firefox/66.0'
I0515 11:24:52.837141 29516 http.cpp:1122] HTTP GET for /master/state?jsonp=angular.callbacks._3f from 127.0.0.1:37136: '200 OK' after 6.07488ms
I0515 11:25:02.845747 29509 http.cpp:1105] HTTP GET for /master/state?jsonp=angular.callbacks._3h from 127.0.0.1:37136 with User-Agent='Mozilla/5.0 (X11; Ubuntu; Linux x86_64; rv:66.0) Gecko/20100101 Firefox/66.0'
I0515 11:25:02.846359 29509 master.cpp:9417] Performing explicit task state reconciliation for 1 tasks of framework df64220e-eb34-4b8d-b82a-35688b767e6b-0000 (marathon) at scheduler-5e781075-ed89-4843-b952-ab0cd90cee74@192.168.1.5:39867
I0515 11:25:02.851778 29516 http.cpp:1122] HTTP GET for /master/state?jsonp=angular.callbacks._3h from 127.0.0.1:37136: '200 OK' after 7.91194ms
I0515 11:25:12.892151 29512 http.cpp:1105] HTTP GET for /master/state?jsonp=angular.callbacks._3j from 127.0.0.1:37136 with User-Agent='Mozilla/5.0 (X11; Ubuntu; Linux x86_64; rv:66.0) Gecko/20100101 Firefox/66.0'
I0515 11:25:12.899317 29510 http.cpp:1122] HTTP GET for /master/state?jsonp=angular.callbacks._3j from 127.0.0.1:37136: '200 OK' after 9.60486ms
I0515 11:25:17.867291 29510 master.cpp:9417] Performing explicit task state reconciliation for 1 tasks of framework df64220e-eb34-4b8d-b82a-35688b767e6b-0000 (marathon) at scheduler-5e781075-ed89-4843-b952-ab0cd90cee74@192.168.1.5:39867
I0515 11:25:22.936220 29513 http.cpp:1105] HTTP GET for /master/state?jsonp=angular.callbacks._3l from 127.0.0.1:37136 with User-Agent='Mozilla/5.0 (X11; Ubuntu; Linux x86_64; rv:66.0) Gecko/20100101 Firefox/66.0'
I0515 11:25:22.940788 29510 http.cpp:1122] HTTP GET for /master/state?jsonp=angular.callbacks._3l from 127.0.0.1:37136: '200 OK' after 6.39411ms
I0515 11:25:32.886894 29516 master.cpp:9417] Performing explicit task state reconciliation for 1 tasks of framework df64220e-eb34-4b8d-b82a-35688b767e6b-0000 (marathon) at scheduler-5e781075-ed89-4843-b952-ab0cd90cee74@192.168.1.5:39867
I0515 11:25:32.976387 29516 http.cpp:1105] HTTP GET for /master/state?jsonp=angular.callbacks._3n from 127.0.0.1:37136 with User-Agent='Mozilla/5.0 (X11; Ubuntu; Linux x86_64; rv:66.0) Gecko/20100101 Firefox/66.0'
I0515 11:25:32.983001 29509 http.cpp:1122] HTTP GET for /master/state?jsonp=angular.callbacks._3n from 127.0.0.1:37136: '200 OK' after 9.37805ms
I0515 11:25:42.991245 29512 http.cpp:1105] HTTP GET for /master/state?jsonp=angular.callbacks._3p from 127.0.0.1:37136 with User-Agent='Mozilla/5.0 (X11; Ubuntu; Linux x86_64; rv:66.0) Gecko/20100101 Firefox/66.0'
I0515 11:25:42.995532 29515 http.cpp:1122] HTTP GET for /master/state?jsonp=angular.callbacks._3p from 127.0.0.1:37136: '200 OK' after 6.04109ms
I0515 11:25:47.907158 29514 master.cpp:9417] Performing explicit task state reconciliation for 1 tasks of framework df64220e-eb34-4b8d-b82a-35688b767e6b-0000 (marathon) at scheduler-5e781075-ed89-4843-b952-ab0cd90cee74@192.168.1.5:39867
I0515 11:25:53.003912 29515 http.cpp:1105] HTTP GET for /master/state?jsonp=angular.callbacks._3r from 127.0.0.1:37136 with User-Agent='Mozilla/5.0 (X11; Ubuntu; Linux x86_64; rv:66.0) Gecko/20100101 Firefox/66.0'
I0515 11:25:53.009274 29516 http.cpp:1122] HTTP GET for /master/state?jsonp=angular.callbacks._3r from 127.0.0.1:37136: '200 OK' after 7.03821ms
I0515 11:26:02.927850 29514 master.cpp:9417] Performing explicit task state reconciliation for 1 tasks of framework df64220e-eb34-4b8d-b82a-35688b767e6b-0000 (marathon) at scheduler-5e781075-ed89-4843-b952-ab0cd90cee74@192.168.1.5:39867
I0515 11:26:02.978045 29515 master.cpp:10007] Sending offers [ df64220e-eb34-4b8d-b82a-35688b767e6b-O56 ] to framework df64220e-eb34-4b8d-b82a-35688b767e6b-0000 (marathon) at scheduler-5e781075-ed89-4843-b952-ab0cd90cee74@192.168.1.5:39867
I0515 11:26:02.983528 29511 master.cpp:6040] Processing DECLINE call for offers: [ df64220e-eb34-4b8d-b82a-35688b767e6b-O56 ] for framework df64220e-eb34-4b8d-b82a-35688b767e6b-0000 (marathon) at scheduler-5e781075-ed89-4843-b952-ab0cd90cee74@192.168.1.5:39867 with 120 seconds filter
I0515 11:26:02.984264 29511 master.cpp:12279] Removing offer df64220e-eb34-4b8d-b82a-35688b767e6b-O56
I0515 11:26:03.018242 29509 http.cpp:1105] HTTP GET for /master/state?jsonp=angular.callbacks._3t from 127.0.0.1:37136 with User-Agent='Mozilla/5.0 (X11; Ubuntu; Linux x86_64; rv:66.0) Gecko/20100101 Firefox/66.0'
I0515 11:26:03.022717 29510 http.cpp:1122] HTTP GET for /master/state?jsonp=angular.callbacks._3t from 127.0.0.1:37136: '200 OK' after 6.34701ms
I0515 11:26:13.036671 29511 http.cpp:1105] HTTP GET for /master/state?jsonp=angular.callbacks._3v from 127.0.0.1:37136 with User-Agent='Mozilla/5.0 (X11; Ubuntu; Linux x86_64; rv:66.0) Gecko/20100101 Firefox/66.0'
I0515 11:26:13.043578 29509 http.cpp:1122] HTTP GET for /master/state?jsonp=angular.callbacks._3v from 127.0.0.1:37136: '200 OK' after 9.8601ms
I0515 11:26:17.997270 29514 master.cpp:9417] Performing explicit task state reconciliation for 1 tasks of framework df64220e-eb34-4b8d-b82a-35688b767e6b-0000 (marathon) at scheduler-5e781075-ed89-4843-b952-ab0cd90cee74@192.168.1.5:39867
I0515 11:26:23.052716 29510 http.cpp:1105] HTTP GET for /master/state?jsonp=angular.callbacks._3x from 127.0.0.1:37136 with User-Agent='Mozilla/5.0 (X11; Ubuntu; Linux x86_64; rv:66.0) Gecko/20100101 Firefox/66.0'
I0515 11:26:23.059262 29513 http.cpp:1122] HTTP GET for /master/state?jsonp=angular.callbacks._3x from 127.0.0.1:37136: '200 OK' after 8.43674ms
I0515 11:26:33.016459 29513 master.cpp:9417] Performing explicit task state reconciliation for 1 tasks of framework df64220e-eb34-4b8d-b82a-35688b767e6b-0000 (marathon) at scheduler-5e781075-ed89-4843-b952-ab0cd90cee74@192.168.1.5:39867
I0515 11:26:33.076040 29513 http.cpp:1105] HTTP GET for /master/state?jsonp=angular.callbacks._3z from 127.0.0.1:37136 with User-Agent='Mozilla/5.0 (X11; Ubuntu; Linux x86_64; rv:66.0) Gecko/20100101 Firefox/66.0'
I0515 11:26:33.081758 29510 http.cpp:1122] HTTP GET for /master/state?jsonp=angular.callbacks._3z from 127.0.0.1:37136: '200 OK' after 7.36307ms
I0515 11:26:43.110620 29515 http.cpp:1105] HTTP GET for /master/state?jsonp=angular.callbacks._41 from 127.0.0.1:37136 with User-Agent='Mozilla/5.0 (X11; Ubuntu; Linux x86_64; rv:66.0) Gecko/20100101 Firefox/66.0'
I0515 11:26:43.115048 29511 http.cpp:1122] HTTP GET for /master/state?jsonp=angular.callbacks._41 from 127.0.0.1:37136: '200 OK' after 6.1399ms
I0515 11:26:48.037536 29514 master.cpp:9417] Performing explicit task state reconciliation for 1 tasks of framework df64220e-eb34-4b8d-b82a-35688b767e6b-0000 (marathon) at scheduler-5e781075-ed89-4843-b952-ab0cd90cee74@192.168.1.5:39867
I0515 11:26:53.124959 29514 http.cpp:1105] HTTP GET for /master/state?jsonp=angular.callbacks._43 from 127.0.0.1:37136 with User-Agent='Mozilla/5.0 (X11; Ubuntu; Linux x86_64; rv:66.0) Gecko/20100101 Firefox/66.0'
I0515 11:26:53.132105 29511 http.cpp:1122] HTTP GET for /master/state?jsonp=angular.callbacks._43 from 127.0.0.1:37136: '200 OK' after 9.94278ms
I0515 11:27:03.056360 29512 master.cpp:9417] Performing explicit task state reconciliation for 1 tasks of framework df64220e-eb34-4b8d-b82a-35688b767e6b-0000 (marathon) at scheduler-5e781075-ed89-4843-b952-ab0cd90cee74@192.168.1.5:39867
I0515 11:27:03.140413 29512 http.cpp:1105] HTTP GET for /master/state?jsonp=angular.callbacks._45 from 127.0.0.1:37136 with User-Agent='Mozilla/5.0 (X11; Ubuntu; Linux x86_64; rv:66.0) Gecko/20100101 Firefox/66.0'
I0515 11:27:03.144724 29515 http.cpp:1122] HTTP GET for /master/state?jsonp=angular.callbacks._45 from 127.0.0.1:37136: '200 OK' after 6.07795ms
I0515 11:27:13.158205 29515 http.cpp:1105] HTTP GET for /master/state?jsonp=angular.callbacks._47 from 127.0.0.1:37136 with User-Agent='Mozilla/5.0 (X11; Ubuntu; Linux x86_64; rv:66.0) Gecko/20100101 Firefox/66.0'
I0515 11:27:13.164785 29513 http.cpp:1122] HTTP GET for /master/state?jsonp=angular.callbacks._47 from 127.0.0.1:37136: '200 OK' after 9.3161ms
I0515 11:27:18.076400 29510 master.cpp:9417] Performing explicit task state reconciliation for 1 tasks of framework df64220e-eb34-4b8d-b82a-35688b767e6b-0000 (marathon) at scheduler-5e781075-ed89-4843-b952-ab0cd90cee74@192.168.1.5:39867
I0515 11:27:23.175928 29510 http.cpp:1105] HTTP GET for /master/state?jsonp=angular.callbacks._49 from 127.0.0.1:37136 with User-Agent='Mozilla/5.0 (X11; Ubuntu; Linux x86_64; rv:66.0) Gecko/20100101 Firefox/66.0'
I0515 11:27:23.183286 29516 http.cpp:1122] HTTP GET for /master/state?jsonp=angular.callbacks._49 from 127.0.0.1:37136: '200 OK' after 10.0708ms
I0515 11:27:33.098737 29515 master.cpp:9417] Performing explicit task state reconciliation for 1 tasks of framework df64220e-eb34-4b8d-b82a-35688b767e6b-0000 (marathon) at scheduler-5e781075-ed89-4843-b952-ab0cd90cee74@192.168.1.5:39867
I0515 11:27:33.197887 29509 http.cpp:1105] HTTP GET for /master/state?jsonp=angular.callbacks._4b from 127.0.0.1:37136 with User-Agent='Mozilla/5.0 (X11; Ubuntu; Linux x86_64; rv:66.0) Gecko/20100101 Firefox/66.0'
I0515 11:27:33.204849 29512 http.cpp:1122] HTTP GET for /master/state?jsonp=angular.callbacks._4b from 127.0.0.1:37136: '200 OK' after 10.9681ms
I0515 11:27:43.223817 29512 http.cpp:1105] HTTP GET for /master/state?jsonp=angular.callbacks._4d from 127.0.0.1:37136 with User-Agent='Mozilla/5.0 (X11; Ubuntu; Linux x86_64; rv:66.0) Gecko/20100101 Firefox/66.0'
I0515 11:27:43.231496 29515 http.cpp:1122] HTTP GET for /master/state?jsonp=angular.callbacks._4d from 127.0.0.1:37136: '200 OK' after 11.3759ms
I0515 11:27:48.116452 29514 master.cpp:9417] Performing explicit task state reconciliation for 1 tasks of framework df64220e-eb34-4b8d-b82a-35688b767e6b-0000 (marathon) at scheduler-5e781075-ed89-4843-b952-ab0cd90cee74@192.168.1.5:39867
I0515 11:27:53.265698 29515 http.cpp:1105] HTTP GET for /master/state?jsonp=angular.callbacks._4f from 127.0.0.1:37136 with User-Agent='Mozilla/5.0 (X11; Ubuntu; Linux x86_64; rv:66.0) Gecko/20100101 Firefox/66.0'
I0515 11:27:53.274292 29511 http.cpp:1122] HTTP GET for /master/state?jsonp=angular.callbacks._4f from 127.0.0.1:37136: '200 OK' after 11.6022ms
I0515 11:28:03.137900 29516 master.cpp:9417] Performing explicit task state reconciliation for 1 tasks of framework df64220e-eb34-4b8d-b82a-35688b767e6b-0000 (marathon) at scheduler-5e781075-ed89-4843-b952-ab0cd90cee74@192.168.1.5:39867
I0515 11:28:03.180616 29513 master.cpp:10007] Sending offers [ df64220e-eb34-4b8d-b82a-35688b767e6b-O57 ] to framework df64220e-eb34-4b8d-b82a-35688b767e6b-0000 (marathon) at scheduler-5e781075-ed89-4843-b952-ab0cd90cee74@192.168.1.5:39867
I0515 11:28:03.184362 29515 master.cpp:6040] Processing DECLINE call for offers: [ df64220e-eb34-4b8d-b82a-35688b767e6b-O57 ] for framework df64220e-eb34-4b8d-b82a-35688b767e6b-0000 (marathon) at scheduler-5e781075-ed89-4843-b952-ab0cd90cee74@192.168.1.5:39867 with 120 seconds filter
I0515 11:28:03.184995 29515 master.cpp:12279] Removing offer df64220e-eb34-4b8d-b82a-35688b767e6b-O57
I0515 11:28:03.286751 29511 http.cpp:1105] HTTP GET for /master/state?jsonp=angular.callbacks._4h from 127.0.0.1:37136 with User-Agent='Mozilla/5.0 (X11; Ubuntu; Linux x86_64; rv:66.0) Gecko/20100101 Firefox/66.0'
I0515 11:28:03.294047 29512 http.cpp:1122] HTTP GET for /master/state?jsonp=angular.callbacks._4h from 127.0.0.1:37136: '200 OK' after 11.262ms
I0515 11:28:13.302532 29509 http.cpp:1105] HTTP GET for /master/state?jsonp=angular.callbacks._4j from 127.0.0.1:37136 with User-Agent='Mozilla/5.0 (X11; Ubuntu; Linux x86_64; rv:66.0) Gecko/20100101 Firefox/66.0'
I0515 11:28:13.309037 29511 http.cpp:1122] HTTP GET for /master/state?jsonp=angular.callbacks._4j from 127.0.0.1:37136: '200 OK' after 8.69709ms
I0515 11:28:18.197613 29515 master.cpp:9417] Performing explicit task state reconciliation for 1 tasks of framework df64220e-eb34-4b8d-b82a-35688b767e6b-0000 (marathon) at scheduler-5e781075-ed89-4843-b952-ab0cd90cee74@192.168.1.5:39867
I0515 11:28:23.322561 29516 http.cpp:1105] HTTP GET for /master/state?jsonp=angular.callbacks._4l from 127.0.0.1:37136 with User-Agent='Mozilla/5.0 (X11; Ubuntu; Linux x86_64; rv:66.0) Gecko/20100101 Firefox/66.0'
I0515 11:28:23.328195 29512 http.cpp:1122] HTTP GET for /master/state?jsonp=angular.callbacks._4l from 127.0.0.1:37136: '200 OK' after 9.70368ms
I0515 11:28:33.216053 29509 master.cpp:9417] Performing explicit task state reconciliation for 1 tasks of framework df64220e-eb34-4b8d-b82a-35688b767e6b-0000 (marathon) at scheduler-5e781075-ed89-4843-b952-ab0cd90cee74@192.168.1.5:39867
I0515 11:28:33.338881 29510 http.cpp:1105] HTTP GET for /master/state?jsonp=angular.callbacks._4n from 127.0.0.1:37136 with User-Agent='Mozilla/5.0 (X11; Ubuntu; Linux x86_64; rv:66.0) Gecko/20100101 Firefox/66.0'
I0515 11:28:33.343951 29513 http.cpp:1122] HTTP GET for /master/state?jsonp=angular.callbacks._4n from 127.0.0.1:37136: '200 OK' after 6.77402ms
I0515 11:28:41.439584 29515 master.cpp:8662] Status update TASK_FAILED (Status UUID: 37ea67da-07e3-4252-bcc7-2c1b06591da3) for task httpd.69550a5e-75b2-11e9-ba1c-426fd056c11c of framework 20e4d121-4a00-4fa4-87a8-95fc84c6335e-0000 from agent c8e59b09-da78-48e6-bdd2-9c3396b857b8-S0 at slave(1)@192.168.1.5:5051 (jouko-Gazelle-Professional)
W0515 11:28:41.439704 29515 master.cpp:8677] Received status update TASK_FAILED (Status UUID: 37ea67da-07e3-4252-bcc7-2c1b06591da3) for task httpd.69550a5e-75b2-11e9-ba1c-426fd056c11c of framework 20e4d121-4a00-4fa4-87a8-95fc84c6335e-0000 from agent c8e59b09-da78-48e6-bdd2-9c3396b857b8-S0 at slave(1)@192.168.1.5:5051 (jouko-Gazelle-Professional) for a disconnected framework
I0515 11:28:41.439838 29515 master.cpp:11631] Updating the state of task httpd.69550a5e-75b2-11e9-ba1c-426fd056c11c of framework 20e4d121-4a00-4fa4-87a8-95fc84c6335e-0000 (latest state: TASK_FAILED, status update state: TASK_FAILED)
I0515 11:28:41.441347 29513 master.cpp:8662] Status update TASK_FAILED (Status UUID: 0550c395-2104-43ea-86df-ee933f9a9128) for task httpd.8b56ad7a-75b3-11e9-b18c-e6cbfc1c3ee9 of framework d24c421c-d71b-48cf-ac36-bad06b59829d-0000 from agent c8e59b09-da78-48e6-bdd2-9c3396b857b8-S0 at slave(1)@192.168.1.5:5051 (jouko-Gazelle-Professional)
W0515 11:28:41.441473 29513 master.cpp:8677] Received status update TASK_FAILED (Status UUID: 0550c395-2104-43ea-86df-ee933f9a9128) for task httpd.8b56ad7a-75b3-11e9-b18c-e6cbfc1c3ee9 of framework d24c421c-d71b-48cf-ac36-bad06b59829d-0000 from agent c8e59b09-da78-48e6-bdd2-9c3396b857b8-S0 at slave(1)@192.168.1.5:5051 (jouko-Gazelle-Professional) for a disconnected framework
I0515 11:28:41.441584 29513 master.cpp:11631] Updating the state of task httpd.8b56ad7a-75b3-11e9-b18c-e6cbfc1c3ee9 of framework d24c421c-d71b-48cf-ac36-bad06b59829d-0000 (latest state: TASK_FAILED, status update state: TASK_FAILED)
I0515 11:28:41.442832 29516 master.cpp:8662] Status update TASK_STARTING (Status UUID: d51c45a9-4f30-42c0-b836-4cdf43570463) for task httpd.b015673e-75af-11e9-8319-06d0e03ee117 of framework a02141ad-a172-44b5-8dd9-dc8a5687d41a-0000 from agent c8e59b09-da78-48e6-bdd2-9c3396b857b8-S0 at slave(1)@192.168.1.5:5051 (jouko-Gazelle-Professional)
W0515 11:28:41.442960 29516 master.cpp:8677] Received status update TASK_STARTING (Status UUID: d51c45a9-4f30-42c0-b836-4cdf43570463) for task httpd.b015673e-75af-11e9-8319-06d0e03ee117 of framework a02141ad-a172-44b5-8dd9-dc8a5687d41a-0000 from agent c8e59b09-da78-48e6-bdd2-9c3396b857b8-S0 at slave(1)@192.168.1.5:5051 (jouko-Gazelle-Professional) for a disconnected framework
I0515 11:28:41.443110 29516 master.cpp:11631] Updating the state of task httpd.b015673e-75af-11e9-8319-06d0e03ee117 of framework a02141ad-a172-44b5-8dd9-dc8a5687d41a-0000 (latest state: TASK_FAILED, status update state: TASK_STARTING)
I0515 11:28:43.352819 29516 http.cpp:1105] HTTP GET for /master/state?jsonp=angular.callbacks._4p from 127.0.0.1:37136 with User-Agent='Mozilla/5.0 (X11; Ubuntu; Linux x86_64; rv:66.0) Gecko/20100101 Firefox/66.0'
I0515 11:28:43.357177 29512 http.cpp:1122] HTTP GET for /master/state?jsonp=angular.callbacks._4p from 127.0.0.1:37136: '200 OK' after 6.01702ms
I0515 11:28:48.236254 29516 master.cpp:9417] Performing explicit task state reconciliation for 1 tasks of framework df64220e-eb34-4b8d-b82a-35688b767e6b-0000 (marathon) at scheduler-5e781075-ed89-4843-b952-ab0cd90cee74@192.168.1.5:39867
I0515 11:28:53.378736 29516 http.cpp:1105] HTTP GET for /master/state?jsonp=angular.callbacks._4r from 127.0.0.1:37136 with User-Agent='Mozilla/5.0 (X11; Ubuntu; Linux x86_64; rv:66.0) Gecko/20100101 Firefox/66.0'
I0515 11:28:53.383042 29509 http.cpp:1122] HTTP GET for /master/state?jsonp=angular.callbacks._4r from 127.0.0.1:37136: '200 OK' after 6.09203ms
I0515 11:29:03.256525 29514 master.cpp:9417] Performing explicit task state reconciliation for 1 tasks of framework df64220e-eb34-4b8d-b82a-35688b767e6b-0000 (marathon) at scheduler-5e781075-ed89-4843-b952-ab0cd90cee74@192.168.1.5:39867
I0515 11:29:03.419849 29516 http.cpp:1105] HTTP GET for /master/state?jsonp=angular.callbacks._4t from 127.0.0.1:37136 with User-Agent='Mozilla/5.0 (X11; Ubuntu; Linux x86_64; rv:66.0) Gecko/20100101 Firefox/66.0'
I0515 11:29:03.429131 29513 http.cpp:1122] HTTP GET for /master/state?jsonp=angular.callbacks._4t from 127.0.0.1:37136: '200 OK' after 12.3971ms
I0515 11:29:13.437120 29512 http.cpp:1105] HTTP GET for /master/state?jsonp=angular.callbacks._4v from 127.0.0.1:37136 with User-Agent='Mozilla/5.0 (X11; Ubuntu; Linux x86_64; rv:66.0) Gecko/20100101 Firefox/66.0'
I0515 11:29:13.443018 29516 http.cpp:1122] HTTP GET for /master/state?jsonp=angular.callbacks._4v from 127.0.0.1:37136: '200 OK' after 7.67283ms
I0515 11:29:15.865586 29514 master.cpp:9351] Performing implicit task state reconciliation for framework df64220e-eb34-4b8d-b82a-35688b767e6b-0000 (marathon) at scheduler-5e781075-ed89-4843-b952-ab0cd90cee74@192.168.1.5:39867
I0515 11:29:18.276656 29515 master.cpp:9417] Performing explicit task state reconciliation for 1 tasks of framework df64220e-eb34-4b8d-b82a-35688b767e6b-0000 (marathon) at scheduler-5e781075-ed89-4843-b952-ab0cd90cee74@192.168.1.5:39867
I0515 11:29:23.450515 29512 http.cpp:1105] HTTP GET for /master/state?jsonp=angular.callbacks._4x from 127.0.0.1:37136 with User-Agent='Mozilla/5.0 (X11; Ubuntu; Linux x86_64; rv:66.0) Gecko/20100101 Firefox/66.0'
I0515 11:29:23.454835 29514 http.cpp:1122] HTTP GET for /master/state?jsonp=angular.callbacks._4x from 127.0.0.1:37136: '200 OK' after 5.97402ms
I0515 11:29:33.296757 29514 master.cpp:9417] Performing explicit task state reconciliation for 1 tasks of framework df64220e-eb34-4b8d-b82a-35688b767e6b-0000 (marathon) at scheduler-5e781075-ed89-4843-b952-ab0cd90cee74@192.168.1.5:39867
I0515 11:29:33.464640 29515 http.cpp:1105] HTTP GET for /master/state?jsonp=angular.callbacks._4z from 127.0.0.1:37136 with User-Agent='Mozilla/5.0 (X11; Ubuntu; Linux x86_64; rv:66.0) Gecko/20100101 Firefox/66.0'
I0515 11:29:33.468969 29511 http.cpp:1122] HTTP GET for /master/state?jsonp=angular.callbacks._4z from 127.0.0.1:37136: '200 OK' after 6.36698ms
I0515 11:29:43.489615 29515 http.cpp:1105] HTTP GET for /master/state?jsonp=angular.callbacks._51 from 127.0.0.1:37136 with User-Agent='Mozilla/5.0 (X11; Ubuntu; Linux x86_64; rv:66.0) Gecko/20100101 Firefox/66.0'
I0515 11:29:43.494035 29513 http.cpp:1122] HTTP GET for /master/state?jsonp=angular.callbacks._51 from 127.0.0.1:37136: '200 OK' after 6.16397ms
I0515 11:29:48.316440 29511 master.cpp:9417] Performing explicit task state reconciliation for 1 tasks of framework df64220e-eb34-4b8d-b82a-35688b767e6b-0000 (marathon) at scheduler-5e781075-ed89-4843-b952-ab0cd90cee74@192.168.1.5:39867
I0515 11:29:53.509754 29514 http.cpp:1105] HTTP GET for /master/state?jsonp=angular.callbacks._53 from 127.0.0.1:37136 with User-Agent='Mozilla/5.0 (X11; Ubuntu; Linux x86_64; rv:66.0) Gecko/20100101 Firefox/66.0'
I0515 11:29:53.514636 29516 http.cpp:1122] HTTP GET for /master/state?jsonp=angular.callbacks._53 from 127.0.0.1:37136: '200 OK' after 6.66982ms
I0515 11:30:03.337200 29512 master.cpp:9417] Performing explicit task state reconciliation for 1 tasks of framework df64220e-eb34-4b8d-b82a-35688b767e6b-0000 (marathon) at scheduler-5e781075-ed89-4843-b952-ab0cd90cee74@192.168.1.5:39867
I0515 11:30:03.375298 29511 master.cpp:10007] Sending offers [ df64220e-eb34-4b8d-b82a-35688b767e6b-O58 ] to framework df64220e-eb34-4b8d-b82a-35688b767e6b-0000 (marathon) at scheduler-5e781075-ed89-4843-b952-ab0cd90cee74@192.168.1.5:39867
I0515 11:30:03.378983 29513 master.cpp:6040] Processing DECLINE call for offers: [ df64220e-eb34-4b8d-b82a-35688b767e6b-O58 ] for framework df64220e-eb34-4b8d-b82a-35688b767e6b-0000 (marathon) at scheduler-5e781075-ed89-4843-b952-ab0cd90cee74@192.168.1.5:39867 with 120 seconds filter
I0515 11:30:03.379452 29513 master.cpp:12279] Removing offer df64220e-eb34-4b8d-b82a-35688b767e6b-O58
I0515 11:30:03.539662 29516 http.cpp:1105] HTTP GET for /master/state?jsonp=angular.callbacks._55 from 127.0.0.1:37136 with User-Agent='Mozilla/5.0 (X11; Ubuntu; Linux x86_64; rv:66.0) Gecko/20100101 Firefox/66.0'
I0515 11:30:03.544068 29509 http.cpp:1122] HTTP GET for /master/state?jsonp=angular.callbacks._55 from 127.0.0.1:37136: '200 OK' after 6.3319ms
I0515 11:30:13.576033 29515 http.cpp:1105] HTTP GET for /master/state?jsonp=angular.callbacks._57 from 127.0.0.1:37136 with User-Agent='Mozilla/5.0 (X11; Ubuntu; Linux x86_64; rv:66.0) Gecko/20100101 Firefox/66.0'
I0515 11:30:13.580950 29511 http.cpp:1122] HTTP GET for /master/state?jsonp=angular.callbacks._57 from 127.0.0.1:37136: '200 OK' after 6.76787ms
I0515 11:30:18.396464 29512 master.cpp:9417] Performing explicit task state reconciliation for 1 tasks of framework df64220e-eb34-4b8d-b82a-35688b767e6b-0000 (marathon) at scheduler-5e781075-ed89-4843-b952-ab0cd90cee74@192.168.1.5:39867
I0515 11:30:23.588261 29509 http.cpp:1105] HTTP GET for /master/state?jsonp=angular.callbacks._59 from 127.0.0.1:37136 with User-Agent='Mozilla/5.0 (X11; Ubuntu; Linux x86_64; rv:66.0) Gecko/20100101 Firefox/66.0'
I0515 11:30:23.592609 29515 http.cpp:1122] HTTP GET for /master/state?jsonp=angular.callbacks._59 from 127.0.0.1:37136: '200 OK' after 6.10893ms
I0515 11:30:33.416976 29510 master.cpp:9417] Performing explicit task state reconciliation for 1 tasks of framework df64220e-eb34-4b8d-b82a-35688b767e6b-0000 (marathon) at scheduler-5e781075-ed89-4843-b952-ab0cd90cee74@192.168.1.5:39867
I0515 11:30:33.599936 29509 http.cpp:1105] HTTP GET for /master/state?jsonp=angular.callbacks._5b from 127.0.0.1:37136 with User-Agent='Mozilla/5.0 (X11; Ubuntu; Linux x86_64; rv:66.0) Gecko/20100101 Firefox/66.0'
I0515 11:30:33.604859 29516 http.cpp:1122] HTTP GET for /master/state?jsonp=angular.callbacks._5b from 127.0.0.1:37136: '200 OK' after 6.60659ms
I0515 11:30:43.612304 29510 http.cpp:1105] HTTP GET for /master/state?jsonp=angular.callbacks._5d from 127.0.0.1:37136 with User-Agent='Mozilla/5.0 (X11; Ubuntu; Linux x86_64; rv:66.0) Gecko/20100101 Firefox/66.0'
I0515 11:30:43.616647 29511 http.cpp:1122] HTTP GET for /master/state?jsonp=angular.callbacks._5d from 127.0.0.1:37136: '200 OK' after 6.0521ms
I0515 11:30:48.436528 29515 master.cpp:9417] Performing explicit task state reconciliation for 1 tasks of framework df64220e-eb34-4b8d-b82a-35688b767e6b-0000 (marathon) at scheduler-5e781075-ed89-4843-b952-ab0cd90cee74@192.168.1.5:39867
I0515 11:30:53.627187 29515 http.cpp:1105] HTTP GET for /master/state?jsonp=angular.callbacks._5f from 127.0.0.1:37136 with User-Agent='Mozilla/5.0 (X11; Ubuntu; Linux x86_64; rv:66.0) Gecko/20100101 Firefox/66.0'
I0515 11:30:53.631608 29510 http.cpp:1122] HTTP GET for /master/state?jsonp=angular.callbacks._5f from 127.0.0.1:37136: '200 OK' after 6.30912ms
I0515 11:31:03.456106 29511 master.cpp:9417] Performing explicit task state reconciliation for 1 tasks of framework df64220e-eb34-4b8d-b82a-35688b767e6b-0000 (marathon) at scheduler-5e781075-ed89-4843-b952-ab0cd90cee74@192.168.1.5:39867
I0515 11:31:03.640161 29513 http.cpp:1105] HTTP GET for /master/state?jsonp=angular.callbacks._5h from 127.0.0.1:37136 with User-Agent='Mozilla/5.0 (X11; Ubuntu; Linux x86_64; rv:66.0) Gecko/20100101 Firefox/66.0'
I0515 11:31:03.645290 29509 http.cpp:1122] HTTP GET for /master/state?jsonp=angular.callbacks._5h from 127.0.0.1:37136: '200 OK' after 7.03002ms
I0515 11:31:13.663448 29509 http.cpp:1105] HTTP GET for /master/state?jsonp=angular.callbacks._5j from 127.0.0.1:37136 with User-Agent='Mozilla/5.0 (X11; Ubuntu; Linux x86_64; rv:66.0) Gecko/20100101 Firefox/66.0'
I0515 11:31:13.670425 29514 http.cpp:1122] HTTP GET for /master/state?jsonp=angular.callbacks._5j from 127.0.0.1:37136: '200 OK' after 8.77286ms
I0515 11:31:18.476066 29509 master.cpp:9417] Performing explicit task state reconciliation for 1 tasks of framework df64220e-eb34-4b8d-b82a-35688b767e6b-0000 (marathon) at scheduler-5e781075-ed89-4843-b952-ab0cd90cee74@192.168.1.5:39867
I0515 11:31:23.701697 29511 http.cpp:1105] HTTP GET for /master/state?jsonp=angular.callbacks._5l from 127.0.0.1:37136 with User-Agent='Mozilla/5.0 (X11; Ubuntu; Linux x86_64; rv:66.0) Gecko/20100101 Firefox/66.0'
I0515 11:31:23.706653 29513 http.cpp:1122] HTTP GET for /master/state?jsonp=angular.callbacks._5l from 127.0.0.1:37136: '200 OK' after 6.71078ms
I0515 11:31:33.496533 29514 master.cpp:9417] Performing explicit task state reconciliation for 1 tasks of framework df64220e-eb34-4b8d-b82a-35688b767e6b-0000 (marathon) at scheduler-5e781075-ed89-4843-b952-ab0cd90cee74@192.168.1.5:39867
I0515 11:31:33.739630 29516 http.cpp:1105] HTTP GET for /master/state?jsonp=angular.callbacks._5n from 127.0.0.1:37136 with User-Agent='Mozilla/5.0 (X11; Ubuntu; Linux x86_64; rv:66.0) Gecko/20100101 Firefox/66.0'
I0515 11:31:33.744055 29511 http.cpp:1122] HTTP GET for /master/state?jsonp=angular.callbacks._5n from 127.0.0.1:37136: '200 OK' after 6.1719ms
I0515 11:31:43.773099 29515 http.cpp:1105] HTTP GET for /master/state?jsonp=angular.callbacks._5p from 127.0.0.1:37136 with User-Agent='Mozilla/5.0 (X11; Ubuntu; Linux x86_64; rv:66.0) Gecko/20100101 Firefox/66.0'
I0515 11:31:43.777336 29509 http.cpp:1122] HTTP GET for /master/state?jsonp=angular.callbacks._5p from 127.0.0.1:37136: '200 OK' after 5.98579ms
I0515 11:31:48.517140 29514 master.cpp:9417] Performing explicit task state reconciliation for 1 tasks of framework df64220e-eb34-4b8d-b82a-35688b767e6b-0000 (marathon) at scheduler-5e781075-ed89-4843-b952-ab0cd90cee74@192.168.1.5:39867
I0515 11:31:53.818029 29509 http.cpp:1105] HTTP GET for /master/state?jsonp=angular.callbacks._5r from 127.0.0.1:37136 with User-Agent='Mozilla/5.0 (X11; Ubuntu; Linux x86_64; rv:66.0) Gecko/20100101 Firefox/66.0'
I0515 11:31:53.822404 29511 http.cpp:1122] HTTP GET for /master/state?jsonp=angular.callbacks._5r from 127.0.0.1:37136: '200 OK' after 6.23923ms
I0515 11:32:03.536698 29509 master.cpp:9417] Performing explicit task state reconciliation for 1 tasks of framework df64220e-eb34-4b8d-b82a-35688b767e6b-0000 (marathon) at scheduler-5e781075-ed89-4843-b952-ab0cd90cee74@192.168.1.5:39867
I0515 11:32:03.554512 29511 master.cpp:10007] Sending offers [ df64220e-eb34-4b8d-b82a-35688b767e6b-O59 ] to framework df64220e-eb34-4b8d-b82a-35688b767e6b-0000 (marathon) at scheduler-5e781075-ed89-4843-b952-ab0cd90cee74@192.168.1.5:39867
I0515 11:32:03.558214 29513 master.cpp:6040] Processing DECLINE call for offers: [ df64220e-eb34-4b8d-b82a-35688b767e6b-O59 ] for framework df64220e-eb34-4b8d-b82a-35688b767e6b-0000 (marathon) at scheduler-5e781075-ed89-4843-b952-ab0cd90cee74@192.168.1.5:39867 with 120 seconds filter
I0515 11:32:03.558733 29513 master.cpp:12279] Removing offer df64220e-eb34-4b8d-b82a-35688b767e6b-O59
I0515 11:32:03.862428 29510 http.cpp:1105] HTTP GET for /master/state?jsonp=angular.callbacks._5t from 127.0.0.1:37136 with User-Agent='Mozilla/5.0 (X11; Ubuntu; Linux x86_64; rv:66.0) Gecko/20100101 Firefox/66.0'
I0515 11:32:03.866783 29509 http.cpp:1122] HTTP GET for /master/state?jsonp=angular.callbacks._5t from 127.0.0.1:37136: '200 OK' after 6.1719ms
I0515 11:32:13.900300 29515 http.cpp:1105] HTTP GET for /master/state?jsonp=angular.callbacks._5v from 127.0.0.1:37136 with User-Agent='Mozilla/5.0 (X11; Ubuntu; Linux x86_64; rv:66.0) Gecko/20100101 Firefox/66.0'
I0515 11:32:13.904685 29512 http.cpp:1122] HTTP GET for /master/state?jsonp=angular.callbacks._5v from 127.0.0.1:37136: '200 OK' after 6.21594ms
I0515 11:32:18.577178 29512 master.cpp:9417] Performing explicit task state reconciliation for 1 tasks of framework df64220e-eb34-4b8d-b82a-35688b767e6b-0000 (marathon) at scheduler-5e781075-ed89-4843-b952-ab0cd90cee74@192.168.1.5:39867
I0515 11:32:23.943747 29516 http.cpp:1105] HTTP GET for /master/state?jsonp=angular.callbacks._5x from 127.0.0.1:37136 with User-Agent='Mozilla/5.0 (X11; Ubuntu; Linux x86_64; rv:66.0) Gecko/20100101 Firefox/66.0'
I0515 11:32:23.950366 29510 http.cpp:1122] HTTP GET for /master/state?jsonp=angular.callbacks._5x from 127.0.0.1:37136: '200 OK' after 8.27674ms
I0515 11:32:33.597188 29509 master.cpp:9417] Performing explicit task state reconciliation for 1 tasks of framework df64220e-eb34-4b8d-b82a-35688b767e6b-0000 (marathon) at scheduler-5e781075-ed89-4843-b952-ab0cd90cee74@192.168.1.5:39867
I0515 11:32:33.981667 29512 http.cpp:1105] HTTP GET for /master/state?jsonp=angular.callbacks._5z from 127.0.0.1:37136 with User-Agent='Mozilla/5.0 (X11; Ubuntu; Linux x86_64; rv:66.0) Gecko/20100101 Firefox/66.0'
I0515 11:32:33.986219 29513 http.cpp:1122] HTTP GET for /master/state?jsonp=angular.callbacks._5z from 127.0.0.1:37136: '200 OK' after 6.32294ms
I0515 11:32:44.014349 29514 http.cpp:1105] HTTP GET for /master/state?jsonp=angular.callbacks._61 from 127.0.0.1:37136 with User-Agent='Mozilla/5.0 (X11; Ubuntu; Linux x86_64; rv:66.0) Gecko/20100101 Firefox/66.0'
I0515 11:32:44.020507 29513 http.cpp:1122] HTTP GET for /master/state?jsonp=angular.callbacks._61 from 127.0.0.1:37136: '200 OK' after 8.00794ms
