I0514 20:43:34.661442  2703 docker.cpp:2557] Executor for container 23f9dc01-7711-4058-b574-e08d7ba892f7 has exited
I0514 20:43:34.764554  2699 slave.cpp:6613] Executor 'httpd.d6ac8f49-76b2-11e9-b542-1e8823abc24a' of framework 83697b4b-b81d-4fae-b5d2-f84275ced44b-0000 terminated with signal Terminated
I0514 20:43:34.802399  2711 task_status_update_manager.cpp:401] Received task status update acknowledgement (UUID: d96d1fe2-e92e-4a81-a355-6a9e5b52a157) for task httpd.d6ac8f49-76b2-11e9-b542-1e8823abc24a of framework 83697b4b-b81d-4fae-b5d2-f84275ced44b-0000
I0514 20:43:34.802587  2711 task_status_update_manager.cpp:842] Checkpointing ACK for task status update TASK_FAILED (Status UUID: d96d1fe2-e92e-4a81-a355-6a9e5b52a157) for task httpd.d6ac8f49-76b2-11e9-b542-1e8823abc24a of framework 83697b4b-b81d-4fae-b5d2-f84275ced44b-0000
I0514 20:43:34.803542  2707 gc.cpp:95] Scheduling '/var/lib/mesos/agent/meta/slaves/c8e59b09-da78-48e6-bdd2-9c3396b857b8-S0/frameworks/83697b4b-b81d-4fae-b5d2-f84275ced44b-0000/executors/httpd.d6ac8f49-76b2-11e9-b542-1e8823abc24a/runs/23f9dc01-7711-4058-b574-e08d7ba892f7/tasks/httpd.d6ac8f49-76b2-11e9-b542-1e8823abc24a' for gc 6.99993283060148days in the future
I0514 20:43:34.803556  2700 slave.cpp:6711] Cleaning up executor 'httpd.d6ac8f49-76b2-11e9-b542-1e8823abc24a' of framework 83697b4b-b81d-4fae-b5d2-f84275ced44b-0000 at executor(1)@192.168.1.5:46001
I0514 20:43:34.803807  2703 gc.cpp:95] Scheduling '/var/lib/mesos/agent/slaves/c8e59b09-da78-48e6-bdd2-9c3396b857b8-S0/frameworks/83697b4b-b81d-4fae-b5d2-f84275ced44b-0000/executors/httpd.d6ac8f49-76b2-11e9-b542-1e8823abc24a/runs/23f9dc01-7711-4058-b574-e08d7ba892f7' for gc 6.99999069755852days in the future
I0514 20:43:34.804073  2709 gc.cpp:95] Scheduling '/var/lib/mesos/agent/slaves/c8e59b09-da78-48e6-bdd2-9c3396b857b8-S0/frameworks/83697b4b-b81d-4fae-b5d2-f84275ced44b-0000/executors/httpd.d6ac8f49-76b2-11e9-b542-1e8823abc24a' for gc 6.99999069483852days in the future
I0514 20:43:34.804162  2709 gc.cpp:95] Scheduling '/var/lib/mesos/agent/meta/slaves/c8e59b09-da78-48e6-bdd2-9c3396b857b8-S0/frameworks/83697b4b-b81d-4fae-b5d2-f84275ced44b-0000/executors/httpd.d6ac8f49-76b2-11e9-b542-1e8823abc24a/runs/23f9dc01-7711-4058-b574-e08d7ba892f7' for gc 6.99999069394667days in the future
I0514 20:43:34.804227  2709 gc.cpp:95] Scheduling '/var/lib/mesos/agent/meta/slaves/c8e59b09-da78-48e6-bdd2-9c3396b857b8-S0/frameworks/83697b4b-b81d-4fae-b5d2-f84275ced44b-0000/executors/httpd.d6ac8f49-76b2-11e9-b542-1e8823abc24a' for gc 6.99999069342519days in the future
I0514 20:43:34.804277  2700 slave.cpp:6840] Cleaning up framework 83697b4b-b81d-4fae-b5d2-f84275ced44b-0000
I0514 20:43:34.804378  2701 task_status_update_manager.cpp:289] Closing task status update streams for framework 83697b4b-b81d-4fae-b5d2-f84275ced44b-0000
I0514 20:43:34.804417  2711 gc.cpp:95] Scheduling '/var/lib/mesos/agent/slaves/c8e59b09-da78-48e6-bdd2-9c3396b857b8-S0/frameworks/83697b4b-b81d-4fae-b5d2-f84275ced44b-0000' for gc 6.99999069035852days in the future
I0514 20:43:34.804509  2711 gc.cpp:95] Scheduling '/var/lib/mesos/agent/meta/slaves/c8e59b09-da78-48e6-bdd2-9c3396b857b8-S0/frameworks/83697b4b-b81d-4fae-b5d2-f84275ced44b-0000' for gc 6.99999068982518days in the future
I0514 20:43:39.053740  2709 slave.cpp:2037] Got assigned task 'httpd.dca9c34a-76b2-11e9-b542-1e8823abc24a' for framework 83697b4b-b81d-4fae-b5d2-f84275ced44b-0000
I0514 20:43:39.053902  2700 gc.cpp:129] Unscheduling '/var/lib/mesos/agent/slaves/c8e59b09-da78-48e6-bdd2-9c3396b857b8-S0/frameworks/83697b4b-b81d-4fae-b5d2-f84275ced44b-0000' from gc
I0514 20:43:39.054082  2700 gc.cpp:129] Unscheduling '/var/lib/mesos/agent/meta/slaves/c8e59b09-da78-48e6-bdd2-9c3396b857b8-S0/frameworks/83697b4b-b81d-4fae-b5d2-f84275ced44b-0000' from gc
I0514 20:43:39.055884  2709 slave.cpp:2411] Authorizing task 'httpd.dca9c34a-76b2-11e9-b542-1e8823abc24a' for framework 83697b4b-b81d-4fae-b5d2-f84275ced44b-0000
I0514 20:43:39.057988  2709 slave.cpp:2854] Launching task 'httpd.dca9c34a-76b2-11e9-b542-1e8823abc24a' for framework 83697b4b-b81d-4fae-b5d2-f84275ced44b-0000
I0514 20:43:39.059056  2709 paths.cpp:801] Creating sandbox '/var/lib/mesos/agent/slaves/c8e59b09-da78-48e6-bdd2-9c3396b857b8-S0/frameworks/83697b4b-b81d-4fae-b5d2-f84275ced44b-0000/executors/httpd.dca9c34a-76b2-11e9-b542-1e8823abc24a/runs/d1deb8b8-a758-4873-a27f-0b419230333d' for user 'root'
I0514 20:43:39.059761  2709 paths.cpp:804] Creating sandbox '/var/lib/mesos/agent/meta/slaves/c8e59b09-da78-48e6-bdd2-9c3396b857b8-S0/frameworks/83697b4b-b81d-4fae-b5d2-f84275ced44b-0000/executors/httpd.dca9c34a-76b2-11e9-b542-1e8823abc24a/runs/d1deb8b8-a758-4873-a27f-0b419230333d'
I0514 20:43:39.059900  2709 slave.cpp:9695] Launching executor 'httpd.dca9c34a-76b2-11e9-b542-1e8823abc24a' of framework 83697b4b-b81d-4fae-b5d2-f84275ced44b-0000 with resources [{"allocation_info":{"role":"*"},"name":"cpus","scalar":{"value":0.1},"type":"SCALAR"},{"allocation_info":{"role":"*"},"name":"mem","scalar":{"value":32.0},"type":"SCALAR"}] in work directory '/var/lib/mesos/agent/slaves/c8e59b09-da78-48e6-bdd2-9c3396b857b8-S0/frameworks/83697b4b-b81d-4fae-b5d2-f84275ced44b-0000/executors/httpd.dca9c34a-76b2-11e9-b542-1e8823abc24a/runs/d1deb8b8-a758-4873-a27f-0b419230333d'
I0514 20:43:39.061408  2709 slave.cpp:3080] Queued task 'httpd.dca9c34a-76b2-11e9-b542-1e8823abc24a' for executor 'httpd.dca9c34a-76b2-11e9-b542-1e8823abc24a' of framework 83697b4b-b81d-4fae-b5d2-f84275ced44b-0000
I0514 20:43:39.061955  2709 slave.cpp:3528] Launching container d1deb8b8-a758-4873-a27f-0b419230333d for executor 'httpd.dca9c34a-76b2-11e9-b542-1e8823abc24a' of framework 83697b4b-b81d-4fae-b5d2-f84275ced44b-0000
I0514 20:43:39.062748  2711 docker.cpp:1183] Starting container 'd1deb8b8-a758-4873-a27f-0b419230333d' for task 'httpd.dca9c34a-76b2-11e9-b542-1e8823abc24a' (and executor 'httpd.dca9c34a-76b2-11e9-b542-1e8823abc24a') of framework 83697b4b-b81d-4fae-b5d2-f84275ced44b-0000
I0514 20:43:39.199693  2707 docker.cpp:783] Checkpointing pid 3675 to '/var/lib/mesos/agent/meta/slaves/c8e59b09-da78-48e6-bdd2-9c3396b857b8-S0/frameworks/83697b4b-b81d-4fae-b5d2-f84275ced44b-0000/executors/httpd.dca9c34a-76b2-11e9-b542-1e8823abc24a/runs/d1deb8b8-a758-4873-a27f-0b419230333d/pids/forked.pid'
I0514 20:43:39.200155  2707 systemd.cpp:98] Assigned child process '3675' to 'mesos_executors.slice'
I0514 20:43:39.288447  2700 slave.cpp:5074] Got registration for executor 'httpd.dca9c34a-76b2-11e9-b542-1e8823abc24a' of framework 83697b4b-b81d-4fae-b5d2-f84275ced44b-0000 from executor(1)@192.168.1.5:45443
I0514 20:43:39.290743  2707 docker.cpp:1691] Ignoring updating container d1deb8b8-a758-4873-a27f-0b419230333d because resources passed to update are identical to existing resources
I0514 20:43:39.291188  2705 slave.cpp:3298] Sending queued task 'httpd.dca9c34a-76b2-11e9-b542-1e8823abc24a' to executor 'httpd.dca9c34a-76b2-11e9-b542-1e8823abc24a' of framework 83697b4b-b81d-4fae-b5d2-f84275ced44b-0000 at executor(1)@192.168.1.5:45443
I0514 20:43:39.297825  2701 slave.cpp:5545] Handling status update TASK_STARTING (Status UUID: 437dce10-1bb8-47dd-8e4b-4e5da8ccc5bc) for task httpd.dca9c34a-76b2-11e9-b542-1e8823abc24a of framework 83697b4b-b81d-4fae-b5d2-f84275ced44b-0000 from executor(1)@192.168.1.5:45443
I0514 20:43:39.298545  2707 task_status_update_manager.cpp:328] Received task status update TASK_STARTING (Status UUID: 437dce10-1bb8-47dd-8e4b-4e5da8ccc5bc) for task httpd.dca9c34a-76b2-11e9-b542-1e8823abc24a of framework 83697b4b-b81d-4fae-b5d2-f84275ced44b-0000
I0514 20:43:39.298933  2707 task_status_update_manager.cpp:842] Checkpointing UPDATE for task status update TASK_STARTING (Status UUID: 437dce10-1bb8-47dd-8e4b-4e5da8ccc5bc) for task httpd.dca9c34a-76b2-11e9-b542-1e8823abc24a of framework 83697b4b-b81d-4fae-b5d2-f84275ced44b-0000
I0514 20:43:39.299250  2705 slave.cpp:6037] Forwarding the update TASK_STARTING (Status UUID: 437dce10-1bb8-47dd-8e4b-4e5da8ccc5bc) for task httpd.dca9c34a-76b2-11e9-b542-1e8823abc24a of framework 83697b4b-b81d-4fae-b5d2-f84275ced44b-0000 to master@127.0.0.1:5050
I0514 20:43:39.299916  2705 slave.cpp:5946] Sending acknowledgement for status update TASK_STARTING (Status UUID: 437dce10-1bb8-47dd-8e4b-4e5da8ccc5bc) for task httpd.dca9c34a-76b2-11e9-b542-1e8823abc24a of framework 83697b4b-b81d-4fae-b5d2-f84275ced44b-0000 to executor(1)@192.168.1.5:45443
I0514 20:43:39.333680  2700 task_status_update_manager.cpp:401] Received task status update acknowledgement (UUID: 437dce10-1bb8-47dd-8e4b-4e5da8ccc5bc) for task httpd.dca9c34a-76b2-11e9-b542-1e8823abc24a of framework 83697b4b-b81d-4fae-b5d2-f84275ced44b-0000
I0514 20:43:39.333878  2700 task_status_update_manager.cpp:842] Checkpointing ACK for task status update TASK_STARTING (Status UUID: 437dce10-1bb8-47dd-8e4b-4e5da8ccc5bc) for task httpd.dca9c34a-76b2-11e9-b542-1e8823abc24a of framework 83697b4b-b81d-4fae-b5d2-f84275ced44b-0000
I0514 20:43:42.833421  2711 slave.cpp:7148] Current disk usage 28.29%. Max allowed age: 4.319532714663391days
I0514 20:43:44.385344  2701 slave.cpp:5545] Handling status update TASK_FAILED (Status UUID: 33127b11-3c9f-4df7-9bd6-3c36134dab92) for task httpd.dca9c34a-76b2-11e9-b542-1e8823abc24a of framework 83697b4b-b81d-4fae-b5d2-f84275ced44b-0000 from executor(1)@192.168.1.5:45443
E0514 20:43:44.548229  2703 slave.cpp:5876] Failed to update resources for container d1deb8b8-a758-4873-a27f-0b419230333d of executor 'httpd.dca9c34a-76b2-11e9-b542-1e8823abc24a' running task httpd.dca9c34a-76b2-11e9-b542-1e8823abc24a on status update for terminal task, destroying container: Failed to run 'docker -H unix:///var/run/docker.sock inspect --type=container mesos-d1deb8b8-a758-4873-a27f-0b419230333d': exited with status 1; stderr='Error: No such container: mesos-d1deb8b8-a758-4873-a27f-0b419230333d
'
I0514 20:43:44.548707  2707 docker.cpp:2328] Destroying container d1deb8b8-a758-4873-a27f-0b419230333d in RUNNING state
I0514 20:43:44.548691  2705 task_status_update_manager.cpp:328] Received task status update TASK_FAILED (Status UUID: 33127b11-3c9f-4df7-9bd6-3c36134dab92) for task httpd.dca9c34a-76b2-11e9-b542-1e8823abc24a of framework 83697b4b-b81d-4fae-b5d2-f84275ced44b-0000
I0514 20:43:44.548746  2707 docker.cpp:2333] Sending SIGTERM to executor with pid: 3675
I0514 20:43:44.548827  2705 task_status_update_manager.cpp:842] Checkpointing UPDATE for task status update TASK_FAILED (Status UUID: 33127b11-3c9f-4df7-9bd6-3c36134dab92) for task httpd.dca9c34a-76b2-11e9-b542-1e8823abc24a of framework 83697b4b-b81d-4fae-b5d2-f84275ced44b-0000
I0514 20:43:44.549350  2701 slave.cpp:6037] Forwarding the update TASK_FAILED (Status UUID: 33127b11-3c9f-4df7-9bd6-3c36134dab92) for task httpd.dca9c34a-76b2-11e9-b542-1e8823abc24a of framework 83697b4b-b81d-4fae-b5d2-f84275ced44b-0000 to master@127.0.0.1:5050
I0514 20:43:44.550405  2701 slave.cpp:5946] Sending acknowledgement for status update TASK_FAILED (Status UUID: 33127b11-3c9f-4df7-9bd6-3c36134dab92) for task httpd.dca9c34a-76b2-11e9-b542-1e8823abc24a of framework 83697b4b-b81d-4fae-b5d2-f84275ced44b-0000 to executor(1)@192.168.1.5:45443
I0514 20:43:44.573482  2707 docker.cpp:2378] Running docker stop on container d1deb8b8-a758-4873-a27f-0b419230333d
I0514 20:43:44.577769  2703 slave.cpp:6217] Got exited event for executor(1)@192.168.1.5:45443
I0514 20:43:44.591195  2711 task_status_update_manager.cpp:401] Received task status update acknowledgement (UUID: 33127b11-3c9f-4df7-9bd6-3c36134dab92) for task httpd.dca9c34a-76b2-11e9-b542-1e8823abc24a of framework 83697b4b-b81d-4fae-b5d2-f84275ced44b-0000
I0514 20:43:44.591328  2711 task_status_update_manager.cpp:842] Checkpointing ACK for task status update TASK_FAILED (Status UUID: 33127b11-3c9f-4df7-9bd6-3c36134dab92) for task httpd.dca9c34a-76b2-11e9-b542-1e8823abc24a of framework 83697b4b-b81d-4fae-b5d2-f84275ced44b-0000
I0514 20:43:44.591966  2707 gc.cpp:95] Scheduling '/var/lib/mesos/agent/meta/slaves/c8e59b09-da78-48e6-bdd2-9c3396b857b8-S0/frameworks/83697b4b-b81d-4fae-b5d2-f84275ced44b-0000/executors/httpd.dca9c34a-76b2-11e9-b542-1e8823abc24a/runs/d1deb8b8-a758-4873-a27f-0b419230333d/tasks/httpd.dca9c34a-76b2-11e9-b542-1e8823abc24a' for gc 6.99993527896days in the future
I0514 20:43:44.649031  2705 docker.cpp:2557] Executor for container d1deb8b8-a758-4873-a27f-0b419230333d has exited
I0514 20:43:44.754833  2707 slave.cpp:6613] Executor 'httpd.dca9c34a-76b2-11e9-b542-1e8823abc24a' of framework 83697b4b-b81d-4fae-b5d2-f84275ced44b-0000 terminated with signal Terminated
I0514 20:43:44.754974  2707 slave.cpp:6711] Cleaning up executor 'httpd.dca9c34a-76b2-11e9-b542-1e8823abc24a' of framework 83697b4b-b81d-4fae-b5d2-f84275ced44b-0000 at executor(1)@192.168.1.5:45443
I0514 20:43:44.755395  2703 gc.cpp:95] Scheduling '/var/lib/mesos/agent/slaves/c8e59b09-da78-48e6-bdd2-9c3396b857b8-S0/frameworks/83697b4b-b81d-4fae-b5d2-f84275ced44b-0000/executors/httpd.dca9c34a-76b2-11e9-b542-1e8823abc24a/runs/d1deb8b8-a758-4873-a27f-0b419230333d' for gc 6.99999125890074days in the future
I0514 20:43:44.755829  2701 gc.cpp:95] Scheduling '/var/lib/mesos/agent/slaves/c8e59b09-da78-48e6-bdd2-9c3396b857b8-S0/frameworks/83697b4b-b81d-4fae-b5d2-f84275ced44b-0000/executors/httpd.dca9c34a-76b2-11e9-b542-1e8823abc24a' for gc 6.99999125371556days in the future
I0514 20:43:44.755991  2701 gc.cpp:95] Scheduling '/var/lib/mesos/agent/meta/slaves/c8e59b09-da78-48e6-bdd2-9c3396b857b8-S0/frameworks/83697b4b-b81d-4fae-b5d2-f84275ced44b-0000/executors/httpd.dca9c34a-76b2-11e9-b542-1e8823abc24a/runs/d1deb8b8-a758-4873-a27f-0b419230333d' for gc 6.99999125201481days in the future
I0514 20:43:44.756145  2701 gc.cpp:95] Scheduling '/var/lib/mesos/agent/meta/slaves/c8e59b09-da78-48e6-bdd2-9c3396b857b8-S0/frameworks/83697b4b-b81d-4fae-b5d2-f84275ced44b-0000/executors/httpd.dca9c34a-76b2-11e9-b542-1e8823abc24a' for gc 6.99999125108741days in the future
I0514 20:43:44.756227  2707 slave.cpp:6840] Cleaning up framework 83697b4b-b81d-4fae-b5d2-f84275ced44b-0000
I0514 20:43:44.756399  2700 task_status_update_manager.cpp:289] Closing task status update streams for framework 83697b4b-b81d-4fae-b5d2-f84275ced44b-0000
I0514 20:43:44.756476  2705 gc.cpp:95] Scheduling '/var/lib/mesos/agent/slaves/c8e59b09-da78-48e6-bdd2-9c3396b857b8-S0/frameworks/83697b4b-b81d-4fae-b5d2-f84275ced44b-0000' for gc 6.99999124579852days in the future
I0514 20:43:44.756641  2705 gc.cpp:95] Scheduling '/var/lib/mesos/agent/meta/slaves/c8e59b09-da78-48e6-bdd2-9c3396b857b8-S0/frameworks/83697b4b-b81d-4fae-b5d2-f84275ced44b-0000' for gc 6.99999124480296days in the future
I0514 20:43:49.093487  2699 slave.cpp:2037] Got assigned task 'httpd.e2a5499b-76b2-11e9-b542-1e8823abc24a' for framework 83697b4b-b81d-4fae-b5d2-f84275ced44b-0000
I0514 20:43:49.093725  2700 gc.cpp:129] Unscheduling '/var/lib/mesos/agent/slaves/c8e59b09-da78-48e6-bdd2-9c3396b857b8-S0/frameworks/83697b4b-b81d-4fae-b5d2-f84275ced44b-0000' from gc
I0514 20:43:49.093966  2700 gc.cpp:129] Unscheduling '/var/lib/mesos/agent/meta/slaves/c8e59b09-da78-48e6-bdd2-9c3396b857b8-S0/frameworks/83697b4b-b81d-4fae-b5d2-f84275ced44b-0000' from gc
I0514 20:43:49.096570  2699 slave.cpp:2411] Authorizing task 'httpd.e2a5499b-76b2-11e9-b542-1e8823abc24a' for framework 83697b4b-b81d-4fae-b5d2-f84275ced44b-0000
I0514 20:43:49.099587  2699 slave.cpp:2854] Launching task 'httpd.e2a5499b-76b2-11e9-b542-1e8823abc24a' for framework 83697b4b-b81d-4fae-b5d2-f84275ced44b-0000
I0514 20:43:49.101179  2699 paths.cpp:801] Creating sandbox '/var/lib/mesos/agent/slaves/c8e59b09-da78-48e6-bdd2-9c3396b857b8-S0/frameworks/83697b4b-b81d-4fae-b5d2-f84275ced44b-0000/executors/httpd.e2a5499b-76b2-11e9-b542-1e8823abc24a/runs/70f6cda2-b32e-494d-bae3-a1dd0cafd06d' for user 'root'
I0514 20:43:49.102174  2699 paths.cpp:804] Creating sandbox '/var/lib/mesos/agent/meta/slaves/c8e59b09-da78-48e6-bdd2-9c3396b857b8-S0/frameworks/83697b4b-b81d-4fae-b5d2-f84275ced44b-0000/executors/httpd.e2a5499b-76b2-11e9-b542-1e8823abc24a/runs/70f6cda2-b32e-494d-bae3-a1dd0cafd06d'
I0514 20:43:49.102404  2699 slave.cpp:9695] Launching executor 'httpd.e2a5499b-76b2-11e9-b542-1e8823abc24a' of framework 83697b4b-b81d-4fae-b5d2-f84275ced44b-0000 with resources [{"allocation_info":{"role":"*"},"name":"cpus","scalar":{"value":0.1},"type":"SCALAR"},{"allocation_info":{"role":"*"},"name":"mem","scalar":{"value":32.0},"type":"SCALAR"}] in work directory '/var/lib/mesos/agent/slaves/c8e59b09-da78-48e6-bdd2-9c3396b857b8-S0/frameworks/83697b4b-b81d-4fae-b5d2-f84275ced44b-0000/executors/httpd.e2a5499b-76b2-11e9-b542-1e8823abc24a/runs/70f6cda2-b32e-494d-bae3-a1dd0cafd06d'
I0514 20:43:49.105024  2699 slave.cpp:3080] Queued task 'httpd.e2a5499b-76b2-11e9-b542-1e8823abc24a' for executor 'httpd.e2a5499b-76b2-11e9-b542-1e8823abc24a' of framework 83697b4b-b81d-4fae-b5d2-f84275ced44b-0000
I0514 20:43:49.105665  2699 slave.cpp:3528] Launching container 70f6cda2-b32e-494d-bae3-a1dd0cafd06d for executor 'httpd.e2a5499b-76b2-11e9-b542-1e8823abc24a' of framework 83697b4b-b81d-4fae-b5d2-f84275ced44b-0000
I0514 20:43:49.106529  2705 docker.cpp:1183] Starting container '70f6cda2-b32e-494d-bae3-a1dd0cafd06d' for task 'httpd.e2a5499b-76b2-11e9-b542-1e8823abc24a' (and executor 'httpd.e2a5499b-76b2-11e9-b542-1e8823abc24a') of framework 83697b4b-b81d-4fae-b5d2-f84275ced44b-0000
I0514 20:43:49.299757  2700 docker.cpp:783] Checkpointing pid 3824 to '/var/lib/mesos/agent/meta/slaves/c8e59b09-da78-48e6-bdd2-9c3396b857b8-S0/frameworks/83697b4b-b81d-4fae-b5d2-f84275ced44b-0000/executors/httpd.e2a5499b-76b2-11e9-b542-1e8823abc24a/runs/70f6cda2-b32e-494d-bae3-a1dd0cafd06d/pids/forked.pid'
I0514 20:43:49.300401  2700 systemd.cpp:98] Assigned child process '3824' to 'mesos_executors.slice'
I0514 20:43:49.388586  2701 slave.cpp:5074] Got registration for executor 'httpd.e2a5499b-76b2-11e9-b542-1e8823abc24a' of framework 83697b4b-b81d-4fae-b5d2-f84275ced44b-0000 from executor(1)@192.168.1.5:46527
I0514 20:43:49.390792  2705 docker.cpp:1691] Ignoring updating container 70f6cda2-b32e-494d-bae3-a1dd0cafd06d because resources passed to update are identical to existing resources
I0514 20:43:49.391337  2709 slave.cpp:3298] Sending queued task 'httpd.e2a5499b-76b2-11e9-b542-1e8823abc24a' to executor 'httpd.e2a5499b-76b2-11e9-b542-1e8823abc24a' of framework 83697b4b-b81d-4fae-b5d2-f84275ced44b-0000 at executor(1)@192.168.1.5:46527
I0514 20:43:49.398792  2700 slave.cpp:5545] Handling status update TASK_STARTING (Status UUID: e842cfd8-5e70-4220-9f00-bdbb03b96408) for task httpd.e2a5499b-76b2-11e9-b542-1e8823abc24a of framework 83697b4b-b81d-4fae-b5d2-f84275ced44b-0000 from executor(1)@192.168.1.5:46527
I0514 20:43:49.399505  2705 task_status_update_manager.cpp:328] Received task status update TASK_STARTING (Status UUID: e842cfd8-5e70-4220-9f00-bdbb03b96408) for task httpd.e2a5499b-76b2-11e9-b542-1e8823abc24a of framework 83697b4b-b81d-4fae-b5d2-f84275ced44b-0000
I0514 20:43:49.400017  2705 task_status_update_manager.cpp:842] Checkpointing UPDATE for task status update TASK_STARTING (Status UUID: e842cfd8-5e70-4220-9f00-bdbb03b96408) for task httpd.e2a5499b-76b2-11e9-b542-1e8823abc24a of framework 83697b4b-b81d-4fae-b5d2-f84275ced44b-0000
I0514 20:43:49.400328  2709 slave.cpp:6037] Forwarding the update TASK_STARTING (Status UUID: e842cfd8-5e70-4220-9f00-bdbb03b96408) for task httpd.e2a5499b-76b2-11e9-b542-1e8823abc24a of framework 83697b4b-b81d-4fae-b5d2-f84275ced44b-0000 to master@127.0.0.1:5050
I0514 20:43:49.400903  2709 slave.cpp:5946] Sending acknowledgement for status update TASK_STARTING (Status UUID: e842cfd8-5e70-4220-9f00-bdbb03b96408) for task httpd.e2a5499b-76b2-11e9-b542-1e8823abc24a of framework 83697b4b-b81d-4fae-b5d2-f84275ced44b-0000 to executor(1)@192.168.1.5:46527
I0514 20:43:49.432029  2701 task_status_update_manager.cpp:401] Received task status update acknowledgement (UUID: e842cfd8-5e70-4220-9f00-bdbb03b96408) for task httpd.e2a5499b-76b2-11e9-b542-1e8823abc24a of framework 83697b4b-b81d-4fae-b5d2-f84275ced44b-0000
I0514 20:43:49.432130  2701 task_status_update_manager.cpp:842] Checkpointing ACK for task status update TASK_STARTING (Status UUID: e842cfd8-5e70-4220-9f00-bdbb03b96408) for task httpd.e2a5499b-76b2-11e9-b542-1e8823abc24a of framework 83697b4b-b81d-4fae-b5d2-f84275ced44b-0000
I0514 20:43:54.488499  2707 slave.cpp:5545] Handling status update TASK_FAILED (Status UUID: 4d45abd9-68e0-40ff-b0fe-f25ee476aea8) for task httpd.e2a5499b-76b2-11e9-b542-1e8823abc24a of framework 83697b4b-b81d-4fae-b5d2-f84275ced44b-0000 from executor(1)@192.168.1.5:46527
E0514 20:43:54.640482  2700 slave.cpp:5876] Failed to update resources for container 70f6cda2-b32e-494d-bae3-a1dd0cafd06d of executor 'httpd.e2a5499b-76b2-11e9-b542-1e8823abc24a' running task httpd.e2a5499b-76b2-11e9-b542-1e8823abc24a on status update for terminal task, destroying container: Failed to run 'docker -H unix:///var/run/docker.sock inspect --type=container mesos-70f6cda2-b32e-494d-bae3-a1dd0cafd06d': exited with status 1; stderr='Error: No such container: mesos-70f6cda2-b32e-494d-bae3-a1dd0cafd06d
'
I0514 20:43:54.640928  2709 task_status_update_manager.cpp:328] Received task status update TASK_FAILED (Status UUID: 4d45abd9-68e0-40ff-b0fe-f25ee476aea8) for task httpd.e2a5499b-76b2-11e9-b542-1e8823abc24a of framework 83697b4b-b81d-4fae-b5d2-f84275ced44b-0000
I0514 20:43:54.640980  2711 docker.cpp:2328] Destroying container 70f6cda2-b32e-494d-bae3-a1dd0cafd06d in RUNNING state
I0514 20:43:54.641039  2711 docker.cpp:2333] Sending SIGTERM to executor with pid: 3824
I0514 20:43:54.641054  2709 task_status_update_manager.cpp:842] Checkpointing UPDATE for task status update TASK_FAILED (Status UUID: 4d45abd9-68e0-40ff-b0fe-f25ee476aea8) for task httpd.e2a5499b-76b2-11e9-b542-1e8823abc24a of framework 83697b4b-b81d-4fae-b5d2-f84275ced44b-0000
I0514 20:43:54.641552  2699 slave.cpp:6037] Forwarding the update TASK_FAILED (Status UUID: 4d45abd9-68e0-40ff-b0fe-f25ee476aea8) for task httpd.e2a5499b-76b2-11e9-b542-1e8823abc24a of framework 83697b4b-b81d-4fae-b5d2-f84275ced44b-0000 to master@127.0.0.1:5050
I0514 20:43:54.642683  2699 slave.cpp:5946] Sending acknowledgement for status update TASK_FAILED (Status UUID: 4d45abd9-68e0-40ff-b0fe-f25ee476aea8) for task httpd.e2a5499b-76b2-11e9-b542-1e8823abc24a of framework 83697b4b-b81d-4fae-b5d2-f84275ced44b-0000 to executor(1)@192.168.1.5:46527
I0514 20:43:54.668037  2711 docker.cpp:2378] Running docker stop on container 70f6cda2-b32e-494d-bae3-a1dd0cafd06d
I0514 20:43:54.672977  2701 slave.cpp:6217] Got exited event for executor(1)@192.168.1.5:46527
I0514 20:43:54.683271  2705 task_status_update_manager.cpp:401] Received task status update acknowledgement (UUID: 4d45abd9-68e0-40ff-b0fe-f25ee476aea8) for task httpd.e2a5499b-76b2-11e9-b542-1e8823abc24a of framework 83697b4b-b81d-4fae-b5d2-f84275ced44b-0000
I0514 20:43:54.683390  2705 task_status_update_manager.cpp:842] Checkpointing ACK for task status update TASK_FAILED (Status UUID: 4d45abd9-68e0-40ff-b0fe-f25ee476aea8) for task httpd.e2a5499b-76b2-11e9-b542-1e8823abc24a of framework 83697b4b-b81d-4fae-b5d2-f84275ced44b-0000
I0514 20:43:54.684083  2711 gc.cpp:95] Scheduling '/var/lib/mesos/agent/meta/slaves/c8e59b09-da78-48e6-bdd2-9c3396b857b8-S0/frameworks/83697b4b-b81d-4fae-b5d2-f84275ced44b-0000/executors/httpd.e2a5499b-76b2-11e9-b542-1e8823abc24a/runs/70f6cda2-b32e-494d-bae3-a1dd0cafd06d/tasks/httpd.e2a5499b-76b2-11e9-b542-1e8823abc24a' for gc 6.99993421283556days in the future
I0514 20:43:54.741076  2703 docker.cpp:2557] Executor for container 70f6cda2-b32e-494d-bae3-a1dd0cafd06d has exited
I0514 20:43:54.846835  2711 slave.cpp:6613] Executor 'httpd.e2a5499b-76b2-11e9-b542-1e8823abc24a' of framework 83697b4b-b81d-4fae-b5d2-f84275ced44b-0000 terminated with signal Terminated
I0514 20:43:54.847005  2711 slave.cpp:6711] Cleaning up executor 'httpd.e2a5499b-76b2-11e9-b542-1e8823abc24a' of framework 83697b4b-b81d-4fae-b5d2-f84275ced44b-0000 at executor(1)@192.168.1.5:46527
I0514 20:43:54.847563  2701 gc.cpp:95] Scheduling '/var/lib/mesos/agent/slaves/c8e59b09-da78-48e6-bdd2-9c3396b857b8-S0/frameworks/83697b4b-b81d-4fae-b5d2-f84275ced44b-0000/executors/httpd.e2a5499b-76b2-11e9-b542-1e8823abc24a/runs/70f6cda2-b32e-494d-bae3-a1dd0cafd06d' for gc 6.99999019221037days in the future
I0514 20:43:54.848152  2709 gc.cpp:95] Scheduling '/var/lib/mesos/agent/slaves/c8e59b09-da78-48e6-bdd2-9c3396b857b8-S0/frameworks/83697b4b-b81d-4fae-b5d2-f84275ced44b-0000/executors/httpd.e2a5499b-76b2-11e9-b542-1e8823abc24a' for gc 6.99999018569481days in the future
I0514 20:43:54.848337  2709 gc.cpp:95] Scheduling '/var/lib/mesos/agent/meta/slaves/c8e59b09-da78-48e6-bdd2-9c3396b857b8-S0/frameworks/83697b4b-b81d-4fae-b5d2-f84275ced44b-0000/executors/httpd.e2a5499b-76b2-11e9-b542-1e8823abc24a/runs/70f6cda2-b32e-494d-bae3-a1dd0cafd06d' for gc 6.9999901837037days in the future
I0514 20:43:54.848498  2709 gc.cpp:95] Scheduling '/var/lib/mesos/agent/meta/slaves/c8e59b09-da78-48e6-bdd2-9c3396b857b8-S0/frameworks/83697b4b-b81d-4fae-b5d2-f84275ced44b-0000/executors/httpd.e2a5499b-76b2-11e9-b542-1e8823abc24a' for gc 6.99999018263704days in the future
I0514 20:43:54.848536  2711 slave.cpp:6840] Cleaning up framework 83697b4b-b81d-4fae-b5d2-f84275ced44b-0000
I0514 20:43:54.848716  2707 task_status_update_manager.cpp:289] Closing task status update streams for framework 83697b4b-b81d-4fae-b5d2-f84275ced44b-0000
I0514 20:43:54.848778  2703 gc.cpp:95] Scheduling '/var/lib/mesos/agent/slaves/c8e59b09-da78-48e6-bdd2-9c3396b857b8-S0/frameworks/83697b4b-b81d-4fae-b5d2-f84275ced44b-0000' for gc 6.99999017729185days in the future
I0514 20:43:54.848960  2703 gc.cpp:95] Scheduling '/var/lib/mesos/agent/meta/slaves/c8e59b09-da78-48e6-bdd2-9c3396b857b8-S0/frameworks/83697b4b-b81d-4fae-b5d2-f84275ced44b-0000' for gc 6.99999017622815days in the future
I0514 20:43:59.194145  2700 slave.cpp:2037] Got assigned task 'httpd.e8a0a8dc-76b2-11e9-b542-1e8823abc24a' for framework 83697b4b-b81d-4fae-b5d2-f84275ced44b-0000
I0514 20:43:59.194339  2707 gc.cpp:129] Unscheduling '/var/lib/mesos/agent/slaves/c8e59b09-da78-48e6-bdd2-9c3396b857b8-S0/frameworks/83697b4b-b81d-4fae-b5d2-f84275ced44b-0000' from gc
I0514 20:43:59.194547  2707 gc.cpp:129] Unscheduling '/var/lib/mesos/agent/meta/slaves/c8e59b09-da78-48e6-bdd2-9c3396b857b8-S0/frameworks/83697b4b-b81d-4fae-b5d2-f84275ced44b-0000' from gc
I0514 20:43:59.196593  2700 slave.cpp:2411] Authorizing task 'httpd.e8a0a8dc-76b2-11e9-b542-1e8823abc24a' for framework 83697b4b-b81d-4fae-b5d2-f84275ced44b-0000
I0514 20:43:59.199033  2700 slave.cpp:2854] Launching task 'httpd.e8a0a8dc-76b2-11e9-b542-1e8823abc24a' for framework 83697b4b-b81d-4fae-b5d2-f84275ced44b-0000
I0514 20:43:59.200345  2700 paths.cpp:801] Creating sandbox '/var/lib/mesos/agent/slaves/c8e59b09-da78-48e6-bdd2-9c3396b857b8-S0/frameworks/83697b4b-b81d-4fae-b5d2-f84275ced44b-0000/executors/httpd.e8a0a8dc-76b2-11e9-b542-1e8823abc24a/runs/a2f07c73-e911-4c29-9ae8-693579d120da' for user 'root'
I0514 20:43:59.201170  2700 paths.cpp:804] Creating sandbox '/var/lib/mesos/agent/meta/slaves/c8e59b09-da78-48e6-bdd2-9c3396b857b8-S0/frameworks/83697b4b-b81d-4fae-b5d2-f84275ced44b-0000/executors/httpd.e8a0a8dc-76b2-11e9-b542-1e8823abc24a/runs/a2f07c73-e911-4c29-9ae8-693579d120da'
I0514 20:43:59.201356  2700 slave.cpp:9695] Launching executor 'httpd.e8a0a8dc-76b2-11e9-b542-1e8823abc24a' of framework 83697b4b-b81d-4fae-b5d2-f84275ced44b-0000 with resources [{"allocation_info":{"role":"*"},"name":"cpus","scalar":{"value":0.1},"type":"SCALAR"},{"allocation_info":{"role":"*"},"name":"mem","scalar":{"value":32.0},"type":"SCALAR"}] in work directory '/var/lib/mesos/agent/slaves/c8e59b09-da78-48e6-bdd2-9c3396b857b8-S0/frameworks/83697b4b-b81d-4fae-b5d2-f84275ced44b-0000/executors/httpd.e8a0a8dc-76b2-11e9-b542-1e8823abc24a/runs/a2f07c73-e911-4c29-9ae8-693579d120da'
I0514 20:43:59.203150  2700 slave.cpp:3080] Queued task 'httpd.e8a0a8dc-76b2-11e9-b542-1e8823abc24a' for executor 'httpd.e8a0a8dc-76b2-11e9-b542-1e8823abc24a' of framework 83697b4b-b81d-4fae-b5d2-f84275ced44b-0000
I0514 20:43:59.203722  2700 slave.cpp:3528] Launching container a2f07c73-e911-4c29-9ae8-693579d120da for executor 'httpd.e8a0a8dc-76b2-11e9-b542-1e8823abc24a' of framework 83697b4b-b81d-4fae-b5d2-f84275ced44b-0000
I0514 20:43:59.204443  2703 docker.cpp:1183] Starting container 'a2f07c73-e911-4c29-9ae8-693579d120da' for task 'httpd.e8a0a8dc-76b2-11e9-b542-1e8823abc24a' (and executor 'httpd.e8a0a8dc-76b2-11e9-b542-1e8823abc24a') of framework 83697b4b-b81d-4fae-b5d2-f84275ced44b-0000
I0514 20:43:59.386909  2711 docker.cpp:783] Checkpointing pid 4017 to '/var/lib/mesos/agent/meta/slaves/c8e59b09-da78-48e6-bdd2-9c3396b857b8-S0/frameworks/83697b4b-b81d-4fae-b5d2-f84275ced44b-0000/executors/httpd.e8a0a8dc-76b2-11e9-b542-1e8823abc24a/runs/a2f07c73-e911-4c29-9ae8-693579d120da/pids/forked.pid'
I0514 20:43:59.387351  2711 systemd.cpp:98] Assigned child process '4017' to 'mesos_executors.slice'
I0514 20:43:59.478392  2700 slave.cpp:5074] Got registration for executor 'httpd.e8a0a8dc-76b2-11e9-b542-1e8823abc24a' of framework 83697b4b-b81d-4fae-b5d2-f84275ced44b-0000 from executor(1)@192.168.1.5:33839
I0514 20:43:59.480403  2700 docker.cpp:1691] Ignoring updating container a2f07c73-e911-4c29-9ae8-693579d120da because resources passed to update are identical to existing resources
I0514 20:43:59.480804  2703 slave.cpp:3298] Sending queued task 'httpd.e8a0a8dc-76b2-11e9-b542-1e8823abc24a' to executor 'httpd.e8a0a8dc-76b2-11e9-b542-1e8823abc24a' of framework 83697b4b-b81d-4fae-b5d2-f84275ced44b-0000 at executor(1)@192.168.1.5:33839
I0514 20:43:59.488025  2707 slave.cpp:5545] Handling status update TASK_STARTING (Status UUID: c458f9e9-cfa4-4bdc-8d03-5d8054048101) for task httpd.e8a0a8dc-76b2-11e9-b542-1e8823abc24a of framework 83697b4b-b81d-4fae-b5d2-f84275ced44b-0000 from executor(1)@192.168.1.5:33839
I0514 20:43:59.488734  2700 task_status_update_manager.cpp:328] Received task status update TASK_STARTING (Status UUID: c458f9e9-cfa4-4bdc-8d03-5d8054048101) for task httpd.e8a0a8dc-76b2-11e9-b542-1e8823abc24a of framework 83697b4b-b81d-4fae-b5d2-f84275ced44b-0000
I0514 20:43:59.489205  2700 task_status_update_manager.cpp:842] Checkpointing UPDATE for task status update TASK_STARTING (Status UUID: c458f9e9-cfa4-4bdc-8d03-5d8054048101) for task httpd.e8a0a8dc-76b2-11e9-b542-1e8823abc24a of framework 83697b4b-b81d-4fae-b5d2-f84275ced44b-0000
I0514 20:43:59.489531  2703 slave.cpp:6037] Forwarding the update TASK_STARTING (Status UUID: c458f9e9-cfa4-4bdc-8d03-5d8054048101) for task httpd.e8a0a8dc-76b2-11e9-b542-1e8823abc24a of framework 83697b4b-b81d-4fae-b5d2-f84275ced44b-0000 to master@127.0.0.1:5050
I0514 20:43:59.490108  2703 slave.cpp:5946] Sending acknowledgement for status update TASK_STARTING (Status UUID: c458f9e9-cfa4-4bdc-8d03-5d8054048101) for task httpd.e8a0a8dc-76b2-11e9-b542-1e8823abc24a of framework 83697b4b-b81d-4fae-b5d2-f84275ced44b-0000 to executor(1)@192.168.1.5:33839
I0514 20:43:59.523663  2705 task_status_update_manager.cpp:401] Received task status update acknowledgement (UUID: c458f9e9-cfa4-4bdc-8d03-5d8054048101) for task httpd.e8a0a8dc-76b2-11e9-b542-1e8823abc24a of framework 83697b4b-b81d-4fae-b5d2-f84275ced44b-0000
I0514 20:43:59.523792  2705 task_status_update_manager.cpp:842] Checkpointing ACK for task status update TASK_STARTING (Status UUID: c458f9e9-cfa4-4bdc-8d03-5d8054048101) for task httpd.e8a0a8dc-76b2-11e9-b542-1e8823abc24a of framework 83697b4b-b81d-4fae-b5d2-f84275ced44b-0000
I0514 20:44:04.577414  2700 slave.cpp:5545] Handling status update TASK_FAILED (Status UUID: 3556476f-cba5-420e-9fc2-32bbab4f22b6) for task httpd.e8a0a8dc-76b2-11e9-b542-1e8823abc24a of framework 83697b4b-b81d-4fae-b5d2-f84275ced44b-0000 from executor(1)@192.168.1.5:33839
E0514 20:44:04.731680  2701 slave.cpp:5876] Failed to update resources for container a2f07c73-e911-4c29-9ae8-693579d120da of executor 'httpd.e8a0a8dc-76b2-11e9-b542-1e8823abc24a' running task httpd.e8a0a8dc-76b2-11e9-b542-1e8823abc24a on status update for terminal task, destroying container: Failed to run 'docker -H unix:///var/run/docker.sock inspect --type=container mesos-a2f07c73-e911-4c29-9ae8-693579d120da': exited with status 1; stderr='Error: No such container: mesos-a2f07c73-e911-4c29-9ae8-693579d120da
'
I0514 20:44:04.732251  2711 docker.cpp:2328] Destroying container a2f07c73-e911-4c29-9ae8-693579d120da in RUNNING state
I0514 20:44:04.732297  2711 docker.cpp:2333] Sending SIGTERM to executor with pid: 4017
I0514 20:44:04.732339  2709 task_status_update_manager.cpp:328] Received task status update TASK_FAILED (Status UUID: 3556476f-cba5-420e-9fc2-32bbab4f22b6) for task httpd.e8a0a8dc-76b2-11e9-b542-1e8823abc24a of framework 83697b4b-b81d-4fae-b5d2-f84275ced44b-0000
I0514 20:44:04.732483  2709 task_status_update_manager.cpp:842] Checkpointing UPDATE for task status update TASK_FAILED (Status UUID: 3556476f-cba5-420e-9fc2-32bbab4f22b6) for task httpd.e8a0a8dc-76b2-11e9-b542-1e8823abc24a of framework 83697b4b-b81d-4fae-b5d2-f84275ced44b-0000
I0514 20:44:04.733036  2705 slave.cpp:6037] Forwarding the update TASK_FAILED (Status UUID: 3556476f-cba5-420e-9fc2-32bbab4f22b6) for task httpd.e8a0a8dc-76b2-11e9-b542-1e8823abc24a of framework 83697b4b-b81d-4fae-b5d2-f84275ced44b-0000 to master@127.0.0.1:5050
I0514 20:44:04.734176  2705 slave.cpp:5946] Sending acknowledgement for status update TASK_FAILED (Status UUID: 3556476f-cba5-420e-9fc2-32bbab4f22b6) for task httpd.e8a0a8dc-76b2-11e9-b542-1e8823abc24a of framework 83697b4b-b81d-4fae-b5d2-f84275ced44b-0000 to executor(1)@192.168.1.5:33839
I0514 20:44:04.759897  2711 docker.cpp:2378] Running docker stop on container a2f07c73-e911-4c29-9ae8-693579d120da
I0514 20:44:04.764595  2699 slave.cpp:6217] Got exited event for executor(1)@192.168.1.5:33839
I0514 20:44:04.766572  2709 task_status_update_manager.cpp:401] Received task status update acknowledgement (UUID: 3556476f-cba5-420e-9fc2-32bbab4f22b6) for task httpd.e8a0a8dc-76b2-11e9-b542-1e8823abc24a of framework 83697b4b-b81d-4fae-b5d2-f84275ced44b-0000
I0514 20:44:04.766741  2709 task_status_update_manager.cpp:842] Checkpointing ACK for task status update TASK_FAILED (Status UUID: 3556476f-cba5-420e-9fc2-32bbab4f22b6) for task httpd.e8a0a8dc-76b2-11e9-b542-1e8823abc24a of framework 83697b4b-b81d-4fae-b5d2-f84275ced44b-0000
I0514 20:44:04.767649  2711 gc.cpp:95] Scheduling '/var/lib/mesos/agent/meta/slaves/c8e59b09-da78-48e6-bdd2-9c3396b857b8-S0/frameworks/83697b4b-b81d-4fae-b5d2-f84275ced44b-0000/executors/httpd.e8a0a8dc-76b2-11e9-b542-1e8823abc24a/runs/a2f07c73-e911-4c29-9ae8-693579d120da/tasks/httpd.e8a0a8dc-76b2-11e9-b542-1e8823abc24a' for gc 6.99993324561185days in the future
I0514 20:44:04.832294  2703 docker.cpp:2557] Executor for container a2f07c73-e911-4c29-9ae8-693579d120da has exited
I0514 20:44:04.936803  2711 slave.cpp:6613] Executor 'httpd.e8a0a8dc-76b2-11e9-b542-1e8823abc24a' of framework 83697b4b-b81d-4fae-b5d2-f84275ced44b-0000 terminated with signal Terminated
I0514 20:44:04.936919  2711 slave.cpp:6711] Cleaning up executor 'httpd.e8a0a8dc-76b2-11e9-b542-1e8823abc24a' of framework 83697b4b-b81d-4fae-b5d2-f84275ced44b-0000 at executor(1)@192.168.1.5:33839
I0514 20:44:04.937248  2699 gc.cpp:95] Scheduling '/var/lib/mesos/agent/slaves/c8e59b09-da78-48e6-bdd2-9c3396b857b8-S0/frameworks/83697b4b-b81d-4fae-b5d2-f84275ced44b-0000/executors/httpd.e8a0a8dc-76b2-11e9-b542-1e8823abc24a/runs/a2f07c73-e911-4c29-9ae8-693579d120da' for gc 6.99998915362074days in the future
I0514 20:44:04.937604  2707 gc.cpp:95] Scheduling '/var/lib/mesos/agent/slaves/c8e59b09-da78-48e6-bdd2-9c3396b857b8-S0/frameworks/83697b4b-b81d-4fae-b5d2-f84275ced44b-0000/executors/httpd.e8a0a8dc-76b2-11e9-b542-1e8823abc24a' for gc 6.99998914960593days in the future
I0514 20:44:04.937741  2707 gc.cpp:95] Scheduling '/var/lib/mesos/agent/meta/slaves/c8e59b09-da78-48e6-bdd2-9c3396b857b8-S0/frameworks/83697b4b-b81d-4fae-b5d2-f84275ced44b-0000/executors/httpd.e8a0a8dc-76b2-11e9-b542-1e8823abc24a/runs/a2f07c73-e911-4c29-9ae8-693579d120da' for gc 6.99998914824days in the future
I0514 20:44:04.937840  2707 gc.cpp:95] Scheduling '/var/lib/mesos/agent/meta/slaves/c8e59b09-da78-48e6-bdd2-9c3396b857b8-S0/frameworks/83697b4b-b81d-4fae-b5d2-f84275ced44b-0000/executors/httpd.e8a0a8dc-76b2-11e9-b542-1e8823abc24a' for gc 6.99998914747556days in the future
I0514 20:44:04.937911  2711 slave.cpp:6840] Cleaning up framework 83697b4b-b81d-4fae-b5d2-f84275ced44b-0000
I0514 20:44:04.938072  2700 task_status_update_manager.cpp:289] Closing task status update streams for framework 83697b4b-b81d-4fae-b5d2-f84275ced44b-0000
I0514 20:44:04.938128  2703 gc.cpp:95] Scheduling '/var/lib/mesos/agent/slaves/c8e59b09-da78-48e6-bdd2-9c3396b857b8-S0/frameworks/83697b4b-b81d-4fae-b5d2-f84275ced44b-0000' for gc 6.99998914327704days in the future
I0514 20:44:04.938262  2703 gc.cpp:95] Scheduling '/var/lib/mesos/agent/meta/slaves/c8e59b09-da78-48e6-bdd2-9c3396b857b8-S0/frameworks/83697b4b-b81d-4fae-b5d2-f84275ced44b-0000' for gc 6.99998914241778days in the future
I0514 20:44:09.209578  2707 slave.cpp:2037] Got assigned task 'httpd.ee9c563d-76b2-11e9-b542-1e8823abc24a' for framework 83697b4b-b81d-4fae-b5d2-f84275ced44b-0000
I0514 20:44:09.209807  2711 gc.cpp:129] Unscheduling '/var/lib/mesos/agent/slaves/c8e59b09-da78-48e6-bdd2-9c3396b857b8-S0/frameworks/83697b4b-b81d-4fae-b5d2-f84275ced44b-0000' from gc
I0514 20:44:09.210057  2711 gc.cpp:129] Unscheduling '/var/lib/mesos/agent/meta/slaves/c8e59b09-da78-48e6-bdd2-9c3396b857b8-S0/frameworks/83697b4b-b81d-4fae-b5d2-f84275ced44b-0000' from gc
I0514 20:44:09.212545  2707 slave.cpp:2411] Authorizing task 'httpd.ee9c563d-76b2-11e9-b542-1e8823abc24a' for framework 83697b4b-b81d-4fae-b5d2-f84275ced44b-0000
I0514 20:44:09.215680  2707 slave.cpp:2854] Launching task 'httpd.ee9c563d-76b2-11e9-b542-1e8823abc24a' for framework 83697b4b-b81d-4fae-b5d2-f84275ced44b-0000
I0514 20:44:09.215778  2707 paths.cpp:801] Creating sandbox '/var/lib/mesos/agent/slaves/c8e59b09-da78-48e6-bdd2-9c3396b857b8-S0/frameworks/83697b4b-b81d-4fae-b5d2-f84275ced44b-0000/executors/httpd.ee9c563d-76b2-11e9-b542-1e8823abc24a/runs/31de5b35-f59f-4b70-be51-b4d46d6b981d' for user 'root'
I0514 20:44:09.216828  2707 paths.cpp:804] Creating sandbox '/var/lib/mesos/agent/meta/slaves/c8e59b09-da78-48e6-bdd2-9c3396b857b8-S0/frameworks/83697b4b-b81d-4fae-b5d2-f84275ced44b-0000/executors/httpd.ee9c563d-76b2-11e9-b542-1e8823abc24a/runs/31de5b35-f59f-4b70-be51-b4d46d6b981d'
I0514 20:44:09.217034  2707 slave.cpp:9695] Launching executor 'httpd.ee9c563d-76b2-11e9-b542-1e8823abc24a' of framework 83697b4b-b81d-4fae-b5d2-f84275ced44b-0000 with resources [{"allocation_info":{"role":"*"},"name":"cpus","scalar":{"value":0.1},"type":"SCALAR"},{"allocation_info":{"role":"*"},"name":"mem","scalar":{"value":32.0},"type":"SCALAR"}] in work directory '/var/lib/mesos/agent/slaves/c8e59b09-da78-48e6-bdd2-9c3396b857b8-S0/frameworks/83697b4b-b81d-4fae-b5d2-f84275ced44b-0000/executors/httpd.ee9c563d-76b2-11e9-b542-1e8823abc24a/runs/31de5b35-f59f-4b70-be51-b4d46d6b981d'
I0514 20:44:09.219159  2707 slave.cpp:3080] Queued task 'httpd.ee9c563d-76b2-11e9-b542-1e8823abc24a' for executor 'httpd.ee9c563d-76b2-11e9-b542-1e8823abc24a' of framework 83697b4b-b81d-4fae-b5d2-f84275ced44b-0000
I0514 20:44:09.219907  2707 slave.cpp:3528] Launching container 31de5b35-f59f-4b70-be51-b4d46d6b981d for executor 'httpd.ee9c563d-76b2-11e9-b542-1e8823abc24a' of framework 83697b4b-b81d-4fae-b5d2-f84275ced44b-0000
I0514 20:44:09.221012  2709 docker.cpp:1183] Starting container '31de5b35-f59f-4b70-be51-b4d46d6b981d' for task 'httpd.ee9c563d-76b2-11e9-b542-1e8823abc24a' (and executor 'httpd.ee9c563d-76b2-11e9-b542-1e8823abc24a') of framework 83697b4b-b81d-4fae-b5d2-f84275ced44b-0000
I0514 20:44:09.375996  2711 docker.cpp:783] Checkpointing pid 4139 to '/var/lib/mesos/agent/meta/slaves/c8e59b09-da78-48e6-bdd2-9c3396b857b8-S0/frameworks/83697b4b-b81d-4fae-b5d2-f84275ced44b-0000/executors/httpd.ee9c563d-76b2-11e9-b542-1e8823abc24a/runs/31de5b35-f59f-4b70-be51-b4d46d6b981d/pids/forked.pid'
I0514 20:44:09.376374  2711 systemd.cpp:98] Assigned child process '4139' to 'mesos_executors.slice'
I0514 20:44:09.468034  2701 slave.cpp:5074] Got registration for executor 'httpd.ee9c563d-76b2-11e9-b542-1e8823abc24a' of framework 83697b4b-b81d-4fae-b5d2-f84275ced44b-0000 from executor(1)@192.168.1.5:41609
I0514 20:44:09.470046  2699 docker.cpp:1691] Ignoring updating container 31de5b35-f59f-4b70-be51-b4d46d6b981d because resources passed to update are identical to existing resources
I0514 20:44:09.470517  2705 slave.cpp:3298] Sending queued task 'httpd.ee9c563d-76b2-11e9-b542-1e8823abc24a' to executor 'httpd.ee9c563d-76b2-11e9-b542-1e8823abc24a' of framework 83697b4b-b81d-4fae-b5d2-f84275ced44b-0000 at executor(1)@192.168.1.5:41609
I0514 20:44:09.478147  2711 slave.cpp:5545] Handling status update TASK_STARTING (Status UUID: 71d390f3-b2ee-4eb5-8148-dc92ad6bc260) for task httpd.ee9c563d-76b2-11e9-b542-1e8823abc24a of framework 83697b4b-b81d-4fae-b5d2-f84275ced44b-0000 from executor(1)@192.168.1.5:41609
I0514 20:44:09.478909  2699 task_status_update_manager.cpp:328] Received task status update TASK_STARTING (Status UUID: 71d390f3-b2ee-4eb5-8148-dc92ad6bc260) for task httpd.ee9c563d-76b2-11e9-b542-1e8823abc24a of framework 83697b4b-b81d-4fae-b5d2-f84275ced44b-0000
I0514 20:44:09.479362  2699 task_status_update_manager.cpp:842] Checkpointing UPDATE for task status update TASK_STARTING (Status UUID: 71d390f3-b2ee-4eb5-8148-dc92ad6bc260) for task httpd.ee9c563d-76b2-11e9-b542-1e8823abc24a of framework 83697b4b-b81d-4fae-b5d2-f84275ced44b-0000
I0514 20:44:09.479707  2705 slave.cpp:6037] Forwarding the update TASK_STARTING (Status UUID: 71d390f3-b2ee-4eb5-8148-dc92ad6bc260) for task httpd.ee9c563d-76b2-11e9-b542-1e8823abc24a of framework 83697b4b-b81d-4fae-b5d2-f84275ced44b-0000 to master@127.0.0.1:5050
I0514 20:44:09.480335  2705 slave.cpp:5946] Sending acknowledgement for status update TASK_STARTING (Status UUID: 71d390f3-b2ee-4eb5-8148-dc92ad6bc260) for task httpd.ee9c563d-76b2-11e9-b542-1e8823abc24a of framework 83697b4b-b81d-4fae-b5d2-f84275ced44b-0000 to executor(1)@192.168.1.5:41609
I0514 20:44:09.557543  2701 task_status_update_manager.cpp:401] Received task status update acknowledgement (UUID: 71d390f3-b2ee-4eb5-8148-dc92ad6bc260) for task httpd.ee9c563d-76b2-11e9-b542-1e8823abc24a of framework 83697b4b-b81d-4fae-b5d2-f84275ced44b-0000
I0514 20:44:09.557680  2701 task_status_update_manager.cpp:842] Checkpointing ACK for task status update TASK_STARTING (Status UUID: 71d390f3-b2ee-4eb5-8148-dc92ad6bc260) for task httpd.ee9c563d-76b2-11e9-b542-1e8823abc24a of framework 83697b4b-b81d-4fae-b5d2-f84275ced44b-0000
I0514 20:44:14.570463  2705 slave.cpp:5545] Handling status update TASK_FAILED (Status UUID: 6b1471c1-79aa-4b86-b373-42937471df39) for task httpd.ee9c563d-76b2-11e9-b542-1e8823abc24a of framework 83697b4b-b81d-4fae-b5d2-f84275ced44b-0000 from executor(1)@192.168.1.5:41609
E0514 20:44:14.723273  2703 slave.cpp:5876] Failed to update resources for container 31de5b35-f59f-4b70-be51-b4d46d6b981d of executor 'httpd.ee9c563d-76b2-11e9-b542-1e8823abc24a' running task httpd.ee9c563d-76b2-11e9-b542-1e8823abc24a on status update for terminal task, destroying container: Failed to run 'docker -H unix:///var/run/docker.sock inspect --type=container mesos-31de5b35-f59f-4b70-be51-b4d46d6b981d': exited with status 1; stderr='Error: No such container: mesos-31de5b35-f59f-4b70-be51-b4d46d6b981d
'
I0514 20:44:14.723682  2700 docker.cpp:2328] Destroying container 31de5b35-f59f-4b70-be51-b4d46d6b981d in RUNNING state
I0514 20:44:14.723708  2700 docker.cpp:2333] Sending SIGTERM to executor with pid: 4139
I0514 20:44:14.723690  2707 task_status_update_manager.cpp:328] Received task status update TASK_FAILED (Status UUID: 6b1471c1-79aa-4b86-b373-42937471df39) for task httpd.ee9c563d-76b2-11e9-b542-1e8823abc24a of framework 83697b4b-b81d-4fae-b5d2-f84275ced44b-0000
I0514 20:44:14.723793  2707 task_status_update_manager.cpp:842] Checkpointing UPDATE for task status update TASK_FAILED (Status UUID: 6b1471c1-79aa-4b86-b373-42937471df39) for task httpd.ee9c563d-76b2-11e9-b542-1e8823abc24a of framework 83697b4b-b81d-4fae-b5d2-f84275ced44b-0000
I0514 20:44:14.724197  2701 slave.cpp:6037] Forwarding the update TASK_FAILED (Status UUID: 6b1471c1-79aa-4b86-b373-42937471df39) for task httpd.ee9c563d-76b2-11e9-b542-1e8823abc24a of framework 83697b4b-b81d-4fae-b5d2-f84275ced44b-0000 to master@127.0.0.1:5050
I0514 20:44:14.725014  2701 slave.cpp:5946] Sending acknowledgement for status update TASK_FAILED (Status UUID: 6b1471c1-79aa-4b86-b373-42937471df39) for task httpd.ee9c563d-76b2-11e9-b542-1e8823abc24a of framework 83697b4b-b81d-4fae-b5d2-f84275ced44b-0000 to executor(1)@192.168.1.5:41609
I0514 20:44:14.749817  2700 docker.cpp:2378] Running docker stop on container 31de5b35-f59f-4b70-be51-b4d46d6b981d
I0514 20:44:14.755393  2703 slave.cpp:6217] Got exited event for executor(1)@192.168.1.5:41609
I0514 20:44:14.758126  2711 task_status_update_manager.cpp:401] Received task status update acknowledgement (UUID: 6b1471c1-79aa-4b86-b373-42937471df39) for task httpd.ee9c563d-76b2-11e9-b542-1e8823abc24a of framework 83697b4b-b81d-4fae-b5d2-f84275ced44b-0000
I0514 20:44:14.758324  2711 task_status_update_manager.cpp:842] Checkpointing ACK for task status update TASK_FAILED (Status UUID: 6b1471c1-79aa-4b86-b373-42937471df39) for task httpd.ee9c563d-76b2-11e9-b542-1e8823abc24a of framework 83697b4b-b81d-4fae-b5d2-f84275ced44b-0000
I0514 20:44:14.759073  2700 gc.cpp:95] Scheduling '/var/lib/mesos/agent/meta/slaves/c8e59b09-da78-48e6-bdd2-9c3396b857b8-S0/frameworks/83697b4b-b81d-4fae-b5d2-f84275ced44b-0000/executors/httpd.ee9c563d-76b2-11e9-b542-1e8823abc24a/runs/31de5b35-f59f-4b70-be51-b4d46d6b981d/tasks/httpd.ee9c563d-76b2-11e9-b542-1e8823abc24a' for gc 6.99993334482667days in the future
I0514 20:44:14.823990  2707 docker.cpp:2557] Executor for container 31de5b35-f59f-4b70-be51-b4d46d6b981d has exited
I0514 20:44:14.928263  2700 slave.cpp:6613] Executor 'httpd.ee9c563d-76b2-11e9-b542-1e8823abc24a' of framework 83697b4b-b81d-4fae-b5d2-f84275ced44b-0000 terminated with signal Terminated
I0514 20:44:14.928369  2700 slave.cpp:6711] Cleaning up executor 'httpd.ee9c563d-76b2-11e9-b542-1e8823abc24a' of framework 83697b4b-b81d-4fae-b5d2-f84275ced44b-0000 at executor(1)@192.168.1.5:41609
I0514 20:44:14.928714  2707 gc.cpp:95] Scheduling '/var/lib/mesos/agent/slaves/c8e59b09-da78-48e6-bdd2-9c3396b857b8-S0/frameworks/83697b4b-b81d-4fae-b5d2-f84275ced44b-0000/executors/httpd.ee9c563d-76b2-11e9-b542-1e8823abc24a/runs/31de5b35-f59f-4b70-be51-b4d46d6b981d' for gc 6.99998925239704days in the future
I0514 20:44:14.929018  2701 gc.cpp:95] Scheduling '/var/lib/mesos/agent/slaves/c8e59b09-da78-48e6-bdd2-9c3396b857b8-S0/frameworks/83697b4b-b81d-4fae-b5d2-f84275ced44b-0000/executors/httpd.ee9c563d-76b2-11e9-b542-1e8823abc24a' for gc 6.99998924880593days in the future
I0514 20:44:14.929138  2701 gc.cpp:95] Scheduling '/var/lib/mesos/agent/meta/slaves/c8e59b09-da78-48e6-bdd2-9c3396b857b8-S0/frameworks/83697b4b-b81d-4fae-b5d2-f84275ced44b-0000/executors/httpd.ee9c563d-76b2-11e9-b542-1e8823abc24a/runs/31de5b35-f59f-4b70-be51-b4d46d6b981d' for gc 6.99998924762963days in the future
I0514 20:44:14.929221  2701 gc.cpp:95] Scheduling '/var/lib/mesos/agent/meta/slaves/c8e59b09-da78-48e6-bdd2-9c3396b857b8-S0/frameworks/83697b4b-b81d-4fae-b5d2-f84275ced44b-0000/executors/httpd.ee9c563d-76b2-11e9-b542-1e8823abc24a' for gc 6.99998924698074days in the future
I0514 20:44:14.929271  2700 slave.cpp:6840] Cleaning up framework 83697b4b-b81d-4fae-b5d2-f84275ced44b-0000
I0514 20:44:14.929430  2709 task_status_update_manager.cpp:289] Closing task status update streams for framework 83697b4b-b81d-4fae-b5d2-f84275ced44b-0000
I0514 20:44:14.929431  2703 gc.cpp:95] Scheduling '/var/lib/mesos/agent/slaves/c8e59b09-da78-48e6-bdd2-9c3396b857b8-S0/frameworks/83697b4b-b81d-4fae-b5d2-f84275ced44b-0000' for gc 6.99998924344889days in the future
I0514 20:44:14.929575  2703 gc.cpp:95] Scheduling '/var/lib/mesos/agent/meta/slaves/c8e59b09-da78-48e6-bdd2-9c3396b857b8-S0/frameworks/83697b4b-b81d-4fae-b5d2-f84275ced44b-0000' for gc 6.99998924260444days in the future
I0514 20:44:19.204843  2711 slave.cpp:2037] Got assigned task 'httpd.f49851be-76b2-11e9-b542-1e8823abc24a' for framework 83697b4b-b81d-4fae-b5d2-f84275ced44b-0000
I0514 20:44:19.205022  2701 gc.cpp:129] Unscheduling '/var/lib/mesos/agent/slaves/c8e59b09-da78-48e6-bdd2-9c3396b857b8-S0/frameworks/83697b4b-b81d-4fae-b5d2-f84275ced44b-0000' from gc
I0514 20:44:19.205281  2701 gc.cpp:129] Unscheduling '/var/lib/mesos/agent/meta/slaves/c8e59b09-da78-48e6-bdd2-9c3396b857b8-S0/frameworks/83697b4b-b81d-4fae-b5d2-f84275ced44b-0000' from gc
I0514 20:44:19.207425  2711 slave.cpp:2411] Authorizing task 'httpd.f49851be-76b2-11e9-b542-1e8823abc24a' for framework 83697b4b-b81d-4fae-b5d2-f84275ced44b-0000
I0514 20:44:19.210108  2711 slave.cpp:2854] Launching task 'httpd.f49851be-76b2-11e9-b542-1e8823abc24a' for framework 83697b4b-b81d-4fae-b5d2-f84275ced44b-0000
I0514 20:44:19.211544  2711 paths.cpp:801] Creating sandbox '/var/lib/mesos/agent/slaves/c8e59b09-da78-48e6-bdd2-9c3396b857b8-S0/frameworks/83697b4b-b81d-4fae-b5d2-f84275ced44b-0000/executors/httpd.f49851be-76b2-11e9-b542-1e8823abc24a/runs/abd07293-1b10-4528-967f-02a11e18df7e' for user 'root'
I0514 20:44:19.212460  2711 paths.cpp:804] Creating sandbox '/var/lib/mesos/agent/meta/slaves/c8e59b09-da78-48e6-bdd2-9c3396b857b8-S0/frameworks/83697b4b-b81d-4fae-b5d2-f84275ced44b-0000/executors/httpd.f49851be-76b2-11e9-b542-1e8823abc24a/runs/abd07293-1b10-4528-967f-02a11e18df7e'
