I0515 11:32:48.616894 29513 master.cpp:9417] Performing explicit task state reconciliation for 1 tasks of framework df64220e-eb34-4b8d-b82a-35688b767e6b-0000 (marathon) at scheduler-5e781075-ed89-4843-b952-ab0cd90cee74@192.168.1.5:39867
I0515 11:32:54.047277 29512 http.cpp:1105] HTTP GET for /master/state?jsonp=angular.callbacks._63 from 127.0.0.1:37136 with User-Agent='Mozilla/5.0 (X11; Ubuntu; Linux x86_64; rv:66.0) Gecko/20100101 Firefox/66.0'
I0515 11:32:54.051611 29510 http.cpp:1122] HTTP GET for /master/state?jsonp=angular.callbacks._63 from 127.0.0.1:37136: '200 OK' after 6.13402ms
I0515 11:33:03.636677 29512 master.cpp:9417] Performing explicit task state reconciliation for 1 tasks of framework df64220e-eb34-4b8d-b82a-35688b767e6b-0000 (marathon) at scheduler-5e781075-ed89-4843-b952-ab0cd90cee74@192.168.1.5:39867
I0515 11:33:04.083876 29513 http.cpp:1105] HTTP GET for /master/state?jsonp=angular.callbacks._65 from 127.0.0.1:37136 with User-Agent='Mozilla/5.0 (X11; Ubuntu; Linux x86_64; rv:66.0) Gecko/20100101 Firefox/66.0'
I0515 11:33:04.088340 29511 http.cpp:1122] HTTP GET for /master/state?jsonp=angular.callbacks._65 from 127.0.0.1:37136: '200 OK' after 6.15398ms
I0515 11:33:14.119560 29514 http.cpp:1105] HTTP GET for /master/state?jsonp=angular.callbacks._67 from 127.0.0.1:37136 with User-Agent='Mozilla/5.0 (X11; Ubuntu; Linux x86_64; rv:66.0) Gecko/20100101 Firefox/66.0'
I0515 11:33:14.124125 29516 http.cpp:1122] HTTP GET for /master/state?jsonp=angular.callbacks._67 from 127.0.0.1:37136: '200 OK' after 6.29402ms
I0515 11:33:18.657135 29509 master.cpp:9417] Performing explicit task state reconciliation for 1 tasks of framework df64220e-eb34-4b8d-b82a-35688b767e6b-0000 (marathon) at scheduler-5e781075-ed89-4843-b952-ab0cd90cee74@192.168.1.5:39867
I0515 11:33:24.154875 29516 http.cpp:1105] HTTP GET for /master/state?jsonp=angular.callbacks._69 from 127.0.0.1:37136 with User-Agent='Mozilla/5.0 (X11; Ubuntu; Linux x86_64; rv:66.0) Gecko/20100101 Firefox/66.0'
I0515 11:33:24.161818 29514 http.cpp:1122] HTTP GET for /master/state?jsonp=angular.callbacks._69 from 127.0.0.1:37136: '200 OK' after 8.77414ms
I0515 11:33:33.676301 29515 master.cpp:9417] Performing explicit task state reconciliation for 1 tasks of framework df64220e-eb34-4b8d-b82a-35688b767e6b-0000 (marathon) at scheduler-5e781075-ed89-4843-b952-ab0cd90cee74@192.168.1.5:39867
I0515 11:33:34.193203 29510 http.cpp:1105] HTTP GET for /master/state?jsonp=angular.callbacks._6b from 127.0.0.1:37136 with User-Agent='Mozilla/5.0 (X11; Ubuntu; Linux x86_64; rv:66.0) Gecko/20100101 Firefox/66.0'
I0515 11:33:34.197631 29515 http.cpp:1122] HTTP GET for /master/state?jsonp=angular.callbacks._6b from 127.0.0.1:37136: '200 OK' after 6.11277ms
I0515 11:33:44.225782 29516 http.cpp:1105] HTTP GET for /master/state?jsonp=angular.callbacks._6d from 127.0.0.1:37136 with User-Agent='Mozilla/5.0 (X11; Ubuntu; Linux x86_64; rv:66.0) Gecko/20100101 Firefox/66.0'
I0515 11:33:44.230231 29509 http.cpp:1122] HTTP GET for /master/state?jsonp=angular.callbacks._6d from 127.0.0.1:37136: '200 OK' after 6.21491ms
I0515 11:33:48.696391 29514 master.cpp:9417] Performing explicit task state reconciliation for 1 tasks of framework df64220e-eb34-4b8d-b82a-35688b767e6b-0000 (marathon) at scheduler-5e781075-ed89-4843-b952-ab0cd90cee74@192.168.1.5:39867
I0515 11:33:54.259615 29512 http.cpp:1105] HTTP GET for /master/state?jsonp=angular.callbacks._6f from 127.0.0.1:37136 with User-Agent='Mozilla/5.0 (X11; Ubuntu; Linux x86_64; rv:66.0) Gecko/20100101 Firefox/66.0'
I0515 11:33:54.266472 29516 http.cpp:1122] HTTP GET for /master/state?jsonp=angular.callbacks._6f from 127.0.0.1:37136: '200 OK' after 8.63104ms
I0515 11:34:03.717005 29515 master.cpp:9417] Performing explicit task state reconciliation for 1 tasks of framework df64220e-eb34-4b8d-b82a-35688b767e6b-0000 (marathon) at scheduler-5e781075-ed89-4843-b952-ab0cd90cee74@192.168.1.5:39867
I0515 11:34:03.733680 29512 master.cpp:10007] Sending offers [ df64220e-eb34-4b8d-b82a-35688b767e6b-O60 ] to framework df64220e-eb34-4b8d-b82a-35688b767e6b-0000 (marathon) at scheduler-5e781075-ed89-4843-b952-ab0cd90cee74@192.168.1.5:39867
I0515 11:34:03.737269 29513 master.cpp:6040] Processing DECLINE call for offers: [ df64220e-eb34-4b8d-b82a-35688b767e6b-O60 ] for framework df64220e-eb34-4b8d-b82a-35688b767e6b-0000 (marathon) at scheduler-5e781075-ed89-4843-b952-ab0cd90cee74@192.168.1.5:39867 with 120 seconds filter
I0515 11:34:03.737670 29513 master.cpp:12279] Removing offer df64220e-eb34-4b8d-b82a-35688b767e6b-O60
I0515 11:34:04.294342 29512 http.cpp:1105] HTTP GET for /master/state?jsonp=angular.callbacks._6h from 127.0.0.1:37136 with User-Agent='Mozilla/5.0 (X11; Ubuntu; Linux x86_64; rv:66.0) Gecko/20100101 Firefox/66.0'
I0515 11:34:04.298801 29511 http.cpp:1122] HTTP GET for /master/state?jsonp=angular.callbacks._6h from 127.0.0.1:37136: '200 OK' after 6.13606ms
I0515 11:34:14.329337 29509 http.cpp:1105] HTTP GET for /master/state?jsonp=angular.callbacks._6j from 127.0.0.1:37136 with User-Agent='Mozilla/5.0 (X11; Ubuntu; Linux x86_64; rv:66.0) Gecko/20100101 Firefox/66.0'
I0515 11:34:14.336067 29515 http.cpp:1122] HTTP GET for /master/state?jsonp=angular.callbacks._6j from 127.0.0.1:37136: '200 OK' after 8.39091ms
I0515 11:34:18.756533 29514 master.cpp:9417] Performing explicit task state reconciliation for 1 tasks of framework df64220e-eb34-4b8d-b82a-35688b767e6b-0000 (marathon) at scheduler-5e781075-ed89-4843-b952-ab0cd90cee74@192.168.1.5:39867
I0515 11:34:24.367266 29509 http.cpp:1105] HTTP GET for /master/state?jsonp=angular.callbacks._6l from 127.0.0.1:37136 with User-Agent='Mozilla/5.0 (X11; Ubuntu; Linux x86_64; rv:66.0) Gecko/20100101 Firefox/66.0'
I0515 11:34:24.374078 29516 http.cpp:1122] HTTP GET for /master/state?jsonp=angular.callbacks._6l from 127.0.0.1:37136: '200 OK' after 8.69376ms
I0515 11:34:33.775925 29513 master.cpp:9417] Performing explicit task state reconciliation for 1 tasks of framework df64220e-eb34-4b8d-b82a-35688b767e6b-0000 (marathon) at scheduler-5e781075-ed89-4843-b952-ab0cd90cee74@192.168.1.5:39867
I0515 11:34:34.405063 29516 http.cpp:1105] HTTP GET for /master/state?jsonp=angular.callbacks._6n from 127.0.0.1:37136 with User-Agent='Mozilla/5.0 (X11; Ubuntu; Linux x86_64; rv:66.0) Gecko/20100101 Firefox/66.0'
I0515 11:34:34.409396 29511 http.cpp:1122] HTTP GET for /master/state?jsonp=angular.callbacks._6n from 127.0.0.1:37136: '200 OK' after 6.13786ms
I0515 11:34:44.436106 29515 http.cpp:1105] HTTP GET for /master/state?jsonp=angular.callbacks._6p from 127.0.0.1:37136 with User-Agent='Mozilla/5.0 (X11; Ubuntu; Linux x86_64; rv:66.0) Gecko/20100101 Firefox/66.0'
I0515 11:34:44.440441 29509 http.cpp:1122] HTTP GET for /master/state?jsonp=angular.callbacks._6p from 127.0.0.1:37136: '200 OK' after 6.09101ms
I0515 11:34:48.796209 29513 master.cpp:9417] Performing explicit task state reconciliation for 1 tasks of framework df64220e-eb34-4b8d-b82a-35688b767e6b-0000 (marathon) at scheduler-5e781075-ed89-4843-b952-ab0cd90cee74@192.168.1.5:39867
I0515 11:34:54.469949 29514 http.cpp:1105] HTTP GET for /master/state?jsonp=angular.callbacks._6r from 127.0.0.1:37136 with User-Agent='Mozilla/5.0 (X11; Ubuntu; Linux x86_64; rv:66.0) Gecko/20100101 Firefox/66.0'
I0515 11:34:54.476337 29513 http.cpp:1122] HTTP GET for /master/state?jsonp=angular.callbacks._6r from 127.0.0.1:37136: '200 OK' after 8.21786ms
I0515 11:35:03.816054 29516 master.cpp:9417] Performing explicit task state reconciliation for 1 tasks of framework df64220e-eb34-4b8d-b82a-35688b767e6b-0000 (marathon) at scheduler-5e781075-ed89-4843-b952-ab0cd90cee74@192.168.1.5:39867
I0515 11:35:04.506805 29509 http.cpp:1105] HTTP GET for /master/state?jsonp=angular.callbacks._6t from 127.0.0.1:37136 with User-Agent='Mozilla/5.0 (X11; Ubuntu; Linux x86_64; rv:66.0) Gecko/20100101 Firefox/66.0'
I0515 11:35:04.513944 29516 http.cpp:1122] HTTP GET for /master/state?jsonp=angular.callbacks._6t from 127.0.0.1:37136: '200 OK' after 8.89395ms
I0515 11:35:14.542728 29509 http.cpp:1105] HTTP GET for /master/state?jsonp=angular.callbacks._6v from 127.0.0.1:37136 with User-Agent='Mozilla/5.0 (X11; Ubuntu; Linux x86_64; rv:66.0) Gecko/20100101 Firefox/66.0'
I0515 11:35:14.547119 29512 http.cpp:1122] HTTP GET for /master/state?jsonp=angular.callbacks._6v from 127.0.0.1:37136: '200 OK' after 6.21414ms
I0515 11:35:18.836221 29511 master.cpp:9417] Performing explicit task state reconciliation for 1 tasks of framework df64220e-eb34-4b8d-b82a-35688b767e6b-0000 (marathon) at scheduler-5e781075-ed89-4843-b952-ab0cd90cee74@192.168.1.5:39867
I0515 11:35:24.579792 29510 http.cpp:1105] HTTP GET for /master/state?jsonp=angular.callbacks._6x from 127.0.0.1:37136 with User-Agent='Mozilla/5.0 (X11; Ubuntu; Linux x86_64; rv:66.0) Gecko/20100101 Firefox/66.0'
I0515 11:35:24.584134 29514 http.cpp:1122] HTTP GET for /master/state?jsonp=angular.callbacks._6x from 127.0.0.1:37136: '200 OK' after 6.17011ms
I0515 11:35:33.856711 29515 master.cpp:9417] Performing explicit task state reconciliation for 1 tasks of framework df64220e-eb34-4b8d-b82a-35688b767e6b-0000 (marathon) at scheduler-5e781075-ed89-4843-b952-ab0cd90cee74@192.168.1.5:39867
I0515 11:35:34.617744 29515 http.cpp:1105] HTTP GET for /master/state?jsonp=angular.callbacks._6z from 127.0.0.1:37136 with User-Agent='Mozilla/5.0 (X11; Ubuntu; Linux x86_64; rv:66.0) Gecko/20100101 Firefox/66.0'
I0515 11:35:34.622212 29516 http.cpp:1122] HTTP GET for /master/state?jsonp=angular.callbacks._6z from 127.0.0.1:37136: '200 OK' after 6.24102ms
I0515 11:35:44.652005 29511 http.cpp:1105] HTTP GET for /master/state?jsonp=angular.callbacks._71 from 127.0.0.1:37136 with User-Agent='Mozilla/5.0 (X11; Ubuntu; Linux x86_64; rv:66.0) Gecko/20100101 Firefox/66.0'
I0515 11:35:44.659092 29514 http.cpp:1122] HTTP GET for /master/state?jsonp=angular.callbacks._71 from 127.0.0.1:37136: '200 OK' after 9.46022ms
I0515 11:35:48.877290 29515 master.cpp:9417] Performing explicit task state reconciliation for 1 tasks of framework df64220e-eb34-4b8d-b82a-35688b767e6b-0000 (marathon) at scheduler-5e781075-ed89-4843-b952-ab0cd90cee74@192.168.1.5:39867
I0515 11:35:54.697410 29511 http.cpp:1105] HTTP GET for /master/state?jsonp=angular.callbacks._73 from 127.0.0.1:37136 with User-Agent='Mozilla/5.0 (X11; Ubuntu; Linux x86_64; rv:66.0) Gecko/20100101 Firefox/66.0'
I0515 11:35:54.703649 29514 http.cpp:1122] HTTP GET for /master/state?jsonp=angular.callbacks._73 from 127.0.0.1:37136: '200 OK' after 8.10701ms
I0515 11:36:03.896991 29515 master.cpp:9417] Performing explicit task state reconciliation for 1 tasks of framework df64220e-eb34-4b8d-b82a-35688b767e6b-0000 (marathon) at scheduler-5e781075-ed89-4843-b952-ab0cd90cee74@192.168.1.5:39867
I0515 11:36:03.907485 29512 master.cpp:10007] Sending offers [ df64220e-eb34-4b8d-b82a-35688b767e6b-O61 ] to framework df64220e-eb34-4b8d-b82a-35688b767e6b-0000 (marathon) at scheduler-5e781075-ed89-4843-b952-ab0cd90cee74@192.168.1.5:39867
I0515 11:36:03.912375 29513 master.cpp:6040] Processing DECLINE call for offers: [ df64220e-eb34-4b8d-b82a-35688b767e6b-O61 ] for framework df64220e-eb34-4b8d-b82a-35688b767e6b-0000 (marathon) at scheduler-5e781075-ed89-4843-b952-ab0cd90cee74@192.168.1.5:39867 with 120 seconds filter
I0515 11:36:03.913240 29513 master.cpp:12279] Removing offer df64220e-eb34-4b8d-b82a-35688b767e6b-O61
I0515 11:36:04.742657 29513 http.cpp:1105] HTTP GET for /master/state?jsonp=angular.callbacks._75 from 127.0.0.1:37136 with User-Agent='Mozilla/5.0 (X11; Ubuntu; Linux x86_64; rv:66.0) Gecko/20100101 Firefox/66.0'
I0515 11:36:04.750380 29510 http.cpp:1122] HTTP GET for /master/state?jsonp=angular.callbacks._75 from 127.0.0.1:37136: '200 OK' after 9.76282ms
I0515 11:36:14.784741 29512 http.cpp:1105] HTTP GET for /master/state?jsonp=angular.callbacks._77 from 127.0.0.1:37136 with User-Agent='Mozilla/5.0 (X11; Ubuntu; Linux x86_64; rv:66.0) Gecko/20100101 Firefox/66.0'
I0515 11:36:14.789736 29516 http.cpp:1122] HTTP GET for /master/state?jsonp=angular.callbacks._77 from 127.0.0.1:37136: '200 OK' after 6.69696ms
I0515 11:36:18.927114 29510 master.cpp:9417] Performing explicit task state reconciliation for 1 tasks of framework df64220e-eb34-4b8d-b82a-35688b767e6b-0000 (marathon) at scheduler-5e781075-ed89-4843-b952-ab0cd90cee74@192.168.1.5:39867
I0515 11:36:24.822162 29514 http.cpp:1105] HTTP GET for /master/state?jsonp=angular.callbacks._79 from 127.0.0.1:37136 with User-Agent='Mozilla/5.0 (X11; Ubuntu; Linux x86_64; rv:66.0) Gecko/20100101 Firefox/66.0'
I0515 11:36:24.828105 29512 http.cpp:1122] HTTP GET for /master/state?jsonp=angular.callbacks._79 from 127.0.0.1:37136: '200 OK' after 7.62906ms
I0515 11:36:33.946481 29515 master.cpp:9417] Performing explicit task state reconciliation for 1 tasks of framework df64220e-eb34-4b8d-b82a-35688b767e6b-0000 (marathon) at scheduler-5e781075-ed89-4843-b952-ab0cd90cee74@192.168.1.5:39867
I0515 11:36:34.857578 29509 http.cpp:1105] HTTP GET for /master/state?jsonp=angular.callbacks._7b from 127.0.0.1:37136 with User-Agent='Mozilla/5.0 (X11; Ubuntu; Linux x86_64; rv:66.0) Gecko/20100101 Firefox/66.0'
I0515 11:36:34.861963 29510 http.cpp:1122] HTTP GET for /master/state?jsonp=angular.callbacks._7b from 127.0.0.1:37136: '200 OK' after 6.16986ms
I0515 11:36:44.891510 29514 http.cpp:1105] HTTP GET for /master/state?jsonp=angular.callbacks._7d from 127.0.0.1:37136 with User-Agent='Mozilla/5.0 (X11; Ubuntu; Linux x86_64; rv:66.0) Gecko/20100101 Firefox/66.0'
I0515 11:36:44.896178 29513 http.cpp:1122] HTTP GET for /master/state?jsonp=angular.callbacks._7d from 127.0.0.1:37136: '200 OK' after 6.38387ms
I0515 11:36:48.966305 29515 master.cpp:9417] Performing explicit task state reconciliation for 1 tasks of framework df64220e-eb34-4b8d-b82a-35688b767e6b-0000 (marathon) at scheduler-5e781075-ed89-4843-b952-ab0cd90cee74@192.168.1.5:39867
I0515 11:36:54.925454 29515 http.cpp:1105] HTTP GET for /master/state?jsonp=angular.callbacks._7f from 127.0.0.1:37136 with User-Agent='Mozilla/5.0 (X11; Ubuntu; Linux x86_64; rv:66.0) Gecko/20100101 Firefox/66.0'
I0515 11:36:54.929955 29516 http.cpp:1122] HTTP GET for /master/state?jsonp=angular.callbacks._7f from 127.0.0.1:37136: '200 OK' after 6.26714ms
I0515 11:37:03.986665 29511 master.cpp:9417] Performing explicit task state reconciliation for 1 tasks of framework df64220e-eb34-4b8d-b82a-35688b767e6b-0000 (marathon) at scheduler-5e781075-ed89-4843-b952-ab0cd90cee74@192.168.1.5:39867
I0515 11:37:04.962878 29510 http.cpp:1105] HTTP GET for /master/state?jsonp=angular.callbacks._7h from 127.0.0.1:37136 with User-Agent='Mozilla/5.0 (X11; Ubuntu; Linux x86_64; rv:66.0) Gecko/20100101 Firefox/66.0'
I0515 11:37:04.968627 29509 http.cpp:1122] HTTP GET for /master/state?jsonp=angular.callbacks._7h from 127.0.0.1:37136: '200 OK' after 7.37178ms
I0515 11:37:14.997664 29515 http.cpp:1105] HTTP GET for /master/state?jsonp=angular.callbacks._7j from 127.0.0.1:37136 with User-Agent='Mozilla/5.0 (X11; Ubuntu; Linux x86_64; rv:66.0) Gecko/20100101 Firefox/66.0'
I0515 11:37:15.004788 29510 http.cpp:1122] HTTP GET for /master/state?jsonp=angular.callbacks._7j from 127.0.0.1:37136: '200 OK' after 9.24698ms
I0515 11:37:19.006358 29513 master.cpp:9417] Performing explicit task state reconciliation for 1 tasks of framework df64220e-eb34-4b8d-b82a-35688b767e6b-0000 (marathon) at scheduler-5e781075-ed89-4843-b952-ab0cd90cee74@192.168.1.5:39867
I0515 11:37:25.035883 29511 http.cpp:1105] HTTP GET for /master/state?jsonp=angular.callbacks._7l from 127.0.0.1:37136 with User-Agent='Mozilla/5.0 (X11; Ubuntu; Linux x86_64; rv:66.0) Gecko/20100101 Firefox/66.0'
I0515 11:37:25.040380 29516 http.cpp:1122] HTTP GET for /master/state?jsonp=angular.callbacks._7l from 127.0.0.1:37136: '200 OK' after 6.24102ms
I0515 11:37:34.026775 29511 master.cpp:9417] Performing explicit task state reconciliation for 1 tasks of framework df64220e-eb34-4b8d-b82a-35688b767e6b-0000 (marathon) at scheduler-5e781075-ed89-4843-b952-ab0cd90cee74@192.168.1.5:39867
I0515 11:37:35.072161 29515 http.cpp:1105] HTTP GET for /master/state?jsonp=angular.callbacks._7n from 127.0.0.1:37136 with User-Agent='Mozilla/5.0 (X11; Ubuntu; Linux x86_64; rv:66.0) Gecko/20100101 Firefox/66.0'
I0515 11:37:35.079072 29516 http.cpp:1122] HTTP GET for /master/state?jsonp=angular.callbacks._7n from 127.0.0.1:37136: '200 OK' after 8.72218ms
I0515 11:37:45.106365 29509 http.cpp:1105] HTTP GET for /master/state?jsonp=angular.callbacks._7p from 127.0.0.1:37136 with User-Agent='Mozilla/5.0 (X11; Ubuntu; Linux x86_64; rv:66.0) Gecko/20100101 Firefox/66.0'
I0515 11:37:45.110649 29515 http.cpp:1122] HTTP GET for /master/state?jsonp=angular.callbacks._7p from 127.0.0.1:37136: '200 OK' after 6.09715ms
I0515 11:37:49.046380 29513 master.cpp:9417] Performing explicit task state reconciliation for 1 tasks of framework df64220e-eb34-4b8d-b82a-35688b767e6b-0000 (marathon) at scheduler-5e781075-ed89-4843-b952-ab0cd90cee74@192.168.1.5:39867
I0515 11:37:55.148711 29514 http.cpp:1105] HTTP GET for /master/state?jsonp=angular.callbacks._7r from 127.0.0.1:37136 with User-Agent='Mozilla/5.0 (X11; Ubuntu; Linux x86_64; rv:66.0) Gecko/20100101 Firefox/66.0'
I0515 11:37:55.153055 29511 http.cpp:1122] HTTP GET for /master/state?jsonp=angular.callbacks._7r from 127.0.0.1:37136: '200 OK' after 6.04902ms
I0515 11:38:04.066884 29511 master.cpp:9417] Performing explicit task state reconciliation for 1 tasks of framework df64220e-eb34-4b8d-b82a-35688b767e6b-0000 (marathon) at scheduler-5e781075-ed89-4843-b952-ab0cd90cee74@192.168.1.5:39867
I0515 11:38:04.088609 29515 master.cpp:10007] Sending offers [ df64220e-eb34-4b8d-b82a-35688b767e6b-O62 ] to framework df64220e-eb34-4b8d-b82a-35688b767e6b-0000 (marathon) at scheduler-5e781075-ed89-4843-b952-ab0cd90cee74@192.168.1.5:39867
I0515 11:38:04.092341 29509 master.cpp:6040] Processing DECLINE call for offers: [ df64220e-eb34-4b8d-b82a-35688b767e6b-O62 ] for framework df64220e-eb34-4b8d-b82a-35688b767e6b-0000 (marathon) at scheduler-5e781075-ed89-4843-b952-ab0cd90cee74@192.168.1.5:39867 with 120 seconds filter
I0515 11:38:04.092736 29509 master.cpp:12279] Removing offer df64220e-eb34-4b8d-b82a-35688b767e6b-O62
I0515 11:38:05.183233 29516 http.cpp:1105] HTTP GET for /master/state?jsonp=angular.callbacks._7t from 127.0.0.1:37136 with User-Agent='Mozilla/5.0 (X11; Ubuntu; Linux x86_64; rv:66.0) Gecko/20100101 Firefox/66.0'
I0515 11:38:05.187538 29513 http.cpp:1122] HTTP GET for /master/state?jsonp=angular.callbacks._7t from 127.0.0.1:37136: '200 OK' after 6.12173ms
I0515 11:38:15.219993 29513 http.cpp:1105] HTTP GET for /master/state?jsonp=angular.callbacks._7v from 127.0.0.1:37136 with User-Agent='Mozilla/5.0 (X11; Ubuntu; Linux x86_64; rv:66.0) Gecko/20100101 Firefox/66.0'
I0515 11:38:15.224385 29514 http.cpp:1122] HTTP GET for /master/state?jsonp=angular.callbacks._7v from 127.0.0.1:37136: '200 OK' after 6.20698ms
I0515 11:38:19.106079 29514 master.cpp:9417] Performing explicit task state reconciliation for 1 tasks of framework df64220e-eb34-4b8d-b82a-35688b767e6b-0000 (marathon) at scheduler-5e781075-ed89-4843-b952-ab0cd90cee74@192.168.1.5:39867
I0515 11:38:25.255461 29512 http.cpp:1105] HTTP GET for /master/state?jsonp=angular.callbacks._7x from 127.0.0.1:37136 with User-Agent='Mozilla/5.0 (X11; Ubuntu; Linux x86_64; rv:66.0) Gecko/20100101 Firefox/66.0'
I0515 11:38:25.259898 29513 http.cpp:1122] HTTP GET for /master/state?jsonp=angular.callbacks._7x from 127.0.0.1:37136: '200 OK' after 6.28506ms
I0515 11:38:34.126161 29510 master.cpp:9417] Performing explicit task state reconciliation for 1 tasks of framework df64220e-eb34-4b8d-b82a-35688b767e6b-0000 (marathon) at scheduler-5e781075-ed89-4843-b952-ab0cd90cee74@192.168.1.5:39867
I0515 11:38:35.292062 29511 http.cpp:1105] HTTP GET for /master/state?jsonp=angular.callbacks._7z from 127.0.0.1:37136 with User-Agent='Mozilla/5.0 (X11; Ubuntu; Linux x86_64; rv:66.0) Gecko/20100101 Firefox/66.0'
I0515 11:38:35.296644 29512 http.cpp:1122] HTTP GET for /master/state?jsonp=angular.callbacks._7z from 127.0.0.1:37136: '200 OK' after 6.31706ms
I0515 11:38:41.440347 29513 master.cpp:8662] Status update TASK_FAILED (Status UUID: 37ea67da-07e3-4252-bcc7-2c1b06591da3) for task httpd.69550a5e-75b2-11e9-ba1c-426fd056c11c of framework 20e4d121-4a00-4fa4-87a8-95fc84c6335e-0000 from agent c8e59b09-da78-48e6-bdd2-9c3396b857b8-S0 at slave(1)@192.168.1.5:5051 (jouko-Gazelle-Professional)
W0515 11:38:41.440438 29513 master.cpp:8677] Received status update TASK_FAILED (Status UUID: 37ea67da-07e3-4252-bcc7-2c1b06591da3) for task httpd.69550a5e-75b2-11e9-ba1c-426fd056c11c of framework 20e4d121-4a00-4fa4-87a8-95fc84c6335e-0000 from agent c8e59b09-da78-48e6-bdd2-9c3396b857b8-S0 at slave(1)@192.168.1.5:5051 (jouko-Gazelle-Professional) for a disconnected framework
I0515 11:38:41.440524 29513 master.cpp:11631] Updating the state of task httpd.69550a5e-75b2-11e9-ba1c-426fd056c11c of framework 20e4d121-4a00-4fa4-87a8-95fc84c6335e-0000 (latest state: TASK_FAILED, status update state: TASK_FAILED)
I0515 11:38:41.441293 29512 master.cpp:8662] Status update TASK_FAILED (Status UUID: 0550c395-2104-43ea-86df-ee933f9a9128) for task httpd.8b56ad7a-75b3-11e9-b18c-e6cbfc1c3ee9 of framework d24c421c-d71b-48cf-ac36-bad06b59829d-0000 from agent c8e59b09-da78-48e6-bdd2-9c3396b857b8-S0 at slave(1)@192.168.1.5:5051 (jouko-Gazelle-Professional)
W0515 11:38:41.441349 29512 master.cpp:8677] Received status update TASK_FAILED (Status UUID: 0550c395-2104-43ea-86df-ee933f9a9128) for task httpd.8b56ad7a-75b3-11e9-b18c-e6cbfc1c3ee9 of framework d24c421c-d71b-48cf-ac36-bad06b59829d-0000 from agent c8e59b09-da78-48e6-bdd2-9c3396b857b8-S0 at slave(1)@192.168.1.5:5051 (jouko-Gazelle-Professional) for a disconnected framework
I0515 11:38:41.441444 29512 master.cpp:11631] Updating the state of task httpd.8b56ad7a-75b3-11e9-b18c-e6cbfc1c3ee9 of framework d24c421c-d71b-48cf-ac36-bad06b59829d-0000 (latest state: TASK_FAILED, status update state: TASK_FAILED)
I0515 11:38:41.441612 29512 master.cpp:8662] Status update TASK_STARTING (Status UUID: d51c45a9-4f30-42c0-b836-4cdf43570463) for task httpd.b015673e-75af-11e9-8319-06d0e03ee117 of framework a02141ad-a172-44b5-8dd9-dc8a5687d41a-0000 from agent c8e59b09-da78-48e6-bdd2-9c3396b857b8-S0 at slave(1)@192.168.1.5:5051 (jouko-Gazelle-Professional)
W0515 11:38:41.441655 29512 master.cpp:8677] Received status update TASK_STARTING (Status UUID: d51c45a9-4f30-42c0-b836-4cdf43570463) for task httpd.b015673e-75af-11e9-8319-06d0e03ee117 of framework a02141ad-a172-44b5-8dd9-dc8a5687d41a-0000 from agent c8e59b09-da78-48e6-bdd2-9c3396b857b8-S0 at slave(1)@192.168.1.5:5051 (jouko-Gazelle-Professional) for a disconnected framework
I0515 11:38:41.441725 29512 master.cpp:11631] Updating the state of task httpd.b015673e-75af-11e9-8319-06d0e03ee117 of framework a02141ad-a172-44b5-8dd9-dc8a5687d41a-0000 (latest state: TASK_FAILED, status update state: TASK_STARTING)
I0515 11:38:45.327138 29513 http.cpp:1105] HTTP GET for /master/state?jsonp=angular.callbacks._81 from 127.0.0.1:37136 with User-Agent='Mozilla/5.0 (X11; Ubuntu; Linux x86_64; rv:66.0) Gecko/20100101 Firefox/66.0'
I0515 11:38:45.331509 29515 http.cpp:1122] HTTP GET for /master/state?jsonp=angular.callbacks._81 from 127.0.0.1:37136: '200 OK' after 6.12992ms
I0515 11:38:49.146134 29516 master.cpp:9417] Performing explicit task state reconciliation for 1 tasks of framework df64220e-eb34-4b8d-b82a-35688b767e6b-0000 (marathon) at scheduler-5e781075-ed89-4843-b952-ab0cd90cee74@192.168.1.5:39867
I0515 11:38:55.361354 29511 http.cpp:1105] HTTP GET for /master/state?jsonp=angular.callbacks._83 from 127.0.0.1:37136 with User-Agent='Mozilla/5.0 (X11; Ubuntu; Linux x86_64; rv:66.0) Gecko/20100101 Firefox/66.0'
I0515 11:38:55.365661 29513 http.cpp:1122] HTTP GET for /master/state?jsonp=angular.callbacks._83 from 127.0.0.1:37136: '200 OK' after 6.09126ms
I0515 11:39:04.166944 29512 master.cpp:9417] Performing explicit task state reconciliation for 1 tasks of framework df64220e-eb34-4b8d-b82a-35688b767e6b-0000 (marathon) at scheduler-5e781075-ed89-4843-b952-ab0cd90cee74@192.168.1.5:39867
I0515 11:39:05.397266 29510 http.cpp:1105] HTTP GET for /master/state?jsonp=angular.callbacks._85 from 127.0.0.1:37136 with User-Agent='Mozilla/5.0 (X11; Ubuntu; Linux x86_64; rv:66.0) Gecko/20100101 Firefox/66.0'
I0515 11:39:05.403975 29516 http.cpp:1122] HTTP GET for /master/state?jsonp=angular.callbacks._85 from 127.0.0.1:37136: '200 OK' after 8.47462ms
I0515 11:39:15.435765 29516 http.cpp:1105] HTTP GET for /master/state?jsonp=angular.callbacks._87 from 127.0.0.1:37136 with User-Agent='Mozilla/5.0 (X11; Ubuntu; Linux x86_64; rv:66.0) Gecko/20100101 Firefox/66.0'
I0515 11:39:15.442467 29510 http.cpp:1122] HTTP GET for /master/state?jsonp=angular.callbacks._87 from 127.0.0.1:37136: '200 OK' after 8.54502ms
I0515 11:39:15.865495 29514 master.cpp:9351] Performing implicit task state reconciliation for framework df64220e-eb34-4b8d-b82a-35688b767e6b-0000 (marathon) at scheduler-5e781075-ed89-4843-b952-ab0cd90cee74@192.168.1.5:39867
I0515 11:39:19.186498 29514 master.cpp:9417] Performing explicit task state reconciliation for 1 tasks of framework df64220e-eb34-4b8d-b82a-35688b767e6b-0000 (marathon) at scheduler-5e781075-ed89-4843-b952-ab0cd90cee74@192.168.1.5:39867
I0515 11:39:25.472901 29511 http.cpp:1105] HTTP GET for /master/state?jsonp=angular.callbacks._89 from 127.0.0.1:37136 with User-Agent='Mozilla/5.0 (X11; Ubuntu; Linux x86_64; rv:66.0) Gecko/20100101 Firefox/66.0'
I0515 11:39:25.479893 29516 http.cpp:1122] HTTP GET for /master/state?jsonp=angular.callbacks._89 from 127.0.0.1:37136: '200 OK' after 8.59494ms
I0515 11:39:34.207104 29509 master.cpp:9417] Performing explicit task state reconciliation for 1 tasks of framework df64220e-eb34-4b8d-b82a-35688b767e6b-0000 (marathon) at scheduler-5e781075-ed89-4843-b952-ab0cd90cee74@192.168.1.5:39867
I0515 11:39:35.510651 29516 http.cpp:1105] HTTP GET for /master/state?jsonp=angular.callbacks._8b from 127.0.0.1:37136 with User-Agent='Mozilla/5.0 (X11; Ubuntu; Linux x86_64; rv:66.0) Gecko/20100101 Firefox/66.0'
I0515 11:39:35.515355 29510 http.cpp:1122] HTTP GET for /master/state?jsonp=angular.callbacks._8b from 127.0.0.1:37136: '200 OK' after 6.52979ms
I0515 11:39:45.545656 29511 http.cpp:1105] HTTP GET for /master/state?jsonp=angular.callbacks._8d from 127.0.0.1:37136 with User-Agent='Mozilla/5.0 (X11; Ubuntu; Linux x86_64; rv:66.0) Gecko/20100101 Firefox/66.0'
I0515 11:39:45.550194 29514 http.cpp:1122] HTTP GET for /master/state?jsonp=angular.callbacks._8d from 127.0.0.1:37136: '200 OK' after 6.16883ms
I0515 11:39:49.227013 29516 master.cpp:9417] Performing explicit task state reconciliation for 1 tasks of framework df64220e-eb34-4b8d-b82a-35688b767e6b-0000 (marathon) at scheduler-5e781075-ed89-4843-b952-ab0cd90cee74@192.168.1.5:39867
I0515 11:39:55.581375 29512 http.cpp:1105] HTTP GET for /master/state?jsonp=angular.callbacks._8f from 127.0.0.1:37136 with User-Agent='Mozilla/5.0 (X11; Ubuntu; Linux x86_64; rv:66.0) Gecko/20100101 Firefox/66.0'
I0515 11:39:55.585916 29515 http.cpp:1122] HTTP GET for /master/state?jsonp=angular.callbacks._8f from 127.0.0.1:37136: '200 OK' after 6.24128ms
I0515 11:40:04.246695 29514 master.cpp:9417] Performing explicit task state reconciliation for 1 tasks of framework df64220e-eb34-4b8d-b82a-35688b767e6b-0000 (marathon) at scheduler-5e781075-ed89-4843-b952-ab0cd90cee74@192.168.1.5:39867
I0515 11:40:04.263392 29510 master.cpp:10007] Sending offers [ df64220e-eb34-4b8d-b82a-35688b767e6b-O63 ] to framework df64220e-eb34-4b8d-b82a-35688b767e6b-0000 (marathon) at scheduler-5e781075-ed89-4843-b952-ab0cd90cee74@192.168.1.5:39867
I0515 11:40:04.267009 29516 master.cpp:6040] Processing DECLINE call for offers: [ df64220e-eb34-4b8d-b82a-35688b767e6b-O63 ] for framework df64220e-eb34-4b8d-b82a-35688b767e6b-0000 (marathon) at scheduler-5e781075-ed89-4843-b952-ab0cd90cee74@192.168.1.5:39867 with 120 seconds filter
I0515 11:40:04.267529 29516 master.cpp:12279] Removing offer df64220e-eb34-4b8d-b82a-35688b767e6b-O63
I0515 11:40:05.618301 29510 http.cpp:1105] HTTP GET for /master/state?jsonp=angular.callbacks._8h from 127.0.0.1:37136 with User-Agent='Mozilla/5.0 (X11; Ubuntu; Linux x86_64; rv:66.0) Gecko/20100101 Firefox/66.0'
I0515 11:40:05.624984 29516 http.cpp:1122] HTTP GET for /master/state?jsonp=angular.callbacks._8h from 127.0.0.1:37136: '200 OK' after 8.49997ms
I0515 11:40:15.652611 29509 http.cpp:1105] HTTP GET for /master/state?jsonp=angular.callbacks._8j from 127.0.0.1:37136 with User-Agent='Mozilla/5.0 (X11; Ubuntu; Linux x86_64; rv:66.0) Gecko/20100101 Firefox/66.0'
I0515 11:40:15.656920 29516 http.cpp:1122] HTTP GET for /master/state?jsonp=angular.callbacks._8j from 127.0.0.1:37136: '200 OK' after 6.08538ms
I0515 11:40:19.286614 29509 master.cpp:9417] Performing explicit task state reconciliation for 1 tasks of framework df64220e-eb34-4b8d-b82a-35688b767e6b-0000 (marathon) at scheduler-5e781075-ed89-4843-b952-ab0cd90cee74@192.168.1.5:39867
I0515 11:40:25.689129 29514 http.cpp:1105] HTTP GET for /master/state?jsonp=angular.callbacks._8l from 127.0.0.1:37136 with User-Agent='Mozilla/5.0 (X11; Ubuntu; Linux x86_64; rv:66.0) Gecko/20100101 Firefox/66.0'
I0515 11:40:25.693825 29509 http.cpp:1122] HTTP GET for /master/state?jsonp=angular.callbacks._8l from 127.0.0.1:37136: '200 OK' after 6.57792ms
I0515 11:40:34.306964 29514 master.cpp:9417] Performing explicit task state reconciliation for 1 tasks of framework df64220e-eb34-4b8d-b82a-35688b767e6b-0000 (marathon) at scheduler-5e781075-ed89-4843-b952-ab0cd90cee74@192.168.1.5:39867
I0515 11:40:35.726212 29516 http.cpp:1105] HTTP GET for /master/state?jsonp=angular.callbacks._8n from 127.0.0.1:37136 with User-Agent='Mozilla/5.0 (X11; Ubuntu; Linux x86_64; rv:66.0) Gecko/20100101 Firefox/66.0'
I0515 11:40:35.730850 29513 http.cpp:1122] HTTP GET for /master/state?jsonp=angular.callbacks._8n from 127.0.0.1:37136: '200 OK' after 6.48602ms
I0515 11:40:45.758659 29510 http.cpp:1105] HTTP GET for /master/state?jsonp=angular.callbacks._8p from 127.0.0.1:37136 with User-Agent='Mozilla/5.0 (X11; Ubuntu; Linux x86_64; rv:66.0) Gecko/20100101 Firefox/66.0'
I0515 11:40:45.765528 29515 http.cpp:1122] HTTP GET for /master/state?jsonp=angular.callbacks._8p from 127.0.0.1:37136: '200 OK' after 8.57267ms
I0515 11:40:49.326225 29516 master.cpp:9417] Performing explicit task state reconciliation for 1 tasks of framework df64220e-eb34-4b8d-b82a-35688b767e6b-0000 (marathon) at scheduler-5e781075-ed89-4843-b952-ab0cd90cee74@192.168.1.5:39867
I0515 11:40:55.797266 29509 http.cpp:1105] HTTP GET for /master/state?jsonp=angular.callbacks._8r from 127.0.0.1:37136 with User-Agent='Mozilla/5.0 (X11; Ubuntu; Linux x86_64; rv:66.0) Gecko/20100101 Firefox/66.0'
I0515 11:40:55.801753 29516 http.cpp:1122] HTTP GET for /master/state?jsonp=angular.callbacks._8r from 127.0.0.1:37136: '200 OK' after 6.4ms
I0515 11:41:04.346215 29514 master.cpp:9417] Performing explicit task state reconciliation for 1 tasks of framework df64220e-eb34-4b8d-b82a-35688b767e6b-0000 (marathon) at scheduler-5e781075-ed89-4843-b952-ab0cd90cee74@192.168.1.5:39867
I0515 11:41:05.833190 29514 http.cpp:1105] HTTP GET for /master/state?jsonp=angular.callbacks._8t from 127.0.0.1:37136 with User-Agent='Mozilla/5.0 (X11; Ubuntu; Linux x86_64; rv:66.0) Gecko/20100101 Firefox/66.0'
I0515 11:41:05.837659 29510 http.cpp:1122] HTTP GET for /master/state?jsonp=angular.callbacks._8t from 127.0.0.1:37136: '200 OK' after 6.38413ms
I0515 11:41:15.875277 29509 http.cpp:1105] HTTP GET for /master/state?jsonp=angular.callbacks._8v from 127.0.0.1:37136 with User-Agent='Mozilla/5.0 (X11; Ubuntu; Linux x86_64; rv:66.0) Gecko/20100101 Firefox/66.0'
I0515 11:41:15.879706 29516 http.cpp:1122] HTTP GET for /master/state?jsonp=angular.callbacks._8v from 127.0.0.1:37136: '200 OK' after 6.18598ms
I0515 11:41:19.366267 29510 master.cpp:9417] Performing explicit task state reconciliation for 1 tasks of framework df64220e-eb34-4b8d-b82a-35688b767e6b-0000 (marathon) at scheduler-5e781075-ed89-4843-b952-ab0cd90cee74@192.168.1.5:39867
I0515 11:41:25.922546 29512 http.cpp:1105] HTTP GET for /master/state?jsonp=angular.callbacks._8x from 127.0.0.1:37136 with User-Agent='Mozilla/5.0 (X11; Ubuntu; Linux x86_64; rv:66.0) Gecko/20100101 Firefox/66.0'
I0515 11:41:25.927078 29514 http.cpp:1122] HTTP GET for /master/state?jsonp=angular.callbacks._8x from 127.0.0.1:37136: '200 OK' after 6.37926ms
I0515 11:41:34.386348 29516 master.cpp:9417] Performing explicit task state reconciliation for 1 tasks of framework df64220e-eb34-4b8d-b82a-35688b767e6b-0000 (marathon) at scheduler-5e781075-ed89-4843-b952-ab0cd90cee74@192.168.1.5:39867
I0515 11:41:35.958520 29512 http.cpp:1105] HTTP GET for /master/state?jsonp=angular.callbacks._8z from 127.0.0.1:37136 with User-Agent='Mozilla/5.0 (X11; Ubuntu; Linux x86_64; rv:66.0) Gecko/20100101 Firefox/66.0'
I0515 11:41:35.963260 29509 http.cpp:1122] HTTP GET for /master/state?jsonp=angular.callbacks._8z from 127.0.0.1:37136: '200 OK' after 6.47117ms
I0515 11:41:45.991190 29513 http.cpp:1105] HTTP GET for /master/state?jsonp=angular.callbacks._91 from 127.0.0.1:37136 with User-Agent='Mozilla/5.0 (X11; Ubuntu; Linux x86_64; rv:66.0) Gecko/20100101 Firefox/66.0'
I0515 11:41:45.995934 29515 http.cpp:1122] HTTP GET for /master/state?jsonp=angular.callbacks._91 from 127.0.0.1:37136: '200 OK' after 6.592ms
I0515 11:41:49.406291 29513 master.cpp:9417] Performing explicit task state reconciliation for 1 tasks of framework df64220e-eb34-4b8d-b82a-35688b767e6b-0000 (marathon) at scheduler-5e781075-ed89-4843-b952-ab0cd90cee74@192.168.1.5:39867
I0515 11:41:56.027541 29513 http.cpp:1105] HTTP GET for /master/state?jsonp=angular.callbacks._93 from 127.0.0.1:37136 with User-Agent='Mozilla/5.0 (X11; Ubuntu; Linux x86_64; rv:66.0) Gecko/20100101 Firefox/66.0'
I0515 11:41:56.034335 29509 http.cpp:1122] HTTP GET for /master/state?jsonp=angular.callbacks._93 from 127.0.0.1:37136: '200 OK' after 8.6999ms
I0515 11:42:04.426604 29511 master.cpp:9417] Performing explicit task state reconciliation for 1 tasks of framework df64220e-eb34-4b8d-b82a-35688b767e6b-0000 (marathon) at scheduler-5e781075-ed89-4843-b952-ab0cd90cee74@192.168.1.5:39867
I0515 11:42:04.440459 29514 master.cpp:10007] Sending offers [ df64220e-eb34-4b8d-b82a-35688b767e6b-O64 ] to framework df64220e-eb34-4b8d-b82a-35688b767e6b-0000 (marathon) at scheduler-5e781075-ed89-4843-b952-ab0cd90cee74@192.168.1.5:39867
I0515 11:42:04.444182 29516 master.cpp:6040] Processing DECLINE call for offers: [ df64220e-eb34-4b8d-b82a-35688b767e6b-O64 ] for framework df64220e-eb34-4b8d-b82a-35688b767e6b-0000 (marathon) at scheduler-5e781075-ed89-4843-b952-ab0cd90cee74@192.168.1.5:39867 with 120 seconds filter
I0515 11:42:04.444608 29516 master.cpp:12279] Removing offer df64220e-eb34-4b8d-b82a-35688b767e6b-O64
I0515 11:42:06.066093 29515 http.cpp:1105] HTTP GET for /master/state?jsonp=angular.callbacks._95 from 127.0.0.1:37136 with User-Agent='Mozilla/5.0 (X11; Ubuntu; Linux x86_64; rv:66.0) Gecko/20100101 Firefox/66.0'
I0515 11:42:06.070343 29512 http.cpp:1122] HTTP GET for /master/state?jsonp=angular.callbacks._95 from 127.0.0.1:37136: '200 OK' after 6.00115ms
I0515 11:42:16.111722 29512 http.cpp:1105] HTTP GET for /master/state?jsonp=angular.callbacks._97 from 127.0.0.1:37136 with User-Agent='Mozilla/5.0 (X11; Ubuntu; Linux x86_64; rv:66.0) Gecko/20100101 Firefox/66.0'
I0515 11:42:16.116271 29511 http.cpp:1122] HTTP GET for /master/state?jsonp=angular.callbacks._97 from 127.0.0.1:37136: '200 OK' after 6.4448ms
I0515 11:42:19.456429 29514 master.cpp:9417] Performing explicit task state reconciliation for 1 tasks of framework df64220e-eb34-4b8d-b82a-35688b767e6b-0000 (marathon) at scheduler-5e781075-ed89-4843-b952-ab0cd90cee74@192.168.1.5:39867
I0515 11:42:26.161298 29514 http.cpp:1105] HTTP GET for /master/state?jsonp=angular.callbacks._99 from 127.0.0.1:37136 with User-Agent='Mozilla/5.0 (X11; Ubuntu; Linux x86_64; rv:66.0) Gecko/20100101 Firefox/66.0'
I0515 11:42:26.168016 29512 http.cpp:1122] HTTP GET for /master/state?jsonp=angular.callbacks._99 from 127.0.0.1:37136: '200 OK' after 8.47795ms
I0515 11:42:34.476060 29513 master.cpp:9417] Performing explicit task state reconciliation for 1 tasks of framework df64220e-eb34-4b8d-b82a-35688b767e6b-0000 (marathon) at scheduler-5e781075-ed89-4843-b952-ab0cd90cee74@192.168.1.5:39867
I0515 11:42:36.201009 29509 http.cpp:1105] HTTP GET for /master/state?jsonp=angular.callbacks._9b from 127.0.0.1:37136 with User-Agent='Mozilla/5.0 (X11; Ubuntu; Linux x86_64; rv:66.0) Gecko/20100101 Firefox/66.0'
I0515 11:42:36.208735 29516 http.cpp:1122] HTTP GET for /master/state?jsonp=angular.callbacks._9b from 127.0.0.1:37136: '200 OK' after 9.856ms
I0515 11:42:46.241554 29509 http.cpp:1105] HTTP GET for /master/state?jsonp=angular.callbacks._9d from 127.0.0.1:37136 with User-Agent='Mozilla/5.0 (X11; Ubuntu; Linux x86_64; rv:66.0) Gecko/20100101 Firefox/66.0'
I0515 11:42:46.245895 29515 http.cpp:1122] HTTP GET for /master/state?jsonp=angular.callbacks._9d from 127.0.0.1:37136: '200 OK' after 6.15501ms
I0515 11:42:49.496598 29509 master.cpp:9417] Performing explicit task state reconciliation for 1 tasks of framework df64220e-eb34-4b8d-b82a-35688b767e6b-0000 (marathon) at scheduler-5e781075-ed89-4843-b952-ab0cd90cee74@192.168.1.5:39867
I0515 11:42:56.277436 29509 http.cpp:1105] HTTP GET for /master/state?jsonp=angular.callbacks._9f from 127.0.0.1:37136 with User-Agent='Mozilla/5.0 (X11; Ubuntu; Linux x86_64; rv:66.0) Gecko/20100101 Firefox/66.0'
I0515 11:42:56.281888 29514 http.cpp:1122] HTTP GET for /master/state?jsonp=angular.callbacks._9f from 127.0.0.1:37136: '200 OK' after 6.21798ms
I0515 11:43:04.516836 29509 master.cpp:9417] Performing explicit task state reconciliation for 1 tasks of framework df64220e-eb34-4b8d-b82a-35688b767e6b-0000 (marathon) at scheduler-5e781075-ed89-4843-b952-ab0cd90cee74@192.168.1.5:39867
I0515 11:43:06.311342 29511 http.cpp:1105] HTTP GET for /master/state?jsonp=angular.callbacks._9h from 127.0.0.1:37136 with User-Agent='Mozilla/5.0 (X11; Ubuntu; Linux x86_64; rv:66.0) Gecko/20100101 Firefox/66.0'
I0515 11:43:06.315855 29516 http.cpp:1122] HTTP GET for /master/state?jsonp=angular.callbacks._9h from 127.0.0.1:37136: '200 OK' after 6.18675ms
I0515 11:43:16.345755 29510 http.cpp:1105] HTTP GET for /master/state?jsonp=angular.callbacks._9j from 127.0.0.1:37136 with User-Agent='Mozilla/5.0 (X11; Ubuntu; Linux x86_64; rv:66.0) Gecko/20100101 Firefox/66.0'
I0515 11:43:16.350257 29516 http.cpp:1122] HTTP GET for /master/state?jsonp=angular.callbacks._9j from 127.0.0.1:37136: '200 OK' after 6.3447ms
I0515 11:43:19.536432 29512 master.cpp:9417] Performing explicit task state reconciliation for 1 tasks of framework df64220e-eb34-4b8d-b82a-35688b767e6b-0000 (marathon) at scheduler-5e781075-ed89-4843-b952-ab0cd90cee74@192.168.1.5:39867
I0515 11:43:26.382750 29509 http.cpp:1105] HTTP GET for /master/state?jsonp=angular.callbacks._9l from 127.0.0.1:37136 with User-Agent='Mozilla/5.0 (X11; Ubuntu; Linux x86_64; rv:66.0) Gecko/20100101 Firefox/66.0'
I0515 11:43:26.387073 29515 http.cpp:1122] HTTP GET for /master/state?jsonp=angular.callbacks._9l from 127.0.0.1:37136: '200 OK' after 6.21722ms
I0515 11:43:34.556366 29516 master.cpp:9417] Performing explicit task state reconciliation for 1 tasks of framework df64220e-eb34-4b8d-b82a-35688b767e6b-0000 (marathon) at scheduler-5e781075-ed89-4843-b952-ab0cd90cee74@192.168.1.5:39867
I0515 11:43:36.418375 29514 http.cpp:1105] HTTP GET for /master/state?jsonp=angular.callbacks._9n from 127.0.0.1:37136 with User-Agent='Mozilla/5.0 (X11; Ubuntu; Linux x86_64; rv:66.0) Gecko/20100101 Firefox/66.0'
I0515 11:43:36.422706 29512 http.cpp:1122] HTTP GET for /master/state?jsonp=angular.callbacks._9n from 127.0.0.1:37136: '200 OK' after 6.06106ms
I0515 11:43:46.452136 29514 http.cpp:1105] HTTP GET for /master/state?jsonp=angular.callbacks._9p from 127.0.0.1:37136 with User-Agent='Mozilla/5.0 (X11; Ubuntu; Linux x86_64; rv:66.0) Gecko/20100101 Firefox/66.0'
I0515 11:43:46.456488 29516 http.cpp:1122] HTTP GET for /master/state?jsonp=angular.callbacks._9p from 127.0.0.1:37136: '200 OK' after 6.14682ms
I0515 11:43:49.576434 29509 master.cpp:9417] Performing explicit task state reconciliation for 1 tasks of framework df64220e-eb34-4b8d-b82a-35688b767e6b-0000 (marathon) at scheduler-5e781075-ed89-4843-b952-ab0cd90cee74@192.168.1.5:39867
I0515 11:43:56.487320 29510 http.cpp:1105] HTTP GET for /master/state?jsonp=angular.callbacks._9r from 127.0.0.1:37136 with User-Agent='Mozilla/5.0 (X11; Ubuntu; Linux x86_64; rv:66.0) Gecko/20100101 Firefox/66.0'
I0515 11:43:56.491755 29515 http.cpp:1122] HTTP GET for /master/state?jsonp=angular.callbacks._9r from 127.0.0.1:37136: '200 OK' after 6.2999ms
I0515 11:44:04.596516 29509 master.cpp:9417] Performing explicit task state reconciliation for 1 tasks of framework df64220e-eb34-4b8d-b82a-35688b767e6b-0000 (marathon) at scheduler-5e781075-ed89-4843-b952-ab0cd90cee74@192.168.1.5:39867
I0515 11:44:04.617229 29510 master.cpp:10007] Sending offers [ df64220e-eb34-4b8d-b82a-35688b767e6b-O65 ] to framework df64220e-eb34-4b8d-b82a-35688b767e6b-0000 (marathon) at scheduler-5e781075-ed89-4843-b952-ab0cd90cee74@192.168.1.5:39867
I0515 11:44:04.620755 29513 master.cpp:6040] Processing DECLINE call for offers: [ df64220e-eb34-4b8d-b82a-35688b767e6b-O65 ] for framework df64220e-eb34-4b8d-b82a-35688b767e6b-0000 (marathon) at scheduler-5e781075-ed89-4843-b952-ab0cd90cee74@192.168.1.5:39867 with 120 seconds filter
I0515 11:44:04.621148 29513 master.cpp:12279] Removing offer df64220e-eb34-4b8d-b82a-35688b767e6b-O65
I0515 11:44:06.524520 29509 http.cpp:1105] HTTP GET for /master/state?jsonp=angular.callbacks._9t from 127.0.0.1:37136 with User-Agent='Mozilla/5.0 (X11; Ubuntu; Linux x86_64; rv:66.0) Gecko/20100101 Firefox/66.0'
I0515 11:44:06.528872 29515 http.cpp:1122] HTTP GET for /master/state?jsonp=angular.callbacks._9t from 127.0.0.1:37136: '200 OK' after 5.95712ms
I0515 11:44:16.560926 29515 http.cpp:1105] HTTP GET for /master/state?jsonp=angular.callbacks._9v from 127.0.0.1:37136 with User-Agent='Mozilla/5.0 (X11; Ubuntu; Linux x86_64; rv:66.0) Gecko/20100101 Firefox/66.0'
I0515 11:44:16.567690 29516 http.cpp:1122] HTTP GET for /master/state?jsonp=angular.callbacks._9v from 127.0.0.1:37136: '200 OK' after 8.43315ms
I0515 11:44:19.636164 29515 master.cpp:9417] Performing explicit task state reconciliation for 1 tasks of framework df64220e-eb34-4b8d-b82a-35688b767e6b-0000 (marathon) at scheduler-5e781075-ed89-4843-b952-ab0cd90cee74@192.168.1.5:39867
I0515 11:44:26.598423 29514 http.cpp:1105] HTTP GET for /master/state?jsonp=angular.callbacks._9x from 127.0.0.1:37136 with User-Agent='Mozilla/5.0 (X11; Ubuntu; Linux x86_64; rv:66.0) Gecko/20100101 Firefox/66.0'
I0515 11:44:26.602666 29516 http.cpp:1122] HTTP GET for /master/state?jsonp=angular.callbacks._9x from 127.0.0.1:37136: '200 OK' after 6.00602ms
I0515 11:44:34.656692 29509 master.cpp:9417] Performing explicit task state reconciliation for 1 tasks of framework df64220e-eb34-4b8d-b82a-35688b767e6b-0000 (marathon) at scheduler-5e781075-ed89-4843-b952-ab0cd90cee74@192.168.1.5:39867
I0515 11:44:36.635648 29514 http.cpp:1105] HTTP GET for /master/state?jsonp=angular.callbacks._9z from 127.0.0.1:37136 with User-Agent='Mozilla/5.0 (X11; Ubuntu; Linux x86_64; rv:66.0) Gecko/20100101 Firefox/66.0'
I0515 11:44:36.640159 29513 http.cpp:1122] HTTP GET for /master/state?jsonp=angular.callbacks._9z from 127.0.0.1:37136: '200 OK' after 6.40333ms
I0515 11:44:46.669126 29516 http.cpp:1105] HTTP GET for /master/state?jsonp=angular.callbacks._a1 from 127.0.0.1:37136 with User-Agent='Mozilla/5.0 (X11; Ubuntu; Linux x86_64; rv:66.0) Gecko/20100101 Firefox/66.0'
I0515 11:44:46.673635 29509 http.cpp:1122] HTTP GET for /master/state?jsonp=angular.callbacks._a1 from 127.0.0.1:37136: '200 OK' after 6.31091ms
I0515 11:44:49.676241 29514 master.cpp:9417] Performing explicit task state reconciliation for 1 tasks of framework df64220e-eb34-4b8d-b82a-35688b767e6b-0000 (marathon) at scheduler-5e781075-ed89-4843-b952-ab0cd90cee74@192.168.1.5:39867
I0515 11:44:56.712471 29513 http.cpp:1105] HTTP GET for /master/state?jsonp=angular.callbacks._a3 from 127.0.0.1:37136 with User-Agent='Mozilla/5.0 (X11; Ubuntu; Linux x86_64; rv:66.0) Gecko/20100101 Firefox/66.0'
I0515 11:44:56.716764 29516 http.cpp:1122] HTTP GET for /master/state?jsonp=angular.callbacks._a3 from 127.0.0.1:37136: '200 OK' after 6.01293ms
I0515 11:45:04.696138 29511 master.cpp:9417] Performing explicit task state reconciliation for 1 tasks of framework df64220e-eb34-4b8d-b82a-35688b767e6b-0000 (marathon) at scheduler-5e781075-ed89-4843-b952-ab0cd90cee74@192.168.1.5:39867
I0515 11:45:06.746881 29510 http.cpp:1105] HTTP GET for /master/state?jsonp=angular.callbacks._a5 from 127.0.0.1:37136 with User-Agent='Mozilla/5.0 (X11; Ubuntu; Linux x86_64; rv:66.0) Gecko/20100101 Firefox/66.0'
I0515 11:45:06.751302 29514 http.cpp:1122] HTTP GET for /master/state?jsonp=angular.callbacks._a5 from 127.0.0.1:37136: '200 OK' after 6.24614ms
I0515 11:45:16.785039 29513 http.cpp:1105] HTTP GET for /master/state?jsonp=angular.callbacks._a7 from 127.0.0.1:37136 with User-Agent='Mozilla/5.0 (X11; Ubuntu; Linux x86_64; rv:66.0) Gecko/20100101 Firefox/66.0'
I0515 11:45:16.789374 29510 http.cpp:1122] HTTP GET for /master/state?jsonp=angular.callbacks._a7 from 127.0.0.1:37136: '200 OK' after 6.17728ms
I0515 11:45:19.716253 29513 master.cpp:9417] Performing explicit task state reconciliation for 1 tasks of framework df64220e-eb34-4b8d-b82a-35688b767e6b-0000 (marathon) at scheduler-5e781075-ed89-4843-b952-ab0cd90cee74@192.168.1.5:39867
I0515 11:45:26.821827 29511 http.cpp:1105] HTTP GET for /master/state?jsonp=angular.callbacks._a9 from 127.0.0.1:37136 with User-Agent='Mozilla/5.0 (X11; Ubuntu; Linux x86_64; rv:66.0) Gecko/20100101 Firefox/66.0'
I0515 11:45:26.826251 29516 http.cpp:1122] HTTP GET for /master/state?jsonp=angular.callbacks._a9 from 127.0.0.1:37136: '200 OK' after 6.21926ms
I0515 11:45:34.736446 29513 master.cpp:9417] Performing explicit task state reconciliation for 1 tasks of framework df64220e-eb34-4b8d-b82a-35688b767e6b-0000 (marathon) at scheduler-5e781075-ed89-4843-b952-ab0cd90cee74@192.168.1.5:39867
I0515 11:45:36.871165 29516 http.cpp:1105] HTTP GET for /master/state?jsonp=angular.callbacks._ab from 127.0.0.1:37136 with User-Agent='Mozilla/5.0 (X11; Ubuntu; Linux x86_64; rv:66.0) Gecko/20100101 Firefox/66.0'
I0515 11:45:36.875797 29513 http.cpp:1122] HTTP GET for /master/state?jsonp=angular.callbacks._ab from 127.0.0.1:37136: '200 OK' after 6.5239ms
I0515 11:45:46.902724 29516 http.cpp:1105] HTTP GET for /master/state?jsonp=angular.callbacks._ad from 127.0.0.1:37136 with User-Agent='Mozilla/5.0 (X11; Ubuntu; Linux x86_64; rv:66.0) Gecko/20100101 Firefox/66.0'
I0515 11:45:46.909776 29511 http.cpp:1122] HTTP GET for /master/state?jsonp=angular.callbacks._ad from 127.0.0.1:37136: '200 OK' after 8.85683ms
I0515 11:45:49.756767 29512 master.cpp:9417] Performing explicit task state reconciliation for 1 tasks of framework df64220e-eb34-4b8d-b82a-35688b767e6b-0000 (marathon) at scheduler-5e781075-ed89-4843-b952-ab0cd90cee74@192.168.1.5:39867
I0515 11:45:56.941956 29514 http.cpp:1105] HTTP GET for /master/state?jsonp=angular.callbacks._af from 127.0.0.1:37136 with User-Agent='Mozilla/5.0 (X11; Ubuntu; Linux x86_64; rv:66.0) Gecko/20100101 Firefox/66.0'
I0515 11:45:56.946727 29510 http.cpp:1122] HTTP GET for /master/state?jsonp=angular.callbacks._af from 127.0.0.1:37136: '200 OK' after 6.66496ms
I0515 11:46:04.776648 29516 master.cpp:9417] Performing explicit task state reconciliation for 1 tasks of framework df64220e-eb34-4b8d-b82a-35688b767e6b-0000 (marathon) at scheduler-5e781075-ed89-4843-b952-ab0cd90cee74@192.168.1.5:39867
I0515 11:46:04.792909 29513 master.cpp:10007] Sending offers [ df64220e-eb34-4b8d-b82a-35688b767e6b-O66 ] to framework df64220e-eb34-4b8d-b82a-35688b767e6b-0000 (marathon) at scheduler-5e781075-ed89-4843-b952-ab0cd90cee74@192.168.1.5:39867
I0515 11:46:04.796944 29515 master.cpp:6040] Processing DECLINE call for offers: [ df64220e-eb34-4b8d-b82a-35688b767e6b-O66 ] for framework df64220e-eb34-4b8d-b82a-35688b767e6b-0000 (marathon) at scheduler-5e781075-ed89-4843-b952-ab0cd90cee74@192.168.1.5:39867 with 120 seconds filter
I0515 11:46:04.797533 29515 master.cpp:12279] Removing offer df64220e-eb34-4b8d-b82a-35688b767e6b-O66
I0515 11:46:06.977862 29509 http.cpp:1105] HTTP GET for /master/state?jsonp=angular.callbacks._ah from 127.0.0.1:37136 with User-Agent='Mozilla/5.0 (X11; Ubuntu; Linux x86_64; rv:66.0) Gecko/20100101 Firefox/66.0'
I0515 11:46:06.984091 29512 http.cpp:1122] HTTP GET for /master/state?jsonp=angular.callbacks._ah from 127.0.0.1:37136: '200 OK' after 7.99104ms
I0515 11:46:17.018163 29509 http.cpp:1105] HTTP GET for /master/state?jsonp=angular.callbacks._aj from 127.0.0.1:37136 with User-Agent='Mozilla/5.0 (X11; Ubuntu; Linux x86_64; rv:66.0) Gecko/20100101 Firefox/66.0'
I0515 11:46:17.022738 29512 http.cpp:1122] HTTP GET for /master/state?jsonp=angular.callbacks._aj from 127.0.0.1:37136: '200 OK' after 6.37978ms
I0515 11:46:19.816421 29509 master.cpp:9417] Performing explicit task state reconciliation for 1 tasks of framework df64220e-eb34-4b8d-b82a-35688b767e6b-0000 (marathon) at scheduler-5e781075-ed89-4843-b952-ab0cd90cee74@192.168.1.5:39867
I0515 11:46:27.057154 29510 http.cpp:1105] HTTP GET for /master/state?jsonp=angular.callbacks._al from 127.0.0.1:37136 with User-Agent='Mozilla/5.0 (X11; Ubuntu; Linux x86_64; rv:66.0) Gecko/20100101 Firefox/66.0'
I0515 11:46:27.061669 29511 http.cpp:1122] HTTP GET for /master/state?jsonp=angular.callbacks._al from 127.0.0.1:37136: '200 OK' after 6.29914ms
