I0514 20:40:49.045958  2711 gc.cpp:95] Scheduling '/var/lib/mesos/agent/slaves/c8e59b09-da78-48e6-bdd2-9c3396b857b8-S0/frameworks/c8e59b09-da78-48e6-bdd2-9c3396b857b8-0000/executors/httpd.0a9d1a9f-7365-11e9-a5d3-2e151a5b90ce' for gc 2.79743002482667days in the future
I0514 20:40:49.046006  2709 slave.cpp:9813] Recovering executor 'httpd.1c9049d2-7365-11e9-a5d3-2e151a5b90ce' of framework c8e59b09-da78-48e6-bdd2-9c3396b857b8-0000
I0514 20:40:49.046025  2711 gc.cpp:95] Scheduling '/var/lib/mesos/agent/meta/slaves/c8e59b09-da78-48e6-bdd2-9c3396b857b8-S0/frameworks/c8e59b09-da78-48e6-bdd2-9c3396b857b8-0000/executors/httpd.0a9d1a9f-7365-11e9-a5d3-2e151a5b90ce' for gc 2.79743002422519days in the future
I0514 20:40:49.046416  2700 gc.cpp:95] Scheduling '/var/lib/mesos/agent/meta/slaves/c8e59b09-da78-48e6-bdd2-9c3396b857b8-S0/frameworks/c8e59b09-da78-48e6-bdd2-9c3396b857b8-0000/executors/httpd.1c9049d2-7365-11e9-a5d3-2e151a5b90ce/runs/66528878-c514-4e6a-9484-2a70ba1dba6a/tasks/httpd.1c9049d2-7365-11e9-a5d3-2e151a5b90ce' for gc 2.79771937096days in the future
I0514 20:40:49.059541  2707 gc.cpp:95] Scheduling '/var/lib/mesos/agent/slaves/c8e59b09-da78-48e6-bdd2-9c3396b857b8-S0/frameworks/c8e59b09-da78-48e6-bdd2-9c3396b857b8-0000/executors/httpd.1c9049d2-7365-11e9-a5d3-2e151a5b90ce/runs/66528878-c514-4e6a-9484-2a70ba1dba6a' for gc 2.79777709020741days in the future
I0514 20:40:49.059751  2705 gc.cpp:95] Scheduling '/var/lib/mesos/agent/meta/slaves/c8e59b09-da78-48e6-bdd2-9c3396b857b8-S0/frameworks/c8e59b09-da78-48e6-bdd2-9c3396b857b8-0000/executors/httpd.1c9049d2-7365-11e9-a5d3-2e151a5b90ce/runs/66528878-c514-4e6a-9484-2a70ba1dba6a' for gc 2.79777708685333days in the future
I0514 20:40:49.059834  2705 gc.cpp:95] Scheduling '/var/lib/mesos/agent/slaves/c8e59b09-da78-48e6-bdd2-9c3396b857b8-S0/frameworks/c8e59b09-da78-48e6-bdd2-9c3396b857b8-0000/executors/httpd.1c9049d2-7365-11e9-a5d3-2e151a5b90ce' for gc 2.79777708607704days in the future
I0514 20:40:49.059898  2705 gc.cpp:95] Scheduling '/var/lib/mesos/agent/meta/slaves/c8e59b09-da78-48e6-bdd2-9c3396b857b8-S0/frameworks/c8e59b09-da78-48e6-bdd2-9c3396b857b8-0000/executors/httpd.1c9049d2-7365-11e9-a5d3-2e151a5b90ce' for gc 2.79777708545185days in the future
I0514 20:40:49.059972  2709 slave.cpp:9813] Recovering executor 'httpd.04a034be-7365-11e9-a5d3-2e151a5b90ce' of framework c8e59b09-da78-48e6-bdd2-9c3396b857b8-0000
I0514 20:40:49.060494  2703 gc.cpp:95] Scheduling '/var/lib/mesos/agent/meta/slaves/c8e59b09-da78-48e6-bdd2-9c3396b857b8-S0/frameworks/c8e59b09-da78-48e6-bdd2-9c3396b857b8-0000/executors/httpd.04a034be-7365-11e9-a5d3-2e151a5b90ce/runs/a1285678-8931-4748-9f78-6975fd99b9cc/tasks/httpd.04a034be-7365-11e9-a5d3-2e151a5b90ce' for gc 2.79725624519704days in the future
I0514 20:40:49.066624  2700 gc.cpp:95] Scheduling '/var/lib/mesos/agent/slaves/c8e59b09-da78-48e6-bdd2-9c3396b857b8-S0/frameworks/c8e59b09-da78-48e6-bdd2-9c3396b857b8-0000/executors/httpd.04a034be-7365-11e9-a5d3-2e151a5b90ce/runs/a1285678-8931-4748-9f78-6975fd99b9cc' for gc 2.79731404454815days in the future
I0514 20:40:49.066773  2707 gc.cpp:95] Scheduling '/var/lib/mesos/agent/meta/slaves/c8e59b09-da78-48e6-bdd2-9c3396b857b8-S0/frameworks/c8e59b09-da78-48e6-bdd2-9c3396b857b8-0000/executors/httpd.04a034be-7365-11e9-a5d3-2e151a5b90ce/runs/a1285678-8931-4748-9f78-6975fd99b9cc' for gc 2.79731404266074days in the future
I0514 20:40:49.066856  2707 gc.cpp:95] Scheduling '/var/lib/mesos/agent/slaves/c8e59b09-da78-48e6-bdd2-9c3396b857b8-S0/frameworks/c8e59b09-da78-48e6-bdd2-9c3396b857b8-0000/executors/httpd.04a034be-7365-11e9-a5d3-2e151a5b90ce' for gc 2.79731404205926days in the future
I0514 20:40:49.066908  2709 slave.cpp:9813] Recovering executor 'httpd.347fe9b6-7365-11e9-a5d3-2e151a5b90ce' of framework c8e59b09-da78-48e6-bdd2-9c3396b857b8-0000
I0514 20:40:49.066921  2707 gc.cpp:95] Scheduling '/var/lib/mesos/agent/meta/slaves/c8e59b09-da78-48e6-bdd2-9c3396b857b8-S0/frameworks/c8e59b09-da78-48e6-bdd2-9c3396b857b8-0000/executors/httpd.04a034be-7365-11e9-a5d3-2e151a5b90ce' for gc 2.79731404146963days in the future
I0514 20:40:49.067333  2699 gc.cpp:95] Scheduling '/var/lib/mesos/agent/meta/slaves/c8e59b09-da78-48e6-bdd2-9c3396b857b8-S0/frameworks/c8e59b09-da78-48e6-bdd2-9c3396b857b8-0000/executors/httpd.347fe9b6-7365-11e9-a5d3-2e151a5b90ce/runs/b7af05d3-17db-46b3-9efa-3675672f1135/tasks/httpd.347fe9b6-7365-11e9-a5d3-2e151a5b90ce' for gc 2.79818209190815days in the future
I0514 20:40:49.067826  2703 gc.cpp:95] Scheduling '/var/lib/mesos/agent/slaves/c8e59b09-da78-48e6-bdd2-9c3396b857b8-S0/frameworks/c8e59b09-da78-48e6-bdd2-9c3396b857b8-0000/executors/httpd.347fe9b6-7365-11e9-a5d3-2e151a5b90ce/runs/b7af05d3-17db-46b3-9efa-3675672f1135' for gc 2.79823995655111days in the future
I0514 20:40:49.067986  2700 gc.cpp:95] Scheduling '/var/lib/mesos/agent/meta/slaves/c8e59b09-da78-48e6-bdd2-9c3396b857b8-S0/frameworks/c8e59b09-da78-48e6-bdd2-9c3396b857b8-0000/executors/httpd.347fe9b6-7365-11e9-a5d3-2e151a5b90ce/runs/b7af05d3-17db-46b3-9efa-3675672f1135' for gc 2.79823995464days in the future
I0514 20:40:49.068073  2700 gc.cpp:95] Scheduling '/var/lib/mesos/agent/slaves/c8e59b09-da78-48e6-bdd2-9c3396b857b8-S0/frameworks/c8e59b09-da78-48e6-bdd2-9c3396b857b8-0000/executors/httpd.347fe9b6-7365-11e9-a5d3-2e151a5b90ce' for gc 2.79823995403852days in the future
I0514 20:40:49.068114  2709 slave.cpp:9813] Recovering executor 'httpd.40787cf8-7365-11e9-a5d3-2e151a5b90ce' of framework c8e59b09-da78-48e6-bdd2-9c3396b857b8-0000
I0514 20:40:49.068137  2700 gc.cpp:95] Scheduling '/var/lib/mesos/agent/meta/slaves/c8e59b09-da78-48e6-bdd2-9c3396b857b8-S0/frameworks/c8e59b09-da78-48e6-bdd2-9c3396b857b8-0000/executors/httpd.347fe9b6-7365-11e9-a5d3-2e151a5b90ce' for gc 2.79823995343704days in the future
I0514 20:40:49.068531  2711 gc.cpp:95] Scheduling '/var/lib/mesos/agent/meta/slaves/c8e59b09-da78-48e6-bdd2-9c3396b857b8-S0/frameworks/c8e59b09-da78-48e6-bdd2-9c3396b857b8-0000/executors/httpd.40787cf8-7365-11e9-a5d3-2e151a5b90ce/runs/1f7b10d3-9790-4a53-a03f-4b7fd9ae2a89/tasks/httpd.40787cf8-7365-11e9-a5d3-2e151a5b90ce' for gc 2.79841355949037days in the future
I0514 20:40:49.081135  2699 gc.cpp:95] Scheduling '/var/lib/mesos/agent/slaves/c8e59b09-da78-48e6-bdd2-9c3396b857b8-S0/frameworks/c8e59b09-da78-48e6-bdd2-9c3396b857b8-0000/executors/httpd.40787cf8-7365-11e9-a5d3-2e151a5b90ce/runs/1f7b10d3-9790-4a53-a03f-4b7fd9ae2a89' for gc 2.79848285879407days in the future
I0514 20:40:49.081367  2703 gc.cpp:95] Scheduling '/var/lib/mesos/agent/meta/slaves/c8e59b09-da78-48e6-bdd2-9c3396b857b8-S0/frameworks/c8e59b09-da78-48e6-bdd2-9c3396b857b8-0000/executors/httpd.40787cf8-7365-11e9-a5d3-2e151a5b90ce/runs/1f7b10d3-9790-4a53-a03f-4b7fd9ae2a89' for gc 2.79848285534519days in the future
I0514 20:40:49.081449  2703 gc.cpp:95] Scheduling '/var/lib/mesos/agent/slaves/c8e59b09-da78-48e6-bdd2-9c3396b857b8-S0/frameworks/c8e59b09-da78-48e6-bdd2-9c3396b857b8-0000/executors/httpd.40787cf8-7365-11e9-a5d3-2e151a5b90ce' for gc 2.79848285477037days in the future
I0514 20:40:49.081513  2703 gc.cpp:95] Scheduling '/var/lib/mesos/agent/meta/slaves/c8e59b09-da78-48e6-bdd2-9c3396b857b8-S0/frameworks/c8e59b09-da78-48e6-bdd2-9c3396b857b8-0000/executors/httpd.40787cf8-7365-11e9-a5d3-2e151a5b90ce' for gc 2.79848285418963days in the future
I0514 20:40:49.081557  2709 slave.cpp:9813] Recovering executor 'httpd.2e846365-7365-11e9-a5d3-2e151a5b90ce' of framework c8e59b09-da78-48e6-bdd2-9c3396b857b8-0000
I0514 20:40:49.082067  2705 gc.cpp:95] Scheduling '/var/lib/mesos/agent/meta/slaves/c8e59b09-da78-48e6-bdd2-9c3396b857b8-S0/frameworks/c8e59b09-da78-48e6-bdd2-9c3396b857b8-0000/executors/httpd.2e846365-7365-11e9-a5d3-2e151a5b90ce/runs/12e0b209-2eb6-4405-88fd-4d7927d93d49/tasks/httpd.2e846365-7365-11e9-a5d3-2e151a5b90ce' for gc 2.79806618046519days in the future
I0514 20:40:49.101378  2711 gc.cpp:95] Scheduling '/var/lib/mesos/agent/slaves/c8e59b09-da78-48e6-bdd2-9c3396b857b8-S0/frameworks/c8e59b09-da78-48e6-bdd2-9c3396b857b8-0000/executors/httpd.2e846365-7365-11e9-a5d3-2e151a5b90ce/runs/12e0b209-2eb6-4405-88fd-4d7927d93d49' for gc 2.79812382836741days in the future
I0514 20:40:49.101604  2699 gc.cpp:95] Scheduling '/var/lib/mesos/agent/meta/slaves/c8e59b09-da78-48e6-bdd2-9c3396b857b8-S0/frameworks/c8e59b09-da78-48e6-bdd2-9c3396b857b8-0000/executors/httpd.2e846365-7365-11e9-a5d3-2e151a5b90ce/runs/12e0b209-2eb6-4405-88fd-4d7927d93d49' for gc 2.79812382482667days in the future
I0514 20:40:49.101688  2699 gc.cpp:95] Scheduling '/var/lib/mesos/agent/slaves/c8e59b09-da78-48e6-bdd2-9c3396b857b8-S0/frameworks/c8e59b09-da78-48e6-bdd2-9c3396b857b8-0000/executors/httpd.2e846365-7365-11e9-a5d3-2e151a5b90ce' for gc 2.79812382424889days in the future
I0514 20:40:49.101754  2699 gc.cpp:95] Scheduling '/var/lib/mesos/agent/meta/slaves/c8e59b09-da78-48e6-bdd2-9c3396b857b8-S0/frameworks/c8e59b09-da78-48e6-bdd2-9c3396b857b8-0000/executors/httpd.2e846365-7365-11e9-a5d3-2e151a5b90ce' for gc 2.79812382365926days in the future
I0514 20:40:49.101801  2709 slave.cpp:9813] Recovering executor 'httpd.feac287d-7364-11e9-a5d3-2e151a5b90ce' of framework c8e59b09-da78-48e6-bdd2-9c3396b857b8-0000
I0514 20:40:49.102308  2707 gc.cpp:95] Scheduling '/var/lib/mesos/agent/meta/slaves/c8e59b09-da78-48e6-bdd2-9c3396b857b8-S0/frameworks/c8e59b09-da78-48e6-bdd2-9c3396b857b8-0000/executors/httpd.feac287d-7364-11e9-a5d3-2e151a5b90ce/runs/964dddbf-246b-4a47-bb8a-4aa4a58b5dc9/tasks/httpd.feac287d-7364-11e9-a5d3-2e151a5b90ce' for gc 2.79714002037037days in the future
I0514 20:40:49.102746  2705 gc.cpp:95] Scheduling '/var/lib/mesos/agent/slaves/c8e59b09-da78-48e6-bdd2-9c3396b857b8-S0/frameworks/c8e59b09-da78-48e6-bdd2-9c3396b857b8-0000/executors/httpd.feac287d-7364-11e9-a5d3-2e151a5b90ce/runs/964dddbf-246b-4a47-bb8a-4aa4a58b5dc9' for gc 2.79719788556741days in the future
I0514 20:40:49.102841  2711 gc.cpp:95] Scheduling '/var/lib/mesos/agent/meta/slaves/c8e59b09-da78-48e6-bdd2-9c3396b857b8-S0/frameworks/c8e59b09-da78-48e6-bdd2-9c3396b857b8-0000/executors/httpd.feac287d-7364-11e9-a5d3-2e151a5b90ce/runs/964dddbf-246b-4a47-bb8a-4aa4a58b5dc9' for gc 2.79719788422519days in the future
I0514 20:40:49.102897  2711 gc.cpp:95] Scheduling '/var/lib/mesos/agent/slaves/c8e59b09-da78-48e6-bdd2-9c3396b857b8-S0/frameworks/c8e59b09-da78-48e6-bdd2-9c3396b857b8-0000/executors/httpd.feac287d-7364-11e9-a5d3-2e151a5b90ce' for gc 2.79719788377185days in the future
I0514 20:40:49.102946  2711 gc.cpp:95] Scheduling '/var/lib/mesos/agent/meta/slaves/c8e59b09-da78-48e6-bdd2-9c3396b857b8-S0/frameworks/c8e59b09-da78-48e6-bdd2-9c3396b857b8-0000/executors/httpd.feac287d-7364-11e9-a5d3-2e151a5b90ce' for gc 2.79719788329778days in the future
I0514 20:40:49.102949  2709 slave.cpp:9813] Recovering executor 'httpd.49720109-7365-11e9-a5d3-2e151a5b90ce' of framework c8e59b09-da78-48e6-bdd2-9c3396b857b8-0000
I0514 20:40:49.103255  2700 gc.cpp:95] Scheduling '/var/lib/mesos/agent/meta/slaves/c8e59b09-da78-48e6-bdd2-9c3396b857b8-S0/frameworks/c8e59b09-da78-48e6-bdd2-9c3396b857b8-0000/executors/httpd.49720109-7365-11e9-a5d3-2e151a5b90ce/runs/a3ca970b-dfcd-4f89-8768-896bf84beda5/tasks/httpd.49720109-7365-11e9-a5d3-2e151a5b90ce' for gc 2.79858676846222days in the future
I0514 20:40:49.112345  2707 gc.cpp:95] Scheduling '/var/lib/mesos/agent/slaves/c8e59b09-da78-48e6-bdd2-9c3396b857b8-S0/frameworks/c8e59b09-da78-48e6-bdd2-9c3396b857b8-0000/executors/httpd.49720109-7365-11e9-a5d3-2e151a5b90ce/runs/a3ca970b-dfcd-4f89-8768-896bf84beda5' for gc 2.79865610870519days in the future
I0514 20:40:49.112583  2705 gc.cpp:95] Scheduling '/var/lib/mesos/agent/meta/slaves/c8e59b09-da78-48e6-bdd2-9c3396b857b8-S0/frameworks/c8e59b09-da78-48e6-bdd2-9c3396b857b8-0000/executors/httpd.49720109-7365-11e9-a5d3-2e151a5b90ce/runs/a3ca970b-dfcd-4f89-8768-896bf84beda5' for gc 2.79865610526815days in the future
I0514 20:40:49.112673  2705 gc.cpp:95] Scheduling '/var/lib/mesos/agent/slaves/c8e59b09-da78-48e6-bdd2-9c3396b857b8-S0/frameworks/c8e59b09-da78-48e6-bdd2-9c3396b857b8-0000/executors/httpd.49720109-7365-11e9-a5d3-2e151a5b90ce' for gc 2.79865610459556days in the future
I0514 20:40:49.112740  2705 gc.cpp:95] Scheduling '/var/lib/mesos/agent/meta/slaves/c8e59b09-da78-48e6-bdd2-9c3396b857b8-S0/frameworks/c8e59b09-da78-48e6-bdd2-9c3396b857b8-0000/executors/httpd.49720109-7365-11e9-a5d3-2e151a5b90ce' for gc 2.79865610399111days in the future
I0514 20:40:49.112761  2709 slave.cpp:6840] Cleaning up framework c8e59b09-da78-48e6-bdd2-9c3396b857b8-0000
I0514 20:40:49.112924  2703 task_status_update_manager.cpp:289] Closing task status update streams for framework c8e59b09-da78-48e6-bdd2-9c3396b857b8-0000
I0514 20:40:49.112956  2711 gc.cpp:95] Scheduling '/var/lib/mesos/agent/slaves/c8e59b09-da78-48e6-bdd2-9c3396b857b8-S0/frameworks/c8e59b09-da78-48e6-bdd2-9c3396b857b8-0000' for gc 6.99999869339259days in the future
I0514 20:40:49.113039  2711 gc.cpp:95] Scheduling '/var/lib/mesos/agent/meta/slaves/c8e59b09-da78-48e6-bdd2-9c3396b857b8-S0/frameworks/c8e59b09-da78-48e6-bdd2-9c3396b857b8-0000' for gc 6.99999869287111days in the future
I0514 20:40:49.125557  2700 task_status_update_manager.cpp:207] Recovering task status update manager
I0514 20:40:49.125600  2700 task_status_update_manager.cpp:215] Recovering executor 'httpd.982467ca-75af-11e9-8319-06d0e03ee117' of framework a02141ad-a172-44b5-8dd9-dc8a5687d41a-0000
I0514 20:40:49.125707  2700 task_status_update_manager.cpp:215] Recovering executor 'httpd.aa19b9dd-75af-11e9-8319-06d0e03ee117' of framework a02141ad-a172-44b5-8dd9-dc8a5687d41a-0000
I0514 20:40:49.125787  2700 task_status_update_manager.cpp:215] Recovering executor 'httpd.b015673e-75af-11e9-8319-06d0e03ee117' of framework a02141ad-a172-44b5-8dd9-dc8a5687d41a-0000
I0514 20:40:49.126327  2700 task_status_update_manager.cpp:215] Recovering executor 'httpd.8c37e278-75af-11e9-8319-06d0e03ee117' of framework a02141ad-a172-44b5-8dd9-dc8a5687d41a-0000
I0514 20:40:49.126425  2700 task_status_update_manager.cpp:215] Recovering executor 'httpd.9e20d87b-75af-11e9-8319-06d0e03ee117' of framework a02141ad-a172-44b5-8dd9-dc8a5687d41a-0000
I0514 20:40:49.126503  2700 task_status_update_manager.cpp:215] Recovering executor 'httpd.a41cacec-75af-11e9-8319-06d0e03ee117' of framework a02141ad-a172-44b5-8dd9-dc8a5687d41a-0000
I0514 20:40:49.126580  2700 task_status_update_manager.cpp:215] Recovering executor 'httpd.9229a4c9-75af-11e9-8319-06d0e03ee117' of framework a02141ad-a172-44b5-8dd9-dc8a5687d41a-0000
I0514 20:40:49.126662  2700 task_status_update_manager.cpp:215] Recovering executor 'httpd.5b837ba2-75b3-11e9-b18c-e6cbfc1c3ee9' of framework d24c421c-d71b-48cf-ac36-bad06b59829d-0000
I0514 20:40:49.126739  2700 task_status_update_manager.cpp:215] Recovering executor 'httpd.6d6b8745-75b3-11e9-b18c-e6cbfc1c3ee9' of framework d24c421c-d71b-48cf-ac36-bad06b59829d-0000
I0514 20:40:49.126814  2700 task_status_update_manager.cpp:215] Recovering executor 'httpd.7f5fa0d8-75b3-11e9-b18c-e6cbfc1c3ee9' of framework d24c421c-d71b-48cf-ac36-bad06b59829d-0000
I0514 20:40:49.126889  2700 task_status_update_manager.cpp:215] Recovering executor 'httpd.855ad909-75b3-11e9-b18c-e6cbfc1c3ee9' of framework d24c421c-d71b-48cf-ac36-bad06b59829d-0000
I0514 20:40:49.126965  2700 task_status_update_manager.cpp:215] Recovering executor 'httpd.6172a5e3-75b3-11e9-b18c-e6cbfc1c3ee9' of framework d24c421c-d71b-48cf-ac36-bad06b59829d-0000
I0514 20:40:49.127039  2700 task_status_update_manager.cpp:215] Recovering executor 'httpd.8b56ad7a-75b3-11e9-b18c-e6cbfc1c3ee9' of framework d24c421c-d71b-48cf-ac36-bad06b59829d-0000
I0514 20:40:49.127424  2700 task_status_update_manager.cpp:215] Recovering executor 'httpd.79637e47-75b3-11e9-b18c-e6cbfc1c3ee9' of framework d24c421c-d71b-48cf-ac36-bad06b59829d-0000
I0514 20:40:49.127508  2700 task_status_update_manager.cpp:215] Recovering executor 'httpd.736782c6-75b3-11e9-b18c-e6cbfc1c3ee9' of framework d24c421c-d71b-48cf-ac36-bad06b59829d-0000
I0514 20:40:49.127583  2700 task_status_update_manager.cpp:215] Recovering executor 'httpd.676f8bc4-75b3-11e9-b18c-e6cbfc1c3ee9' of framework d24c421c-d71b-48cf-ac36-bad06b59829d-0000
I0514 20:40:49.127660  2700 task_status_update_manager.cpp:215] Recovering executor 'httpd.5760a2ab-75b2-11e9-ba1c-426fd056c11c' of framework 20e4d121-4a00-4fa4-87a8-95fc84c6335e-0000
I0514 20:40:49.127733  2700 task_status_update_manager.cpp:215] Recovering executor 'httpd.4b711019-75b2-11e9-ba1c-426fd056c11c' of framework 20e4d121-4a00-4fa4-87a8-95fc84c6335e-0000
I0514 20:40:49.127807  2700 task_status_update_manager.cpp:215] Recovering executor 'httpd.5163bcca-75b2-11e9-ba1c-426fd056c11c' of framework 20e4d121-4a00-4fa4-87a8-95fc84c6335e-0000
I0514 20:40:49.127880  2700 task_status_update_manager.cpp:215] Recovering executor 'httpd.69550a5e-75b2-11e9-ba1c-426fd056c11c' of framework 20e4d121-4a00-4fa4-87a8-95fc84c6335e-0000
I0514 20:40:49.128190  2700 task_status_update_manager.cpp:215] Recovering executor 'httpd.5d5bdadc-75b2-11e9-ba1c-426fd056c11c' of framework 20e4d121-4a00-4fa4-87a8-95fc84c6335e-0000
I0514 20:40:49.128273  2700 task_status_update_manager.cpp:215] Recovering executor 'httpd.6357fd6d-75b2-11e9-ba1c-426fd056c11c' of framework 20e4d121-4a00-4fa4-87a8-95fc84c6335e-0000
I0514 20:40:49.128350  2700 task_status_update_manager.cpp:215] Recovering executor 'httpd.1694ea91-7365-11e9-a5d3-2e151a5b90ce' of framework c8e59b09-da78-48e6-bdd2-9c3396b857b8-0000
I0514 20:40:49.128424  2700 task_status_update_manager.cpp:215] Recovering executor 'httpd.2887cba4-7365-11e9-a5d3-2e151a5b90ce' of framework c8e59b09-da78-48e6-bdd2-9c3396b857b8-0000
I0514 20:40:49.128499  2700 task_status_update_manager.cpp:215] Recovering executor 'httpd.1097dda0-7365-11e9-a5d3-2e151a5b90ce' of framework c8e59b09-da78-48e6-bdd2-9c3396b857b8-0000
I0514 20:40:49.128573  2700 task_status_update_manager.cpp:215] Recovering executor 'httpd.3a7ca887-7365-11e9-a5d3-2e151a5b90ce' of framework c8e59b09-da78-48e6-bdd2-9c3396b857b8-0000
I0514 20:40:49.128646  2700 task_status_update_manager.cpp:215] Recovering executor 'httpd.228cba83-7365-11e9-a5d3-2e151a5b90ce' of framework c8e59b09-da78-48e6-bdd2-9c3396b857b8-0000
I0514 20:40:49.128720  2700 task_status_update_manager.cpp:215] Recovering executor 'httpd.0a9d1a9f-7365-11e9-a5d3-2e151a5b90ce' of framework c8e59b09-da78-48e6-bdd2-9c3396b857b8-0000
I0514 20:40:49.128793  2700 task_status_update_manager.cpp:215] Recovering executor 'httpd.1c9049d2-7365-11e9-a5d3-2e151a5b90ce' of framework c8e59b09-da78-48e6-bdd2-9c3396b857b8-0000
I0514 20:40:49.128865  2700 task_status_update_manager.cpp:215] Recovering executor 'httpd.04a034be-7365-11e9-a5d3-2e151a5b90ce' of framework c8e59b09-da78-48e6-bdd2-9c3396b857b8-0000
I0514 20:40:49.128938  2700 task_status_update_manager.cpp:215] Recovering executor 'httpd.347fe9b6-7365-11e9-a5d3-2e151a5b90ce' of framework c8e59b09-da78-48e6-bdd2-9c3396b857b8-0000
I0514 20:40:49.129011  2700 task_status_update_manager.cpp:215] Recovering executor 'httpd.40787cf8-7365-11e9-a5d3-2e151a5b90ce' of framework c8e59b09-da78-48e6-bdd2-9c3396b857b8-0000
I0514 20:40:49.129083  2700 task_status_update_manager.cpp:215] Recovering executor 'httpd.2e846365-7365-11e9-a5d3-2e151a5b90ce' of framework c8e59b09-da78-48e6-bdd2-9c3396b857b8-0000
I0514 20:40:49.129158  2700 task_status_update_manager.cpp:215] Recovering executor 'httpd.feac287d-7364-11e9-a5d3-2e151a5b90ce' of framework c8e59b09-da78-48e6-bdd2-9c3396b857b8-0000
I0514 20:40:49.129231  2700 task_status_update_manager.cpp:215] Recovering executor 'httpd.49720109-7365-11e9-a5d3-2e151a5b90ce' of framework c8e59b09-da78-48e6-bdd2-9c3396b857b8-0000
I0514 20:40:49.148510  2703 containerizer.cpp:797] Recovering Mesos containers
I0514 20:40:49.229485  2711 linux_launcher.cpp:286] Recovering Linux launcher
I0514 20:40:49.230092  2703 containerizer.cpp:1123] Recovering isolators
I0514 20:40:49.282523  2705 docker.cpp:890] Recovering Docker containers
I0514 20:40:49.355226  2711 containerizer.cpp:1162] Recovering provisioner
I0514 20:40:49.357331  2705 provisioner.cpp:498] Provisioner recovery complete
I0514 20:40:49.451665  2700 docker.cpp:903] Got the list of Docker containers
I0514 20:40:49.455745  2700 docker.cpp:1139] Finished processing orphaned Docker containers
I0514 20:40:49.457180  2703 composing.cpp:339] Finished recovering all containerizers
I0514 20:40:49.460455  2705 status_update_manager_process.hpp:314] Recovering operation status update manager
I0514 20:40:49.461740  2707 slave.cpp:7695] Recovering executors
I0514 20:40:49.462050  2707 slave.cpp:7785] Unable to reconnect to executor 'httpd.69550a5e-75b2-11e9-ba1c-426fd056c11c' of framework 20e4d121-4a00-4fa4-87a8-95fc84c6335e-0000 because no pid or http checkpoint file was found
I0514 20:40:49.462110  2707 slave.cpp:7785] Unable to reconnect to executor 'httpd.b015673e-75af-11e9-8319-06d0e03ee117' of framework a02141ad-a172-44b5-8dd9-dc8a5687d41a-0000 because no pid or http checkpoint file was found
I0514 20:40:49.462155  2707 slave.cpp:7785] Unable to reconnect to executor 'httpd.8b56ad7a-75b3-11e9-b18c-e6cbfc1c3ee9' of framework d24c421c-d71b-48cf-ac36-bad06b59829d-0000 because no pid or http checkpoint file was found
E0514 20:40:49.500634  2709 slave.cpp:6600] Termination of executor 'httpd.69550a5e-75b2-11e9-ba1c-426fd056c11c' of framework 20e4d121-4a00-4fa4-87a8-95fc84c6335e-0000 failed: unknown container
E0514 20:40:49.500767  2709 slave.cpp:6600] Termination of executor 'httpd.b015673e-75af-11e9-8319-06d0e03ee117' of framework a02141ad-a172-44b5-8dd9-dc8a5687d41a-0000 failed: unknown container
E0514 20:40:49.500809  2709 slave.cpp:6600] Termination of executor 'httpd.8b56ad7a-75b3-11e9-b18c-e6cbfc1c3ee9' of framework d24c421c-d71b-48cf-ac36-bad06b59829d-0000 failed: unknown container
I0514 20:40:51.462769  2700 slave.cpp:5473] Cleaning up un-reregistered executors
I0514 20:40:51.463079  2700 slave.cpp:7848] Finished recovery
I0514 20:40:51.465677  2699 task_status_update_manager.cpp:181] Pausing sending task status updates
I0514 20:40:51.465734  2705 status_update_manager_process.hpp:379] Pausing operation status update manager
I0514 20:40:51.465776  2700 slave.cpp:1258] New master detected at master@127.0.0.1:5050
I0514 20:40:51.465862  2700 slave.cpp:1312] No credentials provided. Attempting to register without authentication
I0514 20:40:51.465965  2700 slave.cpp:1323] Detecting new master
I0514 20:40:52.211040  2701 slave.cpp:1607] Re-registered with master master@127.0.0.1:5050
I0514 20:40:52.211297  2701 slave.cpp:1653] Forwarding agent update {"operations":{},"resource_providers":{},"resource_version_uuid":{"value":"2LHl3CvmSRyajTKXIXSRuA=="},"slave_id":{"value":"c8e59b09-da78-48e6-bdd2-9c3396b857b8-S0"},"update_oversubscribed_resources":false}
I0514 20:40:52.211637  2700 status_update_manager_process.hpp:385] Resuming operation status update manager
I0514 20:40:52.211796  2703 task_status_update_manager.cpp:188] Resuming sending task status updates
W0514 20:40:52.211858  2703 task_status_update_manager.cpp:195] Resending task status update TASK_FAILED (Status UUID: 37ea67da-07e3-4252-bcc7-2c1b06591da3) for task httpd.69550a5e-75b2-11e9-ba1c-426fd056c11c of framework 20e4d121-4a00-4fa4-87a8-95fc84c6335e-0000
W0514 20:40:52.212112  2703 task_status_update_manager.cpp:195] Resending task status update TASK_STARTING (Status UUID: d51c45a9-4f30-42c0-b836-4cdf43570463) for task httpd.b015673e-75af-11e9-8319-06d0e03ee117 of framework a02141ad-a172-44b5-8dd9-dc8a5687d41a-0000
I0514 20:40:52.212144  2707 slave.cpp:6037] Forwarding the update TASK_FAILED (Status UUID: 37ea67da-07e3-4252-bcc7-2c1b06591da3) for task httpd.69550a5e-75b2-11e9-ba1c-426fd056c11c of framework 20e4d121-4a00-4fa4-87a8-95fc84c6335e-0000 to master@127.0.0.1:5050
W0514 20:40:52.212224  2703 task_status_update_manager.cpp:195] Resending task status update TASK_FAILED (Status UUID: 0550c395-2104-43ea-86df-ee933f9a9128) for task httpd.8b56ad7a-75b3-11e9-b18c-e6cbfc1c3ee9 of framework d24c421c-d71b-48cf-ac36-bad06b59829d-0000
I0514 20:40:52.212621  2707 slave.cpp:6037] Forwarding the update TASK_STARTING (Status UUID: d51c45a9-4f30-42c0-b836-4cdf43570463) for task httpd.b015673e-75af-11e9-8319-06d0e03ee117 of framework a02141ad-a172-44b5-8dd9-dc8a5687d41a-0000 to master@127.0.0.1:5050
I0514 20:40:52.213130  2707 slave.cpp:6037] Forwarding the update TASK_FAILED (Status UUID: 0550c395-2104-43ea-86df-ee933f9a9128) for task httpd.8b56ad7a-75b3-11e9-b18c-e6cbfc1c3ee9 of framework d24c421c-d71b-48cf-ac36-bad06b59829d-0000 to master@127.0.0.1:5050
W0514 20:41:02.213348  2699 task_status_update_manager.cpp:484] Resending task status update TASK_FAILED (Status UUID: 37ea67da-07e3-4252-bcc7-2c1b06591da3) for task httpd.69550a5e-75b2-11e9-ba1c-426fd056c11c of framework 20e4d121-4a00-4fa4-87a8-95fc84c6335e-0000
W0514 20:41:02.213836  2699 task_status_update_manager.cpp:484] Resending task status update TASK_STARTING (Status UUID: d51c45a9-4f30-42c0-b836-4cdf43570463) for task httpd.b015673e-75af-11e9-8319-06d0e03ee117 of framework a02141ad-a172-44b5-8dd9-dc8a5687d41a-0000
I0514 20:41:02.214020  2701 slave.cpp:6037] Forwarding the update TASK_FAILED (Status UUID: 37ea67da-07e3-4252-bcc7-2c1b06591da3) for task httpd.69550a5e-75b2-11e9-ba1c-426fd056c11c of framework 20e4d121-4a00-4fa4-87a8-95fc84c6335e-0000 to master@127.0.0.1:5050
W0514 20:41:02.214138  2699 task_status_update_manager.cpp:484] Resending task status update TASK_FAILED (Status UUID: 0550c395-2104-43ea-86df-ee933f9a9128) for task httpd.8b56ad7a-75b3-11e9-b18c-e6cbfc1c3ee9 of framework d24c421c-d71b-48cf-ac36-bad06b59829d-0000
I0514 20:41:02.216244  2701 slave.cpp:6037] Forwarding the update TASK_STARTING (Status UUID: d51c45a9-4f30-42c0-b836-4cdf43570463) for task httpd.b015673e-75af-11e9-8319-06d0e03ee117 of framework a02141ad-a172-44b5-8dd9-dc8a5687d41a-0000 to master@127.0.0.1:5050
I0514 20:41:02.218050  2701 slave.cpp:6037] Forwarding the update TASK_FAILED (Status UUID: 0550c395-2104-43ea-86df-ee933f9a9128) for task httpd.8b56ad7a-75b3-11e9-b18c-e6cbfc1c3ee9 of framework d24c421c-d71b-48cf-ac36-bad06b59829d-0000 to master@127.0.0.1:5050
W0514 20:41:22.217005  2709 task_status_update_manager.cpp:484] Resending task status update TASK_FAILED (Status UUID: 37ea67da-07e3-4252-bcc7-2c1b06591da3) for task httpd.69550a5e-75b2-11e9-ba1c-426fd056c11c of framework 20e4d121-4a00-4fa4-87a8-95fc84c6335e-0000
W0514 20:41:22.217468  2709 task_status_update_manager.cpp:484] Resending task status update TASK_STARTING (Status UUID: d51c45a9-4f30-42c0-b836-4cdf43570463) for task httpd.b015673e-75af-11e9-8319-06d0e03ee117 of framework a02141ad-a172-44b5-8dd9-dc8a5687d41a-0000
W0514 20:41:22.217778  2709 task_status_update_manager.cpp:484] Resending task status update TASK_FAILED (Status UUID: 0550c395-2104-43ea-86df-ee933f9a9128) for task httpd.8b56ad7a-75b3-11e9-b18c-e6cbfc1c3ee9 of framework d24c421c-d71b-48cf-ac36-bad06b59829d-0000
I0514 20:41:22.218303  2711 slave.cpp:6037] Forwarding the update TASK_FAILED (Status UUID: 37ea67da-07e3-4252-bcc7-2c1b06591da3) for task httpd.69550a5e-75b2-11e9-ba1c-426fd056c11c of framework 20e4d121-4a00-4fa4-87a8-95fc84c6335e-0000 to master@127.0.0.1:5050
I0514 20:41:22.219911  2711 slave.cpp:6037] Forwarding the update TASK_STARTING (Status UUID: d51c45a9-4f30-42c0-b836-4cdf43570463) for task httpd.b015673e-75af-11e9-8319-06d0e03ee117 of framework a02141ad-a172-44b5-8dd9-dc8a5687d41a-0000 to master@127.0.0.1:5050
I0514 20:41:22.221508  2711 slave.cpp:6037] Forwarding the update TASK_FAILED (Status UUID: 0550c395-2104-43ea-86df-ee933f9a9128) for task httpd.8b56ad7a-75b3-11e9-b18c-e6cbfc1c3ee9 of framework d24c421c-d71b-48cf-ac36-bad06b59829d-0000 to master@127.0.0.1:5050
I0514 20:41:42.830744  2709 slave.cpp:7148] Current disk usage 28.29%. Max allowed age: 4.319539403323311days
W0514 20:42:02.217773  2701 task_status_update_manager.cpp:484] Resending task status update TASK_FAILED (Status UUID: 37ea67da-07e3-4252-bcc7-2c1b06591da3) for task httpd.69550a5e-75b2-11e9-ba1c-426fd056c11c of framework 20e4d121-4a00-4fa4-87a8-95fc84c6335e-0000
W0514 20:42:02.217963  2701 task_status_update_manager.cpp:484] Resending task status update TASK_STARTING (Status UUID: d51c45a9-4f30-42c0-b836-4cdf43570463) for task httpd.b015673e-75af-11e9-8319-06d0e03ee117 of framework a02141ad-a172-44b5-8dd9-dc8a5687d41a-0000
I0514 20:42:02.217994  2703 slave.cpp:6037] Forwarding the update TASK_FAILED (Status UUID: 37ea67da-07e3-4252-bcc7-2c1b06591da3) for task httpd.69550a5e-75b2-11e9-ba1c-426fd056c11c of framework 20e4d121-4a00-4fa4-87a8-95fc84c6335e-0000 to master@127.0.0.1:5050
W0514 20:42:02.218050  2701 task_status_update_manager.cpp:484] Resending task status update TASK_FAILED (Status UUID: 0550c395-2104-43ea-86df-ee933f9a9128) for task httpd.8b56ad7a-75b3-11e9-b18c-e6cbfc1c3ee9 of framework d24c421c-d71b-48cf-ac36-bad06b59829d-0000
I0514 20:42:02.218704  2703 slave.cpp:6037] Forwarding the update TASK_STARTING (Status UUID: d51c45a9-4f30-42c0-b836-4cdf43570463) for task httpd.b015673e-75af-11e9-8319-06d0e03ee117 of framework a02141ad-a172-44b5-8dd9-dc8a5687d41a-0000 to master@127.0.0.1:5050
I0514 20:42:02.219347  2703 slave.cpp:6037] Forwarding the update TASK_FAILED (Status UUID: 0550c395-2104-43ea-86df-ee933f9a9128) for task httpd.8b56ad7a-75b3-11e9-b18c-e6cbfc1c3ee9 of framework d24c421c-d71b-48cf-ac36-bad06b59829d-0000 to master@127.0.0.1:5050
I0514 20:42:42.832101  2703 slave.cpp:7148] Current disk usage 28.29%. Max allowed age: 4.319538820009942days
I0514 20:43:19.167155  2701 slave.cpp:2037] Got assigned task 'httpd.d0ba57c8-76b2-11e9-b542-1e8823abc24a' for framework 83697b4b-b81d-4fae-b5d2-f84275ced44b-0000
I0514 20:43:19.192484  2701 slave.cpp:2411] Authorizing task 'httpd.d0ba57c8-76b2-11e9-b542-1e8823abc24a' for framework 83697b4b-b81d-4fae-b5d2-f84275ced44b-0000
I0514 20:43:19.194723  2701 slave.cpp:2854] Launching task 'httpd.d0ba57c8-76b2-11e9-b542-1e8823abc24a' for framework 83697b4b-b81d-4fae-b5d2-f84275ced44b-0000
I0514 20:43:19.194802  2701 paths.cpp:801] Creating sandbox '/var/lib/mesos/agent/slaves/c8e59b09-da78-48e6-bdd2-9c3396b857b8-S0/frameworks/83697b4b-b81d-4fae-b5d2-f84275ced44b-0000/executors/httpd.d0ba57c8-76b2-11e9-b542-1e8823abc24a/runs/a0e05601-fe87-4537-86f5-ec846b338ad9' for user 'root'
I0514 20:43:19.195495  2701 paths.cpp:804] Creating sandbox '/var/lib/mesos/agent/meta/slaves/c8e59b09-da78-48e6-bdd2-9c3396b857b8-S0/frameworks/83697b4b-b81d-4fae-b5d2-f84275ced44b-0000/executors/httpd.d0ba57c8-76b2-11e9-b542-1e8823abc24a/runs/a0e05601-fe87-4537-86f5-ec846b338ad9'
I0514 20:43:19.195601  2701 slave.cpp:9695] Launching executor 'httpd.d0ba57c8-76b2-11e9-b542-1e8823abc24a' of framework 83697b4b-b81d-4fae-b5d2-f84275ced44b-0000 with resources [{"allocation_info":{"role":"*"},"name":"cpus","scalar":{"value":0.1},"type":"SCALAR"},{"allocation_info":{"role":"*"},"name":"mem","scalar":{"value":32.0},"type":"SCALAR"}] in work directory '/var/lib/mesos/agent/slaves/c8e59b09-da78-48e6-bdd2-9c3396b857b8-S0/frameworks/83697b4b-b81d-4fae-b5d2-f84275ced44b-0000/executors/httpd.d0ba57c8-76b2-11e9-b542-1e8823abc24a/runs/a0e05601-fe87-4537-86f5-ec846b338ad9'
I0514 20:43:19.197510  2701 slave.cpp:3080] Queued task 'httpd.d0ba57c8-76b2-11e9-b542-1e8823abc24a' for executor 'httpd.d0ba57c8-76b2-11e9-b542-1e8823abc24a' of framework 83697b4b-b81d-4fae-b5d2-f84275ced44b-0000
I0514 20:43:19.202441  2701 slave.cpp:3528] Launching container a0e05601-fe87-4537-86f5-ec846b338ad9 for executor 'httpd.d0ba57c8-76b2-11e9-b542-1e8823abc24a' of framework 83697b4b-b81d-4fae-b5d2-f84275ced44b-0000
I0514 20:43:19.213194  2707 docker.cpp:1183] Starting container 'a0e05601-fe87-4537-86f5-ec846b338ad9' for task 'httpd.d0ba57c8-76b2-11e9-b542-1e8823abc24a' (and executor 'httpd.d0ba57c8-76b2-11e9-b542-1e8823abc24a') of framework 83697b4b-b81d-4fae-b5d2-f84275ced44b-0000
I0514 20:43:19.335479  2707 docker.cpp:783] Checkpointing pid 3097 to '/var/lib/mesos/agent/meta/slaves/c8e59b09-da78-48e6-bdd2-9c3396b857b8-S0/frameworks/83697b4b-b81d-4fae-b5d2-f84275ced44b-0000/executors/httpd.d0ba57c8-76b2-11e9-b542-1e8823abc24a/runs/a0e05601-fe87-4537-86f5-ec846b338ad9/pids/forked.pid'
I0514 20:43:19.335904  2707 systemd.cpp:98] Assigned child process '3097' to 'mesos_executors.slice'
I0514 20:43:19.477623  2703 slave.cpp:5074] Got registration for executor 'httpd.d0ba57c8-76b2-11e9-b542-1e8823abc24a' of framework 83697b4b-b81d-4fae-b5d2-f84275ced44b-0000 from executor(1)@192.168.1.5:32967
I0514 20:43:19.480074  2705 docker.cpp:1691] Ignoring updating container a0e05601-fe87-4537-86f5-ec846b338ad9 because resources passed to update are identical to existing resources
I0514 20:43:19.480707  2701 slave.cpp:3298] Sending queued task 'httpd.d0ba57c8-76b2-11e9-b542-1e8823abc24a' to executor 'httpd.d0ba57c8-76b2-11e9-b542-1e8823abc24a' of framework 83697b4b-b81d-4fae-b5d2-f84275ced44b-0000 at executor(1)@192.168.1.5:32967
I0514 20:43:19.487031  2711 slave.cpp:5545] Handling status update TASK_STARTING (Status UUID: 34d46906-0d4d-4587-bbdd-829d1a8ac5d0) for task httpd.d0ba57c8-76b2-11e9-b542-1e8823abc24a of framework 83697b4b-b81d-4fae-b5d2-f84275ced44b-0000 from executor(1)@192.168.1.5:32967
I0514 20:43:19.488495  2709 task_status_update_manager.cpp:328] Received task status update TASK_STARTING (Status UUID: 34d46906-0d4d-4587-bbdd-829d1a8ac5d0) for task httpd.d0ba57c8-76b2-11e9-b542-1e8823abc24a of framework 83697b4b-b81d-4fae-b5d2-f84275ced44b-0000
I0514 20:43:19.488955  2709 task_status_update_manager.cpp:842] Checkpointing UPDATE for task status update TASK_STARTING (Status UUID: 34d46906-0d4d-4587-bbdd-829d1a8ac5d0) for task httpd.d0ba57c8-76b2-11e9-b542-1e8823abc24a of framework 83697b4b-b81d-4fae-b5d2-f84275ced44b-0000
I0514 20:43:19.489281  2705 slave.cpp:6037] Forwarding the update TASK_STARTING (Status UUID: 34d46906-0d4d-4587-bbdd-829d1a8ac5d0) for task httpd.d0ba57c8-76b2-11e9-b542-1e8823abc24a of framework 83697b4b-b81d-4fae-b5d2-f84275ced44b-0000 to master@127.0.0.1:5050
I0514 20:43:19.489871  2705 slave.cpp:5946] Sending acknowledgement for status update TASK_STARTING (Status UUID: 34d46906-0d4d-4587-bbdd-829d1a8ac5d0) for task httpd.d0ba57c8-76b2-11e9-b542-1e8823abc24a of framework 83697b4b-b81d-4fae-b5d2-f84275ced44b-0000 to executor(1)@192.168.1.5:32967
I0514 20:43:19.585870  2700 task_status_update_manager.cpp:401] Received task status update acknowledgement (UUID: 34d46906-0d4d-4587-bbdd-829d1a8ac5d0) for task httpd.d0ba57c8-76b2-11e9-b542-1e8823abc24a of framework 83697b4b-b81d-4fae-b5d2-f84275ced44b-0000
I0514 20:43:19.586051  2700 task_status_update_manager.cpp:842] Checkpointing ACK for task status update TASK_STARTING (Status UUID: 34d46906-0d4d-4587-bbdd-829d1a8ac5d0) for task httpd.d0ba57c8-76b2-11e9-b542-1e8823abc24a of framework 83697b4b-b81d-4fae-b5d2-f84275ced44b-0000
W0514 20:43:22.218986  2705 task_status_update_manager.cpp:484] Resending task status update TASK_FAILED (Status UUID: 37ea67da-07e3-4252-bcc7-2c1b06591da3) for task httpd.69550a5e-75b2-11e9-ba1c-426fd056c11c of framework 20e4d121-4a00-4fa4-87a8-95fc84c6335e-0000
W0514 20:43:22.219380  2705 task_status_update_manager.cpp:484] Resending task status update TASK_STARTING (Status UUID: d51c45a9-4f30-42c0-b836-4cdf43570463) for task httpd.b015673e-75af-11e9-8319-06d0e03ee117 of framework a02141ad-a172-44b5-8dd9-dc8a5687d41a-0000
I0514 20:43:22.219458  2701 slave.cpp:6037] Forwarding the update TASK_FAILED (Status UUID: 37ea67da-07e3-4252-bcc7-2c1b06591da3) for task httpd.69550a5e-75b2-11e9-ba1c-426fd056c11c of framework 20e4d121-4a00-4fa4-87a8-95fc84c6335e-0000 to master@127.0.0.1:5050
W0514 20:43:22.219607  2705 task_status_update_manager.cpp:484] Resending task status update TASK_FAILED (Status UUID: 0550c395-2104-43ea-86df-ee933f9a9128) for task httpd.8b56ad7a-75b3-11e9-b18c-e6cbfc1c3ee9 of framework d24c421c-d71b-48cf-ac36-bad06b59829d-0000
I0514 20:43:22.220988  2701 slave.cpp:6037] Forwarding the update TASK_STARTING (Status UUID: d51c45a9-4f30-42c0-b836-4cdf43570463) for task httpd.b015673e-75af-11e9-8319-06d0e03ee117 of framework a02141ad-a172-44b5-8dd9-dc8a5687d41a-0000 to master@127.0.0.1:5050
I0514 20:43:22.222427  2701 slave.cpp:6037] Forwarding the update TASK_FAILED (Status UUID: 0550c395-2104-43ea-86df-ee933f9a9128) for task httpd.8b56ad7a-75b3-11e9-b18c-e6cbfc1c3ee9 of framework d24c421c-d71b-48cf-ac36-bad06b59829d-0000 to master@127.0.0.1:5050
I0514 20:43:24.576225  2699 slave.cpp:5545] Handling status update TASK_FAILED (Status UUID: 9659bb80-9d0f-41c7-bfd7-dd17c25431a7) for task httpd.d0ba57c8-76b2-11e9-b542-1e8823abc24a of framework 83697b4b-b81d-4fae-b5d2-f84275ced44b-0000 from executor(1)@192.168.1.5:32967
E0514 20:43:24.690356  2701 slave.cpp:5876] Failed to update resources for container a0e05601-fe87-4537-86f5-ec846b338ad9 of executor 'httpd.d0ba57c8-76b2-11e9-b542-1e8823abc24a' running task httpd.d0ba57c8-76b2-11e9-b542-1e8823abc24a on status update for terminal task, destroying container: Failed to run 'docker -H unix:///var/run/docker.sock inspect --type=container mesos-a0e05601-fe87-4537-86f5-ec846b338ad9': exited with status 1; stderr='Error: No such container: mesos-a0e05601-fe87-4537-86f5-ec846b338ad9
'
I0514 20:43:24.690750  2705 task_status_update_manager.cpp:328] Received task status update TASK_FAILED (Status UUID: 9659bb80-9d0f-41c7-bfd7-dd17c25431a7) for task httpd.d0ba57c8-76b2-11e9-b542-1e8823abc24a of framework 83697b4b-b81d-4fae-b5d2-f84275ced44b-0000
I0514 20:43:24.690817  2709 docker.cpp:2328] Destroying container a0e05601-fe87-4537-86f5-ec846b338ad9 in RUNNING state
I0514 20:43:24.690845  2709 docker.cpp:2333] Sending SIGTERM to executor with pid: 3097
I0514 20:43:24.690851  2705 task_status_update_manager.cpp:842] Checkpointing UPDATE for task status update TASK_FAILED (Status UUID: 9659bb80-9d0f-41c7-bfd7-dd17c25431a7) for task httpd.d0ba57c8-76b2-11e9-b542-1e8823abc24a of framework 83697b4b-b81d-4fae-b5d2-f84275ced44b-0000
I0514 20:43:24.691221  2699 slave.cpp:6037] Forwarding the update TASK_FAILED (Status UUID: 9659bb80-9d0f-41c7-bfd7-dd17c25431a7) for task httpd.d0ba57c8-76b2-11e9-b542-1e8823abc24a of framework 83697b4b-b81d-4fae-b5d2-f84275ced44b-0000 to master@127.0.0.1:5050
I0514 20:43:24.692034  2699 slave.cpp:5946] Sending acknowledgement for status update TASK_FAILED (Status UUID: 9659bb80-9d0f-41c7-bfd7-dd17c25431a7) for task httpd.d0ba57c8-76b2-11e9-b542-1e8823abc24a of framework 83697b4b-b81d-4fae-b5d2-f84275ced44b-0000 to executor(1)@192.168.1.5:32967
I0514 20:43:24.756392  2703 task_status_update_manager.cpp:401] Received task status update acknowledgement (UUID: 9659bb80-9d0f-41c7-bfd7-dd17c25431a7) for task httpd.d0ba57c8-76b2-11e9-b542-1e8823abc24a of framework 83697b4b-b81d-4fae-b5d2-f84275ced44b-0000
I0514 20:43:24.756525  2703 task_status_update_manager.cpp:842] Checkpointing ACK for task status update TASK_FAILED (Status UUID: 9659bb80-9d0f-41c7-bfd7-dd17c25431a7) for task httpd.d0ba57c8-76b2-11e9-b542-1e8823abc24a of framework 83697b4b-b81d-4fae-b5d2-f84275ced44b-0000
I0514 20:43:24.757532  2707 gc.cpp:95] Scheduling '/var/lib/mesos/agent/meta/slaves/c8e59b09-da78-48e6-bdd2-9c3396b857b8-S0/frameworks/83697b4b-b81d-4fae-b5d2-f84275ced44b-0000/executors/httpd.d0ba57c8-76b2-11e9-b542-1e8823abc24a/runs/a0e05601-fe87-4537-86f5-ec846b338ad9/tasks/httpd.d0ba57c8-76b2-11e9-b542-1e8823abc24a' for gc 6.99993336348444days in the future
I0514 20:43:25.363345  2709 docker.cpp:2378] Running docker stop on container a0e05601-fe87-4537-86f5-ec846b338ad9
I0514 20:43:25.370344  2699 slave.cpp:6217] Got exited event for executor(1)@192.168.1.5:32967
I0514 20:43:25.394879  2701 docker.cpp:2557] Executor for container a0e05601-fe87-4537-86f5-ec846b338ad9 has exited
I0514 20:43:25.501672  2700 slave.cpp:6613] Executor 'httpd.d0ba57c8-76b2-11e9-b542-1e8823abc24a' of framework 83697b4b-b81d-4fae-b5d2-f84275ced44b-0000 terminated with signal Terminated
I0514 20:43:25.501842  2700 slave.cpp:6711] Cleaning up executor 'httpd.d0ba57c8-76b2-11e9-b542-1e8823abc24a' of framework 83697b4b-b81d-4fae-b5d2-f84275ced44b-0000 at executor(1)@192.168.1.5:32967
I0514 20:43:25.502372  2703 gc.cpp:95] Scheduling '/var/lib/mesos/agent/slaves/c8e59b09-da78-48e6-bdd2-9c3396b857b8-S0/frameworks/83697b4b-b81d-4fae-b5d2-f84275ced44b-0000/executors/httpd.d0ba57c8-76b2-11e9-b542-1e8823abc24a/runs/a0e05601-fe87-4537-86f5-ec846b338ad9' for gc 6.99999418789333days in the future
I0514 20:43:25.502856  2705 gc.cpp:95] Scheduling '/var/lib/mesos/agent/slaves/c8e59b09-da78-48e6-bdd2-9c3396b857b8-S0/frameworks/83697b4b-b81d-4fae-b5d2-f84275ced44b-0000/executors/httpd.d0ba57c8-76b2-11e9-b542-1e8823abc24a' for gc 6.99999418187556days in the future
I0514 20:43:25.502972  2705 gc.cpp:95] Scheduling '/var/lib/mesos/agent/meta/slaves/c8e59b09-da78-48e6-bdd2-9c3396b857b8-S0/frameworks/83697b4b-b81d-4fae-b5d2-f84275ced44b-0000/executors/httpd.d0ba57c8-76b2-11e9-b542-1e8823abc24a/runs/a0e05601-fe87-4537-86f5-ec846b338ad9' for gc 6.99999417975704days in the future
I0514 20:43:25.503062  2705 gc.cpp:95] Scheduling '/var/lib/mesos/agent/meta/slaves/c8e59b09-da78-48e6-bdd2-9c3396b857b8-S0/frameworks/83697b4b-b81d-4fae-b5d2-f84275ced44b-0000/executors/httpd.d0ba57c8-76b2-11e9-b542-1e8823abc24a' for gc 6.99999417900444days in the future
I0514 20:43:25.503195  2700 slave.cpp:6840] Cleaning up framework 83697b4b-b81d-4fae-b5d2-f84275ced44b-0000
I0514 20:43:25.503351  2711 task_status_update_manager.cpp:289] Closing task status update streams for framework 83697b4b-b81d-4fae-b5d2-f84275ced44b-0000
I0514 20:43:25.503396  2701 gc.cpp:95] Scheduling '/var/lib/mesos/agent/slaves/c8e59b09-da78-48e6-bdd2-9c3396b857b8-S0/frameworks/83697b4b-b81d-4fae-b5d2-f84275ced44b-0000' for gc 6.99999417465185days in the future
I0514 20:43:25.503512  2701 gc.cpp:95] Scheduling '/var/lib/mesos/agent/meta/slaves/c8e59b09-da78-48e6-bdd2-9c3396b857b8-S0/frameworks/83697b4b-b81d-4fae-b5d2-f84275ced44b-0000' for gc 6.99999417396741days in the future
I0514 20:43:29.078503  2707 slave.cpp:2037] Got assigned task 'httpd.d6ac8f49-76b2-11e9-b542-1e8823abc24a' for framework 83697b4b-b81d-4fae-b5d2-f84275ced44b-0000
I0514 20:43:29.078717  2711 gc.cpp:129] Unscheduling '/var/lib/mesos/agent/slaves/c8e59b09-da78-48e6-bdd2-9c3396b857b8-S0/frameworks/83697b4b-b81d-4fae-b5d2-f84275ced44b-0000' from gc
I0514 20:43:29.079007  2711 gc.cpp:129] Unscheduling '/var/lib/mesos/agent/meta/slaves/c8e59b09-da78-48e6-bdd2-9c3396b857b8-S0/frameworks/83697b4b-b81d-4fae-b5d2-f84275ced44b-0000' from gc
I0514 20:43:29.080283  2707 slave.cpp:2411] Authorizing task 'httpd.d6ac8f49-76b2-11e9-b542-1e8823abc24a' for framework 83697b4b-b81d-4fae-b5d2-f84275ced44b-0000
I0514 20:43:29.082129  2707 slave.cpp:2854] Launching task 'httpd.d6ac8f49-76b2-11e9-b542-1e8823abc24a' for framework 83697b4b-b81d-4fae-b5d2-f84275ced44b-0000
I0514 20:43:29.083010  2707 paths.cpp:801] Creating sandbox '/var/lib/mesos/agent/slaves/c8e59b09-da78-48e6-bdd2-9c3396b857b8-S0/frameworks/83697b4b-b81d-4fae-b5d2-f84275ced44b-0000/executors/httpd.d6ac8f49-76b2-11e9-b542-1e8823abc24a/runs/23f9dc01-7711-4058-b574-e08d7ba892f7' for user 'root'
I0514 20:43:29.083757  2707 paths.cpp:804] Creating sandbox '/var/lib/mesos/agent/meta/slaves/c8e59b09-da78-48e6-bdd2-9c3396b857b8-S0/frameworks/83697b4b-b81d-4fae-b5d2-f84275ced44b-0000/executors/httpd.d6ac8f49-76b2-11e9-b542-1e8823abc24a/runs/23f9dc01-7711-4058-b574-e08d7ba892f7'
I0514 20:43:29.083904  2707 slave.cpp:9695] Launching executor 'httpd.d6ac8f49-76b2-11e9-b542-1e8823abc24a' of framework 83697b4b-b81d-4fae-b5d2-f84275ced44b-0000 with resources [{"allocation_info":{"role":"*"},"name":"cpus","scalar":{"value":0.1},"type":"SCALAR"},{"allocation_info":{"role":"*"},"name":"mem","scalar":{"value":32.0},"type":"SCALAR"}] in work directory '/var/lib/mesos/agent/slaves/c8e59b09-da78-48e6-bdd2-9c3396b857b8-S0/frameworks/83697b4b-b81d-4fae-b5d2-f84275ced44b-0000/executors/httpd.d6ac8f49-76b2-11e9-b542-1e8823abc24a/runs/23f9dc01-7711-4058-b574-e08d7ba892f7'
I0514 20:43:29.085569  2707 slave.cpp:3080] Queued task 'httpd.d6ac8f49-76b2-11e9-b542-1e8823abc24a' for executor 'httpd.d6ac8f49-76b2-11e9-b542-1e8823abc24a' of framework 83697b4b-b81d-4fae-b5d2-f84275ced44b-0000
I0514 20:43:29.086189  2707 slave.cpp:3528] Launching container 23f9dc01-7711-4058-b574-e08d7ba892f7 for executor 'httpd.d6ac8f49-76b2-11e9-b542-1e8823abc24a' of framework 83697b4b-b81d-4fae-b5d2-f84275ced44b-0000
I0514 20:43:29.086951  2700 docker.cpp:1183] Starting container '23f9dc01-7711-4058-b574-e08d7ba892f7' for task 'httpd.d6ac8f49-76b2-11e9-b542-1e8823abc24a' (and executor 'httpd.d6ac8f49-76b2-11e9-b542-1e8823abc24a') of framework 83697b4b-b81d-4fae-b5d2-f84275ced44b-0000
I0514 20:43:29.228091  2700 docker.cpp:783] Checkpointing pid 3259 to '/var/lib/mesos/agent/meta/slaves/c8e59b09-da78-48e6-bdd2-9c3396b857b8-S0/frameworks/83697b4b-b81d-4fae-b5d2-f84275ced44b-0000/executors/httpd.d6ac8f49-76b2-11e9-b542-1e8823abc24a/runs/23f9dc01-7711-4058-b574-e08d7ba892f7/pids/forked.pid'
I0514 20:43:29.228394  2700 systemd.cpp:98] Assigned child process '3259' to 'mesos_executors.slice'
I0514 20:43:29.316820  2707 slave.cpp:5074] Got registration for executor 'httpd.d6ac8f49-76b2-11e9-b542-1e8823abc24a' of framework 83697b4b-b81d-4fae-b5d2-f84275ced44b-0000 from executor(1)@192.168.1.5:46001
I0514 20:43:29.318787  2700 docker.cpp:1691] Ignoring updating container 23f9dc01-7711-4058-b574-e08d7ba892f7 because resources passed to update are identical to existing resources
I0514 20:43:29.319294  2711 slave.cpp:3298] Sending queued task 'httpd.d6ac8f49-76b2-11e9-b542-1e8823abc24a' to executor 'httpd.d6ac8f49-76b2-11e9-b542-1e8823abc24a' of framework 83697b4b-b81d-4fae-b5d2-f84275ced44b-0000 at executor(1)@192.168.1.5:46001
I0514 20:43:29.326750  2705 slave.cpp:5545] Handling status update TASK_STARTING (Status UUID: af56773c-e140-4f6c-96da-111ad7924a51) for task httpd.d6ac8f49-76b2-11e9-b542-1e8823abc24a of framework 83697b4b-b81d-4fae-b5d2-f84275ced44b-0000 from executor(1)@192.168.1.5:46001
I0514 20:43:29.327497  2700 task_status_update_manager.cpp:328] Received task status update TASK_STARTING (Status UUID: af56773c-e140-4f6c-96da-111ad7924a51) for task httpd.d6ac8f49-76b2-11e9-b542-1e8823abc24a of framework 83697b4b-b81d-4fae-b5d2-f84275ced44b-0000
I0514 20:43:29.328016  2700 task_status_update_manager.cpp:842] Checkpointing UPDATE for task status update TASK_STARTING (Status UUID: af56773c-e140-4f6c-96da-111ad7924a51) for task httpd.d6ac8f49-76b2-11e9-b542-1e8823abc24a of framework 83697b4b-b81d-4fae-b5d2-f84275ced44b-0000
I0514 20:43:29.328351  2711 slave.cpp:6037] Forwarding the update TASK_STARTING (Status UUID: af56773c-e140-4f6c-96da-111ad7924a51) for task httpd.d6ac8f49-76b2-11e9-b542-1e8823abc24a of framework 83697b4b-b81d-4fae-b5d2-f84275ced44b-0000 to master@127.0.0.1:5050
I0514 20:43:29.329043  2711 slave.cpp:5946] Sending acknowledgement for status update TASK_STARTING (Status UUID: af56773c-e140-4f6c-96da-111ad7924a51) for task httpd.d6ac8f49-76b2-11e9-b542-1e8823abc24a of framework 83697b4b-b81d-4fae-b5d2-f84275ced44b-0000 to executor(1)@192.168.1.5:46001
I0514 20:43:29.448612  2709 task_status_update_manager.cpp:401] Received task status update acknowledgement (UUID: af56773c-e140-4f6c-96da-111ad7924a51) for task httpd.d6ac8f49-76b2-11e9-b542-1e8823abc24a of framework 83697b4b-b81d-4fae-b5d2-f84275ced44b-0000
I0514 20:43:29.448726  2709 task_status_update_manager.cpp:842] Checkpointing ACK for task status update TASK_STARTING (Status UUID: af56773c-e140-4f6c-96da-111ad7924a51) for task httpd.d6ac8f49-76b2-11e9-b542-1e8823abc24a of framework 83697b4b-b81d-4fae-b5d2-f84275ced44b-0000
I0514 20:43:34.412761  2711 slave.cpp:5545] Handling status update TASK_FAILED (Status UUID: d96d1fe2-e92e-4a81-a355-6a9e5b52a157) for task httpd.d6ac8f49-76b2-11e9-b542-1e8823abc24a of framework 83697b4b-b81d-4fae-b5d2-f84275ced44b-0000 from executor(1)@192.168.1.5:46001
E0514 20:43:34.561055  2707 slave.cpp:5876] Failed to update resources for container 23f9dc01-7711-4058-b574-e08d7ba892f7 of executor 'httpd.d6ac8f49-76b2-11e9-b542-1e8823abc24a' running task httpd.d6ac8f49-76b2-11e9-b542-1e8823abc24a on status update for terminal task, destroying container: Failed to run 'docker -H unix:///var/run/docker.sock inspect --type=container mesos-23f9dc01-7711-4058-b574-e08d7ba892f7': exited with status 1; stderr='Error: No such container: mesos-23f9dc01-7711-4058-b574-e08d7ba892f7
'
I0514 20:43:34.561355  2699 task_status_update_manager.cpp:328] Received task status update TASK_FAILED (Status UUID: d96d1fe2-e92e-4a81-a355-6a9e5b52a157) for task httpd.d6ac8f49-76b2-11e9-b542-1e8823abc24a of framework 83697b4b-b81d-4fae-b5d2-f84275ced44b-0000
I0514 20:43:34.561390  2701 docker.cpp:2328] Destroying container 23f9dc01-7711-4058-b574-e08d7ba892f7 in RUNNING state
I0514 20:43:34.561422  2701 docker.cpp:2333] Sending SIGTERM to executor with pid: 3259
I0514 20:43:34.561439  2699 task_status_update_manager.cpp:842] Checkpointing UPDATE for task status update TASK_FAILED (Status UUID: d96d1fe2-e92e-4a81-a355-6a9e5b52a157) for task httpd.d6ac8f49-76b2-11e9-b542-1e8823abc24a of framework 83697b4b-b81d-4fae-b5d2-f84275ced44b-0000
I0514 20:43:34.561750  2703 slave.cpp:6037] Forwarding the update TASK_FAILED (Status UUID: d96d1fe2-e92e-4a81-a355-6a9e5b52a157) for task httpd.d6ac8f49-76b2-11e9-b542-1e8823abc24a of framework 83697b4b-b81d-4fae-b5d2-f84275ced44b-0000 to master@127.0.0.1:5050
I0514 20:43:34.562417  2703 slave.cpp:5946] Sending acknowledgement for status update TASK_FAILED (Status UUID: d96d1fe2-e92e-4a81-a355-6a9e5b52a157) for task httpd.d6ac8f49-76b2-11e9-b542-1e8823abc24a of framework 83697b4b-b81d-4fae-b5d2-f84275ced44b-0000 to executor(1)@192.168.1.5:46001
I0514 20:43:34.583334  2701 docker.cpp:2378] Running docker stop on container 23f9dc01-7711-4058-b574-e08d7ba892f7
I0514 20:43:34.588376  2711 slave.cpp:6217] Got exited event for executor(1)@192.168.1.5:46001
