I0515 11:59:29.928946 29514 http.cpp:1105] HTTP GET for /master/state?jsonp=angular.callbacks._ex from 127.0.0.1:37136 with User-Agent='Mozilla/5.0 (X11; Ubuntu; Linux x86_64; rv:66.0) Gecko/20100101 Firefox/66.0'
I0515 11:59:29.933328 29511 http.cpp:1122] HTTP GET for /master/state?jsonp=angular.callbacks._ex from 127.0.0.1:37136: '200 OK' after 6.23898ms
I0515 11:59:35.936007 29515 master.cpp:9417] Performing explicit task state reconciliation for 1 tasks of framework df64220e-eb34-4b8d-b82a-35688b767e6b-0000 (marathon) at scheduler-5e781075-ed89-4843-b952-ab0cd90cee74@192.168.1.5:39867
I0515 11:59:39.964030 29510 http.cpp:1105] HTTP GET for /master/state?jsonp=angular.callbacks._ez from 127.0.0.1:37136 with User-Agent='Mozilla/5.0 (X11; Ubuntu; Linux x86_64; rv:66.0) Gecko/20100101 Firefox/66.0'
I0515 11:59:39.968456 29509 http.cpp:1122] HTTP GET for /master/state?jsonp=angular.callbacks._ez from 127.0.0.1:37136: '200 OK' after 6.18906ms
I0515 11:59:49.997660 29512 http.cpp:1105] HTTP GET for /master/state?jsonp=angular.callbacks._f1 from 127.0.0.1:37136 with User-Agent='Mozilla/5.0 (X11; Ubuntu; Linux x86_64; rv:66.0) Gecko/20100101 Firefox/66.0'
I0515 11:59:50.002053 29514 http.cpp:1122] HTTP GET for /master/state?jsonp=angular.callbacks._f1 from 127.0.0.1:37136: '200 OK' after 6.16602ms
I0515 11:59:50.956554 29514 master.cpp:9417] Performing explicit task state reconciliation for 1 tasks of framework df64220e-eb34-4b8d-b82a-35688b767e6b-0000 (marathon) at scheduler-5e781075-ed89-4843-b952-ab0cd90cee74@192.168.1.5:39867
I0515 12:00:00.032948 29516 http.cpp:1105] HTTP GET for /master/state?jsonp=angular.callbacks._f3 from 127.0.0.1:37136 with User-Agent='Mozilla/5.0 (X11; Ubuntu; Linux x86_64; rv:66.0) Gecko/20100101 Firefox/66.0'
I0515 12:00:00.037386 29512 http.cpp:1122] HTTP GET for /master/state?jsonp=angular.callbacks._f3 from 127.0.0.1:37136: '200 OK' after 6.24589ms
I0515 12:00:05.976414 29510 master.cpp:9417] Performing explicit task state reconciliation for 1 tasks of framework df64220e-eb34-4b8d-b82a-35688b767e6b-0000 (marathon) at scheduler-5e781075-ed89-4843-b952-ab0cd90cee74@192.168.1.5:39867
I0515 12:00:05.987215 29514 master.cpp:10007] Sending offers [ df64220e-eb34-4b8d-b82a-35688b767e6b-O73 ] to framework df64220e-eb34-4b8d-b82a-35688b767e6b-0000 (marathon) at scheduler-5e781075-ed89-4843-b952-ab0cd90cee74@192.168.1.5:39867
I0515 12:00:05.990722 29512 master.cpp:6040] Processing DECLINE call for offers: [ df64220e-eb34-4b8d-b82a-35688b767e6b-O73 ] for framework df64220e-eb34-4b8d-b82a-35688b767e6b-0000 (marathon) at scheduler-5e781075-ed89-4843-b952-ab0cd90cee74@192.168.1.5:39867 with 120 seconds filter
I0515 12:00:05.991161 29512 master.cpp:12279] Removing offer df64220e-eb34-4b8d-b82a-35688b767e6b-O73
I0515 12:00:10.068645 29516 http.cpp:1105] HTTP GET for /master/state?jsonp=angular.callbacks._f5 from 127.0.0.1:37136 with User-Agent='Mozilla/5.0 (X11; Ubuntu; Linux x86_64; rv:66.0) Gecko/20100101 Firefox/66.0'
I0515 12:00:10.075417 29512 http.cpp:1122] HTTP GET for /master/state?jsonp=angular.callbacks._f5 from 127.0.0.1:37136: '200 OK' after 8.48205ms
I0515 12:00:20.107941 29511 http.cpp:1105] HTTP GET for /master/state?jsonp=angular.callbacks._f7 from 127.0.0.1:37136 with User-Agent='Mozilla/5.0 (X11; Ubuntu; Linux x86_64; rv:66.0) Gecko/20100101 Firefox/66.0'
I0515 12:00:20.114197 29509 http.cpp:1122] HTTP GET for /master/state?jsonp=angular.callbacks._f7 from 127.0.0.1:37136: '200 OK' after 7.89094ms
I0515 12:00:21.006808 29516 master.cpp:9417] Performing explicit task state reconciliation for 1 tasks of framework df64220e-eb34-4b8d-b82a-35688b767e6b-0000 (marathon) at scheduler-5e781075-ed89-4843-b952-ab0cd90cee74@192.168.1.5:39867
I0515 12:00:30.143404 29509 http.cpp:1105] HTTP GET for /master/state?jsonp=angular.callbacks._f9 from 127.0.0.1:37136 with User-Agent='Mozilla/5.0 (X11; Ubuntu; Linux x86_64; rv:66.0) Gecko/20100101 Firefox/66.0'
I0515 12:00:30.150002 29515 http.cpp:1122] HTTP GET for /master/state?jsonp=angular.callbacks._f9 from 127.0.0.1:37136: '200 OK' after 8.39091ms
I0515 12:00:36.026628 29509 master.cpp:9417] Performing explicit task state reconciliation for 1 tasks of framework df64220e-eb34-4b8d-b82a-35688b767e6b-0000 (marathon) at scheduler-5e781075-ed89-4843-b952-ab0cd90cee74@192.168.1.5:39867
I0515 12:00:40.181762 29515 http.cpp:1105] HTTP GET for /master/state?jsonp=angular.callbacks._fb from 127.0.0.1:37136 with User-Agent='Mozilla/5.0 (X11; Ubuntu; Linux x86_64; rv:66.0) Gecko/20100101 Firefox/66.0'
I0515 12:00:40.188612 29514 http.cpp:1122] HTTP GET for /master/state?jsonp=angular.callbacks._fb from 127.0.0.1:37136: '200 OK' after 8.60621ms
I0515 12:00:50.215049 29514 http.cpp:1105] HTTP GET for /master/state?jsonp=angular.callbacks._fd from 127.0.0.1:37136 with User-Agent='Mozilla/5.0 (X11; Ubuntu; Linux x86_64; rv:66.0) Gecko/20100101 Firefox/66.0'
I0515 12:00:50.219391 29509 http.cpp:1122] HTTP GET for /master/state?jsonp=angular.callbacks._fd from 127.0.0.1:37136: '200 OK' after 6.18291ms
I0515 12:00:51.046857 29513 master.cpp:9417] Performing explicit task state reconciliation for 1 tasks of framework df64220e-eb34-4b8d-b82a-35688b767e6b-0000 (marathon) at scheduler-5e781075-ed89-4843-b952-ab0cd90cee74@192.168.1.5:39867
I0515 12:01:00.252522 29509 http.cpp:1105] HTTP GET for /master/state?jsonp=angular.callbacks._ff from 127.0.0.1:37136 with User-Agent='Mozilla/5.0 (X11; Ubuntu; Linux x86_64; rv:66.0) Gecko/20100101 Firefox/66.0'
I0515 12:01:00.259474 29515 http.cpp:1122] HTTP GET for /master/state?jsonp=angular.callbacks._ff from 127.0.0.1:37136: '200 OK' after 8.71296ms
I0515 12:01:06.066920 29514 master.cpp:9417] Performing explicit task state reconciliation for 1 tasks of framework df64220e-eb34-4b8d-b82a-35688b767e6b-0000 (marathon) at scheduler-5e781075-ed89-4843-b952-ab0cd90cee74@192.168.1.5:39867
I0515 12:01:10.288264 29509 http.cpp:1105] HTTP GET for /master/state?jsonp=angular.callbacks._fh from 127.0.0.1:37136 with User-Agent='Mozilla/5.0 (X11; Ubuntu; Linux x86_64; rv:66.0) Gecko/20100101 Firefox/66.0'
I0515 12:01:10.292590 29514 http.cpp:1122] HTTP GET for /master/state?jsonp=angular.callbacks._fh from 127.0.0.1:37136: '200 OK' after 5.98707ms
I0515 12:01:20.329939 29510 http.cpp:1105] HTTP GET for /master/state?jsonp=angular.callbacks._fj from 127.0.0.1:37136 with User-Agent='Mozilla/5.0 (X11; Ubuntu; Linux x86_64; rv:66.0) Gecko/20100101 Firefox/66.0'
I0515 12:01:20.334594 29512 http.cpp:1122] HTTP GET for /master/state?jsonp=angular.callbacks._fj from 127.0.0.1:37136: '200 OK' after 6.40384ms
I0515 12:01:21.086697 29509 master.cpp:9417] Performing explicit task state reconciliation for 1 tasks of framework df64220e-eb34-4b8d-b82a-35688b767e6b-0000 (marathon) at scheduler-5e781075-ed89-4843-b952-ab0cd90cee74@192.168.1.5:39867
I0515 12:01:30.365849 29515 http.cpp:1105] HTTP GET for /master/state?jsonp=angular.callbacks._fl from 127.0.0.1:37136 with User-Agent='Mozilla/5.0 (X11; Ubuntu; Linux x86_64; rv:66.0) Gecko/20100101 Firefox/66.0'
I0515 12:01:30.372465 29514 http.cpp:1122] HTTP GET for /master/state?jsonp=angular.callbacks._fl from 127.0.0.1:37136: '200 OK' after 8.28902ms
I0515 12:01:36.106825 29514 master.cpp:9417] Performing explicit task state reconciliation for 1 tasks of framework df64220e-eb34-4b8d-b82a-35688b767e6b-0000 (marathon) at scheduler-5e781075-ed89-4843-b952-ab0cd90cee74@192.168.1.5:39867
I0515 12:01:40.405524 29512 http.cpp:1105] HTTP GET for /master/state?jsonp=angular.callbacks._fn from 127.0.0.1:37136 with User-Agent='Mozilla/5.0 (X11; Ubuntu; Linux x86_64; rv:66.0) Gecko/20100101 Firefox/66.0'
I0515 12:01:40.409878 29515 http.cpp:1122] HTTP GET for /master/state?jsonp=angular.callbacks._fn from 127.0.0.1:37136: '200 OK' after 6.05517ms
I0515 12:01:50.439169 29515 http.cpp:1105] HTTP GET for /master/state?jsonp=angular.callbacks._fp from 127.0.0.1:37136 with User-Agent='Mozilla/5.0 (X11; Ubuntu; Linux x86_64; rv:66.0) Gecko/20100101 Firefox/66.0'
I0515 12:01:50.445792 29514 http.cpp:1122] HTTP GET for /master/state?jsonp=angular.callbacks._fp from 127.0.0.1:37136: '200 OK' after 8.45005ms
I0515 12:01:51.126672 29512 master.cpp:9417] Performing explicit task state reconciliation for 1 tasks of framework df64220e-eb34-4b8d-b82a-35688b767e6b-0000 (marathon) at scheduler-5e781075-ed89-4843-b952-ab0cd90cee74@192.168.1.5:39867
I0515 12:02:00.477969 29513 http.cpp:1105] HTTP GET for /master/state?jsonp=angular.callbacks._fr from 127.0.0.1:37136 with User-Agent='Mozilla/5.0 (X11; Ubuntu; Linux x86_64; rv:66.0) Gecko/20100101 Firefox/66.0'
I0515 12:02:00.484536 29516 http.cpp:1122] HTTP GET for /master/state?jsonp=angular.callbacks._fr from 127.0.0.1:37136: '200 OK' after 8.28493ms
I0515 12:02:06.146812 29509 master.cpp:9417] Performing explicit task state reconciliation for 1 tasks of framework df64220e-eb34-4b8d-b82a-35688b767e6b-0000 (marathon) at scheduler-5e781075-ed89-4843-b952-ab0cd90cee74@192.168.1.5:39867
I0515 12:02:06.160480 29510 master.cpp:10007] Sending offers [ df64220e-eb34-4b8d-b82a-35688b767e6b-O74 ] to framework df64220e-eb34-4b8d-b82a-35688b767e6b-0000 (marathon) at scheduler-5e781075-ed89-4843-b952-ab0cd90cee74@192.168.1.5:39867
I0515 12:02:06.163923 29512 master.cpp:6040] Processing DECLINE call for offers: [ df64220e-eb34-4b8d-b82a-35688b767e6b-O74 ] for framework df64220e-eb34-4b8d-b82a-35688b767e6b-0000 (marathon) at scheduler-5e781075-ed89-4843-b952-ab0cd90cee74@192.168.1.5:39867 with 120 seconds filter
I0515 12:02:06.164439 29512 master.cpp:12279] Removing offer df64220e-eb34-4b8d-b82a-35688b767e6b-O74
I0515 12:02:10.515130 29511 http.cpp:1105] HTTP GET for /master/state?jsonp=angular.callbacks._ft from 127.0.0.1:37136 with User-Agent='Mozilla/5.0 (X11; Ubuntu; Linux x86_64; rv:66.0) Gecko/20100101 Firefox/66.0'
I0515 12:02:10.519616 29514 http.cpp:1122] HTTP GET for /master/state?jsonp=angular.callbacks._ft from 127.0.0.1:37136: '200 OK' after 6.39104ms
I0515 12:02:20.551038 29512 http.cpp:1105] HTTP GET for /master/state?jsonp=angular.callbacks._fv from 127.0.0.1:37136 with User-Agent='Mozilla/5.0 (X11; Ubuntu; Linux x86_64; rv:66.0) Gecko/20100101 Firefox/66.0'
I0515 12:02:20.555426 29513 http.cpp:1122] HTTP GET for /master/state?jsonp=angular.callbacks._fv from 127.0.0.1:37136: '200 OK' after 6.38822ms
I0515 12:02:21.176936 29512 master.cpp:9417] Performing explicit task state reconciliation for 1 tasks of framework df64220e-eb34-4b8d-b82a-35688b767e6b-0000 (marathon) at scheduler-5e781075-ed89-4843-b952-ab0cd90cee74@192.168.1.5:39867
I0515 12:02:30.587435 29512 http.cpp:1105] HTTP GET for /master/state?jsonp=angular.callbacks._fx from 127.0.0.1:37136 with User-Agent='Mozilla/5.0 (X11; Ubuntu; Linux x86_64; rv:66.0) Gecko/20100101 Firefox/66.0'
I0515 12:02:30.592129 29514 http.cpp:1122] HTTP GET for /master/state?jsonp=angular.callbacks._fx from 127.0.0.1:37136: '200 OK' after 6.56998ms
I0515 12:02:36.196185 29514 master.cpp:9417] Performing explicit task state reconciliation for 1 tasks of framework df64220e-eb34-4b8d-b82a-35688b767e6b-0000 (marathon) at scheduler-5e781075-ed89-4843-b952-ab0cd90cee74@192.168.1.5:39867
I0515 12:02:40.622813 29514 http.cpp:1105] HTTP GET for /master/state?jsonp=angular.callbacks._fz from 127.0.0.1:37136 with User-Agent='Mozilla/5.0 (X11; Ubuntu; Linux x86_64; rv:66.0) Gecko/20100101 Firefox/66.0'
I0515 12:02:40.627501 29512 http.cpp:1122] HTTP GET for /master/state?jsonp=angular.callbacks._fz from 127.0.0.1:37136: '200 OK' after 6.5449ms
I0515 12:02:50.662016 29512 http.cpp:1105] HTTP GET for /master/state?jsonp=angular.callbacks._g1 from 127.0.0.1:37136 with User-Agent='Mozilla/5.0 (X11; Ubuntu; Linux x86_64; rv:66.0) Gecko/20100101 Firefox/66.0'
I0515 12:02:50.668720 29514 http.cpp:1122] HTTP GET for /master/state?jsonp=angular.callbacks._g1 from 127.0.0.1:37136: '200 OK' after 8.60314ms
I0515 12:02:51.216307 29512 master.cpp:9417] Performing explicit task state reconciliation for 1 tasks of framework df64220e-eb34-4b8d-b82a-35688b767e6b-0000 (marathon) at scheduler-5e781075-ed89-4843-b952-ab0cd90cee74@192.168.1.5:39867
I0515 12:03:00.698300 29512 http.cpp:1105] HTTP GET for /master/state?jsonp=angular.callbacks._g3 from 127.0.0.1:37136 with User-Agent='Mozilla/5.0 (X11; Ubuntu; Linux x86_64; rv:66.0) Gecko/20100101 Firefox/66.0'
I0515 12:03:00.702603 29510 http.cpp:1122] HTTP GET for /master/state?jsonp=angular.callbacks._g3 from 127.0.0.1:37136: '200 OK' after 6.08794ms
I0515 12:03:06.236009 29516 master.cpp:9417] Performing explicit task state reconciliation for 1 tasks of framework df64220e-eb34-4b8d-b82a-35688b767e6b-0000 (marathon) at scheduler-5e781075-ed89-4843-b952-ab0cd90cee74@192.168.1.5:39867
I0515 12:03:10.739142 29509 http.cpp:1105] HTTP GET for /master/state?jsonp=angular.callbacks._g5 from 127.0.0.1:37136 with User-Agent='Mozilla/5.0 (X11; Ubuntu; Linux x86_64; rv:66.0) Gecko/20100101 Firefox/66.0'
I0515 12:03:10.746708 29512 http.cpp:1122] HTTP GET for /master/state?jsonp=angular.callbacks._g5 from 127.0.0.1:37136: '200 OK' after 9.33197ms
I0515 12:03:20.778767 29512 http.cpp:1105] HTTP GET for /master/state?jsonp=angular.callbacks._g7 from 127.0.0.1:37136 with User-Agent='Mozilla/5.0 (X11; Ubuntu; Linux x86_64; rv:66.0) Gecko/20100101 Firefox/66.0'
I0515 12:03:20.783099 29515 http.cpp:1122] HTTP GET for /master/state?jsonp=angular.callbacks._g7 from 127.0.0.1:37136: '200 OK' after 5.92179ms
I0515 12:03:21.256507 29511 master.cpp:9417] Performing explicit task state reconciliation for 1 tasks of framework df64220e-eb34-4b8d-b82a-35688b767e6b-0000 (marathon) at scheduler-5e781075-ed89-4843-b952-ab0cd90cee74@192.168.1.5:39867
I0515 12:03:30.821255 29511 http.cpp:1105] HTTP GET for /master/state?jsonp=angular.callbacks._g9 from 127.0.0.1:37136 with User-Agent='Mozilla/5.0 (X11; Ubuntu; Linux x86_64; rv:66.0) Gecko/20100101 Firefox/66.0'
I0515 12:03:30.825996 29514 http.cpp:1122] HTTP GET for /master/state?jsonp=angular.callbacks._g9 from 127.0.0.1:37136: '200 OK' after 6.57792ms
I0515 12:03:36.276155 29512 master.cpp:9417] Performing explicit task state reconciliation for 1 tasks of framework df64220e-eb34-4b8d-b82a-35688b767e6b-0000 (marathon) at scheduler-5e781075-ed89-4843-b952-ab0cd90cee74@192.168.1.5:39867
I0515 12:03:40.852264 29516 http.cpp:1105] HTTP GET for /master/state?jsonp=angular.callbacks._gb from 127.0.0.1:37136 with User-Agent='Mozilla/5.0 (X11; Ubuntu; Linux x86_64; rv:66.0) Gecko/20100101 Firefox/66.0'
I0515 12:03:40.857003 29509 http.cpp:1122] HTTP GET for /master/state?jsonp=angular.callbacks._gb from 127.0.0.1:37136: '200 OK' after 6.4832ms
I0515 12:03:50.885131 29515 http.cpp:1105] HTTP GET for /master/state?jsonp=angular.callbacks._gd from 127.0.0.1:37136 with User-Agent='Mozilla/5.0 (X11; Ubuntu; Linux x86_64; rv:66.0) Gecko/20100101 Firefox/66.0'
I0515 12:03:50.889472 29510 http.cpp:1122] HTTP GET for /master/state?jsonp=angular.callbacks._gd from 127.0.0.1:37136: '200 OK' after 6.23821ms
I0515 12:03:51.296983 29514 master.cpp:9417] Performing explicit task state reconciliation for 1 tasks of framework df64220e-eb34-4b8d-b82a-35688b767e6b-0000 (marathon) at scheduler-5e781075-ed89-4843-b952-ab0cd90cee74@192.168.1.5:39867
I0515 12:04:00.923293 29509 http.cpp:1105] HTTP GET for /master/state?jsonp=angular.callbacks._gf from 127.0.0.1:37136 with User-Agent='Mozilla/5.0 (X11; Ubuntu; Linux x86_64; rv:66.0) Gecko/20100101 Firefox/66.0'
I0515 12:04:00.927659 29512 http.cpp:1122] HTTP GET for /master/state?jsonp=angular.callbacks._gf from 127.0.0.1:37136: '200 OK' after 6.176ms
I0515 12:04:06.316274 29516 master.cpp:9417] Performing explicit task state reconciliation for 1 tasks of framework df64220e-eb34-4b8d-b82a-35688b767e6b-0000 (marathon) at scheduler-5e781075-ed89-4843-b952-ab0cd90cee74@192.168.1.5:39867
I0515 12:04:06.334997 29515 master.cpp:10007] Sending offers [ df64220e-eb34-4b8d-b82a-35688b767e6b-O75 ] to framework df64220e-eb34-4b8d-b82a-35688b767e6b-0000 (marathon) at scheduler-5e781075-ed89-4843-b952-ab0cd90cee74@192.168.1.5:39867
I0515 12:04:06.338351 29512 master.cpp:6040] Processing DECLINE call for offers: [ df64220e-eb34-4b8d-b82a-35688b767e6b-O75 ] for framework df64220e-eb34-4b8d-b82a-35688b767e6b-0000 (marathon) at scheduler-5e781075-ed89-4843-b952-ab0cd90cee74@192.168.1.5:39867 with 120 seconds filter
I0515 12:04:06.338748 29512 master.cpp:12279] Removing offer df64220e-eb34-4b8d-b82a-35688b767e6b-O75
I0515 12:04:10.966792 29514 http.cpp:1105] HTTP GET for /master/state?jsonp=angular.callbacks._gh from 127.0.0.1:37136 with User-Agent='Mozilla/5.0 (X11; Ubuntu; Linux x86_64; rv:66.0) Gecko/20100101 Firefox/66.0'
I0515 12:04:10.973676 29516 http.cpp:1122] HTTP GET for /master/state?jsonp=angular.callbacks._gh from 127.0.0.1:37136: '200 OK' after 8.7191ms
I0515 12:04:21.006227 29511 http.cpp:1105] HTTP GET for /master/state?jsonp=angular.callbacks._gj from 127.0.0.1:37136 with User-Agent='Mozilla/5.0 (X11; Ubuntu; Linux x86_64; rv:66.0) Gecko/20100101 Firefox/66.0'
I0515 12:04:21.011014 29515 http.cpp:1122] HTTP GET for /master/state?jsonp=angular.callbacks._gj from 127.0.0.1:37136: '200 OK' after 6.52288ms
I0515 12:04:21.356819 29516 master.cpp:9417] Performing explicit task state reconciliation for 1 tasks of framework df64220e-eb34-4b8d-b82a-35688b767e6b-0000 (marathon) at scheduler-5e781075-ed89-4843-b952-ab0cd90cee74@192.168.1.5:39867
I0515 12:04:31.042670 29509 http.cpp:1105] HTTP GET for /master/state?jsonp=angular.callbacks._gl from 127.0.0.1:37136 with User-Agent='Mozilla/5.0 (X11; Ubuntu; Linux x86_64; rv:66.0) Gecko/20100101 Firefox/66.0'
I0515 12:04:31.047245 29516 http.cpp:1122] HTTP GET for /master/state?jsonp=angular.callbacks._gl from 127.0.0.1:37136: '200 OK' after 6.33114ms
I0515 12:04:36.376981 29510 master.cpp:9417] Performing explicit task state reconciliation for 1 tasks of framework df64220e-eb34-4b8d-b82a-35688b767e6b-0000 (marathon) at scheduler-5e781075-ed89-4843-b952-ab0cd90cee74@192.168.1.5:39867
I0515 12:04:41.073307 29516 http.cpp:1105] HTTP GET for /master/state?jsonp=angular.callbacks._gn from 127.0.0.1:37136 with User-Agent='Mozilla/5.0 (X11; Ubuntu; Linux x86_64; rv:66.0) Gecko/20100101 Firefox/66.0'
I0515 12:04:41.077764 29512 http.cpp:1122] HTTP GET for /master/state?jsonp=angular.callbacks._gn from 127.0.0.1:37136: '200 OK' after 6.3209ms
I0515 12:04:51.107059 29510 http.cpp:1105] HTTP GET for /master/state?jsonp=angular.callbacks._gp from 127.0.0.1:37136 with User-Agent='Mozilla/5.0 (X11; Ubuntu; Linux x86_64; rv:66.0) Gecko/20100101 Firefox/66.0'
I0515 12:04:51.114003 29515 http.cpp:1122] HTTP GET for /master/state?jsonp=angular.callbacks._gp from 127.0.0.1:37136: '200 OK' after 8.73984ms
I0515 12:04:51.396576 29515 master.cpp:9417] Performing explicit task state reconciliation for 1 tasks of framework df64220e-eb34-4b8d-b82a-35688b767e6b-0000 (marathon) at scheduler-5e781075-ed89-4843-b952-ab0cd90cee74@192.168.1.5:39867
I0515 12:05:01.142499 29511 http.cpp:1105] HTTP GET for /master/state?jsonp=angular.callbacks._gr from 127.0.0.1:37136 with User-Agent='Mozilla/5.0 (X11; Ubuntu; Linux x86_64; rv:66.0) Gecko/20100101 Firefox/66.0'
I0515 12:05:01.146872 29510 http.cpp:1122] HTTP GET for /master/state?jsonp=angular.callbacks._gr from 127.0.0.1:37136: '200 OK' after 6.1399ms
I0515 12:05:06.416749 29513 master.cpp:9417] Performing explicit task state reconciliation for 1 tasks of framework df64220e-eb34-4b8d-b82a-35688b767e6b-0000 (marathon) at scheduler-5e781075-ed89-4843-b952-ab0cd90cee74@192.168.1.5:39867
I0515 12:05:11.179370 29516 http.cpp:1105] HTTP GET for /master/state?jsonp=angular.callbacks._gt from 127.0.0.1:37136 with User-Agent='Mozilla/5.0 (X11; Ubuntu; Linux x86_64; rv:66.0) Gecko/20100101 Firefox/66.0'
I0515 12:05:11.183877 29515 http.cpp:1122] HTTP GET for /master/state?jsonp=angular.callbacks._gt from 127.0.0.1:37136: '200 OK' after 6.28096ms
I0515 12:05:21.215314 29512 http.cpp:1105] HTTP GET for /master/state?jsonp=angular.callbacks._gv from 127.0.0.1:37136 with User-Agent='Mozilla/5.0 (X11; Ubuntu; Linux x86_64; rv:66.0) Gecko/20100101 Firefox/66.0'
I0515 12:05:21.219725 29514 http.cpp:1122] HTTP GET for /master/state?jsonp=angular.callbacks._gv from 127.0.0.1:37136: '200 OK' after 6.15885ms
I0515 12:05:21.436198 29514 master.cpp:9417] Performing explicit task state reconciliation for 1 tasks of framework df64220e-eb34-4b8d-b82a-35688b767e6b-0000 (marathon) at scheduler-5e781075-ed89-4843-b952-ab0cd90cee74@192.168.1.5:39867
I0515 12:05:31.252939 29516 http.cpp:1105] HTTP GET for /master/state?jsonp=angular.callbacks._gx from 127.0.0.1:37136 with User-Agent='Mozilla/5.0 (X11; Ubuntu; Linux x86_64; rv:66.0) Gecko/20100101 Firefox/66.0'
I0515 12:05:31.259583 29509 http.cpp:1122] HTTP GET for /master/state?jsonp=angular.callbacks._gx from 127.0.0.1:37136: '200 OK' after 8.3561ms
I0515 12:05:36.456117 29511 master.cpp:9417] Performing explicit task state reconciliation for 1 tasks of framework df64220e-eb34-4b8d-b82a-35688b767e6b-0000 (marathon) at scheduler-5e781075-ed89-4843-b952-ab0cd90cee74@192.168.1.5:39867
I0515 12:05:41.286447 29515 http.cpp:1105] HTTP GET for /master/state?jsonp=angular.callbacks._gz from 127.0.0.1:37136 with User-Agent='Mozilla/5.0 (X11; Ubuntu; Linux x86_64; rv:66.0) Gecko/20100101 Firefox/66.0'
I0515 12:05:41.292465 29511 http.cpp:1122] HTTP GET for /master/state?jsonp=angular.callbacks._gz from 127.0.0.1:37136: '200 OK' after 7.65491ms
I0515 12:05:51.319757 29515 http.cpp:1105] HTTP GET for /master/state?jsonp=angular.callbacks._h1 from 127.0.0.1:37136 with User-Agent='Mozilla/5.0 (X11; Ubuntu; Linux x86_64; rv:66.0) Gecko/20100101 Firefox/66.0'
I0515 12:05:51.324303 29509 http.cpp:1122] HTTP GET for /master/state?jsonp=angular.callbacks._h1 from 127.0.0.1:37136: '200 OK' after 6.20467ms
I0515 12:05:51.477131 29511 master.cpp:9417] Performing explicit task state reconciliation for 1 tasks of framework df64220e-eb34-4b8d-b82a-35688b767e6b-0000 (marathon) at scheduler-5e781075-ed89-4843-b952-ab0cd90cee74@192.168.1.5:39867
I0515 12:06:01.356142 29514 http.cpp:1105] HTTP GET for /master/state?jsonp=angular.callbacks._h3 from 127.0.0.1:37136 with User-Agent='Mozilla/5.0 (X11; Ubuntu; Linux x86_64; rv:66.0) Gecko/20100101 Firefox/66.0'
I0515 12:06:01.360574 29515 http.cpp:1122] HTTP GET for /master/state?jsonp=angular.callbacks._h3 from 127.0.0.1:37136: '200 OK' after 6.22797ms
I0515 12:06:06.496752 29515 master.cpp:9417] Performing explicit task state reconciliation for 1 tasks of framework df64220e-eb34-4b8d-b82a-35688b767e6b-0000 (marathon) at scheduler-5e781075-ed89-4843-b952-ab0cd90cee74@192.168.1.5:39867
I0515 12:06:06.502761 29513 master.cpp:10007] Sending offers [ df64220e-eb34-4b8d-b82a-35688b767e6b-O76 ] to framework df64220e-eb34-4b8d-b82a-35688b767e6b-0000 (marathon) at scheduler-5e781075-ed89-4843-b952-ab0cd90cee74@192.168.1.5:39867
I0515 12:06:06.506485 29514 master.cpp:6040] Processing DECLINE call for offers: [ df64220e-eb34-4b8d-b82a-35688b767e6b-O76 ] for framework df64220e-eb34-4b8d-b82a-35688b767e6b-0000 (marathon) at scheduler-5e781075-ed89-4843-b952-ab0cd90cee74@192.168.1.5:39867 with 120 seconds filter
I0515 12:06:06.507043 29514 master.cpp:12279] Removing offer df64220e-eb34-4b8d-b82a-35688b767e6b-O76
I0515 12:06:11.391733 29515 http.cpp:1105] HTTP GET for /master/state?jsonp=angular.callbacks._h5 from 127.0.0.1:37136 with User-Agent='Mozilla/5.0 (X11; Ubuntu; Linux x86_64; rv:66.0) Gecko/20100101 Firefox/66.0'
I0515 12:06:11.396394 29512 http.cpp:1122] HTTP GET for /master/state?jsonp=angular.callbacks._h5 from 127.0.0.1:37136: '200 OK' after 6.46886ms
I0515 12:06:21.427661 29511 http.cpp:1105] HTTP GET for /master/state?jsonp=angular.callbacks._h7 from 127.0.0.1:37136 with User-Agent='Mozilla/5.0 (X11; Ubuntu; Linux x86_64; rv:66.0) Gecko/20100101 Firefox/66.0'
I0515 12:06:21.431977 29510 http.cpp:1122] HTTP GET for /master/state?jsonp=angular.callbacks._h7 from 127.0.0.1:37136: '200 OK' after 6.02419ms
I0515 12:06:21.516702 29513 master.cpp:9417] Performing explicit task state reconciliation for 1 tasks of framework df64220e-eb34-4b8d-b82a-35688b767e6b-0000 (marathon) at scheduler-5e781075-ed89-4843-b952-ab0cd90cee74@192.168.1.5:39867
I0515 12:06:31.471622 29514 http.cpp:1105] HTTP GET for /master/state?jsonp=angular.callbacks._h9 from 127.0.0.1:37136 with User-Agent='Mozilla/5.0 (X11; Ubuntu; Linux x86_64; rv:66.0) Gecko/20100101 Firefox/66.0'
I0515 12:06:31.475992 29511 http.cpp:1122] HTTP GET for /master/state?jsonp=angular.callbacks._h9 from 127.0.0.1:37136: '200 OK' after 6.03008ms
I0515 12:06:36.536955 29509 master.cpp:9417] Performing explicit task state reconciliation for 1 tasks of framework df64220e-eb34-4b8d-b82a-35688b767e6b-0000 (marathon) at scheduler-5e781075-ed89-4843-b952-ab0cd90cee74@192.168.1.5:39867
I0515 12:06:41.514627 29514 http.cpp:1105] HTTP GET for /master/state?jsonp=angular.callbacks._hb from 127.0.0.1:37136 with User-Agent='Mozilla/5.0 (X11; Ubuntu; Linux x86_64; rv:66.0) Gecko/20100101 Firefox/66.0'
I0515 12:06:41.519042 29509 http.cpp:1122] HTTP GET for /master/state?jsonp=angular.callbacks._hb from 127.0.0.1:37136: '200 OK' after 6.19904ms
I0515 12:06:51.548223 29514 http.cpp:1105] HTTP GET for /master/state?jsonp=angular.callbacks._hd from 127.0.0.1:37136 with User-Agent='Mozilla/5.0 (X11; Ubuntu; Linux x86_64; rv:66.0) Gecko/20100101 Firefox/66.0'
I0515 12:06:51.552624 29509 http.cpp:1122] HTTP GET for /master/state?jsonp=angular.callbacks._hd from 127.0.0.1:37136: '200 OK' after 6.27482ms
I0515 12:06:51.556782 29510 master.cpp:9417] Performing explicit task state reconciliation for 1 tasks of framework df64220e-eb34-4b8d-b82a-35688b767e6b-0000 (marathon) at scheduler-5e781075-ed89-4843-b952-ab0cd90cee74@192.168.1.5:39867
I0515 12:07:01.593209 29516 http.cpp:1105] HTTP GET for /master/state?jsonp=angular.callbacks._hf from 127.0.0.1:37136 with User-Agent='Mozilla/5.0 (X11; Ubuntu; Linux x86_64; rv:66.0) Gecko/20100101 Firefox/66.0'
I0515 12:07:01.597550 29510 http.cpp:1122] HTTP GET for /master/state?jsonp=angular.callbacks._hf from 127.0.0.1:37136: '200 OK' after 5.99194ms
I0515 12:07:06.576597 29512 master.cpp:9417] Performing explicit task state reconciliation for 1 tasks of framework df64220e-eb34-4b8d-b82a-35688b767e6b-0000 (marathon) at scheduler-5e781075-ed89-4843-b952-ab0cd90cee74@192.168.1.5:39867
I0515 12:07:11.629909 29513 http.cpp:1105] HTTP GET for /master/state?jsonp=angular.callbacks._hh from 127.0.0.1:37136 with User-Agent='Mozilla/5.0 (X11; Ubuntu; Linux x86_64; rv:66.0) Gecko/20100101 Firefox/66.0'
I0515 12:07:11.634276 29509 http.cpp:1122] HTTP GET for /master/state?jsonp=angular.callbacks._hh from 127.0.0.1:37136: '200 OK' after 6.09306ms
I0515 12:07:21.596313 29510 master.cpp:9417] Performing explicit task state reconciliation for 1 tasks of framework df64220e-eb34-4b8d-b82a-35688b767e6b-0000 (marathon) at scheduler-5e781075-ed89-4843-b952-ab0cd90cee74@192.168.1.5:39867
I0515 12:07:21.670856 29513 http.cpp:1105] HTTP GET for /master/state?jsonp=angular.callbacks._hj from 127.0.0.1:37136 with User-Agent='Mozilla/5.0 (X11; Ubuntu; Linux x86_64; rv:66.0) Gecko/20100101 Firefox/66.0'
I0515 12:07:21.675226 29516 http.cpp:1122] HTTP GET for /master/state?jsonp=angular.callbacks._hj from 127.0.0.1:37136: '200 OK' after 6.19802ms
I0515 12:07:31.706925 29509 http.cpp:1105] HTTP GET for /master/state?jsonp=angular.callbacks._hl from 127.0.0.1:37136 with User-Agent='Mozilla/5.0 (X11; Ubuntu; Linux x86_64; rv:66.0) Gecko/20100101 Firefox/66.0'
I0515 12:07:31.711333 29512 http.cpp:1122] HTTP GET for /master/state?jsonp=angular.callbacks._hl from 127.0.0.1:37136: '200 OK' after 6.31706ms
I0515 12:07:36.616091 29512 master.cpp:9417] Performing explicit task state reconciliation for 1 tasks of framework df64220e-eb34-4b8d-b82a-35688b767e6b-0000 (marathon) at scheduler-5e781075-ed89-4843-b952-ab0cd90cee74@192.168.1.5:39867
I0515 12:07:41.739063 29512 http.cpp:1105] HTTP GET for /master/state?jsonp=angular.callbacks._hn from 127.0.0.1:37136 with User-Agent='Mozilla/5.0 (X11; Ubuntu; Linux x86_64; rv:66.0) Gecko/20100101 Firefox/66.0'
I0515 12:07:41.743692 29509 http.cpp:1122] HTTP GET for /master/state?jsonp=angular.callbacks._hn from 127.0.0.1:37136: '200 OK' after 6.58893ms
I0515 12:07:51.637046 29509 master.cpp:9417] Performing explicit task state reconciliation for 1 tasks of framework df64220e-eb34-4b8d-b82a-35688b767e6b-0000 (marathon) at scheduler-5e781075-ed89-4843-b952-ab0cd90cee74@192.168.1.5:39867
I0515 12:07:51.775291 29511 http.cpp:1105] HTTP GET for /master/state?jsonp=angular.callbacks._hp from 127.0.0.1:37136 with User-Agent='Mozilla/5.0 (X11; Ubuntu; Linux x86_64; rv:66.0) Gecko/20100101 Firefox/66.0'
I0515 12:07:51.779884 29515 http.cpp:1122] HTTP GET for /master/state?jsonp=angular.callbacks._hp from 127.0.0.1:37136: '200 OK' after 6.37798ms
I0515 12:08:01.810912 29510 http.cpp:1105] HTTP GET for /master/state?jsonp=angular.callbacks._hr from 127.0.0.1:37136 with User-Agent='Mozilla/5.0 (X11; Ubuntu; Linux x86_64; rv:66.0) Gecko/20100101 Firefox/66.0'
I0515 12:08:01.815240 29511 http.cpp:1122] HTTP GET for /master/state?jsonp=angular.callbacks._hr from 127.0.0.1:37136: '200 OK' after 6.176ms
I0515 12:08:06.656342 29514 master.cpp:9417] Performing explicit task state reconciliation for 1 tasks of framework df64220e-eb34-4b8d-b82a-35688b767e6b-0000 (marathon) at scheduler-5e781075-ed89-4843-b952-ab0cd90cee74@192.168.1.5:39867
I0515 12:08:06.678887 29509 master.cpp:10007] Sending offers [ df64220e-eb34-4b8d-b82a-35688b767e6b-O77 ] to framework df64220e-eb34-4b8d-b82a-35688b767e6b-0000 (marathon) at scheduler-5e781075-ed89-4843-b952-ab0cd90cee74@192.168.1.5:39867
I0515 12:08:06.682494 29515 master.cpp:6040] Processing DECLINE call for offers: [ df64220e-eb34-4b8d-b82a-35688b767e6b-O77 ] for framework df64220e-eb34-4b8d-b82a-35688b767e6b-0000 (marathon) at scheduler-5e781075-ed89-4843-b952-ab0cd90cee74@192.168.1.5:39867 with 120 seconds filter
I0515 12:08:06.682936 29515 master.cpp:12279] Removing offer df64220e-eb34-4b8d-b82a-35688b767e6b-O77
I0515 12:08:11.845783 29511 http.cpp:1105] HTTP GET for /master/state?jsonp=angular.callbacks._ht from 127.0.0.1:37136 with User-Agent='Mozilla/5.0 (X11; Ubuntu; Linux x86_64; rv:66.0) Gecko/20100101 Firefox/66.0'
I0515 12:08:11.850148 29512 http.cpp:1122] HTTP GET for /master/state?jsonp=angular.callbacks._ht from 127.0.0.1:37136: '200 OK' after 6.04006ms
I0515 12:08:21.696153 29509 master.cpp:9417] Performing explicit task state reconciliation for 1 tasks of framework df64220e-eb34-4b8d-b82a-35688b767e6b-0000 (marathon) at scheduler-5e781075-ed89-4843-b952-ab0cd90cee74@192.168.1.5:39867
I0515 12:08:21.881356 29515 http.cpp:1105] HTTP GET for /master/state?jsonp=angular.callbacks._hv from 127.0.0.1:37136 with User-Agent='Mozilla/5.0 (X11; Ubuntu; Linux x86_64; rv:66.0) Gecko/20100101 Firefox/66.0'
I0515 12:08:21.885742 29513 http.cpp:1122] HTTP GET for /master/state?jsonp=angular.callbacks._hv from 127.0.0.1:37136: '200 OK' after 6.15373ms
I0515 12:08:31.918381 29515 http.cpp:1105] HTTP GET for /master/state?jsonp=angular.callbacks._hx from 127.0.0.1:37136 with User-Agent='Mozilla/5.0 (X11; Ubuntu; Linux x86_64; rv:66.0) Gecko/20100101 Firefox/66.0'
I0515 12:08:31.925020 29510 http.cpp:1122] HTTP GET for /master/state?jsonp=angular.callbacks._hx from 127.0.0.1:37136: '200 OK' after 8.41702ms
I0515 12:08:36.716531 29512 master.cpp:9417] Performing explicit task state reconciliation for 1 tasks of framework df64220e-eb34-4b8d-b82a-35688b767e6b-0000 (marathon) at scheduler-5e781075-ed89-4843-b952-ab0cd90cee74@192.168.1.5:39867
I0515 12:08:41.443148 29511 master.cpp:8662] Status update TASK_FAILED (Status UUID: 37ea67da-07e3-4252-bcc7-2c1b06591da3) for task httpd.69550a5e-75b2-11e9-ba1c-426fd056c11c of framework 20e4d121-4a00-4fa4-87a8-95fc84c6335e-0000 from agent c8e59b09-da78-48e6-bdd2-9c3396b857b8-S0 at slave(1)@192.168.1.5:5051 (jouko-Gazelle-Professional)
W0515 12:08:41.443228 29511 master.cpp:8677] Received status update TASK_FAILED (Status UUID: 37ea67da-07e3-4252-bcc7-2c1b06591da3) for task httpd.69550a5e-75b2-11e9-ba1c-426fd056c11c of framework 20e4d121-4a00-4fa4-87a8-95fc84c6335e-0000 from agent c8e59b09-da78-48e6-bdd2-9c3396b857b8-S0 at slave(1)@192.168.1.5:5051 (jouko-Gazelle-Professional) for a disconnected framework
I0515 12:08:41.443308 29511 master.cpp:11631] Updating the state of task httpd.69550a5e-75b2-11e9-ba1c-426fd056c11c of framework 20e4d121-4a00-4fa4-87a8-95fc84c6335e-0000 (latest state: TASK_FAILED, status update state: TASK_FAILED)
I0515 12:08:41.444213 29512 master.cpp:8662] Status update TASK_FAILED (Status UUID: 0550c395-2104-43ea-86df-ee933f9a9128) for task httpd.8b56ad7a-75b3-11e9-b18c-e6cbfc1c3ee9 of framework d24c421c-d71b-48cf-ac36-bad06b59829d-0000 from agent c8e59b09-da78-48e6-bdd2-9c3396b857b8-S0 at slave(1)@192.168.1.5:5051 (jouko-Gazelle-Professional)
W0515 12:08:41.444267 29512 master.cpp:8677] Received status update TASK_FAILED (Status UUID: 0550c395-2104-43ea-86df-ee933f9a9128) for task httpd.8b56ad7a-75b3-11e9-b18c-e6cbfc1c3ee9 of framework d24c421c-d71b-48cf-ac36-bad06b59829d-0000 from agent c8e59b09-da78-48e6-bdd2-9c3396b857b8-S0 at slave(1)@192.168.1.5:5051 (jouko-Gazelle-Professional) for a disconnected framework
I0515 12:08:41.444329 29512 master.cpp:11631] Updating the state of task httpd.8b56ad7a-75b3-11e9-b18c-e6cbfc1c3ee9 of framework d24c421c-d71b-48cf-ac36-bad06b59829d-0000 (latest state: TASK_FAILED, status update state: TASK_FAILED)
I0515 12:08:41.444449 29512 master.cpp:8662] Status update TASK_STARTING (Status UUID: d51c45a9-4f30-42c0-b836-4cdf43570463) for task httpd.b015673e-75af-11e9-8319-06d0e03ee117 of framework a02141ad-a172-44b5-8dd9-dc8a5687d41a-0000 from agent c8e59b09-da78-48e6-bdd2-9c3396b857b8-S0 at slave(1)@192.168.1.5:5051 (jouko-Gazelle-Professional)
W0515 12:08:41.444481 29512 master.cpp:8677] Received status update TASK_STARTING (Status UUID: d51c45a9-4f30-42c0-b836-4cdf43570463) for task httpd.b015673e-75af-11e9-8319-06d0e03ee117 of framework a02141ad-a172-44b5-8dd9-dc8a5687d41a-0000 from agent c8e59b09-da78-48e6-bdd2-9c3396b857b8-S0 at slave(1)@192.168.1.5:5051 (jouko-Gazelle-Professional) for a disconnected framework
I0515 12:08:41.444525 29512 master.cpp:11631] Updating the state of task httpd.b015673e-75af-11e9-8319-06d0e03ee117 of framework a02141ad-a172-44b5-8dd9-dc8a5687d41a-0000 (latest state: TASK_FAILED, status update state: TASK_STARTING)
I0515 12:08:41.956830 29514 http.cpp:1105] HTTP GET for /master/state?jsonp=angular.callbacks._hz from 127.0.0.1:37136 with User-Agent='Mozilla/5.0 (X11; Ubuntu; Linux x86_64; rv:66.0) Gecko/20100101 Firefox/66.0'
I0515 12:08:41.961036 29510 http.cpp:1122] HTTP GET for /master/state?jsonp=angular.callbacks._hz from 127.0.0.1:37136: '200 OK' after 5.89389ms
I0515 12:08:51.736335 29515 master.cpp:9417] Performing explicit task state reconciliation for 1 tasks of framework df64220e-eb34-4b8d-b82a-35688b767e6b-0000 (marathon) at scheduler-5e781075-ed89-4843-b952-ab0cd90cee74@192.168.1.5:39867
I0515 12:08:51.994676 29510 http.cpp:1105] HTTP GET for /master/state?jsonp=angular.callbacks._i1 from 127.0.0.1:37136 with User-Agent='Mozilla/5.0 (X11; Ubuntu; Linux x86_64; rv:66.0) Gecko/20100101 Firefox/66.0'
I0515 12:08:51.999228 29516 http.cpp:1122] HTTP GET for /master/state?jsonp=angular.callbacks._i1 from 127.0.0.1:37136: '200 OK' after 6.32602ms
I0515 12:09:02.030162 29509 http.cpp:1105] HTTP GET for /master/state?jsonp=angular.callbacks._i3 from 127.0.0.1:37136 with User-Agent='Mozilla/5.0 (X11; Ubuntu; Linux x86_64; rv:66.0) Gecko/20100101 Firefox/66.0'
I0515 12:09:02.036972 29516 http.cpp:1122] HTTP GET for /master/state?jsonp=angular.callbacks._i3 from 127.0.0.1:37136: '200 OK' after 8.53299ms
I0515 12:09:06.757052 29513 master.cpp:9417] Performing explicit task state reconciliation for 1 tasks of framework df64220e-eb34-4b8d-b82a-35688b767e6b-0000 (marathon) at scheduler-5e781075-ed89-4843-b952-ab0cd90cee74@192.168.1.5:39867
I0515 12:09:12.070169 29516 http.cpp:1105] HTTP GET for /master/state?jsonp=angular.callbacks._i5 from 127.0.0.1:37136 with User-Agent='Mozilla/5.0 (X11; Ubuntu; Linux x86_64; rv:66.0) Gecko/20100101 Firefox/66.0'
I0515 12:09:12.074648 29514 http.cpp:1122] HTTP GET for /master/state?jsonp=angular.callbacks._i5 from 127.0.0.1:37136: '200 OK' after 6.19418ms
I0515 12:09:15.865823 29515 master.cpp:9351] Performing implicit task state reconciliation for framework df64220e-eb34-4b8d-b82a-35688b767e6b-0000 (marathon) at scheduler-5e781075-ed89-4843-b952-ab0cd90cee74@192.168.1.5:39867
I0515 12:09:21.775925 29514 master.cpp:9417] Performing explicit task state reconciliation for 1 tasks of framework df64220e-eb34-4b8d-b82a-35688b767e6b-0000 (marathon) at scheduler-5e781075-ed89-4843-b952-ab0cd90cee74@192.168.1.5:39867
I0515 12:09:22.116150 29511 http.cpp:1105] HTTP GET for /master/state?jsonp=angular.callbacks._i7 from 127.0.0.1:37136 with User-Agent='Mozilla/5.0 (X11; Ubuntu; Linux x86_64; rv:66.0) Gecko/20100101 Firefox/66.0'
I0515 12:09:22.120448 29516 http.cpp:1122] HTTP GET for /master/state?jsonp=angular.callbacks._i7 from 127.0.0.1:37136: '200 OK' after 6.0631ms
I0515 12:09:32.151595 29515 http.cpp:1105] HTTP GET for /master/state?jsonp=angular.callbacks._i9 from 127.0.0.1:37136 with User-Agent='Mozilla/5.0 (X11; Ubuntu; Linux x86_64; rv:66.0) Gecko/20100101 Firefox/66.0'
I0515 12:09:32.156144 29509 http.cpp:1122] HTTP GET for /master/state?jsonp=angular.callbacks._i9 from 127.0.0.1:37136: '200 OK' after 6.3959ms
I0515 12:09:36.796849 29510 master.cpp:9417] Performing explicit task state reconciliation for 1 tasks of framework df64220e-eb34-4b8d-b82a-35688b767e6b-0000 (marathon) at scheduler-5e781075-ed89-4843-b952-ab0cd90cee74@192.168.1.5:39867
I0515 12:09:42.182663 29511 http.cpp:1105] HTTP GET for /master/state?jsonp=angular.callbacks._ib from 127.0.0.1:37136 with User-Agent='Mozilla/5.0 (X11; Ubuntu; Linux x86_64; rv:66.0) Gecko/20100101 Firefox/66.0'
I0515 12:09:42.187016 29512 http.cpp:1122] HTTP GET for /master/state?jsonp=angular.callbacks._ib from 127.0.0.1:37136: '200 OK' after 6.21798ms
I0515 12:09:51.816606 29509 master.cpp:9417] Performing explicit task state reconciliation for 1 tasks of framework df64220e-eb34-4b8d-b82a-35688b767e6b-0000 (marathon) at scheduler-5e781075-ed89-4843-b952-ab0cd90cee74@192.168.1.5:39867
I0515 12:09:52.218219 29516 http.cpp:1105] HTTP GET for /master/state?jsonp=angular.callbacks._id from 127.0.0.1:37136 with User-Agent='Mozilla/5.0 (X11; Ubuntu; Linux x86_64; rv:66.0) Gecko/20100101 Firefox/66.0'
I0515 12:09:52.222592 29511 http.cpp:1122] HTTP GET for /master/state?jsonp=angular.callbacks._id from 127.0.0.1:37136: '200 OK' after 6.33114ms
I0515 12:10:02.253767 29513 http.cpp:1105] HTTP GET for /master/state?jsonp=angular.callbacks._if from 127.0.0.1:37136 with User-Agent='Mozilla/5.0 (X11; Ubuntu; Linux x86_64; rv:66.0) Gecko/20100101 Firefox/66.0'
I0515 12:10:02.260476 29510 http.cpp:1122] HTTP GET for /master/state?jsonp=angular.callbacks._if from 127.0.0.1:37136: '200 OK' after 8.34483ms
I0515 12:10:06.836488 29509 master.cpp:9417] Performing explicit task state reconciliation for 1 tasks of framework df64220e-eb34-4b8d-b82a-35688b767e6b-0000 (marathon) at scheduler-5e781075-ed89-4843-b952-ab0cd90cee74@192.168.1.5:39867
I0515 12:10:06.853242 29511 master.cpp:10007] Sending offers [ df64220e-eb34-4b8d-b82a-35688b767e6b-O78 ] to framework df64220e-eb34-4b8d-b82a-35688b767e6b-0000 (marathon) at scheduler-5e781075-ed89-4843-b952-ab0cd90cee74@192.168.1.5:39867
I0515 12:10:06.856850 29510 master.cpp:6040] Processing DECLINE call for offers: [ df64220e-eb34-4b8d-b82a-35688b767e6b-O78 ] for framework df64220e-eb34-4b8d-b82a-35688b767e6b-0000 (marathon) at scheduler-5e781075-ed89-4843-b952-ab0cd90cee74@192.168.1.5:39867 with 120 seconds filter
I0515 12:10:06.857323 29510 master.cpp:12279] Removing offer df64220e-eb34-4b8d-b82a-35688b767e6b-O78
I0515 12:10:12.291249 29511 http.cpp:1105] HTTP GET for /master/state?jsonp=angular.callbacks._ih from 127.0.0.1:37136 with User-Agent='Mozilla/5.0 (X11; Ubuntu; Linux x86_64; rv:66.0) Gecko/20100101 Firefox/66.0'
I0515 12:10:12.297930 29510 http.cpp:1122] HTTP GET for /master/state?jsonp=angular.callbacks._ih from 127.0.0.1:37136: '200 OK' after 8.55398ms
I0515 12:10:21.876821 29515 master.cpp:9417] Performing explicit task state reconciliation for 1 tasks of framework df64220e-eb34-4b8d-b82a-35688b767e6b-0000 (marathon) at scheduler-5e781075-ed89-4843-b952-ab0cd90cee74@192.168.1.5:39867
I0515 12:10:22.328320 29513 http.cpp:1105] HTTP GET for /master/state?jsonp=angular.callbacks._ij from 127.0.0.1:37136 with User-Agent='Mozilla/5.0 (X11; Ubuntu; Linux x86_64; rv:66.0) Gecko/20100101 Firefox/66.0'
I0515 12:10:22.335238 29509 http.cpp:1122] HTTP GET for /master/state?jsonp=angular.callbacks._ij from 127.0.0.1:37136: '200 OK' after 8.73574ms
I0515 12:10:32.365049 29514 http.cpp:1105] HTTP GET for /master/state?jsonp=angular.callbacks._il from 127.0.0.1:37136 with User-Agent='Mozilla/5.0 (X11; Ubuntu; Linux x86_64; rv:66.0) Gecko/20100101 Firefox/66.0'
I0515 12:10:32.369561 29510 http.cpp:1122] HTTP GET for /master/state?jsonp=angular.callbacks._il from 127.0.0.1:37136: '200 OK' after 6.15398ms
I0515 12:10:36.896642 29516 master.cpp:9417] Performing explicit task state reconciliation for 1 tasks of framework df64220e-eb34-4b8d-b82a-35688b767e6b-0000 (marathon) at scheduler-5e781075-ed89-4843-b952-ab0cd90cee74@192.168.1.5:39867
I0515 12:10:42.403702 29511 http.cpp:1105] HTTP GET for /master/state?jsonp=angular.callbacks._in from 127.0.0.1:37136 with User-Agent='Mozilla/5.0 (X11; Ubuntu; Linux x86_64; rv:66.0) Gecko/20100101 Firefox/66.0'
I0515 12:10:42.407913 29512 http.cpp:1122] HTTP GET for /master/state?jsonp=angular.callbacks._in from 127.0.0.1:37136: '200 OK' after 5.88979ms
I0515 12:10:51.917296 29516 master.cpp:9417] Performing explicit task state reconciliation for 1 tasks of framework df64220e-eb34-4b8d-b82a-35688b767e6b-0000 (marathon) at scheduler-5e781075-ed89-4843-b952-ab0cd90cee74@192.168.1.5:39867
I0515 12:10:52.444131 29511 http.cpp:1105] HTTP GET for /master/state?jsonp=angular.callbacks._ip from 127.0.0.1:37136 with User-Agent='Mozilla/5.0 (X11; Ubuntu; Linux x86_64; rv:66.0) Gecko/20100101 Firefox/66.0'
I0515 12:10:52.451001 29516 http.cpp:1122] HTTP GET for /master/state?jsonp=angular.callbacks._ip from 127.0.0.1:37136: '200 OK' after 8.60979ms
I0515 12:11:02.480837 29511 http.cpp:1105] HTTP GET for /master/state?jsonp=angular.callbacks._ir from 127.0.0.1:37136 with User-Agent='Mozilla/5.0 (X11; Ubuntu; Linux x86_64; rv:66.0) Gecko/20100101 Firefox/66.0'
I0515 12:11:02.485296 29516 http.cpp:1122] HTTP GET for /master/state?jsonp=angular.callbacks._ir from 127.0.0.1:37136: '200 OK' after 6.13325ms
I0515 12:11:06.936754 29510 master.cpp:9417] Performing explicit task state reconciliation for 1 tasks of framework df64220e-eb34-4b8d-b82a-35688b767e6b-0000 (marathon) at scheduler-5e781075-ed89-4843-b952-ab0cd90cee74@192.168.1.5:39867
I0515 12:11:12.515079 29516 http.cpp:1105] HTTP GET for /master/state?jsonp=angular.callbacks._it from 127.0.0.1:37136 with User-Agent='Mozilla/5.0 (X11; Ubuntu; Linux x86_64; rv:66.0) Gecko/20100101 Firefox/66.0'
I0515 12:11:12.519560 29512 http.cpp:1122] HTTP GET for /master/state?jsonp=angular.callbacks._it from 127.0.0.1:37136: '200 OK' after 6.28403ms
I0515 12:11:21.956840 29515 master.cpp:9417] Performing explicit task state reconciliation for 1 tasks of framework df64220e-eb34-4b8d-b82a-35688b767e6b-0000 (marathon) at scheduler-5e781075-ed89-4843-b952-ab0cd90cee74@192.168.1.5:39867
I0515 12:11:22.550493 29516 http.cpp:1105] HTTP GET for /master/state?jsonp=angular.callbacks._iv from 127.0.0.1:37136 with User-Agent='Mozilla/5.0 (X11; Ubuntu; Linux x86_64; rv:66.0) Gecko/20100101 Firefox/66.0'
I0515 12:11:22.554855 29515 http.cpp:1122] HTTP GET for /master/state?jsonp=angular.callbacks._iv from 127.0.0.1:37136: '200 OK' after 6.09101ms
I0515 12:11:32.594486 29509 http.cpp:1105] HTTP GET for /master/state?jsonp=angular.callbacks._ix from 127.0.0.1:37136 with User-Agent='Mozilla/5.0 (X11; Ubuntu; Linux x86_64; rv:66.0) Gecko/20100101 Firefox/66.0'
I0515 12:11:32.601558 29511 http.cpp:1122] HTTP GET for /master/state?jsonp=angular.callbacks._ix from 127.0.0.1:37136: '200 OK' after 8.88602ms
I0515 12:11:36.976552 29510 master.cpp:9417] Performing explicit task state reconciliation for 1 tasks of framework df64220e-eb34-4b8d-b82a-35688b767e6b-0000 (marathon) at scheduler-5e781075-ed89-4843-b952-ab0cd90cee74@192.168.1.5:39867
I0515 12:11:42.627473 29510 http.cpp:1105] HTTP GET for /master/state?jsonp=angular.callbacks._iz from 127.0.0.1:37136 with User-Agent='Mozilla/5.0 (X11; Ubuntu; Linux x86_64; rv:66.0) Gecko/20100101 Firefox/66.0'
I0515 12:11:42.633049 29515 http.cpp:1122] HTTP GET for /master/state?jsonp=angular.callbacks._iz from 127.0.0.1:37136: '200 OK' after 7.65619ms
I0515 12:11:51.996518 29511 master.cpp:9417] Performing explicit task state reconciliation for 1 tasks of framework df64220e-eb34-4b8d-b82a-35688b767e6b-0000 (marathon) at scheduler-5e781075-ed89-4843-b952-ab0cd90cee74@192.168.1.5:39867
I0515 12:11:52.664131 29512 http.cpp:1105] HTTP GET for /master/state?jsonp=angular.callbacks._j1 from 127.0.0.1:37136 with User-Agent='Mozilla/5.0 (X11; Ubuntu; Linux x86_64; rv:66.0) Gecko/20100101 Firefox/66.0'
I0515 12:11:52.668489 29511 http.cpp:1122] HTTP GET for /master/state?jsonp=angular.callbacks._j1 from 127.0.0.1:37136: '200 OK' after 6.07002ms
I0515 12:12:02.699198 29510 http.cpp:1105] HTTP GET for /master/state?jsonp=angular.callbacks._j3 from 127.0.0.1:37136 with User-Agent='Mozilla/5.0 (X11; Ubuntu; Linux x86_64; rv:66.0) Gecko/20100101 Firefox/66.0'
I0515 12:12:02.705873 29512 http.cpp:1122] HTTP GET for /master/state?jsonp=angular.callbacks._j3 from 127.0.0.1:37136: '200 OK' after 8.45798ms
I0515 12:12:07.016724 29511 master.cpp:9417] Performing explicit task state reconciliation for 1 tasks of framework df64220e-eb34-4b8d-b82a-35688b767e6b-0000 (marathon) at scheduler-5e781075-ed89-4843-b952-ab0cd90cee74@192.168.1.5:39867
I0515 12:12:07.029503 29515 master.cpp:10007] Sending offers [ df64220e-eb34-4b8d-b82a-35688b767e6b-O79 ] to framework df64220e-eb34-4b8d-b82a-35688b767e6b-0000 (marathon) at scheduler-5e781075-ed89-4843-b952-ab0cd90cee74@192.168.1.5:39867
I0515 12:12:07.033115 29509 master.cpp:6040] Processing DECLINE call for offers: [ df64220e-eb34-4b8d-b82a-35688b767e6b-O79 ] for framework df64220e-eb34-4b8d-b82a-35688b767e6b-0000 (marathon) at scheduler-5e781075-ed89-4843-b952-ab0cd90cee74@192.168.1.5:39867 with 120 seconds filter
I0515 12:12:07.033722 29509 master.cpp:12279] Removing offer df64220e-eb34-4b8d-b82a-35688b767e6b-O79
I0515 12:12:12.738122 29513 http.cpp:1105] HTTP GET for /master/state?jsonp=angular.callbacks._j5 from 127.0.0.1:37136 with User-Agent='Mozilla/5.0 (X11; Ubuntu; Linux x86_64; rv:66.0) Gecko/20100101 Firefox/66.0'
I0515 12:12:12.744758 29512 http.cpp:1122] HTTP GET for /master/state?jsonp=angular.callbacks._j5 from 127.0.0.1:37136: '200 OK' after 8.352ms
I0515 12:12:22.046422 29515 master.cpp:9417] Performing explicit task state reconciliation for 1 tasks of framework df64220e-eb34-4b8d-b82a-35688b767e6b-0000 (marathon) at scheduler-5e781075-ed89-4843-b952-ab0cd90cee74@192.168.1.5:39867
I0515 12:12:22.777424 29515 http.cpp:1105] HTTP GET for /master/state?jsonp=angular.callbacks._j7 from 127.0.0.1:37136 with User-Agent='Mozilla/5.0 (X11; Ubuntu; Linux x86_64; rv:66.0) Gecko/20100101 Firefox/66.0'
I0515 12:12:22.784657 29513 http.cpp:1122] HTTP GET for /master/state?jsonp=angular.callbacks._j7 from 127.0.0.1:37136: '200 OK' after 8.90291ms
I0515 12:12:32.814472 29512 http.cpp:1105] HTTP GET for /master/state?jsonp=angular.callbacks._j9 from 127.0.0.1:37136 with User-Agent='Mozilla/5.0 (X11; Ubuntu; Linux x86_64; rv:66.0) Gecko/20100101 Firefox/66.0'
I0515 12:12:32.818980 29509 http.cpp:1122] HTTP GET for /master/state?jsonp=angular.callbacks._j9 from 127.0.0.1:37136: '200 OK' after 6.23898ms
I0515 12:12:37.066817 29516 master.cpp:9417] Performing explicit task state reconciliation for 1 tasks of framework df64220e-eb34-4b8d-b82a-35688b767e6b-0000 (marathon) at scheduler-5e781075-ed89-4843-b952-ab0cd90cee74@192.168.1.5:39867
I0515 12:12:42.846400 29514 http.cpp:1105] HTTP GET for /master/state?jsonp=angular.callbacks._jb from 127.0.0.1:37136 with User-Agent='Mozilla/5.0 (X11; Ubuntu; Linux x86_64; rv:66.0) Gecko/20100101 Firefox/66.0'
I0515 12:12:42.851030 29515 http.cpp:1122] HTTP GET for /master/state?jsonp=angular.callbacks._jb from 127.0.0.1:37136: '200 OK' after 6.3209ms
I0515 12:12:52.086514 29515 master.cpp:9417] Performing explicit task state reconciliation for 1 tasks of framework df64220e-eb34-4b8d-b82a-35688b767e6b-0000 (marathon) at scheduler-5e781075-ed89-4843-b952-ab0cd90cee74@192.168.1.5:39867
I0515 12:12:52.882244 29514 http.cpp:1105] HTTP GET for /master/state?jsonp=angular.callbacks._jd from 127.0.0.1:37136 with User-Agent='Mozilla/5.0 (X11; Ubuntu; Linux x86_64; rv:66.0) Gecko/20100101 Firefox/66.0'
I0515 12:12:52.886822 29516 http.cpp:1122] HTTP GET for /master/state?jsonp=angular.callbacks._jd from 127.0.0.1:37136: '200 OK' after 6.44096ms
I0515 12:13:02.920359 29514 http.cpp:1105] HTTP GET for /master/state?jsonp=angular.callbacks._jf from 127.0.0.1:37136 with User-Agent='Mozilla/5.0 (X11; Ubuntu; Linux x86_64; rv:66.0) Gecko/20100101 Firefox/66.0'
I0515 12:13:02.924793 29510 http.cpp:1122] HTTP GET for /master/state?jsonp=angular.callbacks._jf from 127.0.0.1:37136: '200 OK' after 6.13888ms
I0515 12:13:07.106570 29516 master.cpp:9417] Performing explicit task state reconciliation for 1 tasks of framework df64220e-eb34-4b8d-b82a-35688b767e6b-0000 (marathon) at scheduler-5e781075-ed89-4843-b952-ab0cd90cee74@192.168.1.5:39867
