I0514 20:40:36.801517  2698 main.cpp:350] Build: 2019-05-09 21:42:43 by root
I0514 20:40:36.816778  2698 main.cpp:351] Version: 1.8.0
I0514 20:40:36.816787  2698 main.cpp:354] Git tag: 1.8.0-rc3
I0514 20:40:36.816792  2698 main.cpp:358] Git SHA: acefa90695a32f8e8d6361f8192a6522aeaadbb9
I0514 20:40:37.858958  2698 systemd.cpp:240] systemd version `237` detected
I0514 20:40:37.859002  2698 main.cpp:453] Initializing systemd state
I0514 20:40:37.859475  2698 systemd.cpp:307] Created systemd slice: `/run/systemd/system/mesos_executors.slice`
I0514 20:40:38.023905  2698 systemd.cpp:328] Started systemd slice `mesos_executors.slice`
I0514 20:40:38.454951  2698 resolver.cpp:69] Creating default secret resolver
I0514 20:40:42.198145  2698 containerizer.cpp:314] Using isolation { environment_secret, filesystem/posix, network/cni, posix/cpu, posix/mem }
I0514 20:40:42.201705  2698 linux_launcher.cpp:144] Using /sys/fs/cgroup/freezer as the freezer hierarchy for the Linux launcher
I0514 20:40:42.201990  2698 linux_launcher.cpp:176] Using /sys/fs/cgroup/systemd as the systemd hierarchy for the Linux launcher
I0514 20:40:42.281226  2698 provisioner.cpp:298] Using default backend 'overlay'
2019-05-14 20:40:42,324:2698(0x7f44e5d51700):ZOO_INFO@log_env@753: Client environment:zookeeper.version=zookeeper C client 3.4.8
2019-05-14 20:40:42,324:2698(0x7f44e5d51700):ZOO_INFO@log_env@757: Client environment:host.name=jouko-Gazelle-Professional
2019-05-14 20:40:42,324:2698(0x7f44e5d51700):ZOO_INFO@log_env@764: Client environment:os.name=Linux
2019-05-14 20:40:42,324:2698(0x7f44e5d51700):ZOO_INFO@log_env@765: Client environment:os.arch=4.15.0-48-generic
2019-05-14 20:40:42,324:2698(0x7f44e5d51700):ZOO_INFO@log_env@766: Client environment:os.version=#51-Ubuntu SMP Wed Apr 3 08:28:49 UTC 2019
2019-05-14 20:40:42,324:2698(0x7f44e5d51700):ZOO_INFO@log_env@774: Client environment:user.name=jouko
2019-05-14 20:40:42,324:2698(0x7f44e5d51700):ZOO_INFO@log_env@782: Client environment:user.home=/root
2019-05-14 20:40:42,324:2698(0x7f44e5d51700):ZOO_INFO@log_env@794: Client environment:user.dir=/home/jouko/dev/projects/TrainingSprints/datascience-bootcamp/MesosTest
2019-05-14 20:40:42,324:2698(0x7f44e5d51700):ZOO_INFO@zookeeper_init@827: Initiating client connection, host=127.0.0.1:2181 sessionTimeout=10000 watcher=0x7f44fadb6992 sessionId=0 sessionPasswd=<null> context=0x7f44d4001838 flags=0
2019-05-14 20:40:42,325:2698(0x7f44e1507700):ZOO_INFO@check_events@1764: initiated connection to server [127.0.0.1:2181]
2019-05-14 20:40:42,692:2698(0x7f44e1507700):ZOO_INFO@check_events@1811: session establishment complete on server [127.0.0.1:2181], sessionId=0x10000043bf40002, negotiated timeout=10000
I0514 20:40:42.692989  2700 group.cpp:341] Group process (zookeeper-group(1)@192.168.1.5:5051) connected to ZooKeeper
I0514 20:40:42.693161  2700 group.cpp:831] Syncing group operations: queue size (joins, cancels, datas) = (0, 0, 0)
I0514 20:40:42.693209  2700 group.cpp:419] Trying to create path '/mesos' in ZooKeeper
I0514 20:40:42.699050  2709 detector.cpp:152] Detected a new leader: (id='0')
I0514 20:40:42.700035  2703 group.cpp:700] Trying to get '/mesos/json.info_0000000000' in ZooKeeper
I0514 20:40:42.711203  2709 zookeeper.cpp:262] A new leading master (UPID=master@127.0.0.1:5050) is detected
I0514 20:40:42.721932  2698 slave.cpp:265] Mesos agent started on (1)@192.168.1.5:5051
I0514 20:40:42.721994  2698 slave.cpp:266] Flags at startup: --appc_simple_discovery_uri_prefix="http://" --appc_store_dir="/tmp/mesos/store/appc" --authenticate_http_readonly="false" --authenticate_http_readwrite="false" --authenticatee="crammd5" --authentication_backoff_factor="1secs" --authentication_timeout_max="1mins" --authentication_timeout_min="5secs" --authorizer="local" --cgroups_cpu_enable_pids_and_tids_count="false" --cgroups_destroy_timeout="1mins" --cgroups_enable_cfs="false" --cgroups_hierarchy="/sys/fs/cgroup" --cgroups_limit_swap="false" --cgroups_root="mesos" --container_disk_watch_interval="15secs" --containerizers="docker,mesos" --default_role="*" --disallow_sharing_agent_pid_namespace="false" --disk_watch_interval="1mins" --docker="docker" --docker_kill_orphans="true" --docker_registry="https://registry-1.docker.io" --docker_remove_delay="6hrs" --docker_socket="/var/run/docker.sock" --docker_stop_timeout="0ns" --docker_store_dir="/tmp/mesos/store/docker" --docker_volume_checkpoint_dir="/var/run/mesos/isolators/docker/volume" --enforce_container_disk_quota="false" --executor_registration_timeout="5mins" --executor_reregistration_timeout="2secs" --executor_shutdown_grace_period="5secs" --fetcher_cache_dir="/tmp/mesos/fetch" --fetcher_cache_size="2GB" --fetcher_stall_timeout="1mins" --frameworks_home="" --gc_delay="1weeks" --gc_disk_headroom="0.1" --gc_non_executor_container_sandboxes="false" --help="false" --hostname_lookup="true" --http_command_executor="false" --http_heartbeat_interval="30secs" --initialize_driver_logging="true" --isolation="posix/cpu,posix/mem" --launcher="linux" --launcher_dir="/usr/local/libexec/mesos" --logbufsecs="0" --logging_level="INFO" --master="zk://127.0.0.1:2181/mesos" --max_completed_executors_per_framework="150" --memory_profiling="false" --network_cni_metrics="true" --network_cni_root_dir_persist="false" --oversubscribed_resources_interval="15secs" --perf_duration="10secs" --perf_interval="1mins" --port="5051" --qos_correction_interval_min="0ns" --quiet="false" --reconfiguration_policy="equal" --recover="reconnect" --recovery_timeout="15mins" --registration_backoff_factor="1secs" --revocable_cpu_low_priority="true" --runtime_dir="/var/run/mesos" --sandbox_directory="/mnt/mesos/sandbox" --strict="true" --switch_user="true" --systemd_enable_support="true" --systemd_runtime_directory="/run/systemd/system" --version="false" --work_dir="/var/lib/mesos/agent" --zk_session_timeout="10secs"
I0514 20:40:42.825974  2698 disk_profile_adaptor.cpp:78] Creating default disk profile adaptor module
I0514 20:40:42.827744  2698 slave.cpp:613] Agent resources: [{"name":"cpus","scalar":{"value":8.0},"type":"SCALAR"},{"name":"mem","scalar":{"value":14936.0},"type":"SCALAR"},{"name":"disk","scalar":{"value":698029.0},"type":"SCALAR"},{"name":"ports","ranges":{"range":[{"begin":31000,"end":32000}]},"type":"RANGES"}]
I0514 20:40:42.828243  2698 slave.cpp:621] Agent attributes: [  ]
I0514 20:40:42.828259  2698 slave.cpp:630] Agent hostname: jouko-Gazelle-Professional
I0514 20:40:42.828466  2709 task_status_update_manager.cpp:181] Pausing sending task status updates
I0514 20:40:42.828490  2711 status_update_manager_process.hpp:379] Pausing operation status update manager
I0514 20:40:43.075054  2711 state.cpp:67] Recovering state from '/var/lib/mesos/agent/meta'
I0514 20:40:43.112175  2711 state.cpp:789] No committed checkpointed resources and operations found at '/var/lib/mesos/agent/meta/resources/resources_and_operations.state'
I0514 20:40:43.112262  2711 state.cpp:795] No committed checkpointed resources found at '/var/lib/mesos/agent/meta/resources/resources.info'
I0514 20:40:43.175362  2711 state.cpp:99] Agent host rebooted
I0514 20:40:47.845616  2709 slave.cpp:7233] Finished recovering checkpointed state from '/var/lib/mesos/agent/meta', beginning agent recovery
I0514 20:40:48.035639  2709 slave.cpp:7945] Recovering framework a02141ad-a172-44b5-8dd9-dc8a5687d41a-0000
I0514 20:40:48.035930  2709 slave.cpp:9813] Recovering executor 'httpd.982467ca-75af-11e9-8319-06d0e03ee117' of framework a02141ad-a172-44b5-8dd9-dc8a5687d41a-0000
I0514 20:40:48.060370  2699 gc.cpp:95] Scheduling '/var/lib/mesos/agent/meta/slaves/c8e59b09-da78-48e6-bdd2-9c3396b857b8-S0/frameworks/a02141ad-a172-44b5-8dd9-dc8a5687d41a-0000/executors/httpd.982467ca-75af-11e9-8319-06d0e03ee117/runs/c21d4edf-4489-425e-90ca-ad9a28b63221/tasks/httpd.982467ca-75af-11e9-8319-06d0e03ee117' for gc 5.71314745207111days in the future
I0514 20:40:48.094293  2703 gc.cpp:95] Scheduling '/var/lib/mesos/agent/slaves/c8e59b09-da78-48e6-bdd2-9c3396b857b8-S0/frameworks/a02141ad-a172-44b5-8dd9-dc8a5687d41a-0000/executors/httpd.982467ca-75af-11e9-8319-06d0e03ee117/runs/c21d4edf-4489-425e-90ca-ad9a28b63221' for gc 5.71321650285926days in the future
I0514 20:40:48.094687  2705 gc.cpp:95] Scheduling '/var/lib/mesos/agent/meta/slaves/c8e59b09-da78-48e6-bdd2-9c3396b857b8-S0/frameworks/a02141ad-a172-44b5-8dd9-dc8a5687d41a-0000/executors/httpd.982467ca-75af-11e9-8319-06d0e03ee117/runs/c21d4edf-4489-425e-90ca-ad9a28b63221' for gc 5.71321649740741days in the future
I0514 20:40:48.094810  2705 gc.cpp:95] Scheduling '/var/lib/mesos/agent/slaves/c8e59b09-da78-48e6-bdd2-9c3396b857b8-S0/frameworks/a02141ad-a172-44b5-8dd9-dc8a5687d41a-0000/executors/httpd.982467ca-75af-11e9-8319-06d0e03ee117' for gc 5.71321649667852days in the future
I0514 20:40:48.094899  2705 gc.cpp:95] Scheduling '/var/lib/mesos/agent/meta/slaves/c8e59b09-da78-48e6-bdd2-9c3396b857b8-S0/frameworks/a02141ad-a172-44b5-8dd9-dc8a5687d41a-0000/executors/httpd.982467ca-75af-11e9-8319-06d0e03ee117' for gc 5.71321649567111days in the future
I0514 20:40:48.095046  2709 slave.cpp:9813] Recovering executor 'httpd.aa19b9dd-75af-11e9-8319-06d0e03ee117' of framework a02141ad-a172-44b5-8dd9-dc8a5687d41a-0000
I0514 20:40:48.095580  2700 gc.cpp:95] Scheduling '/var/lib/mesos/agent/meta/slaves/c8e59b09-da78-48e6-bdd2-9c3396b857b8-S0/frameworks/a02141ad-a172-44b5-8dd9-dc8a5687d41a-0000/executors/httpd.aa19b9dd-75af-11e9-8319-06d0e03ee117/runs/78160c21-10c1-4a35-8ebf-77d61013f2f2/tasks/httpd.aa19b9dd-75af-11e9-8319-06d0e03ee117' for gc 5.71349426511407days in the future
I0514 20:40:48.131261  2699 gc.cpp:95] Scheduling '/var/lib/mesos/agent/slaves/c8e59b09-da78-48e6-bdd2-9c3396b857b8-S0/frameworks/a02141ad-a172-44b5-8dd9-dc8a5687d41a-0000/executors/httpd.aa19b9dd-75af-11e9-8319-06d0e03ee117/runs/78160c21-10c1-4a35-8ebf-77d61013f2f2' for gc 5.71356329663111days in the future
I0514 20:40:48.131420  2703 gc.cpp:95] Scheduling '/var/lib/mesos/agent/meta/slaves/c8e59b09-da78-48e6-bdd2-9c3396b857b8-S0/frameworks/a02141ad-a172-44b5-8dd9-dc8a5687d41a-0000/executors/httpd.aa19b9dd-75af-11e9-8319-06d0e03ee117/runs/78160c21-10c1-4a35-8ebf-77d61013f2f2' for gc 5.7135632945363days in the future
I0514 20:40:48.131508  2703 gc.cpp:95] Scheduling '/var/lib/mesos/agent/slaves/c8e59b09-da78-48e6-bdd2-9c3396b857b8-S0/frameworks/a02141ad-a172-44b5-8dd9-dc8a5687d41a-0000/executors/httpd.aa19b9dd-75af-11e9-8319-06d0e03ee117' for gc 5.71356329394667days in the future
I0514 20:40:48.131554  2709 slave.cpp:9813] Recovering executor 'httpd.b015673e-75af-11e9-8319-06d0e03ee117' of framework a02141ad-a172-44b5-8dd9-dc8a5687d41a-0000
I0514 20:40:48.131574  2703 gc.cpp:95] Scheduling '/var/lib/mesos/agent/meta/slaves/c8e59b09-da78-48e6-bdd2-9c3396b857b8-S0/frameworks/a02141ad-a172-44b5-8dd9-dc8a5687d41a-0000/executors/httpd.aa19b9dd-75af-11e9-8319-06d0e03ee117' for gc 5.71356329322963days in the future
I0514 20:40:48.132052  2709 slave.cpp:9813] Recovering executor 'httpd.8c37e278-75af-11e9-8319-06d0e03ee117' of framework a02141ad-a172-44b5-8dd9-dc8a5687d41a-0000
I0514 20:40:48.132460  2705 gc.cpp:95] Scheduling '/var/lib/mesos/agent/meta/slaves/c8e59b09-da78-48e6-bdd2-9c3396b857b8-S0/frameworks/a02141ad-a172-44b5-8dd9-dc8a5687d41a-0000/executors/httpd.8c37e278-75af-11e9-8319-06d0e03ee117/runs/f3556397-4682-47df-a117-f90504607b8f/tasks/httpd.8c37e278-75af-11e9-8319-06d0e03ee117' for gc 5.71291513444444days in the future
I0514 20:40:48.133006  2700 gc.cpp:95] Scheduling '/var/lib/mesos/agent/slaves/c8e59b09-da78-48e6-bdd2-9c3396b857b8-S0/frameworks/a02141ad-a172-44b5-8dd9-dc8a5687d41a-0000/executors/httpd.8c37e278-75af-11e9-8319-06d0e03ee117/runs/f3556397-4682-47df-a117-f90504607b8f' for gc 5.71298457250963days in the future
I0514 20:40:48.133144  2699 gc.cpp:95] Scheduling '/var/lib/mesos/agent/meta/slaves/c8e59b09-da78-48e6-bdd2-9c3396b857b8-S0/frameworks/a02141ad-a172-44b5-8dd9-dc8a5687d41a-0000/executors/httpd.8c37e278-75af-11e9-8319-06d0e03ee117/runs/f3556397-4682-47df-a117-f90504607b8f' for gc 5.71298457086815days in the future
I0514 20:40:48.133222  2699 gc.cpp:95] Scheduling '/var/lib/mesos/agent/slaves/c8e59b09-da78-48e6-bdd2-9c3396b857b8-S0/frameworks/a02141ad-a172-44b5-8dd9-dc8a5687d41a-0000/executors/httpd.8c37e278-75af-11e9-8319-06d0e03ee117' for gc 5.71298457037037days in the future
I0514 20:40:48.133249  2709 slave.cpp:9813] Recovering executor 'httpd.9e20d87b-75af-11e9-8319-06d0e03ee117' of framework a02141ad-a172-44b5-8dd9-dc8a5687d41a-0000
I0514 20:40:48.133286  2699 gc.cpp:95] Scheduling '/var/lib/mesos/agent/meta/slaves/c8e59b09-da78-48e6-bdd2-9c3396b857b8-S0/frameworks/a02141ad-a172-44b5-8dd9-dc8a5687d41a-0000/executors/httpd.8c37e278-75af-11e9-8319-06d0e03ee117' for gc 5.71298456979259days in the future
I0514 20:40:48.133867  2711 gc.cpp:95] Scheduling '/var/lib/mesos/agent/meta/slaves/c8e59b09-da78-48e6-bdd2-9c3396b857b8-S0/frameworks/a02141ad-a172-44b5-8dd9-dc8a5687d41a-0000/executors/httpd.9e20d87b-75af-11e9-8319-06d0e03ee117/runs/409cde2e-573a-48cc-9f9b-a735eed362b1/tasks/httpd.9e20d87b-75af-11e9-8319-06d0e03ee117' for gc 5.71326234309037days in the future
I0514 20:40:48.152530  2705 gc.cpp:95] Scheduling '/var/lib/mesos/agent/slaves/c8e59b09-da78-48e6-bdd2-9c3396b857b8-S0/frameworks/a02141ad-a172-44b5-8dd9-dc8a5687d41a-0000/executors/httpd.9e20d87b-75af-11e9-8319-06d0e03ee117/runs/409cde2e-573a-48cc-9f9b-a735eed362b1' for gc 5.71333156870519days in the future
I0514 20:40:48.152706  2700 gc.cpp:95] Scheduling '/var/lib/mesos/agent/meta/slaves/c8e59b09-da78-48e6-bdd2-9c3396b857b8-S0/frameworks/a02141ad-a172-44b5-8dd9-dc8a5687d41a-0000/executors/httpd.9e20d87b-75af-11e9-8319-06d0e03ee117/runs/409cde2e-573a-48cc-9f9b-a735eed362b1' for gc 5.71333156673778days in the future
I0514 20:40:48.152792  2700 gc.cpp:95] Scheduling '/var/lib/mesos/agent/slaves/c8e59b09-da78-48e6-bdd2-9c3396b857b8-S0/frameworks/a02141ad-a172-44b5-8dd9-dc8a5687d41a-0000/executors/httpd.9e20d87b-75af-11e9-8319-06d0e03ee117' for gc 5.71333156615704days in the future
I0514 20:40:48.152840  2709 slave.cpp:9813] Recovering executor 'httpd.a41cacec-75af-11e9-8319-06d0e03ee117' of framework a02141ad-a172-44b5-8dd9-dc8a5687d41a-0000
I0514 20:40:48.152864  2700 gc.cpp:95] Scheduling '/var/lib/mesos/agent/meta/slaves/c8e59b09-da78-48e6-bdd2-9c3396b857b8-S0/frameworks/a02141ad-a172-44b5-8dd9-dc8a5687d41a-0000/executors/httpd.9e20d87b-75af-11e9-8319-06d0e03ee117' for gc 5.7133315654637days in the future
I0514 20:40:48.153273  2699 gc.cpp:95] Scheduling '/var/lib/mesos/agent/meta/slaves/c8e59b09-da78-48e6-bdd2-9c3396b857b8-S0/frameworks/a02141ad-a172-44b5-8dd9-dc8a5687d41a-0000/executors/httpd.a41cacec-75af-11e9-8319-06d0e03ee117/runs/f22da8eb-a307-41b9-b10a-c23d7657f18d/tasks/httpd.a41cacec-75af-11e9-8319-06d0e03ee117' for gc 5.71338943062519days in the future
I0514 20:40:48.206264  2703 gc.cpp:95] Scheduling '/var/lib/mesos/agent/slaves/c8e59b09-da78-48e6-bdd2-9c3396b857b8-S0/frameworks/a02141ad-a172-44b5-8dd9-dc8a5687d41a-0000/executors/httpd.a41cacec-75af-11e9-8319-06d0e03ee117/runs/f22da8eb-a307-41b9-b10a-c23d7657f18d' for gc 5.71344668770963days in the future
I0514 20:40:48.206403  2705 gc.cpp:95] Scheduling '/var/lib/mesos/agent/meta/slaves/c8e59b09-da78-48e6-bdd2-9c3396b857b8-S0/frameworks/a02141ad-a172-44b5-8dd9-dc8a5687d41a-0000/executors/httpd.a41cacec-75af-11e9-8319-06d0e03ee117/runs/f22da8eb-a307-41b9-b10a-c23d7657f18d' for gc 5.71344668581037days in the future
I0514 20:40:48.206501  2705 gc.cpp:95] Scheduling '/var/lib/mesos/agent/slaves/c8e59b09-da78-48e6-bdd2-9c3396b857b8-S0/frameworks/a02141ad-a172-44b5-8dd9-dc8a5687d41a-0000/executors/httpd.a41cacec-75af-11e9-8319-06d0e03ee117' for gc 5.71344668522963days in the future
I0514 20:40:48.206549  2709 slave.cpp:9813] Recovering executor 'httpd.9229a4c9-75af-11e9-8319-06d0e03ee117' of framework a02141ad-a172-44b5-8dd9-dc8a5687d41a-0000
I0514 20:40:48.206569  2705 gc.cpp:95] Scheduling '/var/lib/mesos/agent/meta/slaves/c8e59b09-da78-48e6-bdd2-9c3396b857b8-S0/frameworks/a02141ad-a172-44b5-8dd9-dc8a5687d41a-0000/executors/httpd.a41cacec-75af-11e9-8319-06d0e03ee117' for gc 5.71344668465481days in the future
I0514 20:40:48.206951  2707 gc.cpp:95] Scheduling '/var/lib/mesos/agent/meta/slaves/c8e59b09-da78-48e6-bdd2-9c3396b857b8-S0/frameworks/a02141ad-a172-44b5-8dd9-dc8a5687d41a-0000/executors/httpd.9229a4c9-75af-11e9-8319-06d0e03ee117/runs/4f64cdb9-7210-4986-8751-3905c029308c/tasks/httpd.9229a4c9-75af-11e9-8319-06d0e03ee117' for gc 5.7130300127763days in the future
I0514 20:40:48.207408  2699 gc.cpp:95] Scheduling '/var/lib/mesos/agent/slaves/c8e59b09-da78-48e6-bdd2-9c3396b857b8-S0/frameworks/a02141ad-a172-44b5-8dd9-dc8a5687d41a-0000/executors/httpd.9229a4c9-75af-11e9-8319-06d0e03ee117/runs/4f64cdb9-7210-4986-8751-3905c029308c' for gc 5.71309945216296days in the future
I0514 20:40:48.207556  2703 gc.cpp:95] Scheduling '/var/lib/mesos/agent/meta/slaves/c8e59b09-da78-48e6-bdd2-9c3396b857b8-S0/frameworks/a02141ad-a172-44b5-8dd9-dc8a5687d41a-0000/executors/httpd.9229a4c9-75af-11e9-8319-06d0e03ee117/runs/4f64cdb9-7210-4986-8751-3905c029308c' for gc 5.71309945029926days in the future
I0514 20:40:48.207638  2703 gc.cpp:95] Scheduling '/var/lib/mesos/agent/slaves/c8e59b09-da78-48e6-bdd2-9c3396b857b8-S0/frameworks/a02141ad-a172-44b5-8dd9-dc8a5687d41a-0000/executors/httpd.9229a4c9-75af-11e9-8319-06d0e03ee117' for gc 5.71309944974518days in the future
I0514 20:40:48.207701  2703 gc.cpp:95] Scheduling '/var/lib/mesos/agent/meta/slaves/c8e59b09-da78-48e6-bdd2-9c3396b857b8-S0/frameworks/a02141ad-a172-44b5-8dd9-dc8a5687d41a-0000/executors/httpd.9229a4c9-75af-11e9-8319-06d0e03ee117' for gc 5.7130994490963days in the future
I0514 20:40:48.207705  2709 slave.cpp:7945] Recovering framework d24c421c-d71b-48cf-ac36-bad06b59829d-0000
I0514 20:40:48.207828  2709 slave.cpp:9813] Recovering executor 'httpd.5b837ba2-75b3-11e9-b18c-e6cbfc1c3ee9' of framework d24c421c-d71b-48cf-ac36-bad06b59829d-0000
I0514 20:40:48.208243  2711 gc.cpp:95] Scheduling '/var/lib/mesos/agent/meta/slaves/c8e59b09-da78-48e6-bdd2-9c3396b857b8-S0/frameworks/d24c421c-d71b-48cf-ac36-bad06b59829d-0000/executors/httpd.5b837ba2-75b3-11e9-b18c-e6cbfc1c3ee9/runs/3633e00c-ffe5-4906-9604-ad26e5f3459d/tasks/httpd.5b837ba2-75b3-11e9-b18c-e6cbfc1c3ee9' for gc 5.7318610165837days in the future
I0514 20:40:48.255594  2699 gc.cpp:95] Scheduling '/var/lib/mesos/agent/slaves/c8e59b09-da78-48e6-bdd2-9c3396b857b8-S0/frameworks/d24c421c-d71b-48cf-ac36-bad06b59829d-0000/executors/httpd.5b837ba2-75b3-11e9-b18c-e6cbfc1c3ee9/runs/3633e00c-ffe5-4906-9604-ad26e5f3459d' for gc 5.73192991329778days in the future
I0514 20:40:48.255803  2705 gc.cpp:95] Scheduling '/var/lib/mesos/agent/meta/slaves/c8e59b09-da78-48e6-bdd2-9c3396b857b8-S0/frameworks/d24c421c-d71b-48cf-ac36-bad06b59829d-0000/executors/httpd.5b837ba2-75b3-11e9-b18c-e6cbfc1c3ee9/runs/3633e00c-ffe5-4906-9604-ad26e5f3459d' for gc 5.73192991030222days in the future
I0514 20:40:48.255884  2705 gc.cpp:95] Scheduling '/var/lib/mesos/agent/slaves/c8e59b09-da78-48e6-bdd2-9c3396b857b8-S0/frameworks/d24c421c-d71b-48cf-ac36-bad06b59829d-0000/executors/httpd.5b837ba2-75b3-11e9-b18c-e6cbfc1c3ee9' for gc 5.73192990954963days in the future
I0514 20:40:48.255954  2705 gc.cpp:95] Scheduling '/var/lib/mesos/agent/meta/slaves/c8e59b09-da78-48e6-bdd2-9c3396b857b8-S0/frameworks/d24c421c-d71b-48cf-ac36-bad06b59829d-0000/executors/httpd.5b837ba2-75b3-11e9-b18c-e6cbfc1c3ee9' for gc 5.73192990896889days in the future
I0514 20:40:48.256013  2709 slave.cpp:9813] Recovering executor 'httpd.6d6b8745-75b3-11e9-b18c-e6cbfc1c3ee9' of framework d24c421c-d71b-48cf-ac36-bad06b59829d-0000
I0514 20:40:48.256523  2703 gc.cpp:95] Scheduling '/var/lib/mesos/agent/meta/slaves/c8e59b09-da78-48e6-bdd2-9c3396b857b8-S0/frameworks/d24c421c-d71b-48cf-ac36-bad06b59829d-0000/executors/httpd.6d6b8745-75b3-11e9-b18c-e6cbfc1c3ee9/runs/51a7df76-3698-41fb-9e30-8720438536c3/tasks/httpd.6d6b8745-75b3-11e9-b18c-e6cbfc1c3ee9' for gc 5.73220768001185days in the future
I0514 20:40:48.278693  2707 gc.cpp:95] Scheduling '/var/lib/mesos/agent/slaves/c8e59b09-da78-48e6-bdd2-9c3396b857b8-S0/frameworks/d24c421c-d71b-48cf-ac36-bad06b59829d-0000/executors/httpd.6d6b8745-75b3-11e9-b18c-e6cbfc1c3ee9/runs/51a7df76-3698-41fb-9e30-8720438536c3' for gc 5.73226529384296days in the future
I0514 20:40:48.278846  2699 gc.cpp:95] Scheduling '/var/lib/mesos/agent/meta/slaves/c8e59b09-da78-48e6-bdd2-9c3396b857b8-S0/frameworks/d24c421c-d71b-48cf-ac36-bad06b59829d-0000/executors/httpd.6d6b8745-75b3-11e9-b18c-e6cbfc1c3ee9/runs/51a7df76-3698-41fb-9e30-8720438536c3' for gc 5.73226529196741days in the future
I0514 20:40:48.278942  2699 gc.cpp:95] Scheduling '/var/lib/mesos/agent/slaves/c8e59b09-da78-48e6-bdd2-9c3396b857b8-S0/frameworks/d24c421c-d71b-48cf-ac36-bad06b59829d-0000/executors/httpd.6d6b8745-75b3-11e9-b18c-e6cbfc1c3ee9' for gc 5.73226529137778days in the future
I0514 20:40:48.278964  2709 slave.cpp:9813] Recovering executor 'httpd.7f5fa0d8-75b3-11e9-b18c-e6cbfc1c3ee9' of framework d24c421c-d71b-48cf-ac36-bad06b59829d-0000
I0514 20:40:48.279011  2699 gc.cpp:95] Scheduling '/var/lib/mesos/agent/meta/slaves/c8e59b09-da78-48e6-bdd2-9c3396b857b8-S0/frameworks/d24c421c-d71b-48cf-ac36-bad06b59829d-0000/executors/httpd.6d6b8745-75b3-11e9-b18c-e6cbfc1c3ee9' for gc 5.73226529079704days in the future
I0514 20:40:48.279395  2700 gc.cpp:95] Scheduling '/var/lib/mesos/agent/meta/slaves/c8e59b09-da78-48e6-bdd2-9c3396b857b8-S0/frameworks/d24c421c-d71b-48cf-ac36-bad06b59829d-0000/executors/httpd.7f5fa0d8-75b3-11e9-b18c-e6cbfc1c3ee9/runs/e0b47223-cc99-4421-9b7e-cdbdfe2ee2cb/tasks/httpd.7f5fa0d8-75b3-11e9-b18c-e6cbfc1c3ee9' for gc 5.73255463753481days in the future
I0514 20:40:48.295013  2703 gc.cpp:95] Scheduling '/var/lib/mesos/agent/slaves/c8e59b09-da78-48e6-bdd2-9c3396b857b8-S0/frameworks/d24c421c-d71b-48cf-ac36-bad06b59829d-0000/executors/httpd.7f5fa0d8-75b3-11e9-b18c-e6cbfc1c3ee9/runs/e0b47223-cc99-4421-9b7e-cdbdfe2ee2cb' for gc 5.73261232710519days in the future
I0514 20:40:48.295168  2707 gc.cpp:95] Scheduling '/var/lib/mesos/agent/meta/slaves/c8e59b09-da78-48e6-bdd2-9c3396b857b8-S0/frameworks/d24c421c-d71b-48cf-ac36-bad06b59829d-0000/executors/httpd.7f5fa0d8-75b3-11e9-b18c-e6cbfc1c3ee9/runs/e0b47223-cc99-4421-9b7e-cdbdfe2ee2cb' for gc 5.73261232526519days in the future
I0514 20:40:48.295265  2707 gc.cpp:95] Scheduling '/var/lib/mesos/agent/slaves/c8e59b09-da78-48e6-bdd2-9c3396b857b8-S0/frameworks/d24c421c-d71b-48cf-ac36-bad06b59829d-0000/executors/httpd.7f5fa0d8-75b3-11e9-b18c-e6cbfc1c3ee9' for gc 5.73261232467852days in the future
I0514 20:40:48.295308  2709 slave.cpp:9813] Recovering executor 'httpd.855ad909-75b3-11e9-b18c-e6cbfc1c3ee9' of framework d24c421c-d71b-48cf-ac36-bad06b59829d-0000
I0514 20:40:48.295336  2707 gc.cpp:95] Scheduling '/var/lib/mesos/agent/meta/slaves/c8e59b09-da78-48e6-bdd2-9c3396b857b8-S0/frameworks/d24c421c-d71b-48cf-ac36-bad06b59829d-0000/executors/httpd.7f5fa0d8-75b3-11e9-b18c-e6cbfc1c3ee9' for gc 5.73261232407407days in the future
I0514 20:40:48.295724  2711 gc.cpp:95] Scheduling '/var/lib/mesos/agent/meta/slaves/c8e59b09-da78-48e6-bdd2-9c3396b857b8-S0/frameworks/d24c421c-d71b-48cf-ac36-bad06b59829d-0000/executors/httpd.855ad909-75b3-11e9-b18c-e6cbfc1c3ee9/runs/1cd6a8f2-7561-46cd-a6fe-c04b62b64446/tasks/httpd.855ad909-75b3-11e9-b18c-e6cbfc1c3ee9' for gc 5.7326701892237days in the future
I0514 20:40:48.303642  2700 gc.cpp:95] Scheduling '/var/lib/mesos/agent/slaves/c8e59b09-da78-48e6-bdd2-9c3396b857b8-S0/frameworks/d24c421c-d71b-48cf-ac36-bad06b59829d-0000/executors/httpd.855ad909-75b3-11e9-b18c-e6cbfc1c3ee9/runs/1cd6a8f2-7561-46cd-a6fe-c04b62b64446' for gc 5.73272796796444days in the future
I0514 20:40:48.303791  2703 gc.cpp:95] Scheduling '/var/lib/mesos/agent/meta/slaves/c8e59b09-da78-48e6-bdd2-9c3396b857b8-S0/frameworks/d24c421c-d71b-48cf-ac36-bad06b59829d-0000/executors/httpd.855ad909-75b3-11e9-b18c-e6cbfc1c3ee9/runs/1cd6a8f2-7561-46cd-a6fe-c04b62b64446' for gc 5.73272796618074days in the future
I0514 20:40:48.303875  2703 gc.cpp:95] Scheduling '/var/lib/mesos/agent/slaves/c8e59b09-da78-48e6-bdd2-9c3396b857b8-S0/frameworks/d24c421c-d71b-48cf-ac36-bad06b59829d-0000/executors/httpd.855ad909-75b3-11e9-b18c-e6cbfc1c3ee9' for gc 5.73272796552296days in the future
I0514 20:40:48.303920  2709 slave.cpp:9813] Recovering executor 'httpd.6172a5e3-75b3-11e9-b18c-e6cbfc1c3ee9' of framework d24c421c-d71b-48cf-ac36-bad06b59829d-0000
I0514 20:40:48.303946  2703 gc.cpp:95] Scheduling '/var/lib/mesos/agent/meta/slaves/c8e59b09-da78-48e6-bdd2-9c3396b857b8-S0/frameworks/d24c421c-d71b-48cf-ac36-bad06b59829d-0000/executors/httpd.855ad909-75b3-11e9-b18c-e6cbfc1c3ee9' for gc 5.73272796490667days in the future
I0514 20:40:48.304322  2705 gc.cpp:95] Scheduling '/var/lib/mesos/agent/meta/slaves/c8e59b09-da78-48e6-bdd2-9c3396b857b8-S0/frameworks/d24c421c-d71b-48cf-ac36-bad06b59829d-0000/executors/httpd.6172a5e3-75b3-11e9-b18c-e6cbfc1c3ee9/runs/52bf103d-690f-4db3-a80a-aee0930998cc/tasks/httpd.6172a5e3-75b3-11e9-b18c-e6cbfc1c3ee9' for gc 5.73197564516148days in the future
I0514 20:40:48.304785  2711 gc.cpp:95] Scheduling '/var/lib/mesos/agent/slaves/c8e59b09-da78-48e6-bdd2-9c3396b857b8-S0/frameworks/d24c421c-d71b-48cf-ac36-bad06b59829d-0000/executors/httpd.6172a5e3-75b3-11e9-b18c-e6cbfc1c3ee9/runs/52bf103d-690f-4db3-a80a-aee0930998cc' for gc 5.73203351027852days in the future
I0514 20:40:48.304937  2700 gc.cpp:95] Scheduling '/var/lib/mesos/agent/meta/slaves/c8e59b09-da78-48e6-bdd2-9c3396b857b8-S0/frameworks/d24c421c-d71b-48cf-ac36-bad06b59829d-0000/executors/httpd.6172a5e3-75b3-11e9-b18c-e6cbfc1c3ee9/runs/52bf103d-690f-4db3-a80a-aee0930998cc' for gc 5.73203350843556days in the future
I0514 20:40:48.305019  2700 gc.cpp:95] Scheduling '/var/lib/mesos/agent/slaves/c8e59b09-da78-48e6-bdd2-9c3396b857b8-S0/frameworks/d24c421c-d71b-48cf-ac36-bad06b59829d-0000/executors/httpd.6172a5e3-75b3-11e9-b18c-e6cbfc1c3ee9' for gc 5.73203350786074days in the future
I0514 20:40:48.305061  2709 slave.cpp:9813] Recovering executor 'httpd.8b56ad7a-75b3-11e9-b18c-e6cbfc1c3ee9' of framework d24c421c-d71b-48cf-ac36-bad06b59829d-0000
I0514 20:40:48.305084  2700 gc.cpp:95] Scheduling '/var/lib/mesos/agent/meta/slaves/c8e59b09-da78-48e6-bdd2-9c3396b857b8-S0/frameworks/d24c421c-d71b-48cf-ac36-bad06b59829d-0000/executors/httpd.6172a5e3-75b3-11e9-b18c-e6cbfc1c3ee9' for gc 5.73203350726815days in the future
I0514 20:40:48.305557  2709 slave.cpp:9813] Recovering executor 'httpd.79637e47-75b3-11e9-b18c-e6cbfc1c3ee9' of framework d24c421c-d71b-48cf-ac36-bad06b59829d-0000
I0514 20:40:48.305951  2703 gc.cpp:95] Scheduling '/var/lib/mesos/agent/meta/slaves/c8e59b09-da78-48e6-bdd2-9c3396b857b8-S0/frameworks/d24c421c-d71b-48cf-ac36-bad06b59829d-0000/executors/httpd.79637e47-75b3-11e9-b18c-e6cbfc1c3ee9/runs/84541bc4-775d-4732-bba4-7aa30bfd39d9/tasks/httpd.79637e47-75b3-11e9-b18c-e6cbfc1c3ee9' for gc 5.73243858933926days in the future
I0514 20:40:48.345711  2711 gc.cpp:95] Scheduling '/var/lib/mesos/agent/slaves/c8e59b09-da78-48e6-bdd2-9c3396b857b8-S0/frameworks/d24c421c-d71b-48cf-ac36-bad06b59829d-0000/executors/httpd.79637e47-75b3-11e9-b18c-e6cbfc1c3ee9/runs/84541bc4-775d-4732-bba4-7aa30bfd39d9' for gc 5.73249599961778days in the future
I0514 20:40:48.345890  2707 gc.cpp:95] Scheduling '/var/lib/mesos/agent/meta/slaves/c8e59b09-da78-48e6-bdd2-9c3396b857b8-S0/frameworks/d24c421c-d71b-48cf-ac36-bad06b59829d-0000/executors/httpd.79637e47-75b3-11e9-b18c-e6cbfc1c3ee9/runs/84541bc4-775d-4732-bba4-7aa30bfd39d9' for gc 5.73249599744296days in the future
I0514 20:40:48.345973  2707 gc.cpp:95] Scheduling '/var/lib/mesos/agent/slaves/c8e59b09-da78-48e6-bdd2-9c3396b857b8-S0/frameworks/d24c421c-d71b-48cf-ac36-bad06b59829d-0000/executors/httpd.79637e47-75b3-11e9-b18c-e6cbfc1c3ee9' for gc 5.73249599682667days in the future
I0514 20:40:48.346032  2709 slave.cpp:9813] Recovering executor 'httpd.736782c6-75b3-11e9-b18c-e6cbfc1c3ee9' of framework d24c421c-d71b-48cf-ac36-bad06b59829d-0000
I0514 20:40:48.346038  2707 gc.cpp:95] Scheduling '/var/lib/mesos/agent/meta/slaves/c8e59b09-da78-48e6-bdd2-9c3396b857b8-S0/frameworks/d24c421c-d71b-48cf-ac36-bad06b59829d-0000/executors/httpd.79637e47-75b3-11e9-b18c-e6cbfc1c3ee9' for gc 5.73249599623704days in the future
I0514 20:40:48.346475  2700 gc.cpp:95] Scheduling '/var/lib/mesos/agent/meta/slaves/c8e59b09-da78-48e6-bdd2-9c3396b857b8-S0/frameworks/d24c421c-d71b-48cf-ac36-bad06b59829d-0000/executors/httpd.736782c6-75b3-11e9-b18c-e6cbfc1c3ee9/runs/a9c589a6-0ecc-4dc6-a0c2-c879dbee7fd1/tasks/httpd.736782c6-75b3-11e9-b18c-e6cbfc1c3ee9' for gc 5.73232237961778days in the future
I0514 20:40:48.346873  2705 gc.cpp:95] Scheduling '/var/lib/mesos/agent/slaves/c8e59b09-da78-48e6-bdd2-9c3396b857b8-S0/frameworks/d24c421c-d71b-48cf-ac36-bad06b59829d-0000/executors/httpd.736782c6-75b3-11e9-b18c-e6cbfc1c3ee9/runs/a9c589a6-0ecc-4dc6-a0c2-c879dbee7fd1' for gc 5.73238024526815days in the future
I0514 20:40:48.347016  2711 gc.cpp:95] Scheduling '/var/lib/mesos/agent/meta/slaves/c8e59b09-da78-48e6-bdd2-9c3396b857b8-S0/frameworks/d24c421c-d71b-48cf-ac36-bad06b59829d-0000/executors/httpd.736782c6-75b3-11e9-b18c-e6cbfc1c3ee9/runs/a9c589a6-0ecc-4dc6-a0c2-c879dbee7fd1' for gc 5.7323802436237days in the future
I0514 20:40:48.347079  2711 gc.cpp:95] Scheduling '/var/lib/mesos/agent/slaves/c8e59b09-da78-48e6-bdd2-9c3396b857b8-S0/frameworks/d24c421c-d71b-48cf-ac36-bad06b59829d-0000/executors/httpd.736782c6-75b3-11e9-b18c-e6cbfc1c3ee9' for gc 5.73238024296296days in the future
I0514 20:40:48.347118  2709 slave.cpp:9813] Recovering executor 'httpd.676f8bc4-75b3-11e9-b18c-e6cbfc1c3ee9' of framework d24c421c-d71b-48cf-ac36-bad06b59829d-0000
I0514 20:40:48.347128  2711 gc.cpp:95] Scheduling '/var/lib/mesos/agent/meta/slaves/c8e59b09-da78-48e6-bdd2-9c3396b857b8-S0/frameworks/d24c421c-d71b-48cf-ac36-bad06b59829d-0000/executors/httpd.736782c6-75b3-11e9-b18c-e6cbfc1c3ee9' for gc 5.73238024250963days in the future
I0514 20:40:48.347461  2699 gc.cpp:95] Scheduling '/var/lib/mesos/agent/meta/slaves/c8e59b09-da78-48e6-bdd2-9c3396b857b8-S0/frameworks/d24c421c-d71b-48cf-ac36-bad06b59829d-0000/executors/httpd.676f8bc4-75b3-11e9-b18c-e6cbfc1c3ee9/runs/076e252c-39ef-42fe-bd6e-7204830c36e6/tasks/httpd.676f8bc4-75b3-11e9-b18c-e6cbfc1c3ee9' for gc 5.73207931252148days in the future
I0514 20:40:48.407972  2700 gc.cpp:95] Scheduling '/var/lib/mesos/agent/slaves/c8e59b09-da78-48e6-bdd2-9c3396b857b8-S0/frameworks/d24c421c-d71b-48cf-ac36-bad06b59829d-0000/executors/httpd.676f8bc4-75b3-11e9-b18c-e6cbfc1c3ee9/runs/076e252c-39ef-42fe-bd6e-7204830c36e6' for gc 5.73214805696889days in the future
I0514 20:40:48.408151  2705 gc.cpp:95] Scheduling '/var/lib/mesos/agent/meta/slaves/c8e59b09-da78-48e6-bdd2-9c3396b857b8-S0/frameworks/d24c421c-d71b-48cf-ac36-bad06b59829d-0000/executors/httpd.676f8bc4-75b3-11e9-b18c-e6cbfc1c3ee9/runs/076e252c-39ef-42fe-bd6e-7204830c36e6' for gc 5.73214805460741days in the future
I0514 20:40:48.408232  2705 gc.cpp:95] Scheduling '/var/lib/mesos/agent/slaves/c8e59b09-da78-48e6-bdd2-9c3396b857b8-S0/frameworks/d24c421c-d71b-48cf-ac36-bad06b59829d-0000/executors/httpd.676f8bc4-75b3-11e9-b18c-e6cbfc1c3ee9' for gc 5.73214805401481days in the future
I0514 20:40:48.408298  2705 gc.cpp:95] Scheduling '/var/lib/mesos/agent/meta/slaves/c8e59b09-da78-48e6-bdd2-9c3396b857b8-S0/frameworks/d24c421c-d71b-48cf-ac36-bad06b59829d-0000/executors/httpd.676f8bc4-75b3-11e9-b18c-e6cbfc1c3ee9' for gc 5.73214805343704days in the future
I0514 20:40:48.408313  2709 slave.cpp:7945] Recovering framework 20e4d121-4a00-4fa4-87a8-95fc84c6335e-0000
I0514 20:40:48.408427  2709 slave.cpp:9813] Recovering executor 'httpd.5760a2ab-75b2-11e9-ba1c-426fd056c11c' of framework 20e4d121-4a00-4fa4-87a8-95fc84c6335e-0000
I0514 20:40:48.408869  2703 gc.cpp:95] Scheduling '/var/lib/mesos/agent/meta/slaves/c8e59b09-da78-48e6-bdd2-9c3396b857b8-S0/frameworks/20e4d121-4a00-4fa4-87a8-95fc84c6335e-0000/executors/httpd.5760a2ab-75b2-11e9-ba1c-426fd056c11c/runs/16521a8c-47fb-40a3-b5a5-e62dc3d9112b/tasks/httpd.5760a2ab-75b2-11e9-ba1c-426fd056c11c' for gc 5.72680082415407days in the future
I0514 20:40:48.517896  2700 gc.cpp:95] Scheduling '/var/lib/mesos/agent/slaves/c8e59b09-da78-48e6-bdd2-9c3396b857b8-S0/frameworks/20e4d121-4a00-4fa4-87a8-95fc84c6335e-0000/executors/httpd.5760a2ab-75b2-11e9-ba1c-426fd056c11c/runs/16521a8c-47fb-40a3-b5a5-e62dc3d9112b' for gc 5.72685743292741days in the future
I0514 20:40:48.518112  2711 gc.cpp:95] Scheduling '/var/lib/mesos/agent/meta/slaves/c8e59b09-da78-48e6-bdd2-9c3396b857b8-S0/frameworks/20e4d121-4a00-4fa4-87a8-95fc84c6335e-0000/executors/httpd.5760a2ab-75b2-11e9-ba1c-426fd056c11c/runs/16521a8c-47fb-40a3-b5a5-e62dc3d9112b' for gc 5.72685742994074days in the future
I0514 20:40:48.518206  2711 gc.cpp:95] Scheduling '/var/lib/mesos/agent/slaves/c8e59b09-da78-48e6-bdd2-9c3396b857b8-S0/frameworks/20e4d121-4a00-4fa4-87a8-95fc84c6335e-0000/executors/httpd.5760a2ab-75b2-11e9-ba1c-426fd056c11c' for gc 5.72685742935111days in the future
I0514 20:40:48.518273  2711 gc.cpp:95] Scheduling '/var/lib/mesos/agent/meta/slaves/c8e59b09-da78-48e6-bdd2-9c3396b857b8-S0/frameworks/20e4d121-4a00-4fa4-87a8-95fc84c6335e-0000/executors/httpd.5760a2ab-75b2-11e9-ba1c-426fd056c11c' for gc 5.72685742868148days in the future
I0514 20:40:48.518321  2709 slave.cpp:9813] Recovering executor 'httpd.4b711019-75b2-11e9-ba1c-426fd056c11c' of framework 20e4d121-4a00-4fa4-87a8-95fc84c6335e-0000
I0514 20:40:48.518828  2705 gc.cpp:95] Scheduling '/var/lib/mesos/agent/meta/slaves/c8e59b09-da78-48e6-bdd2-9c3396b857b8-S0/frameworks/20e4d121-4a00-4fa4-87a8-95fc84c6335e-0000/executors/httpd.4b711019-75b2-11e9-ba1c-426fd056c11c/runs/04517d2b-f437-47d4-b7c5-443d2f303a81/tasks/httpd.4b711019-75b2-11e9-ba1c-426fd056c11c' for gc 5.72656806994074days in the future
I0514 20:40:48.796921  2711 gc.cpp:95] Scheduling '/var/lib/mesos/agent/slaves/c8e59b09-da78-48e6-bdd2-9c3396b857b8-S0/frameworks/20e4d121-4a00-4fa4-87a8-95fc84c6335e-0000/executors/httpd.4b711019-75b2-11e9-ba1c-426fd056c11c/runs/04517d2b-f437-47d4-b7c5-443d2f303a81' for gc 5.72663429648296days in the future
I0514 20:40:48.797112  2703 gc.cpp:95] Scheduling '/var/lib/mesos/agent/meta/slaves/c8e59b09-da78-48e6-bdd2-9c3396b857b8-S0/frameworks/20e4d121-4a00-4fa4-87a8-95fc84c6335e-0000/executors/httpd.4b711019-75b2-11e9-ba1c-426fd056c11c/runs/04517d2b-f437-47d4-b7c5-443d2f303a81' for gc 5.72663429317037days in the future
I0514 20:40:48.797206  2703 gc.cpp:95] Scheduling '/var/lib/mesos/agent/slaves/c8e59b09-da78-48e6-bdd2-9c3396b857b8-S0/frameworks/20e4d121-4a00-4fa4-87a8-95fc84c6335e-0000/executors/httpd.4b711019-75b2-11e9-ba1c-426fd056c11c' for gc 5.72663429259259days in the future
I0514 20:40:48.797289  2703 gc.cpp:95] Scheduling '/var/lib/mesos/agent/meta/slaves/c8e59b09-da78-48e6-bdd2-9c3396b857b8-S0/frameworks/20e4d121-4a00-4fa4-87a8-95fc84c6335e-0000/executors/httpd.4b711019-75b2-11e9-ba1c-426fd056c11c' for gc 5.72663429202667days in the future
I0514 20:40:48.797336  2709 slave.cpp:9813] Recovering executor 'httpd.5163bcca-75b2-11e9-ba1c-426fd056c11c' of framework 20e4d121-4a00-4fa4-87a8-95fc84c6335e-0000
I0514 20:40:48.797847  2699 gc.cpp:95] Scheduling '/var/lib/mesos/agent/meta/slaves/c8e59b09-da78-48e6-bdd2-9c3396b857b8-S0/frameworks/20e4d121-4a00-4fa4-87a8-95fc84c6335e-0000/executors/httpd.5163bcca-75b2-11e9-ba1c-426fd056c11c/runs/b20fb31a-602b-4024-b68b-087ff2a9887f/tasks/httpd.5163bcca-75b2-11e9-ba1c-426fd056c11c' for gc 5.72668058135407days in the future
I0514 20:40:48.833194  2707 gc.cpp:95] Scheduling '/var/lib/mesos/agent/slaves/c8e59b09-da78-48e6-bdd2-9c3396b857b8-S0/frameworks/20e4d121-4a00-4fa4-87a8-95fc84c6335e-0000/executors/httpd.5163bcca-75b2-11e9-ba1c-426fd056c11c/runs/b20fb31a-602b-4024-b68b-087ff2a9887f' for gc 5.72674961748741days in the future
I0514 20:40:48.833395  2700 gc.cpp:95] Scheduling '/var/lib/mesos/agent/meta/slaves/c8e59b09-da78-48e6-bdd2-9c3396b857b8-S0/frameworks/20e4d121-4a00-4fa4-87a8-95fc84c6335e-0000/executors/httpd.5163bcca-75b2-11e9-ba1c-426fd056c11c/runs/b20fb31a-602b-4024-b68b-087ff2a9887f' for gc 5.72674961408593days in the future
I0514 20:40:48.833477  2700 gc.cpp:95] Scheduling '/var/lib/mesos/agent/slaves/c8e59b09-da78-48e6-bdd2-9c3396b857b8-S0/frameworks/20e4d121-4a00-4fa4-87a8-95fc84c6335e-0000/executors/httpd.5163bcca-75b2-11e9-ba1c-426fd056c11c' for gc 5.72674961337778days in the future
I0514 20:40:48.833544  2700 gc.cpp:95] Scheduling '/var/lib/mesos/agent/meta/slaves/c8e59b09-da78-48e6-bdd2-9c3396b857b8-S0/frameworks/20e4d121-4a00-4fa4-87a8-95fc84c6335e-0000/executors/httpd.5163bcca-75b2-11e9-ba1c-426fd056c11c' for gc 5.72674961276741days in the future
I0514 20:40:48.833608  2709 slave.cpp:9813] Recovering executor 'httpd.69550a5e-75b2-11e9-ba1c-426fd056c11c' of framework 20e4d121-4a00-4fa4-87a8-95fc84c6335e-0000
I0514 20:40:48.834223  2709 slave.cpp:9813] Recovering executor 'httpd.5d5bdadc-75b2-11e9-ba1c-426fd056c11c' of framework 20e4d121-4a00-4fa4-87a8-95fc84c6335e-0000
I0514 20:40:48.834615  2703 gc.cpp:95] Scheduling '/var/lib/mesos/agent/meta/slaves/c8e59b09-da78-48e6-bdd2-9c3396b857b8-S0/frameworks/20e4d121-4a00-4fa4-87a8-95fc84c6335e-0000/executors/httpd.5d5bdadc-75b2-11e9-ba1c-426fd056c11c/runs/3ccbb1a3-17e2-4ecf-8634-1bc82eb52ac8/tasks/httpd.5d5bdadc-75b2-11e9-ba1c-426fd056c11c' for gc 5.72691163703704days in the future
I0514 20:40:48.866122  2707 gc.cpp:95] Scheduling '/var/lib/mesos/agent/slaves/c8e59b09-da78-48e6-bdd2-9c3396b857b8-S0/frameworks/20e4d121-4a00-4fa4-87a8-95fc84c6335e-0000/executors/httpd.5d5bdadc-75b2-11e9-ba1c-426fd056c11c/runs/3ccbb1a3-17e2-4ecf-8634-1bc82eb52ac8' for gc 5.72696914341333days in the future
I0514 20:40:48.866314  2711 gc.cpp:95] Scheduling '/var/lib/mesos/agent/meta/slaves/c8e59b09-da78-48e6-bdd2-9c3396b857b8-S0/frameworks/20e4d121-4a00-4fa4-87a8-95fc84c6335e-0000/executors/httpd.5d5bdadc-75b2-11e9-ba1c-426fd056c11c/runs/3ccbb1a3-17e2-4ecf-8634-1bc82eb52ac8' for gc 5.72696914056593days in the future
I0514 20:40:48.866389  2711 gc.cpp:95] Scheduling '/var/lib/mesos/agent/slaves/c8e59b09-da78-48e6-bdd2-9c3396b857b8-S0/frameworks/20e4d121-4a00-4fa4-87a8-95fc84c6335e-0000/executors/httpd.5d5bdadc-75b2-11e9-ba1c-426fd056c11c' for gc 5.7269691399763days in the future
I0514 20:40:48.866454  2711 gc.cpp:95] Scheduling '/var/lib/mesos/agent/meta/slaves/c8e59b09-da78-48e6-bdd2-9c3396b857b8-S0/frameworks/20e4d121-4a00-4fa4-87a8-95fc84c6335e-0000/executors/httpd.5d5bdadc-75b2-11e9-ba1c-426fd056c11c' for gc 5.72696913939852days in the future
I0514 20:40:48.866494  2709 slave.cpp:9813] Recovering executor 'httpd.6357fd6d-75b2-11e9-ba1c-426fd056c11c' of framework 20e4d121-4a00-4fa4-87a8-95fc84c6335e-0000
I0514 20:40:48.866976  2700 gc.cpp:95] Scheduling '/var/lib/mesos/agent/meta/slaves/c8e59b09-da78-48e6-bdd2-9c3396b857b8-S0/frameworks/20e4d121-4a00-4fa4-87a8-95fc84c6335e-0000/executors/httpd.6357fd6d-75b2-11e9-ba1c-426fd056c11c/runs/ff6d4bea-16d7-4ab1-be09-a05b92864617/tasks/httpd.6357fd6d-75b2-11e9-ba1c-426fd056c11c' for gc 5.72702700342519days in the future
I0514 20:40:48.901008  2699 gc.cpp:95] Scheduling '/var/lib/mesos/agent/slaves/c8e59b09-da78-48e6-bdd2-9c3396b857b8-S0/frameworks/20e4d121-4a00-4fa4-87a8-95fc84c6335e-0000/executors/httpd.6357fd6d-75b2-11e9-ba1c-426fd056c11c/runs/ff6d4bea-16d7-4ab1-be09-a05b92864617' for gc 5.72709605485037days in the future
I0514 20:40:48.901206  2703 gc.cpp:95] Scheduling '/var/lib/mesos/agent/meta/slaves/c8e59b09-da78-48e6-bdd2-9c3396b857b8-S0/frameworks/20e4d121-4a00-4fa4-87a8-95fc84c6335e-0000/executors/httpd.6357fd6d-75b2-11e9-ba1c-426fd056c11c/runs/ff6d4bea-16d7-4ab1-be09-a05b92864617' for gc 5.72709605139852days in the future
I0514 20:40:48.901291  2703 gc.cpp:95] Scheduling '/var/lib/mesos/agent/slaves/c8e59b09-da78-48e6-bdd2-9c3396b857b8-S0/frameworks/20e4d121-4a00-4fa4-87a8-95fc84c6335e-0000/executors/httpd.6357fd6d-75b2-11e9-ba1c-426fd056c11c' for gc 5.72709605082074days in the future
I0514 20:40:48.901356  2703 gc.cpp:95] Scheduling '/var/lib/mesos/agent/meta/slaves/c8e59b09-da78-48e6-bdd2-9c3396b857b8-S0/frameworks/20e4d121-4a00-4fa4-87a8-95fc84c6335e-0000/executors/httpd.6357fd6d-75b2-11e9-ba1c-426fd056c11c' for gc 5.72709605015111days in the future
I0514 20:40:48.901430  2709 slave.cpp:7945] Recovering framework c8e59b09-da78-48e6-bdd2-9c3396b857b8-0000
I0514 20:40:48.901535  2709 slave.cpp:9813] Recovering executor 'httpd.1694ea91-7365-11e9-a5d3-2e151a5b90ce' of framework c8e59b09-da78-48e6-bdd2-9c3396b857b8-0000
I0514 20:40:48.902022  2705 gc.cpp:95] Scheduling '/var/lib/mesos/agent/meta/slaves/c8e59b09-da78-48e6-bdd2-9c3396b857b8-S0/frameworks/c8e59b09-da78-48e6-bdd2-9c3396b857b8-0000/executors/httpd.1694ea91-7365-11e9-a5d3-2e151a5b90ce/runs/92e5079d-88e4-4bc5-a976-76b5369439a2/tasks/httpd.1694ea91-7365-11e9-a5d3-2e151a5b90ce' for gc 2.79760530150519days in the future
I0514 20:40:48.967507  2699 gc.cpp:95] Scheduling '/var/lib/mesos/agent/slaves/c8e59b09-da78-48e6-bdd2-9c3396b857b8-S0/frameworks/c8e59b09-da78-48e6-bdd2-9c3396b857b8-0000/executors/httpd.1694ea91-7365-11e9-a5d3-2e151a5b90ce/runs/92e5079d-88e4-4bc5-a976-76b5369439a2' for gc 2.79766241415407days in the future
I0514 20:40:48.967753  2707 gc.cpp:95] Scheduling '/var/lib/mesos/agent/meta/slaves/c8e59b09-da78-48e6-bdd2-9c3396b857b8-S0/frameworks/c8e59b09-da78-48e6-bdd2-9c3396b857b8-0000/executors/httpd.1694ea91-7365-11e9-a5d3-2e151a5b90ce/runs/92e5079d-88e4-4bc5-a976-76b5369439a2' for gc 2.7976624110637days in the future
I0514 20:40:48.967841  2707 gc.cpp:95] Scheduling '/var/lib/mesos/agent/slaves/c8e59b09-da78-48e6-bdd2-9c3396b857b8-S0/frameworks/c8e59b09-da78-48e6-bdd2-9c3396b857b8-0000/executors/httpd.1694ea91-7365-11e9-a5d3-2e151a5b90ce' for gc 2.79766241048593days in the future
I0514 20:40:48.967909  2707 gc.cpp:95] Scheduling '/var/lib/mesos/agent/meta/slaves/c8e59b09-da78-48e6-bdd2-9c3396b857b8-S0/frameworks/c8e59b09-da78-48e6-bdd2-9c3396b857b8-0000/executors/httpd.1694ea91-7365-11e9-a5d3-2e151a5b90ce' for gc 2.79766240979259days in the future
I0514 20:40:48.967947  2709 slave.cpp:9813] Recovering executor 'httpd.2887cba4-7365-11e9-a5d3-2e151a5b90ce' of framework c8e59b09-da78-48e6-bdd2-9c3396b857b8-0000
I0514 20:40:48.968459  2703 gc.cpp:95] Scheduling '/var/lib/mesos/agent/meta/slaves/c8e59b09-da78-48e6-bdd2-9c3396b857b8-S0/frameworks/c8e59b09-da78-48e6-bdd2-9c3396b857b8-0000/executors/httpd.2887cba4-7365-11e9-a5d3-2e151a5b90ce/runs/bd747784-29b2-4f2e-b0ba-42e054125169/tasks/httpd.2887cba4-7365-11e9-a5d3-2e151a5b90ce' for gc 2.79795175485037days in the future
I0514 20:40:49.015962  2700 gc.cpp:95] Scheduling '/var/lib/mesos/agent/slaves/c8e59b09-da78-48e6-bdd2-9c3396b857b8-S0/frameworks/c8e59b09-da78-48e6-bdd2-9c3396b857b8-0000/executors/httpd.2887cba4-7365-11e9-a5d3-2e151a5b90ce/runs/bd747784-29b2-4f2e-b0ba-42e054125169' for gc 2.7980090761363days in the future
I0514 20:40:49.016194  2699 gc.cpp:95] Scheduling '/var/lib/mesos/agent/meta/slaves/c8e59b09-da78-48e6-bdd2-9c3396b857b8-S0/frameworks/c8e59b09-da78-48e6-bdd2-9c3396b857b8-0000/executors/httpd.2887cba4-7365-11e9-a5d3-2e151a5b90ce/runs/bd747784-29b2-4f2e-b0ba-42e054125169' for gc 2.79800907262815days in the future
I0514 20:40:49.016283  2699 gc.cpp:95] Scheduling '/var/lib/mesos/agent/slaves/c8e59b09-da78-48e6-bdd2-9c3396b857b8-S0/frameworks/c8e59b09-da78-48e6-bdd2-9c3396b857b8-0000/executors/httpd.2887cba4-7365-11e9-a5d3-2e151a5b90ce' for gc 2.79800907191111days in the future
I0514 20:40:49.016348  2699 gc.cpp:95] Scheduling '/var/lib/mesos/agent/meta/slaves/c8e59b09-da78-48e6-bdd2-9c3396b857b8-S0/frameworks/c8e59b09-da78-48e6-bdd2-9c3396b857b8-0000/executors/httpd.2887cba4-7365-11e9-a5d3-2e151a5b90ce' for gc 2.79800907129778days in the future
I0514 20:40:49.016402  2709 slave.cpp:9813] Recovering executor 'httpd.1097dda0-7365-11e9-a5d3-2e151a5b90ce' of framework c8e59b09-da78-48e6-bdd2-9c3396b857b8-0000
I0514 20:40:49.016918  2711 gc.cpp:95] Scheduling '/var/lib/mesos/agent/meta/slaves/c8e59b09-da78-48e6-bdd2-9c3396b857b8-S0/frameworks/c8e59b09-da78-48e6-bdd2-9c3396b857b8-0000/executors/httpd.1097dda0-7365-11e9-a5d3-2e151a5b90ce/runs/d5b93520-b440-4d84-a959-2907fde1eddf/tasks/httpd.1097dda0-7365-11e9-a5d3-2e151a5b90ce' for gc 2.7974882309037days in the future
I0514 20:40:49.017421  2703 gc.cpp:95] Scheduling '/var/lib/mesos/agent/slaves/c8e59b09-da78-48e6-bdd2-9c3396b857b8-S0/frameworks/c8e59b09-da78-48e6-bdd2-9c3396b857b8-0000/executors/httpd.1097dda0-7365-11e9-a5d3-2e151a5b90ce/runs/d5b93520-b440-4d84-a959-2907fde1eddf' for gc 2.79754609548741days in the future
I0514 20:40:49.017565  2700 gc.cpp:95] Scheduling '/var/lib/mesos/agent/meta/slaves/c8e59b09-da78-48e6-bdd2-9c3396b857b8-S0/frameworks/c8e59b09-da78-48e6-bdd2-9c3396b857b8-0000/executors/httpd.1097dda0-7365-11e9-a5d3-2e151a5b90ce/runs/d5b93520-b440-4d84-a959-2907fde1eddf' for gc 2.79754609372741days in the future
I0514 20:40:49.017642  2700 gc.cpp:95] Scheduling '/var/lib/mesos/agent/slaves/c8e59b09-da78-48e6-bdd2-9c3396b857b8-S0/frameworks/c8e59b09-da78-48e6-bdd2-9c3396b857b8-0000/executors/httpd.1097dda0-7365-11e9-a5d3-2e151a5b90ce' for gc 2.79754609320593days in the future
I0514 20:40:49.017683  2709 slave.cpp:9813] Recovering executor 'httpd.3a7ca887-7365-11e9-a5d3-2e151a5b90ce' of framework c8e59b09-da78-48e6-bdd2-9c3396b857b8-0000
I0514 20:40:49.017709  2700 gc.cpp:95] Scheduling '/var/lib/mesos/agent/meta/slaves/c8e59b09-da78-48e6-bdd2-9c3396b857b8-S0/frameworks/c8e59b09-da78-48e6-bdd2-9c3396b857b8-0000/executors/httpd.1097dda0-7365-11e9-a5d3-2e151a5b90ce' for gc 2.79754609266074days in the future
I0514 20:40:49.018093  2705 gc.cpp:95] Scheduling '/var/lib/mesos/agent/meta/slaves/c8e59b09-da78-48e6-bdd2-9c3396b857b8-S0/frameworks/c8e59b09-da78-48e6-bdd2-9c3396b857b8-0000/executors/httpd.3a7ca887-7365-11e9-a5d3-2e151a5b90ce/runs/56c94b00-3c85-4c81-bfa7-fc63746f2d2d/tasks/httpd.3a7ca887-7365-11e9-a5d3-2e151a5b90ce' for gc 2.79829840242074days in the future
I0514 20:40:49.024751  2711 gc.cpp:95] Scheduling '/var/lib/mesos/agent/slaves/c8e59b09-da78-48e6-bdd2-9c3396b857b8-S0/frameworks/c8e59b09-da78-48e6-bdd2-9c3396b857b8-0000/executors/httpd.3a7ca887-7365-11e9-a5d3-2e151a5b90ce/runs/56c94b00-3c85-4c81-bfa7-fc63746f2d2d' for gc 2.79835619657481days in the future
I0514 20:40:49.024991  2703 gc.cpp:95] Scheduling '/var/lib/mesos/agent/meta/slaves/c8e59b09-da78-48e6-bdd2-9c3396b857b8-S0/frameworks/c8e59b09-da78-48e6-bdd2-9c3396b857b8-0000/executors/httpd.3a7ca887-7365-11e9-a5d3-2e151a5b90ce/runs/56c94b00-3c85-4c81-bfa7-fc63746f2d2d' for gc 2.79835619312593days in the future
I0514 20:40:49.025082  2703 gc.cpp:95] Scheduling '/var/lib/mesos/agent/slaves/c8e59b09-da78-48e6-bdd2-9c3396b857b8-S0/frameworks/c8e59b09-da78-48e6-bdd2-9c3396b857b8-0000/executors/httpd.3a7ca887-7365-11e9-a5d3-2e151a5b90ce' for gc 2.79835619254519days in the future
I0514 20:40:49.025148  2703 gc.cpp:95] Scheduling '/var/lib/mesos/agent/meta/slaves/c8e59b09-da78-48e6-bdd2-9c3396b857b8-S0/frameworks/c8e59b09-da78-48e6-bdd2-9c3396b857b8-0000/executors/httpd.3a7ca887-7365-11e9-a5d3-2e151a5b90ce' for gc 2.79835619196741days in the future
I0514 20:40:49.025168  2709 slave.cpp:9813] Recovering executor 'httpd.228cba83-7365-11e9-a5d3-2e151a5b90ce' of framework c8e59b09-da78-48e6-bdd2-9c3396b857b8-0000
I0514 20:40:49.025673  2707 gc.cpp:95] Scheduling '/var/lib/mesos/agent/meta/slaves/c8e59b09-da78-48e6-bdd2-9c3396b857b8-S0/frameworks/c8e59b09-da78-48e6-bdd2-9c3396b857b8-0000/executors/httpd.228cba83-7365-11e9-a5d3-2e151a5b90ce/runs/19925aac-9f1c-458d-9e39-49975f489b9a/tasks/httpd.228cba83-7365-11e9-a5d3-2e151a5b90ce' for gc 2.7978353518163days in the future
I0514 20:40:49.039476  2705 gc.cpp:95] Scheduling '/var/lib/mesos/agent/slaves/c8e59b09-da78-48e6-bdd2-9c3396b857b8-S0/frameworks/c8e59b09-da78-48e6-bdd2-9c3396b857b8-0000/executors/httpd.228cba83-7365-11e9-a5d3-2e151a5b90ce/runs/19925aac-9f1c-458d-9e39-49975f489b9a' for gc 2.79789306321778days in the future
I0514 20:40:49.039698  2700 gc.cpp:95] Scheduling '/var/lib/mesos/agent/meta/slaves/c8e59b09-da78-48e6-bdd2-9c3396b857b8-S0/frameworks/c8e59b09-da78-48e6-bdd2-9c3396b857b8-0000/executors/httpd.228cba83-7365-11e9-a5d3-2e151a5b90ce/runs/19925aac-9f1c-458d-9e39-49975f489b9a' for gc 2.79789305976889days in the future
I0514 20:40:49.039780  2700 gc.cpp:95] Scheduling '/var/lib/mesos/agent/slaves/c8e59b09-da78-48e6-bdd2-9c3396b857b8-S0/frameworks/c8e59b09-da78-48e6-bdd2-9c3396b857b8-0000/executors/httpd.228cba83-7365-11e9-a5d3-2e151a5b90ce' for gc 2.79789305916444days in the future
I0514 20:40:49.039849  2700 gc.cpp:95] Scheduling '/var/lib/mesos/agent/meta/slaves/c8e59b09-da78-48e6-bdd2-9c3396b857b8-S0/frameworks/c8e59b09-da78-48e6-bdd2-9c3396b857b8-0000/executors/httpd.228cba83-7365-11e9-a5d3-2e151a5b90ce' for gc 2.79789305858963days in the future
I0514 20:40:49.039903  2709 slave.cpp:9813] Recovering executor 'httpd.0a9d1a9f-7365-11e9-a5d3-2e151a5b90ce' of framework c8e59b09-da78-48e6-bdd2-9c3396b857b8-0000
I0514 20:40:49.040422  2699 gc.cpp:95] Scheduling '/var/lib/mesos/agent/meta/slaves/c8e59b09-da78-48e6-bdd2-9c3396b857b8-S0/frameworks/c8e59b09-da78-48e6-bdd2-9c3396b857b8-0000/executors/httpd.0a9d1a9f-7365-11e9-a5d3-2e151a5b90ce/runs/7ce5d7dc-3c00-4cef-9d50-0798828cd76b/tasks/httpd.0a9d1a9f-7365-11e9-a5d3-2e151a5b90ce' for gc 2.79737221821926days in the future
I0514 20:40:49.045722  2705 gc.cpp:95] Scheduling '/var/lib/mesos/agent/slaves/c8e59b09-da78-48e6-bdd2-9c3396b857b8-S0/frameworks/c8e59b09-da78-48e6-bdd2-9c3396b857b8-0000/executors/httpd.0a9d1a9f-7365-11e9-a5d3-2e151a5b90ce/runs/7ce5d7dc-3c00-4cef-9d50-0798828cd76b' for gc 2.7974300272563days in the future
I0514 20:40:49.045872  2711 gc.cpp:95] Scheduling '/var/lib/mesos/agent/meta/slaves/c8e59b09-da78-48e6-bdd2-9c3396b857b8-S0/frameworks/c8e59b09-da78-48e6-bdd2-9c3396b857b8-0000/executors/httpd.0a9d1a9f-7365-11e9-a5d3-2e151a5b90ce/runs/7ce5d7dc-3c00-4cef-9d50-0798828cd76b' for gc 2.79743002540444days in the future
