I0515 12:26:56.133863 29512 http.cpp:1105] HTTP GET for /master/state?jsonp=angular.callbacks._o1 from 127.0.0.1:37136 with User-Agent='Mozilla/5.0 (X11; Ubuntu; Linux x86_64; rv:66.0) Gecko/20100101 Firefox/66.0'
I0515 12:26:56.142381 29509 http.cpp:1122] HTTP GET for /master/state?jsonp=angular.callbacks._o1 from 127.0.0.1:37136: '200 OK' after 11.3531ms
I0515 12:27:06.164204 29513 http.cpp:1105] HTTP GET for /master/state?jsonp=angular.callbacks._o3 from 127.0.0.1:37136 with User-Agent='Mozilla/5.0 (X11; Ubuntu; Linux x86_64; rv:66.0) Gecko/20100101 Firefox/66.0'
I0515 12:27:06.170728 29515 http.cpp:1122] HTTP GET for /master/state?jsonp=angular.callbacks._o3 from 127.0.0.1:37136: '200 OK' after 8.20403ms
I0515 12:27:08.326354 29512 master.cpp:9417] Performing explicit task state reconciliation for 1 tasks of framework df64220e-eb34-4b8d-b82a-35688b767e6b-0000 (marathon) at scheduler-5e781075-ed89-4843-b952-ab0cd90cee74@192.168.1.5:39867
I0515 12:27:16.184283 29512 http.cpp:1105] HTTP GET for /master/state?jsonp=angular.callbacks._o5 from 127.0.0.1:37136 with User-Agent='Mozilla/5.0 (X11; Ubuntu; Linux x86_64; rv:66.0) Gecko/20100101 Firefox/66.0'
I0515 12:27:16.188858 29513 http.cpp:1122] HTTP GET for /master/state?jsonp=angular.callbacks._o5 from 127.0.0.1:37136: '200 OK' after 6.20211ms
I0515 12:27:23.346799 29512 master.cpp:9417] Performing explicit task state reconciliation for 1 tasks of framework df64220e-eb34-4b8d-b82a-35688b767e6b-0000 (marathon) at scheduler-5e781075-ed89-4843-b952-ab0cd90cee74@192.168.1.5:39867
I0515 12:27:26.202708 29512 http.cpp:1105] HTTP GET for /master/state?jsonp=angular.callbacks._o7 from 127.0.0.1:37136 with User-Agent='Mozilla/5.0 (X11; Ubuntu; Linux x86_64; rv:66.0) Gecko/20100101 Firefox/66.0'
I0515 12:27:26.208664 29516 http.cpp:1122] HTTP GET for /master/state?jsonp=angular.callbacks._o7 from 127.0.0.1:37136: '200 OK' after 7.69101ms
I0515 12:27:36.221397 29512 http.cpp:1105] HTTP GET for /master/state?jsonp=angular.callbacks._o9 from 127.0.0.1:37136 with User-Agent='Mozilla/5.0 (X11; Ubuntu; Linux x86_64; rv:66.0) Gecko/20100101 Firefox/66.0'
I0515 12:27:36.226588 29516 http.cpp:1122] HTTP GET for /master/state?jsonp=angular.callbacks._o9 from 127.0.0.1:37136: '200 OK' after 6.91302ms
I0515 12:27:38.366494 29513 master.cpp:9417] Performing explicit task state reconciliation for 1 tasks of framework df64220e-eb34-4b8d-b82a-35688b767e6b-0000 (marathon) at scheduler-5e781075-ed89-4843-b952-ab0cd90cee74@192.168.1.5:39867
I0515 12:27:46.240326 29510 http.cpp:1105] HTTP GET for /master/state?jsonp=angular.callbacks._ob from 127.0.0.1:37136 with User-Agent='Mozilla/5.0 (X11; Ubuntu; Linux x86_64; rv:66.0) Gecko/20100101 Firefox/66.0'
I0515 12:27:46.245262 29511 http.cpp:1122] HTTP GET for /master/state?jsonp=angular.callbacks._ob from 127.0.0.1:37136: '200 OK' after 6.70899ms
I0515 12:27:53.386819 29516 master.cpp:9417] Performing explicit task state reconciliation for 1 tasks of framework df64220e-eb34-4b8d-b82a-35688b767e6b-0000 (marathon) at scheduler-5e781075-ed89-4843-b952-ab0cd90cee74@192.168.1.5:39867
I0515 12:27:56.259613 29510 http.cpp:1105] HTTP GET for /master/state?jsonp=angular.callbacks._od from 127.0.0.1:37136 with User-Agent='Mozilla/5.0 (X11; Ubuntu; Linux x86_64; rv:66.0) Gecko/20100101 Firefox/66.0'
I0515 12:27:56.266186 29516 http.cpp:1122] HTTP GET for /master/state?jsonp=angular.callbacks._od from 127.0.0.1:37136: '200 OK' after 8.3328ms
I0515 12:28:06.287009 29510 http.cpp:1105] HTTP GET for /master/state?jsonp=angular.callbacks._of from 127.0.0.1:37136 with User-Agent='Mozilla/5.0 (X11; Ubuntu; Linux x86_64; rv:66.0) Gecko/20100101 Firefox/66.0'
I0515 12:28:06.291549 29516 http.cpp:1122] HTTP GET for /master/state?jsonp=angular.callbacks._of from 127.0.0.1:37136: '200 OK' after 6.35494ms
I0515 12:28:08.406414 29514 master.cpp:9417] Performing explicit task state reconciliation for 1 tasks of framework df64220e-eb34-4b8d-b82a-35688b767e6b-0000 (marathon) at scheduler-5e781075-ed89-4843-b952-ab0cd90cee74@192.168.1.5:39867
I0515 12:28:08.428827 29510 master.cpp:10007] Sending offers [ df64220e-eb34-4b8d-b82a-35688b767e6b-O87 ] to framework df64220e-eb34-4b8d-b82a-35688b767e6b-0000 (marathon) at scheduler-5e781075-ed89-4843-b952-ab0cd90cee74@192.168.1.5:39867
I0515 12:28:08.432013 29515 master.cpp:6040] Processing DECLINE call for offers: [ df64220e-eb34-4b8d-b82a-35688b767e6b-O87 ] for framework df64220e-eb34-4b8d-b82a-35688b767e6b-0000 (marathon) at scheduler-5e781075-ed89-4843-b952-ab0cd90cee74@192.168.1.5:39867 with 120 seconds filter
I0515 12:28:08.432394 29515 master.cpp:12279] Removing offer df64220e-eb34-4b8d-b82a-35688b767e6b-O87
I0515 12:28:16.298877 29512 http.cpp:1105] HTTP GET for /master/state?jsonp=angular.callbacks._oh from 127.0.0.1:37136 with User-Agent='Mozilla/5.0 (X11; Ubuntu; Linux x86_64; rv:66.0) Gecko/20100101 Firefox/66.0'
I0515 12:28:16.303236 29516 http.cpp:1122] HTTP GET for /master/state?jsonp=angular.callbacks._oh from 127.0.0.1:37136: '200 OK' after 6.21901ms
I0515 12:28:23.445988 29515 master.cpp:9417] Performing explicit task state reconciliation for 1 tasks of framework df64220e-eb34-4b8d-b82a-35688b767e6b-0000 (marathon) at scheduler-5e781075-ed89-4843-b952-ab0cd90cee74@192.168.1.5:39867
I0515 12:28:26.310974 29512 http.cpp:1105] HTTP GET for /master/state?jsonp=angular.callbacks._oj from 127.0.0.1:37136 with User-Agent='Mozilla/5.0 (X11; Ubuntu; Linux x86_64; rv:66.0) Gecko/20100101 Firefox/66.0'
I0515 12:28:26.317488 29510 http.cpp:1122] HTTP GET for /master/state?jsonp=angular.callbacks._oj from 127.0.0.1:37136: '200 OK' after 8.2112ms
I0515 12:28:36.338625 29515 http.cpp:1105] HTTP GET for /master/state?jsonp=angular.callbacks._ol from 127.0.0.1:37136 with User-Agent='Mozilla/5.0 (X11; Ubuntu; Linux x86_64; rv:66.0) Gecko/20100101 Firefox/66.0'
I0515 12:28:36.344233 29514 http.cpp:1122] HTTP GET for /master/state?jsonp=angular.callbacks._ol from 127.0.0.1:37136: '200 OK' after 7.67795ms
I0515 12:28:38.466495 29513 master.cpp:9417] Performing explicit task state reconciliation for 1 tasks of framework df64220e-eb34-4b8d-b82a-35688b767e6b-0000 (marathon) at scheduler-5e781075-ed89-4843-b952-ab0cd90cee74@192.168.1.5:39867
I0515 12:28:41.445926 29515 master.cpp:8662] Status update TASK_FAILED (Status UUID: 37ea67da-07e3-4252-bcc7-2c1b06591da3) for task httpd.69550a5e-75b2-11e9-ba1c-426fd056c11c of framework 20e4d121-4a00-4fa4-87a8-95fc84c6335e-0000 from agent c8e59b09-da78-48e6-bdd2-9c3396b857b8-S0 at slave(1)@192.168.1.5:5051 (jouko-Gazelle-Professional)
W0515 12:28:41.446019 29515 master.cpp:8677] Received status update TASK_FAILED (Status UUID: 37ea67da-07e3-4252-bcc7-2c1b06591da3) for task httpd.69550a5e-75b2-11e9-ba1c-426fd056c11c of framework 20e4d121-4a00-4fa4-87a8-95fc84c6335e-0000 from agent c8e59b09-da78-48e6-bdd2-9c3396b857b8-S0 at slave(1)@192.168.1.5:5051 (jouko-Gazelle-Professional) for a disconnected framework
I0515 12:28:41.446115 29515 master.cpp:11631] Updating the state of task httpd.69550a5e-75b2-11e9-ba1c-426fd056c11c of framework 20e4d121-4a00-4fa4-87a8-95fc84c6335e-0000 (latest state: TASK_FAILED, status update state: TASK_FAILED)
I0515 12:28:41.447037 29514 master.cpp:8662] Status update TASK_FAILED (Status UUID: 0550c395-2104-43ea-86df-ee933f9a9128) for task httpd.8b56ad7a-75b3-11e9-b18c-e6cbfc1c3ee9 of framework d24c421c-d71b-48cf-ac36-bad06b59829d-0000 from agent c8e59b09-da78-48e6-bdd2-9c3396b857b8-S0 at slave(1)@192.168.1.5:5051 (jouko-Gazelle-Professional)
W0515 12:28:41.447095 29514 master.cpp:8677] Received status update TASK_FAILED (Status UUID: 0550c395-2104-43ea-86df-ee933f9a9128) for task httpd.8b56ad7a-75b3-11e9-b18c-e6cbfc1c3ee9 of framework d24c421c-d71b-48cf-ac36-bad06b59829d-0000 from agent c8e59b09-da78-48e6-bdd2-9c3396b857b8-S0 at slave(1)@192.168.1.5:5051 (jouko-Gazelle-Professional) for a disconnected framework
I0515 12:28:41.447172 29514 master.cpp:11631] Updating the state of task httpd.8b56ad7a-75b3-11e9-b18c-e6cbfc1c3ee9 of framework d24c421c-d71b-48cf-ac36-bad06b59829d-0000 (latest state: TASK_FAILED, status update state: TASK_FAILED)
I0515 12:28:41.447321 29514 master.cpp:8662] Status update TASK_STARTING (Status UUID: d51c45a9-4f30-42c0-b836-4cdf43570463) for task httpd.b015673e-75af-11e9-8319-06d0e03ee117 of framework a02141ad-a172-44b5-8dd9-dc8a5687d41a-0000 from agent c8e59b09-da78-48e6-bdd2-9c3396b857b8-S0 at slave(1)@192.168.1.5:5051 (jouko-Gazelle-Professional)
W0515 12:28:41.447372 29514 master.cpp:8677] Received status update TASK_STARTING (Status UUID: d51c45a9-4f30-42c0-b836-4cdf43570463) for task httpd.b015673e-75af-11e9-8319-06d0e03ee117 of framework a02141ad-a172-44b5-8dd9-dc8a5687d41a-0000 from agent c8e59b09-da78-48e6-bdd2-9c3396b857b8-S0 at slave(1)@192.168.1.5:5051 (jouko-Gazelle-Professional) for a disconnected framework
I0515 12:28:41.447438 29514 master.cpp:11631] Updating the state of task httpd.b015673e-75af-11e9-8319-06d0e03ee117 of framework a02141ad-a172-44b5-8dd9-dc8a5687d41a-0000 (latest state: TASK_FAILED, status update state: TASK_STARTING)
I0515 12:28:46.353024 29509 http.cpp:1105] HTTP GET for /master/state?jsonp=angular.callbacks._on from 127.0.0.1:37136 with User-Agent='Mozilla/5.0 (X11; Ubuntu; Linux x86_64; rv:66.0) Gecko/20100101 Firefox/66.0'
I0515 12:28:46.357494 29512 http.cpp:1122] HTTP GET for /master/state?jsonp=angular.callbacks._on from 127.0.0.1:37136: '200 OK' after 6.82112ms
I0515 12:28:53.486833 29514 master.cpp:9417] Performing explicit task state reconciliation for 1 tasks of framework df64220e-eb34-4b8d-b82a-35688b767e6b-0000 (marathon) at scheduler-5e781075-ed89-4843-b952-ab0cd90cee74@192.168.1.5:39867
I0515 12:28:56.368095 29515 http.cpp:1105] HTTP GET for /master/state?jsonp=angular.callbacks._op from 127.0.0.1:37136 with User-Agent='Mozilla/5.0 (X11; Ubuntu; Linux x86_64; rv:66.0) Gecko/20100101 Firefox/66.0'
I0515 12:28:56.377874 29514 http.cpp:1122] HTTP GET for /master/state?jsonp=angular.callbacks._op from 127.0.0.1:37136: '200 OK' after 13.0268ms
I0515 12:29:06.387351 29516 http.cpp:1105] HTTP GET for /master/state?jsonp=angular.callbacks._or from 127.0.0.1:37136 with User-Agent='Mozilla/5.0 (X11; Ubuntu; Linux x86_64; rv:66.0) Gecko/20100101 Firefox/66.0'
I0515 12:29:06.391563 29510 http.cpp:1122] HTTP GET for /master/state?jsonp=angular.callbacks._or from 127.0.0.1:37136: '200 OK' after 5.84192ms
I0515 12:29:08.506816 29515 master.cpp:9417] Performing explicit task state reconciliation for 1 tasks of framework df64220e-eb34-4b8d-b82a-35688b767e6b-0000 (marathon) at scheduler-5e781075-ed89-4843-b952-ab0cd90cee74@192.168.1.5:39867
I0515 12:29:15.867089 29510 master.cpp:9351] Performing implicit task state reconciliation for framework df64220e-eb34-4b8d-b82a-35688b767e6b-0000 (marathon) at scheduler-5e781075-ed89-4843-b952-ab0cd90cee74@192.168.1.5:39867
I0515 12:29:16.419948 29515 http.cpp:1105] HTTP GET for /master/state?jsonp=angular.callbacks._ot from 127.0.0.1:37136 with User-Agent='Mozilla/5.0 (X11; Ubuntu; Linux x86_64; rv:66.0) Gecko/20100101 Firefox/66.0'
I0515 12:29:16.428599 29513 http.cpp:1122] HTTP GET for /master/state?jsonp=angular.callbacks._ot from 127.0.0.1:37136: '200 OK' after 11.3902ms
I0515 12:29:23.526752 29511 master.cpp:9417] Performing explicit task state reconciliation for 1 tasks of framework df64220e-eb34-4b8d-b82a-35688b767e6b-0000 (marathon) at scheduler-5e781075-ed89-4843-b952-ab0cd90cee74@192.168.1.5:39867
I0515 12:29:26.438752 29510 http.cpp:1105] HTTP GET for /master/state?jsonp=angular.callbacks._ov from 127.0.0.1:37136 with User-Agent='Mozilla/5.0 (X11; Ubuntu; Linux x86_64; rv:66.0) Gecko/20100101 Firefox/66.0'
I0515 12:29:26.443011 29514 http.cpp:1122] HTTP GET for /master/state?jsonp=angular.callbacks._ov from 127.0.0.1:37136: '200 OK' after 5.84704ms
I0515 12:29:36.469712 29511 http.cpp:1105] HTTP GET for /master/state?jsonp=angular.callbacks._ox from 127.0.0.1:37136 with User-Agent='Mozilla/5.0 (X11; Ubuntu; Linux x86_64; rv:66.0) Gecko/20100101 Firefox/66.0'
I0515 12:29:36.479532 29514 http.cpp:1122] HTTP GET for /master/state?jsonp=angular.callbacks._ox from 127.0.0.1:37136: '200 OK' after 13.5683ms
I0515 12:29:38.551568 29515 master.cpp:9417] Performing explicit task state reconciliation for 1 tasks of framework df64220e-eb34-4b8d-b82a-35688b767e6b-0000 (marathon) at scheduler-5e781075-ed89-4843-b952-ab0cd90cee74@192.168.1.5:39867
I0515 12:29:46.506350 29510 http.cpp:1105] HTTP GET for /master/state?jsonp=angular.callbacks._oz from 127.0.0.1:37136 with User-Agent='Mozilla/5.0 (X11; Ubuntu; Linux x86_64; rv:66.0) Gecko/20100101 Firefox/66.0'
I0515 12:29:46.511301 29516 http.cpp:1122] HTTP GET for /master/state?jsonp=angular.callbacks._oz from 127.0.0.1:37136: '200 OK' after 9.56006ms
I0515 12:29:53.579373 29509 master.cpp:9417] Performing explicit task state reconciliation for 1 tasks of framework df64220e-eb34-4b8d-b82a-35688b767e6b-0000 (marathon) at scheduler-5e781075-ed89-4843-b952-ab0cd90cee74@192.168.1.5:39867
I0515 12:29:56.525211 29511 http.cpp:1105] HTTP GET for /master/state?jsonp=angular.callbacks._p1 from 127.0.0.1:37136 with User-Agent='Mozilla/5.0 (X11; Ubuntu; Linux x86_64; rv:66.0) Gecko/20100101 Firefox/66.0'
I0515 12:29:56.531487 29509 http.cpp:1122] HTTP GET for /master/state?jsonp=angular.callbacks._p1 from 127.0.0.1:37136: '200 OK' after 11.0679ms
I0515 12:30:06.546512 29513 http.cpp:1105] HTTP GET for /master/state?jsonp=angular.callbacks._p3 from 127.0.0.1:37136 with User-Agent='Mozilla/5.0 (X11; Ubuntu; Linux x86_64; rv:66.0) Gecko/20100101 Firefox/66.0'
I0515 12:30:06.553359 29512 http.cpp:1122] HTTP GET for /master/state?jsonp=angular.callbacks._p3 from 127.0.0.1:37136: '200 OK' after 12.425ms
I0515 12:30:08.598975 29511 master.cpp:9417] Performing explicit task state reconciliation for 1 tasks of framework df64220e-eb34-4b8d-b82a-35688b767e6b-0000 (marathon) at scheduler-5e781075-ed89-4843-b952-ab0cd90cee74@192.168.1.5:39867
I0515 12:30:08.648223 29512 master.cpp:10007] Sending offers [ df64220e-eb34-4b8d-b82a-35688b767e6b-O88 ] to framework df64220e-eb34-4b8d-b82a-35688b767e6b-0000 (marathon) at scheduler-5e781075-ed89-4843-b952-ab0cd90cee74@192.168.1.5:39867
I0515 12:30:08.651870 29511 master.cpp:6040] Processing DECLINE call for offers: [ df64220e-eb34-4b8d-b82a-35688b767e6b-O88 ] for framework df64220e-eb34-4b8d-b82a-35688b767e6b-0000 (marathon) at scheduler-5e781075-ed89-4843-b952-ab0cd90cee74@192.168.1.5:39867 with 120 seconds filter
I0515 12:30:08.652380 29511 master.cpp:12279] Removing offer df64220e-eb34-4b8d-b82a-35688b767e6b-O88
I0515 12:30:16.571033 29509 http.cpp:1105] HTTP GET for /master/state?jsonp=angular.callbacks._p5 from 127.0.0.1:37136 with User-Agent='Mozilla/5.0 (X11; Ubuntu; Linux x86_64; rv:66.0) Gecko/20100101 Firefox/66.0'
I0515 12:30:16.576892 29515 http.cpp:1122] HTTP GET for /master/state?jsonp=angular.callbacks._p5 from 127.0.0.1:37136: '200 OK' after 9.63584ms
I0515 12:30:23.669082 29515 master.cpp:9417] Performing explicit task state reconciliation for 1 tasks of framework df64220e-eb34-4b8d-b82a-35688b767e6b-0000 (marathon) at scheduler-5e781075-ed89-4843-b952-ab0cd90cee74@192.168.1.5:39867
I0515 12:30:26.606748 29515 http.cpp:1105] HTTP GET for /master/state?jsonp=angular.callbacks._p7 from 127.0.0.1:37136 with User-Agent='Mozilla/5.0 (X11; Ubuntu; Linux x86_64; rv:66.0) Gecko/20100101 Firefox/66.0'
I0515 12:30:26.615494 29514 http.cpp:1122] HTTP GET for /master/state?jsonp=angular.callbacks._p7 from 127.0.0.1:37136: '200 OK' after 13.0819ms
I0515 12:30:36.630336 29510 http.cpp:1105] HTTP GET for /master/state?jsonp=angular.callbacks._p9 from 127.0.0.1:37136 with User-Agent='Mozilla/5.0 (X11; Ubuntu; Linux x86_64; rv:66.0) Gecko/20100101 Firefox/66.0'
I0515 12:30:36.639593 29516 http.cpp:1122] HTTP GET for /master/state?jsonp=angular.callbacks._p9 from 127.0.0.1:37136: '200 OK' after 13.079ms
I0515 12:30:38.688277 29511 master.cpp:9417] Performing explicit task state reconciliation for 1 tasks of framework df64220e-eb34-4b8d-b82a-35688b767e6b-0000 (marathon) at scheduler-5e781075-ed89-4843-b952-ab0cd90cee74@192.168.1.5:39867
I0515 12:30:46.665343 29510 http.cpp:1105] HTTP GET for /master/state?jsonp=angular.callbacks._pb from 127.0.0.1:37136 with User-Agent='Mozilla/5.0 (X11; Ubuntu; Linux x86_64; rv:66.0) Gecko/20100101 Firefox/66.0'
I0515 12:30:46.672032 29511 http.cpp:1122] HTTP GET for /master/state?jsonp=angular.callbacks._pb from 127.0.0.1:37136: '200 OK' after 10.516ms
I0515 12:30:53.709106 29513 master.cpp:9417] Performing explicit task state reconciliation for 1 tasks of framework df64220e-eb34-4b8d-b82a-35688b767e6b-0000 (marathon) at scheduler-5e781075-ed89-4843-b952-ab0cd90cee74@192.168.1.5:39867
I0515 12:30:56.685789 29515 http.cpp:1105] HTTP GET for /master/state?jsonp=angular.callbacks._pd from 127.0.0.1:37136 with User-Agent='Mozilla/5.0 (X11; Ubuntu; Linux x86_64; rv:66.0) Gecko/20100101 Firefox/66.0'
I0515 12:30:56.690230 29512 http.cpp:1122] HTTP GET for /master/state?jsonp=angular.callbacks._pd from 127.0.0.1:37136: '200 OK' after 9.11002ms
I0515 12:31:06.704833 29509 http.cpp:1105] HTTP GET for /master/state?jsonp=angular.callbacks._pf from 127.0.0.1:37136 with User-Agent='Mozilla/5.0 (X11; Ubuntu; Linux x86_64; rv:66.0) Gecko/20100101 Firefox/66.0'
I0515 12:31:06.712872 29515 http.cpp:1122] HTTP GET for /master/state?jsonp=angular.callbacks._pf from 127.0.0.1:37136: '200 OK' after 13.0079ms
I0515 12:31:08.728076 29510 master.cpp:9417] Performing explicit task state reconciliation for 1 tasks of framework df64220e-eb34-4b8d-b82a-35688b767e6b-0000 (marathon) at scheduler-5e781075-ed89-4843-b952-ab0cd90cee74@192.168.1.5:39867
I0515 12:31:16.726213 29516 http.cpp:1105] HTTP GET for /master/state?jsonp=angular.callbacks._ph from 127.0.0.1:37136 with User-Agent='Mozilla/5.0 (X11; Ubuntu; Linux x86_64; rv:66.0) Gecko/20100101 Firefox/66.0'
I0515 12:31:16.732108 29513 http.cpp:1122] HTTP GET for /master/state?jsonp=angular.callbacks._ph from 127.0.0.1:37136: '200 OK' after 10.1809ms
I0515 12:31:23.749032 29513 master.cpp:9417] Performing explicit task state reconciliation for 1 tasks of framework df64220e-eb34-4b8d-b82a-35688b767e6b-0000 (marathon) at scheduler-5e781075-ed89-4843-b952-ab0cd90cee74@192.168.1.5:39867
I0515 12:31:26.751896 29514 http.cpp:1105] HTTP GET for /master/state?jsonp=angular.callbacks._pj from 127.0.0.1:37136 with User-Agent='Mozilla/5.0 (X11; Ubuntu; Linux x86_64; rv:66.0) Gecko/20100101 Firefox/66.0'
I0515 12:31:26.756391 29516 http.cpp:1122] HTTP GET for /master/state?jsonp=angular.callbacks._pj from 127.0.0.1:37136: '200 OK' after 6.28506ms
I0515 12:31:36.773691 29513 http.cpp:1105] HTTP GET for /master/state?jsonp=angular.callbacks._pl from 127.0.0.1:37136 with User-Agent='Mozilla/5.0 (X11; Ubuntu; Linux x86_64; rv:66.0) Gecko/20100101 Firefox/66.0'
I0515 12:31:36.778498 29510 http.cpp:1122] HTTP GET for /master/state?jsonp=angular.callbacks._pl from 127.0.0.1:37136: '200 OK' after 9.92589ms
I0515 12:31:38.768466 29513 master.cpp:9417] Performing explicit task state reconciliation for 1 tasks of framework df64220e-eb34-4b8d-b82a-35688b767e6b-0000 (marathon) at scheduler-5e781075-ed89-4843-b952-ab0cd90cee74@192.168.1.5:39867
I0515 12:31:46.803804 29514 http.cpp:1105] HTTP GET for /master/state?jsonp=angular.callbacks._pn from 127.0.0.1:37136 with User-Agent='Mozilla/5.0 (X11; Ubuntu; Linux x86_64; rv:66.0) Gecko/20100101 Firefox/66.0'
I0515 12:31:46.813792 29513 http.cpp:1122] HTTP GET for /master/state?jsonp=angular.callbacks._pn from 127.0.0.1:37136: '200 OK' after 15.4929ms
I0515 12:31:53.789361 29514 master.cpp:9417] Performing explicit task state reconciliation for 1 tasks of framework df64220e-eb34-4b8d-b82a-35688b767e6b-0000 (marathon) at scheduler-5e781075-ed89-4843-b952-ab0cd90cee74@192.168.1.5:39867
I0515 12:31:56.828970 29509 http.cpp:1105] HTTP GET for /master/state?jsonp=angular.callbacks._pp from 127.0.0.1:37136 with User-Agent='Mozilla/5.0 (X11; Ubuntu; Linux x86_64; rv:66.0) Gecko/20100101 Firefox/66.0'
I0515 12:31:56.836835 29516 http.cpp:1122] HTTP GET for /master/state?jsonp=angular.callbacks._pp from 127.0.0.1:37136: '200 OK' after 12.7219ms
I0515 12:32:06.849980 29514 http.cpp:1105] HTTP GET for /master/state?jsonp=angular.callbacks._pr from 127.0.0.1:37136 with User-Agent='Mozilla/5.0 (X11; Ubuntu; Linux x86_64; rv:66.0) Gecko/20100101 Firefox/66.0'
I0515 12:32:06.858232 29512 http.cpp:1122] HTTP GET for /master/state?jsonp=angular.callbacks._pr from 127.0.0.1:37136: '200 OK' after 11.178ms
I0515 12:32:08.808332 29514 master.cpp:9417] Performing explicit task state reconciliation for 1 tasks of framework df64220e-eb34-4b8d-b82a-35688b767e6b-0000 (marathon) at scheduler-5e781075-ed89-4843-b952-ab0cd90cee74@192.168.1.5:39867
I0515 12:32:08.944646 29516 master.cpp:10007] Sending offers [ df64220e-eb34-4b8d-b82a-35688b767e6b-O89 ] to framework df64220e-eb34-4b8d-b82a-35688b767e6b-0000 (marathon) at scheduler-5e781075-ed89-4843-b952-ab0cd90cee74@192.168.1.5:39867
I0515 12:32:08.951992 29510 master.cpp:6040] Processing DECLINE call for offers: [ df64220e-eb34-4b8d-b82a-35688b767e6b-O89 ] for framework df64220e-eb34-4b8d-b82a-35688b767e6b-0000 (marathon) at scheduler-5e781075-ed89-4843-b952-ab0cd90cee74@192.168.1.5:39867 with 120 seconds filter
I0515 12:32:08.952845 29510 master.cpp:12279] Removing offer df64220e-eb34-4b8d-b82a-35688b767e6b-O89
I0515 12:32:16.876672 29509 http.cpp:1105] HTTP GET for /master/state?jsonp=angular.callbacks._pt from 127.0.0.1:37136 with User-Agent='Mozilla/5.0 (X11; Ubuntu; Linux x86_64; rv:66.0) Gecko/20100101 Firefox/66.0'
I0515 12:32:16.880995 29515 http.cpp:1122] HTTP GET for /master/state?jsonp=angular.callbacks._pt from 127.0.0.1:37136: '200 OK' after 7.20205ms
I0515 12:32:23.968142 29511 master.cpp:9417] Performing explicit task state reconciliation for 1 tasks of framework df64220e-eb34-4b8d-b82a-35688b767e6b-0000 (marathon) at scheduler-5e781075-ed89-4843-b952-ab0cd90cee74@192.168.1.5:39867
I0515 12:32:26.907541 29516 http.cpp:1105] HTTP GET for /master/state?jsonp=angular.callbacks._pv from 127.0.0.1:37136 with User-Agent='Mozilla/5.0 (X11; Ubuntu; Linux x86_64; rv:66.0) Gecko/20100101 Firefox/66.0'
I0515 12:32:26.912710 29509 http.cpp:1122] HTTP GET for /master/state?jsonp=angular.callbacks._pv from 127.0.0.1:37136: '200 OK' after 7.09299ms
I0515 12:32:36.929863 29512 http.cpp:1105] HTTP GET for /master/state?jsonp=angular.callbacks._px from 127.0.0.1:37136 with User-Agent='Mozilla/5.0 (X11; Ubuntu; Linux x86_64; rv:66.0) Gecko/20100101 Firefox/66.0'
I0515 12:32:36.934346 29516 http.cpp:1122] HTTP GET for /master/state?jsonp=angular.callbacks._px from 127.0.0.1:37136: '200 OK' after 8.79309ms
I0515 12:32:38.988561 29512 master.cpp:9417] Performing explicit task state reconciliation for 1 tasks of framework df64220e-eb34-4b8d-b82a-35688b767e6b-0000 (marathon) at scheduler-5e781075-ed89-4843-b952-ab0cd90cee74@192.168.1.5:39867
I0515 12:32:46.960561 29510 http.cpp:1105] HTTP GET for /master/state?jsonp=angular.callbacks._pz from 127.0.0.1:37136 with User-Agent='Mozilla/5.0 (X11; Ubuntu; Linux x86_64; rv:66.0) Gecko/20100101 Firefox/66.0'
I0515 12:32:46.965329 29512 http.cpp:1122] HTTP GET for /master/state?jsonp=angular.callbacks._pz from 127.0.0.1:37136: '200 OK' after 9.40928ms
I0515 12:32:54.007839 29513 master.cpp:9417] Performing explicit task state reconciliation for 1 tasks of framework df64220e-eb34-4b8d-b82a-35688b767e6b-0000 (marathon) at scheduler-5e781075-ed89-4843-b952-ab0cd90cee74@192.168.1.5:39867
I0515 12:32:56.990336 29515 http.cpp:1105] HTTP GET for /master/state?jsonp=angular.callbacks._q1 from 127.0.0.1:37136 with User-Agent='Mozilla/5.0 (X11; Ubuntu; Linux x86_64; rv:66.0) Gecko/20100101 Firefox/66.0'
I0515 12:32:56.998113 29514 http.cpp:1122] HTTP GET for /master/state?jsonp=angular.callbacks._q1 from 127.0.0.1:37136: '200 OK' after 11.0817ms
I0515 12:33:07.024783 29515 http.cpp:1105] HTTP GET for /master/state?jsonp=angular.callbacks._q3 from 127.0.0.1:37136 with User-Agent='Mozilla/5.0 (X11; Ubuntu; Linux x86_64; rv:66.0) Gecko/20100101 Firefox/66.0'
I0515 12:33:07.029667 29516 http.cpp:1122] HTTP GET for /master/state?jsonp=angular.callbacks._q3 from 127.0.0.1:37136: '200 OK' after 9.56877ms
I0515 12:33:09.029096 29515 master.cpp:9417] Performing explicit task state reconciliation for 1 tasks of framework df64220e-eb34-4b8d-b82a-35688b767e6b-0000 (marathon) at scheduler-5e781075-ed89-4843-b952-ab0cd90cee74@192.168.1.5:39867
I0515 12:33:17.044278 29516 http.cpp:1105] HTTP GET for /master/state?jsonp=angular.callbacks._q5 from 127.0.0.1:37136 with User-Agent='Mozilla/5.0 (X11; Ubuntu; Linux x86_64; rv:66.0) Gecko/20100101 Firefox/66.0'
I0515 12:33:17.049901 29511 http.cpp:1122] HTTP GET for /master/state?jsonp=angular.callbacks._q5 from 127.0.0.1:37136: '200 OK' after 10.72ms
I0515 12:33:24.049371 29510 master.cpp:9417] Performing explicit task state reconciliation for 1 tasks of framework df64220e-eb34-4b8d-b82a-35688b767e6b-0000 (marathon) at scheduler-5e781075-ed89-4843-b952-ab0cd90cee74@192.168.1.5:39867
I0515 12:33:27.063868 29515 http.cpp:1105] HTTP GET for /master/state?jsonp=angular.callbacks._q7 from 127.0.0.1:37136 with User-Agent='Mozilla/5.0 (X11; Ubuntu; Linux x86_64; rv:66.0) Gecko/20100101 Firefox/66.0'
I0515 12:33:27.069881 29516 http.cpp:1122] HTTP GET for /master/state?jsonp=angular.callbacks._q7 from 127.0.0.1:37136: '200 OK' after 11.061ms
I0515 12:33:37.083019 29513 http.cpp:1105] HTTP GET for /master/state?jsonp=angular.callbacks._q9 from 127.0.0.1:37136 with User-Agent='Mozilla/5.0 (X11; Ubuntu; Linux x86_64; rv:66.0) Gecko/20100101 Firefox/66.0'
I0515 12:33:37.089622 29512 http.cpp:1122] HTTP GET for /master/state?jsonp=angular.callbacks._q9 from 127.0.0.1:37136: '200 OK' after 10.5628ms
I0515 12:33:39.069042 29514 master.cpp:9417] Performing explicit task state reconciliation for 1 tasks of framework df64220e-eb34-4b8d-b82a-35688b767e6b-0000 (marathon) at scheduler-5e781075-ed89-4843-b952-ab0cd90cee74@192.168.1.5:39867
I0515 12:33:47.107797 29515 http.cpp:1105] HTTP GET for /master/state?jsonp=angular.callbacks._qb from 127.0.0.1:37136 with User-Agent='Mozilla/5.0 (X11; Ubuntu; Linux x86_64; rv:66.0) Gecko/20100101 Firefox/66.0'
I0515 12:33:47.113335 29511 http.cpp:1122] HTTP GET for /master/state?jsonp=angular.callbacks._qb from 127.0.0.1:37136: '200 OK' after 9.43693ms
I0515 12:33:54.089284 29516 master.cpp:9417] Performing explicit task state reconciliation for 1 tasks of framework df64220e-eb34-4b8d-b82a-35688b767e6b-0000 (marathon) at scheduler-5e781075-ed89-4843-b952-ab0cd90cee74@192.168.1.5:39867
I0515 12:33:57.135946 29511 http.cpp:1105] HTTP GET for /master/state?jsonp=angular.callbacks._qd from 127.0.0.1:37136 with User-Agent='Mozilla/5.0 (X11; Ubuntu; Linux x86_64; rv:66.0) Gecko/20100101 Firefox/66.0'
I0515 12:33:57.143365 29513 http.cpp:1122] HTTP GET for /master/state?jsonp=angular.callbacks._qd from 127.0.0.1:37136: '200 OK' after 9.88211ms
I0515 12:34:07.153028 29513 http.cpp:1105] HTTP GET for /master/state?jsonp=angular.callbacks._qf from 127.0.0.1:37136 with User-Agent='Mozilla/5.0 (X11; Ubuntu; Linux x86_64; rv:66.0) Gecko/20100101 Firefox/66.0'
I0515 12:34:07.164178 29512 http.cpp:1122] HTTP GET for /master/state?jsonp=angular.callbacks._qf from 127.0.0.1:37136: '200 OK' after 13.92ms
I0515 12:34:09.109283 29509 master.cpp:9417] Performing explicit task state reconciliation for 1 tasks of framework df64220e-eb34-4b8d-b82a-35688b767e6b-0000 (marathon) at scheduler-5e781075-ed89-4843-b952-ab0cd90cee74@192.168.1.5:39867
I0515 12:34:09.226505 29512 master.cpp:10007] Sending offers [ df64220e-eb34-4b8d-b82a-35688b767e6b-O90 ] to framework df64220e-eb34-4b8d-b82a-35688b767e6b-0000 (marathon) at scheduler-5e781075-ed89-4843-b952-ab0cd90cee74@192.168.1.5:39867
I0515 12:34:09.233956 29514 master.cpp:6040] Processing DECLINE call for offers: [ df64220e-eb34-4b8d-b82a-35688b767e6b-O90 ] for framework df64220e-eb34-4b8d-b82a-35688b767e6b-0000 (marathon) at scheduler-5e781075-ed89-4843-b952-ab0cd90cee74@192.168.1.5:39867 with 120 seconds filter
I0515 12:34:09.235018 29514 master.cpp:12279] Removing offer df64220e-eb34-4b8d-b82a-35688b767e6b-O90
I0515 12:34:17.176443 29515 http.cpp:1105] HTTP GET for /master/state?jsonp=angular.callbacks._qh from 127.0.0.1:37136 with User-Agent='Mozilla/5.0 (X11; Ubuntu; Linux x86_64; rv:66.0) Gecko/20100101 Firefox/66.0'
I0515 12:34:17.181702 29510 http.cpp:1122] HTTP GET for /master/state?jsonp=angular.callbacks._qh from 127.0.0.1:37136: '200 OK' after 8.99098ms
I0515 12:34:24.249480 29509 master.cpp:9417] Performing explicit task state reconciliation for 1 tasks of framework df64220e-eb34-4b8d-b82a-35688b767e6b-0000 (marathon) at scheduler-5e781075-ed89-4843-b952-ab0cd90cee74@192.168.1.5:39867
I0515 12:34:27.193070 29512 http.cpp:1105] HTTP GET for /master/state?jsonp=angular.callbacks._qj from 127.0.0.1:37136 with User-Agent='Mozilla/5.0 (X11; Ubuntu; Linux x86_64; rv:66.0) Gecko/20100101 Firefox/66.0'
I0515 12:34:27.200443 29514 http.cpp:1122] HTTP GET for /master/state?jsonp=angular.callbacks._qj from 127.0.0.1:37136: '200 OK' after 11.0162ms
I0515 12:34:37.213893 29513 http.cpp:1105] HTTP GET for /master/state?jsonp=angular.callbacks._ql from 127.0.0.1:37136 with User-Agent='Mozilla/5.0 (X11; Ubuntu; Linux x86_64; rv:66.0) Gecko/20100101 Firefox/66.0'
I0515 12:34:37.218799 29511 http.cpp:1122] HTTP GET for /master/state?jsonp=angular.callbacks._ql from 127.0.0.1:37136: '200 OK' after 8.72806ms
I0515 12:34:39.279908 29513 master.cpp:9417] Performing explicit task state reconciliation for 1 tasks of framework df64220e-eb34-4b8d-b82a-35688b767e6b-0000 (marathon) at scheduler-5e781075-ed89-4843-b952-ab0cd90cee74@192.168.1.5:39867
I0515 12:34:47.229790 29511 http.cpp:1105] HTTP GET for /master/state?jsonp=angular.callbacks._qn from 127.0.0.1:37136 with User-Agent='Mozilla/5.0 (X11; Ubuntu; Linux x86_64; rv:66.0) Gecko/20100101 Firefox/66.0'
I0515 12:34:47.237434 29514 http.cpp:1122] HTTP GET for /master/state?jsonp=angular.callbacks._qn from 127.0.0.1:37136: '200 OK' after 10.3037ms
I0515 12:34:54.308182 29510 master.cpp:9417] Performing explicit task state reconciliation for 1 tasks of framework df64220e-eb34-4b8d-b82a-35688b767e6b-0000 (marathon) at scheduler-5e781075-ed89-4843-b952-ab0cd90cee74@192.168.1.5:39867
I0515 12:34:57.261241 29516 http.cpp:1105] HTTP GET for /master/state?jsonp=angular.callbacks._qp from 127.0.0.1:37136 with User-Agent='Mozilla/5.0 (X11; Ubuntu; Linux x86_64; rv:66.0) Gecko/20100101 Firefox/66.0'
I0515 12:34:57.268455 29514 http.cpp:1122] HTTP GET for /master/state?jsonp=angular.callbacks._qp from 127.0.0.1:37136: '200 OK' after 11.3311ms
I0515 12:35:07.293051 29516 http.cpp:1105] HTTP GET for /master/state?jsonp=angular.callbacks._qr from 127.0.0.1:37136 with User-Agent='Mozilla/5.0 (X11; Ubuntu; Linux x86_64; rv:66.0) Gecko/20100101 Firefox/66.0'
I0515 12:35:07.298957 29510 http.cpp:1122] HTTP GET for /master/state?jsonp=angular.callbacks._qr from 127.0.0.1:37136: '200 OK' after 9.18784ms
I0515 12:35:09.328229 29513 master.cpp:9417] Performing explicit task state reconciliation for 1 tasks of framework df64220e-eb34-4b8d-b82a-35688b767e6b-0000 (marathon) at scheduler-5e781075-ed89-4843-b952-ab0cd90cee74@192.168.1.5:39867
I0515 12:35:17.310009 29511 http.cpp:1105] HTTP GET for /master/state?jsonp=angular.callbacks._qt from 127.0.0.1:37136 with User-Agent='Mozilla/5.0 (X11; Ubuntu; Linux x86_64; rv:66.0) Gecko/20100101 Firefox/66.0'
I0515 12:35:17.319207 29512 http.cpp:1122] HTTP GET for /master/state?jsonp=angular.callbacks._qt from 127.0.0.1:37136: '200 OK' after 12.9541ms
I0515 12:35:24.349478 29514 master.cpp:9417] Performing explicit task state reconciliation for 1 tasks of framework df64220e-eb34-4b8d-b82a-35688b767e6b-0000 (marathon) at scheduler-5e781075-ed89-4843-b952-ab0cd90cee74@192.168.1.5:39867
I0515 12:35:27.330145 29509 http.cpp:1105] HTTP GET for /master/state?jsonp=angular.callbacks._qv from 127.0.0.1:37136 with User-Agent='Mozilla/5.0 (X11; Ubuntu; Linux x86_64; rv:66.0) Gecko/20100101 Firefox/66.0'
I0515 12:35:27.340052 29510 http.cpp:1122] HTTP GET for /master/state?jsonp=angular.callbacks._qv from 127.0.0.1:37136: '200 OK' after 13.2762ms
I0515 12:35:37.350998 29514 http.cpp:1105] HTTP GET for /master/state?jsonp=angular.callbacks._qx from 127.0.0.1:37136 with User-Agent='Mozilla/5.0 (X11; Ubuntu; Linux x86_64; rv:66.0) Gecko/20100101 Firefox/66.0'
I0515 12:35:37.359104 29512 http.cpp:1122] HTTP GET for /master/state?jsonp=angular.callbacks._qx from 127.0.0.1:37136: '200 OK' after 11.2351ms
I0515 12:35:39.369042 29514 master.cpp:9417] Performing explicit task state reconciliation for 1 tasks of framework df64220e-eb34-4b8d-b82a-35688b767e6b-0000 (marathon) at scheduler-5e781075-ed89-4843-b952-ab0cd90cee74@192.168.1.5:39867
I0515 12:35:47.378444 29510 http.cpp:1105] HTTP GET for /master/state?jsonp=angular.callbacks._qz from 127.0.0.1:37136 with User-Agent='Mozilla/5.0 (X11; Ubuntu; Linux x86_64; rv:66.0) Gecko/20100101 Firefox/66.0'
I0515 12:35:47.383049 29516 http.cpp:1122] HTTP GET for /master/state?jsonp=angular.callbacks._qz from 127.0.0.1:37136: '200 OK' after 7.98208ms
I0515 12:35:54.387100 29511 master.cpp:9417] Performing explicit task state reconciliation for 1 tasks of framework df64220e-eb34-4b8d-b82a-35688b767e6b-0000 (marathon) at scheduler-5e781075-ed89-4843-b952-ab0cd90cee74@192.168.1.5:39867
I0515 12:35:57.396980 29513 http.cpp:1105] HTTP GET for /master/state?jsonp=angular.callbacks._r1 from 127.0.0.1:37136 with User-Agent='Mozilla/5.0 (X11; Ubuntu; Linux x86_64; rv:66.0) Gecko/20100101 Firefox/66.0'
I0515 12:35:57.402004 29509 http.cpp:1122] HTTP GET for /master/state?jsonp=angular.callbacks._r1 from 127.0.0.1:37136: '200 OK' after 8.80205ms
I0515 12:36:07.423382 29512 http.cpp:1105] HTTP GET for /master/state?jsonp=angular.callbacks._r3 from 127.0.0.1:37136 with User-Agent='Mozilla/5.0 (X11; Ubuntu; Linux x86_64; rv:66.0) Gecko/20100101 Firefox/66.0'
I0515 12:36:07.429137 29514 http.cpp:1122] HTTP GET for /master/state?jsonp=angular.callbacks._r3 from 127.0.0.1:37136: '200 OK' after 10.1778ms
I0515 12:36:09.407210 29511 master.cpp:9417] Performing explicit task state reconciliation for 1 tasks of framework df64220e-eb34-4b8d-b82a-35688b767e6b-0000 (marathon) at scheduler-5e781075-ed89-4843-b952-ab0cd90cee74@192.168.1.5:39867
I0515 12:36:09.518244 29515 master.cpp:10007] Sending offers [ df64220e-eb34-4b8d-b82a-35688b767e6b-O91 ] to framework df64220e-eb34-4b8d-b82a-35688b767e6b-0000 (marathon) at scheduler-5e781075-ed89-4843-b952-ab0cd90cee74@192.168.1.5:39867
I0515 12:36:09.525583 29510 master.cpp:6040] Processing DECLINE call for offers: [ df64220e-eb34-4b8d-b82a-35688b767e6b-O91 ] for framework df64220e-eb34-4b8d-b82a-35688b767e6b-0000 (marathon) at scheduler-5e781075-ed89-4843-b952-ab0cd90cee74@192.168.1.5:39867 with 120 seconds filter
I0515 12:36:09.526551 29510 master.cpp:12279] Removing offer df64220e-eb34-4b8d-b82a-35688b767e6b-O91
I0515 12:36:17.456534 29513 http.cpp:1105] HTTP GET for /master/state?jsonp=angular.callbacks._r5 from 127.0.0.1:37136 with User-Agent='Mozilla/5.0 (X11; Ubuntu; Linux x86_64; rv:66.0) Gecko/20100101 Firefox/66.0'
I0515 12:36:17.466147 29515 http.cpp:1122] HTTP GET for /master/state?jsonp=angular.callbacks._r5 from 127.0.0.1:37136: '200 OK' after 14.358ms
I0515 12:36:24.536368 29509 master.cpp:9417] Performing explicit task state reconciliation for 1 tasks of framework df64220e-eb34-4b8d-b82a-35688b767e6b-0000 (marathon) at scheduler-5e781075-ed89-4843-b952-ab0cd90cee74@192.168.1.5:39867
I0515 12:36:27.479743 29516 http.cpp:1105] HTTP GET for /master/state?jsonp=angular.callbacks._r7 from 127.0.0.1:37136 with User-Agent='Mozilla/5.0 (X11; Ubuntu; Linux x86_64; rv:66.0) Gecko/20100101 Firefox/66.0'
I0515 12:36:27.489046 29513 http.cpp:1122] HTTP GET for /master/state?jsonp=angular.callbacks._r7 from 127.0.0.1:37136: '200 OK' after 14.0239ms
I0515 12:36:37.502809 29514 http.cpp:1105] HTTP GET for /master/state?jsonp=angular.callbacks._r9 from 127.0.0.1:37136 with User-Agent='Mozilla/5.0 (X11; Ubuntu; Linux x86_64; rv:66.0) Gecko/20100101 Firefox/66.0'
I0515 12:36:37.509754 29512 http.cpp:1122] HTTP GET for /master/state?jsonp=angular.callbacks._r9 from 127.0.0.1:37136: '200 OK' after 11.4243ms
I0515 12:36:39.558928 29513 master.cpp:9417] Performing explicit task state reconciliation for 1 tasks of framework df64220e-eb34-4b8d-b82a-35688b767e6b-0000 (marathon) at scheduler-5e781075-ed89-4843-b952-ab0cd90cee74@192.168.1.5:39867
I0515 12:36:47.525635 29514 http.cpp:1105] HTTP GET for /master/state?jsonp=angular.callbacks._rb from 127.0.0.1:37136 with User-Agent='Mozilla/5.0 (X11; Ubuntu; Linux x86_64; rv:66.0) Gecko/20100101 Firefox/66.0'
I0515 12:36:47.532541 29510 http.cpp:1122] HTTP GET for /master/state?jsonp=angular.callbacks._rb from 127.0.0.1:37136: '200 OK' after 10.86ms
I0515 12:36:54.579798 29514 master.cpp:9417] Performing explicit task state reconciliation for 1 tasks of framework df64220e-eb34-4b8d-b82a-35688b767e6b-0000 (marathon) at scheduler-5e781075-ed89-4843-b952-ab0cd90cee74@192.168.1.5:39867
I0515 12:36:57.562100 29510 http.cpp:1105] HTTP GET for /master/state?jsonp=angular.callbacks._rd from 127.0.0.1:37136 with User-Agent='Mozilla/5.0 (X11; Ubuntu; Linux x86_64; rv:66.0) Gecko/20100101 Firefox/66.0'
I0515 12:36:57.567257 29515 http.cpp:1122] HTTP GET for /master/state?jsonp=angular.callbacks._rd from 127.0.0.1:37136: '200 OK' after 10.0436ms
I0515 12:37:07.580122 29512 http.cpp:1105] HTTP GET for /master/state?jsonp=angular.callbacks._rf from 127.0.0.1:37136 with User-Agent='Mozilla/5.0 (X11; Ubuntu; Linux x86_64; rv:66.0) Gecko/20100101 Firefox/66.0'
I0515 12:37:07.585322 29509 http.cpp:1122] HTTP GET for /master/state?jsonp=angular.callbacks._rf from 127.0.0.1:37136: '200 OK' after 8.62694ms
I0515 12:37:09.598831 29512 master.cpp:9417] Performing explicit task state reconciliation for 1 tasks of framework df64220e-eb34-4b8d-b82a-35688b767e6b-0000 (marathon) at scheduler-5e781075-ed89-4843-b952-ab0cd90cee74@192.168.1.5:39867
I0515 12:37:17.611321 29514 http.cpp:1105] HTTP GET for /master/state?jsonp=angular.callbacks._rh from 127.0.0.1:37136 with User-Agent='Mozilla/5.0 (X11; Ubuntu; Linux x86_64; rv:66.0) Gecko/20100101 Firefox/66.0'
I0515 12:37:17.616412 29509 http.cpp:1122] HTTP GET for /master/state?jsonp=angular.callbacks._rh from 127.0.0.1:37136: '200 OK' after 9.44614ms
I0515 12:37:24.619416 29510 master.cpp:9417] Performing explicit task state reconciliation for 1 tasks of framework df64220e-eb34-4b8d-b82a-35688b767e6b-0000 (marathon) at scheduler-5e781075-ed89-4843-b952-ab0cd90cee74@192.168.1.5:39867
I0515 12:37:27.630363 29511 http.cpp:1105] HTTP GET for /master/state?jsonp=angular.callbacks._rj from 127.0.0.1:37136 with User-Agent='Mozilla/5.0 (X11; Ubuntu; Linux x86_64; rv:66.0) Gecko/20100101 Firefox/66.0'
I0515 12:37:27.638739 29514 http.cpp:1122] HTTP GET for /master/state?jsonp=angular.callbacks._rj from 127.0.0.1:37136: '200 OK' after 13.397ms
I0515 12:37:37.653545 29515 http.cpp:1105] HTTP GET for /master/state?jsonp=angular.callbacks._rl from 127.0.0.1:37136 with User-Agent='Mozilla/5.0 (X11; Ubuntu; Linux x86_64; rv:66.0) Gecko/20100101 Firefox/66.0'
I0515 12:37:37.660646 29511 http.cpp:1122] HTTP GET for /master/state?jsonp=angular.callbacks._rl from 127.0.0.1:37136: '200 OK' after 12.2371ms
I0515 12:37:39.639570 29515 master.cpp:9417] Performing explicit task state reconciliation for 1 tasks of framework df64220e-eb34-4b8d-b82a-35688b767e6b-0000 (marathon) at scheduler-5e781075-ed89-4843-b952-ab0cd90cee74@192.168.1.5:39867
I0515 12:37:47.676717 29512 http.cpp:1105] HTTP GET for /master/state?jsonp=angular.callbacks._rn from 127.0.0.1:37136 with User-Agent='Mozilla/5.0 (X11; Ubuntu; Linux x86_64; rv:66.0) Gecko/20100101 Firefox/66.0'
I0515 12:37:47.682238 29514 http.cpp:1122] HTTP GET for /master/state?jsonp=angular.callbacks._rn from 127.0.0.1:37136: '200 OK' after 8.44288ms
I0515 12:37:54.659534 29516 master.cpp:9417] Performing explicit task state reconciliation for 1 tasks of framework df64220e-eb34-4b8d-b82a-35688b767e6b-0000 (marathon) at scheduler-5e781075-ed89-4843-b952-ab0cd90cee74@192.168.1.5:39867
I0515 12:37:57.712059 29514 http.cpp:1105] HTTP GET for /master/state?jsonp=angular.callbacks._rp from 127.0.0.1:37136 with User-Agent='Mozilla/5.0 (X11; Ubuntu; Linux x86_64; rv:66.0) Gecko/20100101 Firefox/66.0'
I0515 12:37:57.716794 29509 http.cpp:1122] HTTP GET for /master/state?jsonp=angular.callbacks._rp from 127.0.0.1:37136: '200 OK' after 8.4928ms
I0515 12:38:07.729665 29515 http.cpp:1105] HTTP GET for /master/state?jsonp=angular.callbacks._rr from 127.0.0.1:37136 with User-Agent='Mozilla/5.0 (X11; Ubuntu; Linux x86_64; rv:66.0) Gecko/20100101 Firefox/66.0'
I0515 12:38:07.734257 29511 http.cpp:1122] HTTP GET for /master/state?jsonp=angular.callbacks._rr from 127.0.0.1:37136: '200 OK' after 7.49005ms
I0515 12:38:09.678968 29515 master.cpp:9417] Performing explicit task state reconciliation for 1 tasks of framework df64220e-eb34-4b8d-b82a-35688b767e6b-0000 (marathon) at scheduler-5e781075-ed89-4843-b952-ab0cd90cee74@192.168.1.5:39867
I0515 12:38:09.806668 29511 master.cpp:10007] Sending offers [ df64220e-eb34-4b8d-b82a-35688b767e6b-O92 ] to framework df64220e-eb34-4b8d-b82a-35688b767e6b-0000 (marathon) at scheduler-5e781075-ed89-4843-b952-ab0cd90cee74@192.168.1.5:39867
I0515 12:38:09.812918 29510 master.cpp:6040] Processing DECLINE call for offers: [ df64220e-eb34-4b8d-b82a-35688b767e6b-O92 ] for framework df64220e-eb34-4b8d-b82a-35688b767e6b-0000 (marathon) at scheduler-5e781075-ed89-4843-b952-ab0cd90cee74@192.168.1.5:39867 with 120 seconds filter
I0515 12:38:09.813863 29510 master.cpp:12279] Removing offer df64220e-eb34-4b8d-b82a-35688b767e6b-O92
I0515 12:38:17.761055 29512 http.cpp:1105] HTTP GET for /master/state?jsonp=angular.callbacks._rt from 127.0.0.1:37136 with User-Agent='Mozilla/5.0 (X11; Ubuntu; Linux x86_64; rv:66.0) Gecko/20100101 Firefox/66.0'
I0515 12:38:17.765910 29511 http.cpp:1122] HTTP GET for /master/state?jsonp=angular.callbacks._rt from 127.0.0.1:37136: '200 OK' after 9.8921ms
I0515 12:38:24.739989 29511 master.cpp:6154] Processing REVIVE call for framework df64220e-eb34-4b8d-b82a-35688b767e6b-0000 (marathon) at scheduler-5e781075-ed89-4843-b952-ab0cd90cee74@192.168.1.5:39867
I0515 12:38:24.740190 29512 hierarchical.cpp:1415] Revived offers for roles { * } of framework df64220e-eb34-4b8d-b82a-35688b767e6b-0000
I0515 12:38:24.741240 29516 master.cpp:10007] Sending offers [ df64220e-eb34-4b8d-b82a-35688b767e6b-O93 ] to framework df64220e-eb34-4b8d-b82a-35688b767e6b-0000 (marathon) at scheduler-5e781075-ed89-4843-b952-ab0cd90cee74@192.168.1.5:39867
I0515 12:38:24.781859 29510 master.cpp:12279] Removing offer df64220e-eb34-4b8d-b82a-35688b767e6b-O93
I0515 12:38:24.782383 29510 master.cpp:4590] Processing ACCEPT call for offers: [ df64220e-eb34-4b8d-b82a-35688b767e6b-O93 ] on agent c8e59b09-da78-48e6-bdd2-9c3396b857b8-S0 at slave(1)@192.168.1.5:5051 (jouko-Gazelle-Professional) for framework df64220e-eb34-4b8d-b82a-35688b767e6b-0000 (marathon) at scheduler-5e781075-ed89-4843-b952-ab0cd90cee74@192.168.1.5:39867
I0515 12:38:24.784451 29511 master.cpp:4151] Adding task httpd.3da26ef2-7738-11e9-ab88-0242b3fbd98b with resources cpus(allocated: *):1; mem(allocated: *):256; disk(allocated: *):5000; ports(allocated: *):[31186-31186] of framework df64220e-eb34-4b8d-b82a-35688b767e6b-0000 (marathon) at scheduler-5e781075-ed89-4843-b952-ab0cd90cee74@192.168.1.5:39867 on agent c8e59b09-da78-48e6-bdd2-9c3396b857b8-S0 at slave(1)@192.168.1.5:5051 (jouko-Gazelle-Professional)
I0515 12:38:24.784940 29511 master.cpp:5569] Launching task httpd.3da26ef2-7738-11e9-ab88-0242b3fbd98b of framework df64220e-eb34-4b8d-b82a-35688b767e6b-0000 (marathon) at scheduler-5e781075-ed89-4843-b952-ab0cd90cee74@192.168.1.5:39867 with resources [{"allocation_info":{"role":"*"},"name":"cpus","scalar":{"value":1.0},"type":"SCALAR"},{"allocation_info":{"role":"*"},"name":"mem","scalar":{"value":256.0},"type":"SCALAR"},{"allocation_info":{"role":"*"},"name":"disk","scalar":{"value":5000.0},"type":"SCALAR"},{"allocation_info":{"role":"*"},"name":"ports","ranges":{"range":[{"begin":31186,"end":31186}]},"type":"RANGES"}] on agent c8e59b09-da78-48e6-bdd2-9c3396b857b8-S0 at slave(1)@192.168.1.5:5051 (jouko-Gazelle-Professional) on  new executor
I0515 12:38:24.841945 29514 master.cpp:10007] Sending offers [ df64220e-eb34-4b8d-b82a-35688b767e6b-O94 ] to framework df64220e-eb34-4b8d-b82a-35688b767e6b-0000 (marathon) at scheduler-5e781075-ed89-4843-b952-ab0cd90cee74@192.168.1.5:39867
I0515 12:38:24.845185 29513 master.cpp:6040] Processing DECLINE call for offers: [ df64220e-eb34-4b8d-b82a-35688b767e6b-O94 ] for framework df64220e-eb34-4b8d-b82a-35688b767e6b-0000 (marathon) at scheduler-5e781075-ed89-4843-b952-ab0cd90cee74@192.168.1.5:39867 with 120 seconds filter
I0515 12:38:24.845700 29513 master.cpp:12279] Removing offer df64220e-eb34-4b8d-b82a-35688b767e6b-O94
I0515 12:38:25.077713 29516 master.cpp:8662] Status update TASK_STARTING (Status UUID: d0eee9cc-3ff6-4a56-8fcb-9ab0386f0f5e) for task httpd.3da26ef2-7738-11e9-ab88-0242b3fbd98b of framework df64220e-eb34-4b8d-b82a-35688b767e6b-0000 from agent c8e59b09-da78-48e6-bdd2-9c3396b857b8-S0 at slave(1)@192.168.1.5:5051 (jouko-Gazelle-Professional)
I0515 12:38:25.077805 29516 master.cpp:8719] Forwarding status update TASK_STARTING (Status UUID: d0eee9cc-3ff6-4a56-8fcb-9ab0386f0f5e) for task httpd.3da26ef2-7738-11e9-ab88-0242b3fbd98b of framework df64220e-eb34-4b8d-b82a-35688b767e6b-0000
I0515 12:38:25.078508 29516 master.cpp:11631] Updating the state of task httpd.3da26ef2-7738-11e9-ab88-0242b3fbd98b of framework df64220e-eb34-4b8d-b82a-35688b767e6b-0000 (latest state: TASK_STARTING, status update state: TASK_STARTING)
I0515 12:38:25.112673 29510 master.cpp:6432] Processing ACKNOWLEDGE call for status d0eee9cc-3ff6-4a56-8fcb-9ab0386f0f5e for task httpd.3da26ef2-7738-11e9-ab88-0242b3fbd98b of framework df64220e-eb34-4b8d-b82a-35688b767e6b-0000 (marathon) at scheduler-5e781075-ed89-4843-b952-ab0cd90cee74@192.168.1.5:39867 on agent c8e59b09-da78-48e6-bdd2-9c3396b857b8-S0
I0515 12:38:27.189276 29515 master.cpp:8662] Status update TASK_RUNNING (Status UUID: f79055bb-73e6-4bd2-baa7-38b5747222ff) for task httpd.3da26ef2-7738-11e9-ab88-0242b3fbd98b of framework df64220e-eb34-4b8d-b82a-35688b767e6b-0000 from agent c8e59b09-da78-48e6-bdd2-9c3396b857b8-S0 at slave(1)@192.168.1.5:5051 (jouko-Gazelle-Professional)
I0515 12:38:27.189446 29515 master.cpp:8719] Forwarding status update TASK_RUNNING (Status UUID: f79055bb-73e6-4bd2-baa7-38b5747222ff) for task httpd.3da26ef2-7738-11e9-ab88-0242b3fbd98b of framework df64220e-eb34-4b8d-b82a-35688b767e6b-0000
I0515 12:38:27.190480 29515 master.cpp:11631] Updating the state of task httpd.3da26ef2-7738-11e9-ab88-0242b3fbd98b of framework df64220e-eb34-4b8d-b82a-35688b767e6b-0000 (latest state: TASK_RUNNING, status update state: TASK_RUNNING)
I0515 12:38:27.236999 29514 master.cpp:6432] Processing ACKNOWLEDGE call for status f79055bb-73e6-4bd2-baa7-38b5747222ff for task httpd.3da26ef2-7738-11e9-ab88-0242b3fbd98b of framework df64220e-eb34-4b8d-b82a-35688b767e6b-0000 (marathon) at scheduler-5e781075-ed89-4843-b952-ab0cd90cee74@192.168.1.5:39867 on agent c8e59b09-da78-48e6-bdd2-9c3396b857b8-S0
I0515 12:38:27.793367 29511 http.cpp:1105] HTTP GET for /master/state?jsonp=angular.callbacks._rv from 127.0.0.1:37136 with User-Agent='Mozilla/5.0 (X11; Ubuntu; Linux x86_64; rv:66.0) Gecko/20100101 Firefox/66.0'
I0515 12:38:27.800464 29512 http.cpp:1122] HTTP GET for /master/state?jsonp=angular.callbacks._rv from 127.0.0.1:37136: '200 OK' after 12.064ms
I0515 12:38:29.758672 29515 master.cpp:6154] Processing REVIVE call for framework df64220e-eb34-4b8d-b82a-35688b767e6b-0000 (marathon) at scheduler-5e781075-ed89-4843-b952-ab0cd90cee74@192.168.1.5:39867
I0515 12:38:29.759198 29513 hierarchical.cpp:1415] Revived offers for roles { * } of framework df64220e-eb34-4b8d-b82a-35688b767e6b-0000
I0515 12:38:29.763058 29514 master.cpp:10007] Sending offers [ df64220e-eb34-4b8d-b82a-35688b767e6b-O95 ] to framework df64220e-eb34-4b8d-b82a-35688b767e6b-0000 (marathon) at scheduler-5e781075-ed89-4843-b952-ab0cd90cee74@192.168.1.5:39867
I0515 12:38:29.769033 29510 master.cpp:6040] Processing DECLINE call for offers: [ df64220e-eb34-4b8d-b82a-35688b767e6b-O95 ] for framework df64220e-eb34-4b8d-b82a-35688b767e6b-0000 (marathon) at scheduler-5e781075-ed89-4843-b952-ab0cd90cee74@192.168.1.5:39867 with 120 seconds filter
I0515 12:38:29.769747 29510 master.cpp:12279] Removing offer df64220e-eb34-4b8d-b82a-35688b767e6b-O95
I0515 12:38:34.777792 29511 master.cpp:6154] Processing REVIVE call for framework df64220e-eb34-4b8d-b82a-35688b767e6b-0000 (marathon) at scheduler-5e781075-ed89-4843-b952-ab0cd90cee74@192.168.1.5:39867
I0515 12:38:34.778241 29511 hierarchical.cpp:1415] Revived offers for roles { * } of framework df64220e-eb34-4b8d-b82a-35688b767e6b-0000
I0515 12:38:34.781635 29516 master.cpp:10007] Sending offers [ df64220e-eb34-4b8d-b82a-35688b767e6b-O96 ] to framework df64220e-eb34-4b8d-b82a-35688b767e6b-0000 (marathon) at scheduler-5e781075-ed89-4843-b952-ab0cd90cee74@192.168.1.5:39867
I0515 12:38:34.787880 29515 master.cpp:6040] Processing DECLINE call for offers: [ df64220e-eb34-4b8d-b82a-35688b767e6b-O96 ] for framework df64220e-eb34-4b8d-b82a-35688b767e6b-0000 (marathon) at scheduler-5e781075-ed89-4843-b952-ab0cd90cee74@192.168.1.5:39867 with 120 seconds filter
I0515 12:38:34.788362 29515 master.cpp:12279] Removing offer df64220e-eb34-4b8d-b82a-35688b767e6b-O96
