I0509 22:57:29.941967  2799 slave.cpp:2411] Authorizing task 'httpd.bb625778-72d7-11e9-be1a-aa2842515cb3' for framework e109ca4e-10a3-4779-a743-2df5df84e57b-0000
I0509 22:57:29.944818  2799 slave.cpp:2854] Launching task 'httpd.bb625778-72d7-11e9-be1a-aa2842515cb3' for framework e109ca4e-10a3-4779-a743-2df5df84e57b-0000
I0509 22:57:29.944905  2799 paths.cpp:801] Creating sandbox '/home/jouko/mesos_work_dir/slaves/860d6178-b035-4997-94b4-ad0e1a2d9e15-S0/frameworks/e109ca4e-10a3-4779-a743-2df5df84e57b-0000/executors/httpd.bb625778-72d7-11e9-be1a-aa2842515cb3/runs/8950a976-4986-403e-94c3-34c80e0bbb35' for user 'root'
I0509 22:57:29.945845  2799 paths.cpp:804] Creating sandbox '/home/jouko/mesos_work_dir/meta/slaves/860d6178-b035-4997-94b4-ad0e1a2d9e15-S0/frameworks/e109ca4e-10a3-4779-a743-2df5df84e57b-0000/executors/httpd.bb625778-72d7-11e9-be1a-aa2842515cb3/runs/8950a976-4986-403e-94c3-34c80e0bbb35'
I0509 22:57:29.946038  2799 slave.cpp:9695] Launching executor 'httpd.bb625778-72d7-11e9-be1a-aa2842515cb3' of framework e109ca4e-10a3-4779-a743-2df5df84e57b-0000 with resources [{"allocation_info":{"role":"*"},"name":"cpus","scalar":{"value":0.1},"type":"SCALAR"},{"allocation_info":{"role":"*"},"name":"mem","scalar":{"value":32.0},"type":"SCALAR"}] in work directory '/home/jouko/mesos_work_dir/slaves/860d6178-b035-4997-94b4-ad0e1a2d9e15-S0/frameworks/e109ca4e-10a3-4779-a743-2df5df84e57b-0000/executors/httpd.bb625778-72d7-11e9-be1a-aa2842515cb3/runs/8950a976-4986-403e-94c3-34c80e0bbb35'
I0509 22:57:29.947640  2799 slave.cpp:3080] Queued task 'httpd.bb625778-72d7-11e9-be1a-aa2842515cb3' for executor 'httpd.bb625778-72d7-11e9-be1a-aa2842515cb3' of framework e109ca4e-10a3-4779-a743-2df5df84e57b-0000
I0509 22:57:29.948194  2799 slave.cpp:3528] Launching container 8950a976-4986-403e-94c3-34c80e0bbb35 for executor 'httpd.bb625778-72d7-11e9-be1a-aa2842515cb3' of framework e109ca4e-10a3-4779-a743-2df5df84e57b-0000
I0509 22:57:29.949062  2803 docker.cpp:1183] Starting container '8950a976-4986-403e-94c3-34c80e0bbb35' for task 'httpd.bb625778-72d7-11e9-be1a-aa2842515cb3' (and executor 'httpd.bb625778-72d7-11e9-be1a-aa2842515cb3') of framework e109ca4e-10a3-4779-a743-2df5df84e57b-0000
I0509 22:57:30.142750  2802 docker.cpp:783] Checkpointing pid 4407 to '/home/jouko/mesos_work_dir/meta/slaves/860d6178-b035-4997-94b4-ad0e1a2d9e15-S0/frameworks/e109ca4e-10a3-4779-a743-2df5df84e57b-0000/executors/httpd.bb625778-72d7-11e9-be1a-aa2842515cb3/runs/8950a976-4986-403e-94c3-34c80e0bbb35/pids/forked.pid'
I0509 22:57:30.143420  2802 systemd.cpp:98] Assigned child process '4407' to 'mesos_executors.slice'
I0509 22:57:30.249028  2798 slave.cpp:5074] Got registration for executor 'httpd.bb625778-72d7-11e9-be1a-aa2842515cb3' of framework e109ca4e-10a3-4779-a743-2df5df84e57b-0000 from executor(1)@192.168.1.5:38993
I0509 22:57:30.251091  2803 docker.cpp:1691] Ignoring updating container 8950a976-4986-403e-94c3-34c80e0bbb35 because resources passed to update are identical to existing resources
I0509 22:57:30.251554  2805 slave.cpp:3298] Sending queued task 'httpd.bb625778-72d7-11e9-be1a-aa2842515cb3' to executor 'httpd.bb625778-72d7-11e9-be1a-aa2842515cb3' of framework e109ca4e-10a3-4779-a743-2df5df84e57b-0000 at executor(1)@192.168.1.5:38993
I0509 22:57:30.258739  2804 slave.cpp:5545] Handling status update TASK_STARTING (Status UUID: 7e65443c-e059-44a7-8e18-31b1a1d302dd) for task httpd.bb625778-72d7-11e9-be1a-aa2842515cb3 of framework e109ca4e-10a3-4779-a743-2df5df84e57b-0000 from executor(1)@192.168.1.5:38993
I0509 22:57:30.259469  2800 task_status_update_manager.cpp:328] Received task status update TASK_STARTING (Status UUID: 7e65443c-e059-44a7-8e18-31b1a1d302dd) for task httpd.bb625778-72d7-11e9-be1a-aa2842515cb3 of framework e109ca4e-10a3-4779-a743-2df5df84e57b-0000
I0509 22:57:30.259888  2800 task_status_update_manager.cpp:842] Checkpointing UPDATE for task status update TASK_STARTING (Status UUID: 7e65443c-e059-44a7-8e18-31b1a1d302dd) for task httpd.bb625778-72d7-11e9-be1a-aa2842515cb3 of framework e109ca4e-10a3-4779-a743-2df5df84e57b-0000
I0509 22:57:30.260208  2803 slave.cpp:6037] Forwarding the update TASK_STARTING (Status UUID: 7e65443c-e059-44a7-8e18-31b1a1d302dd) for task httpd.bb625778-72d7-11e9-be1a-aa2842515cb3 of framework e109ca4e-10a3-4779-a743-2df5df84e57b-0000 to master@192.168.1.5:5050
I0509 22:57:30.260818  2803 slave.cpp:5946] Sending acknowledgement for status update TASK_STARTING (Status UUID: 7e65443c-e059-44a7-8e18-31b1a1d302dd) for task httpd.bb625778-72d7-11e9-be1a-aa2842515cb3 of framework e109ca4e-10a3-4779-a743-2df5df84e57b-0000 to executor(1)@192.168.1.5:38993
I0509 22:57:30.290251  2801 task_status_update_manager.cpp:401] Received task status update acknowledgement (UUID: 7e65443c-e059-44a7-8e18-31b1a1d302dd) for task httpd.bb625778-72d7-11e9-be1a-aa2842515cb3 of framework e109ca4e-10a3-4779-a743-2df5df84e57b-0000
I0509 22:57:30.290367  2801 task_status_update_manager.cpp:842] Checkpointing ACK for task status update TASK_STARTING (Status UUID: 7e65443c-e059-44a7-8e18-31b1a1d302dd) for task httpd.bb625778-72d7-11e9-be1a-aa2842515cb3 of framework e109ca4e-10a3-4779-a743-2df5df84e57b-0000
I0509 22:57:30.319473  2802 http.cpp:1105] HTTP GET for /files/browse?path=%2Fhome%2Fjouko%2Fmesos_work_dir%2Fslaves%2F860d6178-b035-4997-94b4-ad0e1a2d9e15-S0%2Fframeworks%2Fe109ca4e-10a3-4779-a743-2df5df84e57b-0000%2Fexecutors%2Fhttpd.a37305b4-72d7-11e9-be1a-aa2842515cb3%2Fruns%2F0579ac92-f6c8-4664-aeab-36eab3b5f2ca&jsonp=angular.callbacks._b from 192.168.1.5:54382 with User-Agent='Mozilla/5.0 (X11; Ubuntu; Linux x86_64; rv:66.0) Gecko/20100101 Firefox/66.0'
I0509 22:57:34.702451  2801 slave.cpp:3627] Asked to kill task httpd.bb625778-72d7-11e9-be1a-aa2842515cb3 of framework e109ca4e-10a3-4779-a743-2df5df84e57b-0000
I0509 22:57:35.346601  2804 slave.cpp:5545] Handling status update TASK_FAILED (Status UUID: 76bdc26c-596c-45bd-aa4a-e1577a8075a9) for task httpd.bb625778-72d7-11e9-be1a-aa2842515cb3 of framework e109ca4e-10a3-4779-a743-2df5df84e57b-0000 from executor(1)@192.168.1.5:38993
E0509 22:57:35.487614  2801 slave.cpp:5876] Failed to update resources for container 8950a976-4986-403e-94c3-34c80e0bbb35 of executor 'httpd.bb625778-72d7-11e9-be1a-aa2842515cb3' running task httpd.bb625778-72d7-11e9-be1a-aa2842515cb3 on status update for terminal task, destroying container: Failed to run 'docker -H unix:///var/run/docker.sock inspect --type=container mesos-8950a976-4986-403e-94c3-34c80e0bbb35': exited with status 1; stderr='Error: No such container: mesos-8950a976-4986-403e-94c3-34c80e0bbb35
'
I0509 22:57:35.487957  2800 docker.cpp:2328] Destroying container 8950a976-4986-403e-94c3-34c80e0bbb35 in RUNNING state
I0509 22:57:35.487984  2800 docker.cpp:2333] Sending SIGTERM to executor with pid: 4407
I0509 22:57:35.487998  2805 task_status_update_manager.cpp:328] Received task status update TASK_FAILED (Status UUID: 76bdc26c-596c-45bd-aa4a-e1577a8075a9) for task httpd.bb625778-72d7-11e9-be1a-aa2842515cb3 of framework e109ca4e-10a3-4779-a743-2df5df84e57b-0000
I0509 22:57:35.488099  2805 task_status_update_manager.cpp:842] Checkpointing UPDATE for task status update TASK_FAILED (Status UUID: 76bdc26c-596c-45bd-aa4a-e1577a8075a9) for task httpd.bb625778-72d7-11e9-be1a-aa2842515cb3 of framework e109ca4e-10a3-4779-a743-2df5df84e57b-0000
I0509 22:57:35.488451  2803 slave.cpp:6037] Forwarding the update TASK_FAILED (Status UUID: 76bdc26c-596c-45bd-aa4a-e1577a8075a9) for task httpd.bb625778-72d7-11e9-be1a-aa2842515cb3 of framework e109ca4e-10a3-4779-a743-2df5df84e57b-0000 to master@192.168.1.5:5050
I0509 22:57:35.489257  2803 slave.cpp:5946] Sending acknowledgement for status update TASK_FAILED (Status UUID: 76bdc26c-596c-45bd-aa4a-e1577a8075a9) for task httpd.bb625778-72d7-11e9-be1a-aa2842515cb3 of framework e109ca4e-10a3-4779-a743-2df5df84e57b-0000 to executor(1)@192.168.1.5:38993
I0509 22:57:35.514613  2800 docker.cpp:2378] Running docker stop on container 8950a976-4986-403e-94c3-34c80e0bbb35
I0509 22:57:35.516402  2804 task_status_update_manager.cpp:401] Received task status update acknowledgement (UUID: 76bdc26c-596c-45bd-aa4a-e1577a8075a9) for task httpd.bb625778-72d7-11e9-be1a-aa2842515cb3 of framework e109ca4e-10a3-4779-a743-2df5df84e57b-0000
I0509 22:57:35.516589  2804 task_status_update_manager.cpp:842] Checkpointing ACK for task status update TASK_FAILED (Status UUID: 76bdc26c-596c-45bd-aa4a-e1577a8075a9) for task httpd.bb625778-72d7-11e9-be1a-aa2842515cb3 of framework e109ca4e-10a3-4779-a743-2df5df84e57b-0000
I0509 22:57:35.517906  2803 gc.cpp:95] Scheduling '/home/jouko/mesos_work_dir/meta/slaves/860d6178-b035-4997-94b4-ad0e1a2d9e15-S0/frameworks/e109ca4e-10a3-4779-a743-2df5df84e57b-0000/executors/httpd.bb625778-72d7-11e9-be1a-aa2842515cb3/runs/8950a976-4986-403e-94c3-34c80e0bbb35/tasks/httpd.bb625778-72d7-11e9-be1a-aa2842515cb3' for gc 6.99993613689778days in the future
I0509 22:57:35.519762  2798 slave.cpp:6217] Got exited event for executor(1)@192.168.1.5:38993
I0509 22:57:35.588114  2799 docker.cpp:2557] Executor for container 8950a976-4986-403e-94c3-34c80e0bbb35 has exited
I0509 22:57:35.693434  2800 slave.cpp:6613] Executor 'httpd.bb625778-72d7-11e9-be1a-aa2842515cb3' of framework e109ca4e-10a3-4779-a743-2df5df84e57b-0000 terminated with signal Terminated
I0509 22:57:35.693560  2800 slave.cpp:6711] Cleaning up executor 'httpd.bb625778-72d7-11e9-be1a-aa2842515cb3' of framework e109ca4e-10a3-4779-a743-2df5df84e57b-0000 at executor(1)@192.168.1.5:38993
I0509 22:57:35.693929  2801 gc.cpp:95] Scheduling '/home/jouko/mesos_work_dir/slaves/860d6178-b035-4997-94b4-ad0e1a2d9e15-S0/frameworks/e109ca4e-10a3-4779-a743-2df5df84e57b-0000/executors/httpd.bb625778-72d7-11e9-be1a-aa2842515cb3/runs/8950a976-4986-403e-94c3-34c80e0bbb35' for gc 6.9999919701037days in the future
I0509 22:57:35.694348  2805 gc.cpp:95] Scheduling '/home/jouko/mesos_work_dir/slaves/860d6178-b035-4997-94b4-ad0e1a2d9e15-S0/frameworks/e109ca4e-10a3-4779-a743-2df5df84e57b-0000/executors/httpd.bb625778-72d7-11e9-be1a-aa2842515cb3' for gc 6.9999919656237days in the future
I0509 22:57:35.694490  2805 gc.cpp:95] Scheduling '/home/jouko/mesos_work_dir/meta/slaves/860d6178-b035-4997-94b4-ad0e1a2d9e15-S0/frameworks/e109ca4e-10a3-4779-a743-2df5df84e57b-0000/executors/httpd.bb625778-72d7-11e9-be1a-aa2842515cb3/runs/8950a976-4986-403e-94c3-34c80e0bbb35' for gc 6.99999196343704days in the future
I0509 22:57:35.694603  2805 gc.cpp:95] Scheduling '/home/jouko/mesos_work_dir/meta/slaves/860d6178-b035-4997-94b4-ad0e1a2d9e15-S0/frameworks/e109ca4e-10a3-4779-a743-2df5df84e57b-0000/executors/httpd.bb625778-72d7-11e9-be1a-aa2842515cb3' for gc 6.99999196252444days in the future
I0509 22:57:35.694727  2800 slave.cpp:6840] Cleaning up framework e109ca4e-10a3-4779-a743-2df5df84e57b-0000
I0509 22:57:35.694898  2802 task_status_update_manager.cpp:289] Closing task status update streams for framework e109ca4e-10a3-4779-a743-2df5df84e57b-0000
I0509 22:57:35.694969  2799 gc.cpp:95] Scheduling '/home/jouko/mesos_work_dir/slaves/860d6178-b035-4997-94b4-ad0e1a2d9e15-S0/frameworks/e109ca4e-10a3-4779-a743-2df5df84e57b-0000' for gc 6.99999195766222days in the future
I0509 22:57:35.695117  2799 gc.cpp:95] Scheduling '/home/jouko/mesos_work_dir/meta/slaves/860d6178-b035-4997-94b4-ad0e1a2d9e15-S0/frameworks/e109ca4e-10a3-4779-a743-2df5df84e57b-0000' for gc 6.99999195673778days in the future
I0509 22:58:04.598690  2805 slave.cpp:7148] Current disk usage 27.71%. Max allowed age: 4.360257242749271days
I0509 22:59:04.600073  2803 slave.cpp:7148] Current disk usage 27.71%. Max allowed age: 4.360256931648808days
I0509 23:00:04.601138  2800 slave.cpp:7148] Current disk usage 27.71%. Max allowed age: 4.360256698323473days
I0509 23:01:04.602509  2804 slave.cpp:7148] Current disk usage 27.71%. Max allowed age: 4.360256464998125days
I0509 23:01:29.937541  2801 slave.cpp:7056] Framework e109ca4e-10a3-4779-a743-2df5df84e57b-0000 seems to have exited. Ignoring registration timeout for executor 'httpd.97840f62-72d7-11e9-be1a-aa2842515cb3'
I0509 23:01:39.855576  2803 slave.cpp:7056] Framework e109ca4e-10a3-4779-a743-2df5df84e57b-0000 seems to have exited. Ignoring registration timeout for executor 'httpd.9d75d1b3-72d7-11e9-be1a-aa2842515cb3'
I0509 23:01:49.803064  2805 slave.cpp:7056] Framework e109ca4e-10a3-4779-a743-2df5df84e57b-0000 seems to have exited. Ignoring registration timeout for executor 'httpd.a37305b4-72d7-11e9-be1a-aa2842515cb3'
I0509 23:01:59.808403  2804 slave.cpp:7056] Framework e109ca4e-10a3-4779-a743-2df5df84e57b-0000 seems to have exited. Ignoring registration timeout for executor 'httpd.a96d7a95-72d7-11e9-be1a-aa2842515cb3'
I0509 23:02:04.603461  2804 slave.cpp:7148] Current disk usage 27.71%. Max allowed age: 4.360256309447894days
I0509 23:02:10.016455  2805 slave.cpp:7056] Framework e109ca4e-10a3-4779-a743-2df5df84e57b-0000 seems to have exited. Ignoring registration timeout for executor 'httpd.af699d26-72d7-11e9-be1a-aa2842515cb3'
I0509 23:02:19.912084  2799 slave.cpp:7056] Framework e109ca4e-10a3-4779-a743-2df5df84e57b-0000 seems to have exited. Ignoring registration timeout for executor 'httpd.b565e6c7-72d7-11e9-be1a-aa2842515cb3'
I0509 23:02:29.949137  2802 slave.cpp:7056] Framework e109ca4e-10a3-4779-a743-2df5df84e57b-0000 seems to have exited. Ignoring registration timeout for executor 'httpd.bb625778-72d7-11e9-be1a-aa2842515cb3'
I0509 23:03:04.605204  2798 slave.cpp:7148] Current disk usage 27.71%. Max allowed age: 4.360256076122546days
I0509 23:04:04.606403  2805 slave.cpp:7148] Current disk usage 27.71%. Max allowed age: 4.360256076122546days
I0509 23:05:04.606993  2804 slave.cpp:7148] Current disk usage 27.71%. Max allowed age: 4.360255765022083days
I0509 23:06:04.608423  2800 slave.cpp:7148] Current disk usage 27.71%. Max allowed age: 4.360255570584294days
I0509 23:07:04.609881  2804 slave.cpp:7148] Current disk usage 27.71%. Max allowed age: 4.360255220596273days
I0509 23:07:29.179888  2801 slave.cpp:6217] Got exited event for master@192.168.1.5:5050
W0509 23:07:29.179944  2801 slave.cpp:6222] Master disconnected! Waiting for a new master to be elected
